[0.010s] Invoking command in '/home/lworakan/Documents/GitHub/FRA502-LAB-6648v2/build/turtlesim_plus': CMAKE_PREFIX_PATH=${CMAKE_PREFIX_PATH}:/opt/ros/humble /usr/bin/cmake --build /home/lworakan/Documents/GitHub/FRA502-LAB-6648v2/build/turtlesim_plus -- -j32 -l32
[0.044s] Built target ament_cmake_python_copy_turtlesim_plus
[0.208s] running egg_info
[0.218s] writing turtlesim_plus.egg-info/PKG-INFO
[0.219s] writing dependency_links to turtlesim_plus.egg-info/dependency_links.txt
[0.219s] writing top-level names to turtlesim_plus.egg-info/top_level.txt
[0.249s] reading manifest file 'turtlesim_plus.egg-info/SOURCES.txt'
[0.251s] writing manifest file 'turtlesim_plus.egg-info/SOURCES.txt'
[0.266s] Built target ament_cmake_python_build_turtlesim_plus_egg
[0.298s] Invoked command in '/home/lworakan/Documents/GitHub/FRA502-LAB-6648v2/build/turtlesim_plus' returned '0': CMAKE_PREFIX_PATH=${CMAKE_PREFIX_PATH}:/opt/ros/humble /usr/bin/cmake --build /home/lworakan/Documents/GitHub/FRA502-LAB-6648v2/build/turtlesim_plus -- -j32 -l32
[0.298s] Invoking command in '/home/lworakan/Documents/GitHub/FRA502-LAB-6648v2/build/turtlesim_plus': CMAKE_PREFIX_PATH=${CMAKE_PREFIX_PATH}:/opt/ros/humble /usr/bin/cmake --install /home/lworakan/Documents/GitHub/FRA502-LAB-6648v2/build/turtlesim_plus
[0.302s] -- Install configuration: ""
[0.302s] -- Up-to-date: /home/lworakan/Documents/GitHub/FRA502-LAB-6648v2/install/turtlesim_plus/share/turtlesim_plus/environment/pythonpath.sh
[0.302s] -- Up-to-date: /home/lworakan/Documents/GitHub/FRA502-LAB-6648v2/install/turtlesim_plus/share/turtlesim_plus/environment/pythonpath.dsv
[0.303s] -- Up-to-date: /home/lworakan/Documents/GitHub/FRA502-LAB-6648v2/install/turtlesim_plus/local/lib/python3.10/dist-packages/turtlesim_plus-1.0.0-py3.10.egg-info
[0.303s] -- Installing: /home/lworakan/Documents/GitHub/FRA502-LAB-6648v2/install/turtlesim_plus/local/lib/python3.10/dist-packages/turtlesim_plus-1.0.0-py3.10.egg-info/SOURCES.txt
[0.303s] -- Installing: /home/lworakan/Documents/GitHub/FRA502-LAB-6648v2/install/turtlesim_plus/local/lib/python3.10/dist-packages/turtlesim_plus-1.0.0-py3.10.egg-info/top_level.txt
[0.303s] -- Installing: /home/lworakan/Documents/GitHub/FRA502-LAB-6648v2/install/turtlesim_plus/local/lib/python3.10/dist-packages/turtlesim_plus-1.0.0-py3.10.egg-info/PKG-INFO
[0.303s] -- Installing: /home/lworakan/Documents/GitHub/FRA502-LAB-6648v2/install/turtlesim_plus/local/lib/python3.10/dist-packages/turtlesim_plus-1.0.0-py3.10.egg-info/dependency_links.txt
[0.303s] -- Up-to-date: /home/lworakan/Documents/GitHub/FRA502-LAB-6648v2/install/turtlesim_plus/local/lib/python3.10/dist-packages/turtlesim_plus
[0.303s] -- Up-to-date: /home/lworakan/Documents/GitHub/FRA502-LAB-6648v2/install/turtlesim_plus/local/lib/python3.10/dist-packages/turtlesim_plus/entity.py
[0.303s] -- Up-to-date: /home/lworakan/Documents/GitHub/FRA502-LAB-6648v2/install/turtlesim_plus/local/lib/python3.10/dist-packages/turtlesim_plus/image
[0.303s] -- Up-to-date: /home/lworakan/Documents/GitHub/FRA502-LAB-6648v2/install/turtlesim_plus/local/lib/python3.10/dist-packages/turtlesim_plus/image/map
[0.303s] -- Up-to-date: /home/lworakan/Documents/GitHub/FRA502-LAB-6648v2/install/turtlesim_plus/local/lib/python3.10/dist-packages/turtlesim_plus/image/map/map.png
[0.303s] -- Up-to-date: /home/lworakan/Documents/GitHub/FRA502-LAB-6648v2/install/turtlesim_plus/local/lib/python3.10/dist-packages/turtlesim_plus/image/turtle
[0.303s] -- Up-to-date: /home/lworakan/Documents/GitHub/FRA502-LAB-6648v2/install/turtlesim_plus/local/lib/python3.10/dist-packages/turtlesim_plus/image/turtle/humble.png
[0.303s] -- Up-to-date: /home/lworakan/Documents/GitHub/FRA502-LAB-6648v2/install/turtlesim_plus/local/lib/python3.10/dist-packages/turtlesim_plus/image/turtle/rolling.png
[0.303s] -- Up-to-date: /home/lworakan/Documents/GitHub/FRA502-LAB-6648v2/install/turtlesim_plus/local/lib/python3.10/dist-packages/turtlesim_plus/image/turtle/eloquent.png
[0.303s] -- Up-to-date: /home/lworakan/Documents/GitHub/FRA502-LAB-6648v2/install/turtlesim_plus/local/lib/python3.10/dist-packages/turtlesim_plus/image/turtle/ardent.png
[0.304s] -- Up-to-date: /home/lworakan/Documents/GitHub/FRA502-LAB-6648v2/install/turtlesim_plus/local/lib/python3.10/dist-packages/turtlesim_plus/image/turtle/bouncy.png
[0.304s] -- Up-to-date: /home/lworakan/Documents/GitHub/FRA502-LAB-6648v2/install/turtlesim_plus/local/lib/python3.10/dist-packages/turtlesim_plus/image/turtle/otto.png
[0.304s] -- Up-to-date: /home/lworakan/Documents/GitHub/FRA502-LAB-6648v2/install/turtlesim_plus/local/lib/python3.10/dist-packages/turtlesim_plus/image/turtle/galactic.png
[0.304s] -- Up-to-date: /home/lworakan/Documents/GitHub/FRA502-LAB-6648v2/install/turtlesim_plus/local/lib/python3.10/dist-packages/turtlesim_plus/image/turtle/foxy.png
[0.304s] -- Up-to-date: /home/lworakan/Documents/GitHub/FRA502-LAB-6648v2/install/turtlesim_plus/local/lib/python3.10/dist-packages/turtlesim_plus/image/turtle/crystal.png
[0.304s] -- Up-to-date: /home/lworakan/Documents/GitHub/FRA502-LAB-6648v2/install/turtlesim_plus/local/lib/python3.10/dist-packages/turtlesim_plus/image/turtle/dashing.png
[0.304s] -- Up-to-date: /home/lworakan/Documents/GitHub/FRA502-LAB-6648v2/install/turtlesim_plus/local/lib/python3.10/dist-packages/turtlesim_plus/image/object
[0.304s] -- Up-to-date: /home/lworakan/Documents/GitHub/FRA502-LAB-6648v2/install/turtlesim_plus/local/lib/python3.10/dist-packages/turtlesim_plus/image/object/pizza.png
[0.304s] -- Up-to-date: /home/lworakan/Documents/GitHub/FRA502-LAB-6648v2/install/turtlesim_plus/local/lib/python3.10/dist-packages/turtlesim_plus/image/object/parcel.png
[0.304s] -- Up-to-date: /home/lworakan/Documents/GitHub/FRA502-LAB-6648v2/install/turtlesim_plus/local/lib/python3.10/dist-packages/turtlesim_plus/ros2_plugins.py
[0.304s] -- Up-to-date: /home/lworakan/Documents/GitHub/FRA502-LAB-6648v2/install/turtlesim_plus/local/lib/python3.10/dist-packages/turtlesim_plus/__init__.py
[0.326s] Listing '/home/lworakan/Documents/GitHub/FRA502-LAB-6648v2/install/turtlesim_plus/local/lib/python3.10/dist-packages/turtlesim_plus'...
[0.326s] Listing '/home/lworakan/Documents/GitHub/FRA502-LAB-6648v2/install/turtlesim_plus/local/lib/python3.10/dist-packages/turtlesim_plus/image'...
[0.326s] Listing '/home/lworakan/Documents/GitHub/FRA502-LAB-6648v2/install/turtlesim_plus/local/lib/python3.10/dist-packages/turtlesim_plus/image/map'...
[0.326s] Listing '/home/lworakan/Documents/GitHub/FRA502-LAB-6648v2/install/turtlesim_plus/local/lib/python3.10/dist-packages/turtlesim_plus/image/object'...
[0.326s] Listing '/home/lworakan/Documents/GitHub/FRA502-LAB-6648v2/install/turtlesim_plus/local/lib/python3.10/dist-packages/turtlesim_plus/image/turtle'...
[0.328s] -- Up-to-date: /home/lworakan/Documents/GitHub/FRA502-LAB-6648v2/install/turtlesim_plus/lib/turtlesim_plus/turtlesim_plus_node.py
[0.328s] -- Up-to-date: /home/lworakan/Documents/GitHub/FRA502-LAB-6648v2/install/turtlesim_plus/lib/turtlesim_plus/pizza_on_click.py
[0.328s] -- Up-to-date: /home/lworakan/Documents/GitHub/FRA502-LAB-6648v2/install/turtlesim_plus/share/turtlesim_plus
[0.328s] -- Up-to-date: /home/lworakan/Documents/GitHub/FRA502-LAB-6648v2/install/turtlesim_plus/share/ament_index/resource_index/package_run_dependencies/turtlesim_plus
[0.328s] -- Up-to-date: /home/lworakan/Documents/GitHub/FRA502-LAB-6648v2/install/turtlesim_plus/share/ament_index/resource_index/parent_prefix_path/turtlesim_plus
[0.328s] -- Up-to-date: /home/lworakan/Documents/GitHub/FRA502-LAB-6648v2/install/turtlesim_plus/share/turtlesim_plus/environment/ament_prefix_path.sh
[0.328s] -- Up-to-date: /home/lworakan/Documents/GitHub/FRA502-LAB-6648v2/install/turtlesim_plus/share/turtlesim_plus/environment/ament_prefix_path.dsv
[0.328s] -- Up-to-date: /home/lworakan/Documents/GitHub/FRA502-LAB-6648v2/install/turtlesim_plus/share/turtlesim_plus/environment/path.sh
[0.328s] -- Up-to-date: /home/lworakan/Documents/GitHub/FRA502-LAB-6648v2/install/turtlesim_plus/share/turtlesim_plus/environment/path.dsv
[0.328s] -- Up-to-date: /home/lworakan/Documents/GitHub/FRA502-LAB-6648v2/install/turtlesim_plus/share/turtlesim_plus/local_setup.bash
[0.328s] -- Up-to-date: /home/lworakan/Documents/GitHub/FRA502-LAB-6648v2/install/turtlesim_plus/share/turtlesim_plus/local_setup.sh
[0.329s] -- Up-to-date: /home/lworakan/Documents/GitHub/FRA502-LAB-6648v2/install/turtlesim_plus/share/turtlesim_plus/local_setup.zsh
[0.329s] -- Up-to-date: /home/lworakan/Documents/GitHub/FRA502-LAB-6648v2/install/turtlesim_plus/share/turtlesim_plus/local_setup.dsv
[0.329s] -- Installing: /home/lworakan/Documents/GitHub/FRA502-LAB-6648v2/install/turtlesim_plus/share/turtlesim_plus/package.dsv
[0.329s] -- Up-to-date: /home/lworakan/Documents/GitHub/FRA502-LAB-6648v2/install/turtlesim_plus/share/ament_index/resource_index/packages/turtlesim_plus
[0.329s] -- Up-to-date: /home/lworakan/Documents/GitHub/FRA502-LAB-6648v2/install/turtlesim_plus/share/turtlesim_plus/cmake/turtlesim_plusConfig.cmake
[0.329s] -- Up-to-date: /home/lworakan/Documents/GitHub/FRA502-LAB-6648v2/install/turtlesim_plus/share/turtlesim_plus/cmake/turtlesim_plusConfig-version.cmake
[0.329s] -- Up-to-date: /home/lworakan/Documents/GitHub/FRA502-LAB-6648v2/install/turtlesim_plus/share/turtlesim_plus/package.xml
[0.330s] Invoked command in '/home/lworakan/Documents/GitHub/FRA502-LAB-6648v2/build/turtlesim_plus' returned '0': CMAKE_PREFIX_PATH=${CMAKE_PREFIX_PATH}:/opt/ros/humble /usr/bin/cmake --install /home/lworakan/Documents/GitHub/FRA502-LAB-6648v2/build/turtlesim_plus
