[0.006s] Invoking command in '/home/lworakan/Documents/GitHub/FRA502-LAB-6648v2/build/lab3': CMAKE_PREFIX_PATH=${CMAKE_PREFIX_PATH}:/opt/ros/humble /usr/bin/cmake --build /home/lworakan/Documents/GitHub/FRA502-LAB-6648v2/build/lab3 -- -j32 -l32
[0.038s] [100%] Built target cpp_node_test
[0.044s] [100%] Built target ament_cmake_python_copy_lab3
[0.178s] running egg_info
[0.188s] writing lab3.egg-info/PKG-INFO
[0.188s] writing dependency_links to lab3.egg-info/dependency_links.txt
[0.189s] writing top-level names to lab3.egg-info/top_level.txt
[0.217s] reading manifest file 'lab3.egg-info/SOURCES.txt'
[0.218s] writing manifest file 'lab3.egg-info/SOURCES.txt'
[0.234s] [100%] Built target ament_cmake_python_build_lab3_egg
[0.241s] Invoked command in '/home/lworakan/Documents/GitHub/FRA502-LAB-6648v2/build/lab3' returned '0': CMAKE_PREFIX_PATH=${CMAKE_PREFIX_PATH}:/opt/ros/humble /usr/bin/cmake --build /home/lworakan/Documents/GitHub/FRA502-LAB-6648v2/build/lab3 -- -j32 -l32
[0.246s] Invoking command in '/home/lworakan/Documents/GitHub/FRA502-LAB-6648v2/build/lab3': CMAKE_PREFIX_PATH=${CMAKE_PREFIX_PATH}:/opt/ros/humble /usr/bin/cmake --install /home/lworakan/Documents/GitHub/FRA502-LAB-6648v2/build/lab3
[0.249s] -- Install configuration: ""
[0.249s] -- Up-to-date: /home/lworakan/Documents/GitHub/FRA502-LAB-6648v2/install/lab3/share/lab3/environment/pythonpath.sh
[0.249s] -- Up-to-date: /home/lworakan/Documents/GitHub/FRA502-LAB-6648v2/install/lab3/share/lab3/environment/pythonpath.dsv
[0.249s] -- Up-to-date: /home/lworakan/Documents/GitHub/FRA502-LAB-6648v2/install/lab3/local/lib/python3.10/dist-packages/lab3-0.0.0-py3.10.egg-info
[0.249s] -- Installing: /home/lworakan/Documents/GitHub/FRA502-LAB-6648v2/install/lab3/local/lib/python3.10/dist-packages/lab3-0.0.0-py3.10.egg-info/SOURCES.txt
[0.249s] -- Installing: /home/lworakan/Documents/GitHub/FRA502-LAB-6648v2/install/lab3/local/lib/python3.10/dist-packages/lab3-0.0.0-py3.10.egg-info/top_level.txt
[0.250s] -- Installing: /home/lworakan/Documents/GitHub/FRA502-LAB-6648v2/install/lab3/local/lib/python3.10/dist-packages/lab3-0.0.0-py3.10.egg-info/PKG-INFO
[0.250s] -- Installing: /home/lworakan/Documents/GitHub/FRA502-LAB-6648v2/install/lab3/local/lib/python3.10/dist-packages/lab3-0.0.0-py3.10.egg-info/dependency_links.txt
[0.250s] -- Up-to-date: /home/lworakan/Documents/GitHub/FRA502-LAB-6648v2/install/lab3/local/lib/python3.10/dist-packages/lab3
[0.250s] -- Up-to-date: /home/lworakan/Documents/GitHub/FRA502-LAB-6648v2/install/lab3/local/lib/python3.10/dist-packages/lab3/__init__.py
[0.250s] -- Up-to-date: /home/lworakan/Documents/GitHub/FRA502-LAB-6648v2/install/lab3/local/lib/python3.10/dist-packages/lab3/dummy_module.py
[0.271s] Listing '/home/lworakan/Documents/GitHub/FRA502-LAB-6648v2/install/lab3/local/lib/python3.10/dist-packages/lab3'...
[0.274s] -- Up-to-date: /home/lworakan/Documents/GitHub/FRA502-LAB-6648v2/install/lab3/lib/lab3/dummy_script.py
[0.274s] -- Installing: /home/lworakan/Documents/GitHub/FRA502-LAB-6648v2/install/lab3/lib/lab3/eater.py
[0.274s] -- Up-to-date: /home/lworakan/Documents/GitHub/FRA502-LAB-6648v2/install/lab3/lib/lab3/killer.py
[0.274s] -- Up-to-date: /home/lworakan/Documents/GitHub/FRA502-LAB-6648v2/install/lab3/lib/lab3/cpp_node_test
[0.274s] -- Up-to-date: /home/lworakan/Documents/GitHub/FRA502-LAB-6648v2/install/lab3/share/lab3
[0.274s] -- Up-to-date: /home/lworakan/Documents/GitHub/FRA502-LAB-6648v2/install/lab3/share/lab3/lab3_bringup.launch.py
[0.274s] -- Up-to-date: /home/lworakan/Documents/GitHub/FRA502-LAB-6648v2/install/lab3/share/ament_index/resource_index/package_run_dependencies/lab3
[0.274s] -- Up-to-date: /home/lworakan/Documents/GitHub/FRA502-LAB-6648v2/install/lab3/share/ament_index/resource_index/parent_prefix_path/lab3
[0.274s] -- Up-to-date: /home/lworakan/Documents/GitHub/FRA502-LAB-6648v2/install/lab3/share/lab3/environment/ament_prefix_path.sh
[0.274s] -- Up-to-date: /home/lworakan/Documents/GitHub/FRA502-LAB-6648v2/install/lab3/share/lab3/environment/ament_prefix_path.dsv
[0.274s] -- Up-to-date: /home/lworakan/Documents/GitHub/FRA502-LAB-6648v2/install/lab3/share/lab3/environment/path.sh
[0.274s] -- Up-to-date: /home/lworakan/Documents/GitHub/FRA502-LAB-6648v2/install/lab3/share/lab3/environment/path.dsv
[0.274s] -- Up-to-date: /home/lworakan/Documents/GitHub/FRA502-LAB-6648v2/install/lab3/share/lab3/local_setup.bash
[0.274s] -- Up-to-date: /home/lworakan/Documents/GitHub/FRA502-LAB-6648v2/install/lab3/share/lab3/local_setup.sh
[0.274s] -- Up-to-date: /home/lworakan/Documents/GitHub/FRA502-LAB-6648v2/install/lab3/share/lab3/local_setup.zsh
[0.274s] -- Up-to-date: /home/lworakan/Documents/GitHub/FRA502-LAB-6648v2/install/lab3/share/lab3/local_setup.dsv
[0.274s] -- Installing: /home/lworakan/Documents/GitHub/FRA502-LAB-6648v2/install/lab3/share/lab3/package.dsv
[0.274s] -- Up-to-date: /home/lworakan/Documents/GitHub/FRA502-LAB-6648v2/install/lab3/share/ament_index/resource_index/packages/lab3
[0.274s] -- Up-to-date: /home/lworakan/Documents/GitHub/FRA502-LAB-6648v2/install/lab3/share/lab3/cmake/lab3Config.cmake
[0.275s] -- Up-to-date: /home/lworakan/Documents/GitHub/FRA502-LAB-6648v2/install/lab3/share/lab3/cmake/lab3Config-version.cmake
[0.275s] -- Up-to-date: /home/lworakan/Documents/GitHub/FRA502-LAB-6648v2/install/lab3/share/lab3/package.xml
[0.275s] Invoked command in '/home/lworakan/Documents/GitHub/FRA502-LAB-6648v2/build/lab3' returned '0': CMAKE_PREFIX_PATH=${CMAKE_PREFIX_PATH}:/opt/ros/humble /usr/bin/cmake --install /home/lworakan/Documents/GitHub/FRA502-LAB-6648v2/build/lab3
