[0.013s] Invoking command in '/home/lworakan/Documents/GitHub/FRA502-LAB-6648v2/build/controller_intertface': CMAKE_PREFIX_PATH=${CMAKE_PREFIX_PATH}:/opt/ros/humble /usr/bin/cmake /home/lworakan/Documents/GitHub/FRA502-LAB-6648v2/controller_interfaces -DCMAKE_INSTALL_PREFIX=/home/lworakan/Documents/GitHub/FRA502-LAB-6648v2/install/controller_intertface
[0.054s] -- The C compiler identification is GNU 11.4.0
[0.097s] -- The CXX compiler identification is GNU 11.4.0
[0.101s] -- Detecting C compiler ABI info
[0.148s] -- Detecting C compiler ABI info - done
[0.152s] -- Check for working C compiler: /usr/bin/cc - skipped
[0.152s] -- Detecting C compile features
[0.152s] -- Detecting C compile features - done
[0.154s] -- Detecting CXX compiler ABI info
[0.204s] -- Detecting CXX compiler ABI info - done
[0.209s] -- Check for working CXX compiler: /usr/bin/c++ - skipped
[0.210s] -- Detecting CXX compile features
[0.210s] -- Detecting CXX compile features - done
[0.211s] -- Found ament_cmake: 1.3.12 (/opt/ros/humble/share/ament_cmake/cmake)
[0.431s] -- Found Python3: /usr/bin/python3 (found version "3.10.12") found components: Interpreter 
[0.485s] -- Found std_msgs: 4.9.0 (/opt/ros/humble/share/std_msgs/cmake)
[0.504s] -- Found rosidl_generator_c: 3.1.7 (/opt/ros/humble/share/rosidl_generator_c/cmake)
[0.507s] -- Found rosidl_adapter: 3.1.7 (/opt/ros/humble/share/rosidl_adapter/cmake)
[0.511s] -- Found rosidl_generator_cpp: 3.1.7 (/opt/ros/humble/share/rosidl_generator_cpp/cmake)
[0.518s] -- Using all available rosidl_typesupport_c: rosidl_typesupport_fastrtps_c;rosidl_typesupport_introspection_c
[0.526s] -- Using all available rosidl_typesupport_cpp: rosidl_typesupport_fastrtps_cpp;rosidl_typesupport_introspection_cpp
[0.541s] -- Found rosidl_default_generators: 1.2.0 (/opt/ros/humble/share/rosidl_default_generators/cmake)
[0.661s] [31mCMake Error at /opt/ros/humble/share/ament_cmake_core/cmake/core/ament_package_xml.cmake:53 (message):
[0.661s]   ament_package_xml() package name 'controller_intertface' in '/package.xml'
[0.662s]   does not match current PROJECT_NAME 'controller_interfaces'.  You must call
[0.662s]   project() with the same package name before.
[0.662s] Call Stack (most recent call first):
[0.662s]   /opt/ros/humble/share/rosidl_cmake/cmake/rosidl_generate_interfaces.cmake:226 (ament_package_xml)
[0.662s]   CMakeLists.txt:13 (rosidl_generate_interfaces)
[0.662s] 
[0.662s] [0m
[0.662s] -- Configuring incomplete, errors occurred!
[0.662s] See also "/home/lworakan/Documents/GitHub/FRA502-LAB-6648v2/build/controller_intertface/CMakeFiles/CMakeOutput.log".
[0.667s] Invoked command in '/home/lworakan/Documents/GitHub/FRA502-LAB-6648v2/build/controller_intertface' returned '1': CMAKE_PREFIX_PATH=${CMAKE_PREFIX_PATH}:/opt/ros/humble /usr/bin/cmake /home/lworakan/Documents/GitHub/FRA502-LAB-6648v2/controller_interfaces -DCMAKE_INSTALL_PREFIX=/home/lworakan/Documents/GitHub/FRA502-LAB-6648v2/install/controller_intertface
