[0.009s] Invoking command in '/home/lworakan/Documents/GitHub/FRA502-LAB-6648v2/build/turtlesim_plus': CMAKE_PREFIX_PATH=${CMAKE_PREFIX_PATH}:/opt/ros/humble /usr/bin/cmake /home/lworakan/Documents/GitHub/FRA502-LAB-6648v2/src/turtlesim_plus/turtlesim_plus -DCMAKE_INSTALL_PREFIX=/home/lworakan/Documents/GitHub/FRA502-LAB-6648v2/install/turtlesim_plus
[0.043s] -- The C compiler identification is GNU 11.4.0
[0.074s] -- The CXX compiler identification is GNU 11.4.0
[0.078s] -- Detecting C compiler ABI info
[0.124s] -- Detecting C compiler ABI info - done
[0.128s] -- Check for working C compiler: /usr/bin/cc - skipped
[0.128s] -- Detecting C compile features
[0.128s] -- Detecting C compile features - done
[0.130s] -- Detecting CXX compiler ABI info
[0.174s] -- Detecting CXX compiler ABI info - done
[0.179s] -- Check for working CXX compiler: /usr/bin/c++ - skipped
[0.179s] -- Detecting CXX compile features
[0.179s] -- Detecting CXX compile features - done
[0.180s] -- Found ament_cmake: 1.3.12 (/opt/ros/humble/share/ament_cmake/cmake)
[0.392s] -- Found Python3: /usr/bin/python3 (found version "3.10.12") found components: Interpreter 
[0.446s] -- Found rclcpp: 16.0.14 (/opt/ros/humble/share/rclcpp/cmake)
[0.473s] -- Found rosidl_generator_c: 3.1.7 (/opt/ros/humble/share/rosidl_generator_c/cmake)
[0.476s] -- Found rosidl_adapter: 3.1.7 (/opt/ros/humble/share/rosidl_adapter/cmake)
[0.481s] -- Found rosidl_generator_cpp: 3.1.7 (/opt/ros/humble/share/rosidl_generator_cpp/cmake)
[0.487s] -- Using all available rosidl_typesupport_c: rosidl_typesupport_fastrtps_c;rosidl_typesupport_introspection_c
[0.496s] -- Using all available rosidl_typesupport_cpp: rosidl_typesupport_fastrtps_cpp;rosidl_typesupport_introspection_cpp
[0.520s] -- Found rmw_implementation_cmake: 6.1.2 (/opt/ros/humble/share/rmw_implementation_cmake/cmake)
[0.522s] -- Found rmw_fastrtps_cpp: 6.2.8 (/opt/ros/humble/share/rmw_fastrtps_cpp/cmake)
[0.576s] -- Found OpenSSL: /usr/lib/x86_64-linux-gnu/libcrypto.so (found version "3.0.2")  
[0.593s] -- Found FastRTPS: /opt/ros/humble/include  
[0.616s] -- Using RMW implementation 'rmw_fastrtps_cpp' as default
[0.621s] -- Looking for pthread.h
[0.666s] -- Looking for pthread.h - found
[0.666s] -- Performing Test CMAKE_HAVE_LIBC_PTHREAD
[0.711s] -- Performing Test CMAKE_HAVE_LIBC_PTHREAD - Success
[0.712s] -- Found Threads: TRUE  
[0.743s] -- Found rclpy: 3.3.17 (/opt/ros/humble/share/rclpy/cmake)
[0.836s] -- Configuring done
[0.839s] -- Generating done
[0.840s] -- Build files have been written to: /home/lworakan/Documents/GitHub/FRA502-LAB-6648v2/build/turtlesim_plus
[0.846s] Invoked command in '/home/lworakan/Documents/GitHub/FRA502-LAB-6648v2/build/turtlesim_plus' returned '0': CMAKE_PREFIX_PATH=${CMAKE_PREFIX_PATH}:/opt/ros/humble /usr/bin/cmake /home/lworakan/Documents/GitHub/FRA502-LAB-6648v2/src/turtlesim_plus/turtlesim_plus -DCMAKE_INSTALL_PREFIX=/home/lworakan/Documents/GitHub/FRA502-LAB-6648v2/install/turtlesim_plus
[0.847s] Invoking command in '/home/lworakan/Documents/GitHub/FRA502-LAB-6648v2/build/turtlesim_plus': CMAKE_PREFIX_PATH=${CMAKE_PREFIX_PATH}:/opt/ros/humble /usr/bin/cmake --build /home/lworakan/Documents/GitHub/FRA502-LAB-6648v2/build/turtlesim_plus -- -j32 -l32
[0.883s] Built target ament_cmake_python_copy_turtlesim_plus
[1.006s] running egg_info
[1.015s] creating turtlesim_plus.egg-info
[1.015s] writing turtlesim_plus.egg-info/PKG-INFO
[1.015s] writing dependency_links to turtlesim_plus.egg-info/dependency_links.txt
[1.015s] writing top-level names to turtlesim_plus.egg-info/top_level.txt
[1.015s] writing manifest file 'turtlesim_plus.egg-info/SOURCES.txt'
[1.042s] reading manifest file 'turtlesim_plus.egg-info/SOURCES.txt'
[1.042s] writing manifest file 'turtlesim_plus.egg-info/SOURCES.txt'
[1.058s] Built target ament_cmake_python_build_turtlesim_plus_egg
[1.065s] Invoked command in '/home/lworakan/Documents/GitHub/FRA502-LAB-6648v2/build/turtlesim_plus' returned '0': CMAKE_PREFIX_PATH=${CMAKE_PREFIX_PATH}:/opt/ros/humble /usr/bin/cmake --build /home/lworakan/Documents/GitHub/FRA502-LAB-6648v2/build/turtlesim_plus -- -j32 -l32
[1.067s] Invoking command in '/home/lworakan/Documents/GitHub/FRA502-LAB-6648v2/build/turtlesim_plus': CMAKE_PREFIX_PATH=${CMAKE_PREFIX_PATH}:/opt/ros/humble /usr/bin/cmake --install /home/lworakan/Documents/GitHub/FRA502-LAB-6648v2/build/turtlesim_plus
[1.070s] -- Install configuration: ""
[1.070s] -- Installing: /home/lworakan/Documents/GitHub/FRA502-LAB-6648v2/install/turtlesim_plus/share/turtlesim_plus/environment/pythonpath.sh
[1.070s] -- Installing: /home/lworakan/Documents/GitHub/FRA502-LAB-6648v2/install/turtlesim_plus/share/turtlesim_plus/environment/pythonpath.dsv
[1.070s] -- Installing: /home/lworakan/Documents/GitHub/FRA502-LAB-6648v2/install/turtlesim_plus/local/lib/python3.10/dist-packages/turtlesim_plus-1.0.0-py3.10.egg-info
[1.070s] -- Installing: /home/lworakan/Documents/GitHub/FRA502-LAB-6648v2/install/turtlesim_plus/local/lib/python3.10/dist-packages/turtlesim_plus-1.0.0-py3.10.egg-info/SOURCES.txt
[1.070s] -- Installing: /home/lworakan/Documents/GitHub/FRA502-LAB-6648v2/install/turtlesim_plus/local/lib/python3.10/dist-packages/turtlesim_plus-1.0.0-py3.10.egg-info/top_level.txt
[1.070s] -- Installing: /home/lworakan/Documents/GitHub/FRA502-LAB-6648v2/install/turtlesim_plus/local/lib/python3.10/dist-packages/turtlesim_plus-1.0.0-py3.10.egg-info/PKG-INFO
[1.070s] -- Installing: /home/lworakan/Documents/GitHub/FRA502-LAB-6648v2/install/turtlesim_plus/local/lib/python3.10/dist-packages/turtlesim_plus-1.0.0-py3.10.egg-info/dependency_links.txt
[1.070s] -- Installing: /home/lworakan/Documents/GitHub/FRA502-LAB-6648v2/install/turtlesim_plus/local/lib/python3.10/dist-packages/turtlesim_plus
[1.070s] -- Installing: /home/lworakan/Documents/GitHub/FRA502-LAB-6648v2/install/turtlesim_plus/local/lib/python3.10/dist-packages/turtlesim_plus/entity.py
[1.070s] -- Installing: /home/lworakan/Documents/GitHub/FRA502-LAB-6648v2/install/turtlesim_plus/local/lib/python3.10/dist-packages/turtlesim_plus/image
[1.071s] -- Installing: /home/lworakan/Documents/GitHub/FRA502-LAB-6648v2/install/turtlesim_plus/local/lib/python3.10/dist-packages/turtlesim_plus/image/map
[1.071s] -- Installing: /home/lworakan/Documents/GitHub/FRA502-LAB-6648v2/install/turtlesim_plus/local/lib/python3.10/dist-packages/turtlesim_plus/image/map/map.png
[1.071s] -- Installing: /home/lworakan/Documents/GitHub/FRA502-LAB-6648v2/install/turtlesim_plus/local/lib/python3.10/dist-packages/turtlesim_plus/image/turtle
[1.071s] -- Installing: /home/lworakan/Documents/GitHub/FRA502-LAB-6648v2/install/turtlesim_plus/local/lib/python3.10/dist-packages/turtlesim_plus/image/turtle/humble.png
[1.071s] -- Installing: /home/lworakan/Documents/GitHub/FRA502-LAB-6648v2/install/turtlesim_plus/local/lib/python3.10/dist-packages/turtlesim_plus/image/turtle/rolling.png
[1.071s] -- Installing: /home/lworakan/Documents/GitHub/FRA502-LAB-6648v2/install/turtlesim_plus/local/lib/python3.10/dist-packages/turtlesim_plus/image/turtle/eloquent.png
[1.071s] -- Installing: /home/lworakan/Documents/GitHub/FRA502-LAB-6648v2/install/turtlesim_plus/local/lib/python3.10/dist-packages/turtlesim_plus/image/turtle/ardent.png
[1.071s] -- Installing: /home/lworakan/Documents/GitHub/FRA502-LAB-6648v2/install/turtlesim_plus/local/lib/python3.10/dist-packages/turtlesim_plus/image/turtle/bouncy.png
[1.071s] -- Installing: /home/lworakan/Documents/GitHub/FRA502-LAB-6648v2/install/turtlesim_plus/local/lib/python3.10/dist-packages/turtlesim_plus/image/turtle/otto.png
[1.071s] -- Installing: /home/lworakan/Documents/GitHub/FRA502-LAB-6648v2/install/turtlesim_plus/local/lib/python3.10/dist-packages/turtlesim_plus/image/turtle/galactic.png
[1.071s] -- Installing: /home/lworakan/Documents/GitHub/FRA502-LAB-6648v2/install/turtlesim_plus/local/lib/python3.10/dist-packages/turtlesim_plus/image/turtle/foxy.png
[1.071s] -- Installing: /home/lworakan/Documents/GitHub/FRA502-LAB-6648v2/install/turtlesim_plus/local/lib/python3.10/dist-packages/turtlesim_plus/image/turtle/crystal.png
[1.071s] -- Installing: /home/lworakan/Documents/GitHub/FRA502-LAB-6648v2/install/turtlesim_plus/local/lib/python3.10/dist-packages/turtlesim_plus/image/turtle/dashing.png
[1.071s] -- Installing: /home/lworakan/Documents/GitHub/FRA502-LAB-6648v2/install/turtlesim_plus/local/lib/python3.10/dist-packages/turtlesim_plus/image/object
[1.071s] -- Installing: /home/lworakan/Documents/GitHub/FRA502-LAB-6648v2/install/turtlesim_plus/local/lib/python3.10/dist-packages/turtlesim_plus/image/object/pizza.png
[1.071s] -- Installing: /home/lworakan/Documents/GitHub/FRA502-LAB-6648v2/install/turtlesim_plus/local/lib/python3.10/dist-packages/turtlesim_plus/image/object/parcel.png
[1.071s] -- Installing: /home/lworakan/Documents/GitHub/FRA502-LAB-6648v2/install/turtlesim_plus/local/lib/python3.10/dist-packages/turtlesim_plus/ros2_plugins.py
[1.071s] -- Installing: /home/lworakan/Documents/GitHub/FRA502-LAB-6648v2/install/turtlesim_plus/local/lib/python3.10/dist-packages/turtlesim_plus/__init__.py
[1.095s] Listing '/home/lworakan/Documents/GitHub/FRA502-LAB-6648v2/install/turtlesim_plus/local/lib/python3.10/dist-packages/turtlesim_plus'...
[1.095s] Compiling '/home/lworakan/Documents/GitHub/FRA502-LAB-6648v2/install/turtlesim_plus/local/lib/python3.10/dist-packages/turtlesim_plus/__init__.py'...
[1.095s] Compiling '/home/lworakan/Documents/GitHub/FRA502-LAB-6648v2/install/turtlesim_plus/local/lib/python3.10/dist-packages/turtlesim_plus/entity.py'...
[1.095s] Listing '/home/lworakan/Documents/GitHub/FRA502-LAB-6648v2/install/turtlesim_plus/local/lib/python3.10/dist-packages/turtlesim_plus/image'...
[1.095s] Listing '/home/lworakan/Documents/GitHub/FRA502-LAB-6648v2/install/turtlesim_plus/local/lib/python3.10/dist-packages/turtlesim_plus/image/map'...
[1.095s] Listing '/home/lworakan/Documents/GitHub/FRA502-LAB-6648v2/install/turtlesim_plus/local/lib/python3.10/dist-packages/turtlesim_plus/image/object'...
[1.095s] Listing '/home/lworakan/Documents/GitHub/FRA502-LAB-6648v2/install/turtlesim_plus/local/lib/python3.10/dist-packages/turtlesim_plus/image/turtle'...
[1.095s] Compiling '/home/lworakan/Documents/GitHub/FRA502-LAB-6648v2/install/turtlesim_plus/local/lib/python3.10/dist-packages/turtlesim_plus/ros2_plugins.py'...
[1.098s] -- Installing: /home/lworakan/Documents/GitHub/FRA502-LAB-6648v2/install/turtlesim_plus/lib/turtlesim_plus/turtlesim_plus_node.py
[1.098s] -- Installing: /home/lworakan/Documents/GitHub/FRA502-LAB-6648v2/install/turtlesim_plus/lib/turtlesim_plus/pizza_on_click.py
[1.098s] -- Up-to-date: /home/lworakan/Documents/GitHub/FRA502-LAB-6648v2/install/turtlesim_plus/share/turtlesim_plus
[1.098s] -- Installing: /home/lworakan/Documents/GitHub/FRA502-LAB-6648v2/install/turtlesim_plus/share/ament_index/resource_index/package_run_dependencies/turtlesim_plus
[1.098s] -- Installing: /home/lworakan/Documents/GitHub/FRA502-LAB-6648v2/install/turtlesim_plus/share/ament_index/resource_index/parent_prefix_path/turtlesim_plus
[1.098s] -- Installing: /home/lworakan/Documents/GitHub/FRA502-LAB-6648v2/install/turtlesim_plus/share/turtlesim_plus/environment/ament_prefix_path.sh
[1.098s] -- Installing: /home/lworakan/Documents/GitHub/FRA502-LAB-6648v2/install/turtlesim_plus/share/turtlesim_plus/environment/ament_prefix_path.dsv
[1.098s] -- Installing: /home/lworakan/Documents/GitHub/FRA502-LAB-6648v2/install/turtlesim_plus/share/turtlesim_plus/environment/path.sh
[1.098s] -- Installing: /home/lworakan/Documents/GitHub/FRA502-LAB-6648v2/install/turtlesim_plus/share/turtlesim_plus/environment/path.dsv
[1.098s] -- Installing: /home/lworakan/Documents/GitHub/FRA502-LAB-6648v2/install/turtlesim_plus/share/turtlesim_plus/local_setup.bash
[1.098s] -- Installing: /home/lworakan/Documents/GitHub/FRA502-LAB-6648v2/install/turtlesim_plus/share/turtlesim_plus/local_setup.sh
[1.098s] -- Installing: /home/lworakan/Documents/GitHub/FRA502-LAB-6648v2/install/turtlesim_plus/share/turtlesim_plus/local_setup.zsh
[1.098s] -- Installing: /home/lworakan/Documents/GitHub/FRA502-LAB-6648v2/install/turtlesim_plus/share/turtlesim_plus/local_setup.dsv
[1.099s] -- Installing: /home/lworakan/Documents/GitHub/FRA502-LAB-6648v2/install/turtlesim_plus/share/turtlesim_plus/package.dsv
[1.099s] -- Installing: /home/lworakan/Documents/GitHub/FRA502-LAB-6648v2/install/turtlesim_plus/share/ament_index/resource_index/packages/turtlesim_plus
[1.099s] -- Installing: /home/lworakan/Documents/GitHub/FRA502-LAB-6648v2/install/turtlesim_plus/share/turtlesim_plus/cmake/turtlesim_plusConfig.cmake
[1.099s] -- Installing: /home/lworakan/Documents/GitHub/FRA502-LAB-6648v2/install/turtlesim_plus/share/turtlesim_plus/cmake/turtlesim_plusConfig-version.cmake
[1.099s] -- Installing: /home/lworakan/Documents/GitHub/FRA502-LAB-6648v2/install/turtlesim_plus/share/turtlesim_plus/package.xml
[1.100s] Invoked command in '/home/lworakan/Documents/GitHub/FRA502-LAB-6648v2/build/turtlesim_plus' returned '0': CMAKE_PREFIX_PATH=${CMAKE_PREFIX_PATH}:/opt/ros/humble /usr/bin/cmake --install /home/lworakan/Documents/GitHub/FRA502-LAB-6648v2/build/turtlesim_plus
