[0.011s] Invoking command in '/home/lworakan/Documents/GitHub/FRA502-LAB-6648v2/build/lab3': CMAKE_PREFIX_PATH=${CMAKE_PREFIX_PATH}:/opt/ros/humble /usr/bin/cmake --build /home/lworakan/Documents/GitHub/FRA502-LAB-6648v2/build/lab3 -- -j32 -l32
[0.041s] [100%] Built target cpp_node_test
[0.042s] [100%] Built target ament_cmake_python_copy_lab3
[0.158s] running egg_info
[0.167s] writing lab3.egg-info/PKG-INFO
[0.167s] writing dependency_links to lab3.egg-info/dependency_links.txt
[0.167s] writing top-level names to lab3.egg-info/top_level.txt
[0.192s] reading manifest file 'lab3.egg-info/SOURCES.txt'
[0.193s] writing manifest file 'lab3.egg-info/SOURCES.txt'
[0.209s] [100%] Built target ament_cmake_python_build_lab3_egg
[0.216s] Invoked command in '/home/lworakan/Documents/GitHub/FRA502-LAB-6648v2/build/lab3' returned '0': CMAKE_PREFIX_PATH=${CMAKE_PREFIX_PATH}:/opt/ros/humble /usr/bin/cmake --build /home/lworakan/Documents/GitHub/FRA502-LAB-6648v2/build/lab3 -- -j32 -l32
[0.218s] Invoking command in '/home/lworakan/Documents/GitHub/FRA502-LAB-6648v2/build/lab3': CMAKE_PREFIX_PATH=${CMAKE_PREFIX_PATH}:/opt/ros/humble /usr/bin/cmake --install /home/lworakan/Documents/GitHub/FRA502-LAB-6648v2/build/lab3
[0.222s] -- Install configuration: ""
[0.223s] -- Up-to-date: /home/lworakan/Documents/GitHub/FRA502-LAB-6648v2/install/lab3/share/lab3/environment/pythonpath.sh
[0.223s] -- Up-to-date: /home/lworakan/Documents/GitHub/FRA502-LAB-6648v2/install/lab3/share/lab3/environment/pythonpath.dsv
[0.223s] -- Up-to-date: /home/lworakan/Documents/GitHub/FRA502-LAB-6648v2/install/lab3/local/lib/python3.10/dist-packages/lab3-0.0.0-py3.10.egg-info
[0.223s] -- Installing: /home/lworakan/Documents/GitHub/FRA502-LAB-6648v2/install/lab3/local/lib/python3.10/dist-packages/lab3-0.0.0-py3.10.egg-info/SOURCES.txt
[0.223s] -- Installing: /home/lworakan/Documents/GitHub/FRA502-LAB-6648v2/install/lab3/local/lib/python3.10/dist-packages/lab3-0.0.0-py3.10.egg-info/top_level.txt
[0.223s] -- Installing: /home/lworakan/Documents/GitHub/FRA502-LAB-6648v2/install/lab3/local/lib/python3.10/dist-packages/lab3-0.0.0-py3.10.egg-info/PKG-INFO
[0.223s] -- Installing: /home/lworakan/Documents/GitHub/FRA502-LAB-6648v2/install/lab3/local/lib/python3.10/dist-packages/lab3-0.0.0-py3.10.egg-info/dependency_links.txt
[0.223s] -- Up-to-date: /home/lworakan/Documents/GitHub/FRA502-LAB-6648v2/install/lab3/local/lib/python3.10/dist-packages/lab3
[0.223s] -- Up-to-date: /home/lworakan/Documents/GitHub/FRA502-LAB-6648v2/install/lab3/local/lib/python3.10/dist-packages/lab3/__init__.py
[0.223s] -- Up-to-date: /home/lworakan/Documents/GitHub/FRA502-LAB-6648v2/install/lab3/local/lib/python3.10/dist-packages/lab3/dummy_module.py
[0.243s] Listing '/home/lworakan/Documents/GitHub/FRA502-LAB-6648v2/install/lab3/local/lib/python3.10/dist-packages/lab3'...
[0.245s] -- Up-to-date: /home/lworakan/Documents/GitHub/FRA502-LAB-6648v2/install/lab3/lib/lab3/dummy_script.py
[0.246s] -- Up-to-date: /home/lworakan/Documents/GitHub/FRA502-LAB-6648v2/install/lab3/lib/lab3/cpp_node_test
[0.246s] -- Up-to-date: /home/lworakan/Documents/GitHub/FRA502-LAB-6648v2/install/lab3/share/lab3
[0.246s] -- Up-to-date: /home/lworakan/Documents/GitHub/FRA502-LAB-6648v2/install/lab3/share/ament_index/resource_index/package_run_dependencies/lab3
[0.246s] -- Up-to-date: /home/lworakan/Documents/GitHub/FRA502-LAB-6648v2/install/lab3/share/ament_index/resource_index/parent_prefix_path/lab3
[0.246s] -- Up-to-date: /home/lworakan/Documents/GitHub/FRA502-LAB-6648v2/install/lab3/share/lab3/environment/ament_prefix_path.sh
[0.246s] -- Up-to-date: /home/lworakan/Documents/GitHub/FRA502-LAB-6648v2/install/lab3/share/lab3/environment/ament_prefix_path.dsv
[0.246s] -- Up-to-date: /home/lworakan/Documents/GitHub/FRA502-LAB-6648v2/install/lab3/share/lab3/environment/path.sh
[0.246s] -- Up-to-date: /home/lworakan/Documents/GitHub/FRA502-LAB-6648v2/install/lab3/share/lab3/environment/path.dsv
[0.246s] -- Up-to-date: /home/lworakan/Documents/GitHub/FRA502-LAB-6648v2/install/lab3/share/lab3/local_setup.bash
[0.246s] -- Up-to-date: /home/lworakan/Documents/GitHub/FRA502-LAB-6648v2/install/lab3/share/lab3/local_setup.sh
[0.246s] -- Up-to-date: /home/lworakan/Documents/GitHub/FRA502-LAB-6648v2/install/lab3/share/lab3/local_setup.zsh
[0.246s] -- Up-to-date: /home/lworakan/Documents/GitHub/FRA502-LAB-6648v2/install/lab3/share/lab3/local_setup.dsv
[0.246s] -- Installing: /home/lworakan/Documents/GitHub/FRA502-LAB-6648v2/install/lab3/share/lab3/package.dsv
[0.246s] -- Up-to-date: /home/lworakan/Documents/GitHub/FRA502-LAB-6648v2/install/lab3/share/ament_index/resource_index/packages/lab3
[0.246s] -- Up-to-date: /home/lworakan/Documents/GitHub/FRA502-LAB-6648v2/install/lab3/share/lab3/cmake/lab3Config.cmake
[0.246s] -- Up-to-date: /home/lworakan/Documents/GitHub/FRA502-LAB-6648v2/install/lab3/share/lab3/cmake/lab3Config-version.cmake
[0.246s] -- Up-to-date: /home/lworakan/Documents/GitHub/FRA502-LAB-6648v2/install/lab3/share/lab3/package.xml
[0.248s] Invoked command in '/home/lworakan/Documents/GitHub/FRA502-LAB-6648v2/build/lab3' returned '0': CMAKE_PREFIX_PATH=${CMAKE_PREFIX_PATH}:/opt/ros/humble /usr/bin/cmake --install /home/lworakan/Documents/GitHub/FRA502-LAB-6648v2/build/lab3
