[0.011s] Invoking command in '/home/lworakan/Documents/GitHub/FRA502-LAB-6648v2/build/turtlesim_plus_interfaces': CMAKE_PREFIX_PATH=${CMAKE_PREFIX_PATH}:/opt/ros/humble /usr/bin/cmake /home/lworakan/Documents/GitHub/FRA502-LAB-6648v2/src/turtlesim_plus/turtlesim_plus_interfaces -DCMAKE_INSTALL_PREFIX=/home/lworakan/Documents/GitHub/FRA502-LAB-6648v2/install/turtlesim_plus_interfaces
[0.042s] -- The C compiler identification is GNU 11.4.0
[0.073s] -- The CXX compiler identification is GNU 11.4.0
[0.077s] -- Detecting C compiler ABI info
[0.122s] -- Detecting C compiler ABI info - done
[0.126s] -- Check for working C compiler: /usr/bin/cc - skipped
[0.126s] -- Detecting C compile features
[0.126s] -- Detecting C compile features - done
[0.127s] -- Detecting CXX compiler ABI info
[0.173s] -- Detecting CXX compiler ABI info - done
[0.177s] -- Check for working CXX compiler: /usr/bin/c++ - skipped
[0.177s] -- Detecting CXX compile features
[0.177s] -- Detecting CXX compile features - done
[0.178s] -- Found ament_cmake: 1.3.12 (/opt/ros/humble/share/ament_cmake/cmake)
[0.387s] -- Found Python3: /usr/bin/python3 (found version "3.10.12") found components: Interpreter 
[0.441s] -- Found ament_lint_auto: 0.12.14 (/opt/ros/humble/share/ament_lint_auto/cmake)
[0.487s] -- Found rosidl_default_generators: 1.2.0 (/opt/ros/humble/share/rosidl_default_generators/cmake)
[0.489s] -- Using all available rosidl_typesupport_c: rosidl_typesupport_fastrtps_c;rosidl_typesupport_introspection_c
[0.493s] -- Found rosidl_adapter: 3.1.7 (/opt/ros/humble/share/rosidl_adapter/cmake)
[0.517s] -- Using all available rosidl_typesupport_cpp: rosidl_typesupport_fastrtps_cpp;rosidl_typesupport_introspection_cpp
[0.681s] -- Found ament_cmake_ros: 0.10.0 (/opt/ros/humble/share/ament_cmake_ros/cmake)
[0.803s] -- Using all available rosidl_typesupport_c: rosidl_typesupport_fastrtps_c;rosidl_typesupport_introspection_c
[0.963s] -- Using all available rosidl_typesupport_cpp: rosidl_typesupport_fastrtps_cpp;rosidl_typesupport_introspection_cpp
[0.978s] -- Found PythonInterp: /usr/bin/python3 (found suitable version "3.10.12", minimum required is "3.6") 
[0.980s] -- Found python_cmake_module: 0.10.0 (/opt/ros/humble/share/python_cmake_module/cmake)
[0.998s] -- Found PythonLibs: /usr/lib/x86_64-linux-gnu/libpython3.10.so (found suitable version "3.10.12", minimum required is "3.5") 
[0.998s] -- Using PYTHON_EXECUTABLE: /usr/bin/python3
[0.999s] -- Using PYTHON_INCLUDE_DIRS: /usr/include/python3.10
[0.999s] -- Using PYTHON_LIBRARIES: /usr/lib/x86_64-linux-gnu/libpython3.10.so
[1.013s] -- Found PythonExtra: .so  
[1.039s] -- Added test 'lint_cmake' to check CMake code style
[1.040s] -- Added test 'xmllint' to check XML markup files
[1.042s] -- Configuring done
[1.060s] -- Generating done
[1.066s] -- Build files have been written to: /home/lworakan/Documents/GitHub/FRA502-LAB-6648v2/build/turtlesim_plus_interfaces
[1.071s] Invoked command in '/home/lworakan/Documents/GitHub/FRA502-LAB-6648v2/build/turtlesim_plus_interfaces' returned '0': CMAKE_PREFIX_PATH=${CMAKE_PREFIX_PATH}:/opt/ros/humble /usr/bin/cmake /home/lworakan/Documents/GitHub/FRA502-LAB-6648v2/src/turtlesim_plus/turtlesim_plus_interfaces -DCMAKE_INSTALL_PREFIX=/home/lworakan/Documents/GitHub/FRA502-LAB-6648v2/install/turtlesim_plus_interfaces
[1.072s] Invoking command in '/home/lworakan/Documents/GitHub/FRA502-LAB-6648v2/build/turtlesim_plus_interfaces': CMAKE_PREFIX_PATH=${CMAKE_PREFIX_PATH}:/opt/ros/humble /usr/bin/cmake --build /home/lworakan/Documents/GitHub/FRA502-LAB-6648v2/build/turtlesim_plus_interfaces -- -j32 -l32
[1.098s] [  1%] [34m[1mGenerating C code for ROS interfaces[0m
[1.104s] [  3%] [34m[1mGenerating C++ code for ROS interfaces[0m
[1.109s] [  3%] Built target ament_cmake_python_copy_turtlesim_plus_interfaces
[1.233s] running egg_info
[1.243s] creating turtlesim_plus_interfaces.egg-info
[1.243s] writing turtlesim_plus_interfaces.egg-info/PKG-INFO
[1.243s] writing dependency_links to turtlesim_plus_interfaces.egg-info/dependency_links.txt
[1.243s] writing top-level names to turtlesim_plus_interfaces.egg-info/top_level.txt
[1.243s] writing manifest file 'turtlesim_plus_interfaces.egg-info/SOURCES.txt'
[1.272s] reading manifest file 'turtlesim_plus_interfaces.egg-info/SOURCES.txt'
[1.273s] writing manifest file 'turtlesim_plus_interfaces.egg-info/SOURCES.txt'
[1.291s] [  3%] Built target ament_cmake_python_build_turtlesim_plus_interfaces_egg
[1.417s] [  7%] [32mBuilding C object CMakeFiles/turtlesim_plus_interfaces__rosidl_generator_c.dir/rosidl_generator_c/turtlesim_plus_interfaces/msg/detail/scanner_data__functions.c.o[0m
[1.417s] [  7%] [32mBuilding C object CMakeFiles/turtlesim_plus_interfaces__rosidl_generator_c.dir/rosidl_generator_c/turtlesim_plus_interfaces/msg/detail/scanner_data_array__functions.c.o[0m
[1.417s] [  9%] [32mBuilding C object CMakeFiles/turtlesim_plus_interfaces__rosidl_generator_c.dir/rosidl_generator_c/turtlesim_plus_interfaces/action/detail/get_data__functions.c.o[0m
[1.418s] [ 10%] [32mBuilding C object CMakeFiles/turtlesim_plus_interfaces__rosidl_generator_c.dir/rosidl_generator_c/turtlesim_plus_interfaces/srv/detail/give_position__functions.c.o[0m
[1.418s] [ 10%] Built target turtlesim_plus_interfaces__cpp
[1.425s] [ 12%] [34m[1mGenerating C++ type support for eProsima Fast-RTPS[0m
[1.426s] [ 14%] [34m[1mGenerating C++ introspection for ROS interfaces[0m
[1.426s] [ 16%] [34m[1mGenerating C++ type support dispatch for ROS interfaces[0m
[1.487s] [ 18%] [32m[1mLinking C shared library libturtlesim_plus_interfaces__rosidl_generator_c.so[0m
[1.512s] [ 18%] Built target turtlesim_plus_interfaces__rosidl_generator_c
[1.521s] [ 23%] [34m[1mGenerating C type support dispatch for ROS interfaces[0m
[1.521s] [ 23%] [34m[1mGenerating C introspection for ROS interfaces[0m
[1.521s] [ 23%] [34m[1mGenerating C type support for eProsima Fast-RTPS[0m
[1.615s] [ 25%] [32mBuilding CXX object CMakeFiles/turtlesim_plus_interfaces__rosidl_typesupport_cpp.dir/rosidl_typesupport_cpp/turtlesim_plus_interfaces/msg/scanner_data_array__type_support.cpp.o[0m
[1.616s] [ 27%] [32mBuilding CXX object CMakeFiles/turtlesim_plus_interfaces__rosidl_typesupport_cpp.dir/rosidl_typesupport_cpp/turtlesim_plus_interfaces/msg/scanner_data__type_support.cpp.o[0m
[1.616s] [ 29%] [32mBuilding CXX object CMakeFiles/turtlesim_plus_interfaces__rosidl_typesupport_cpp.dir/rosidl_typesupport_cpp/turtlesim_plus_interfaces/srv/give_position__type_support.cpp.o[0m
[1.617s] [ 30%] [32mBuilding CXX object CMakeFiles/turtlesim_plus_interfaces__rosidl_typesupport_cpp.dir/rosidl_typesupport_cpp/turtlesim_plus_interfaces/action/get_data__type_support.cpp.o[0m
[1.667s] [ 32%] [32mBuilding CXX object CMakeFiles/turtlesim_plus_interfaces__rosidl_typesupport_introspection_cpp.dir/rosidl_typesupport_introspection_cpp/turtlesim_plus_interfaces/msg/detail/scanner_data_array__type_support.cpp.o[0m
[1.668s] [ 34%] [32mBuilding CXX object CMakeFiles/turtlesim_plus_interfaces__rosidl_typesupport_introspection_cpp.dir/rosidl_typesupport_introspection_cpp/turtlesim_plus_interfaces/msg/detail/scanner_data__type_support.cpp.o[0m
[1.668s] [ 38%] [32mBuilding CXX object CMakeFiles/turtlesim_plus_interfaces__rosidl_typesupport_introspection_cpp.dir/rosidl_typesupport_introspection_cpp/turtlesim_plus_interfaces/action/detail/get_data__type_support.cpp.o[0m
[1.669s] [ 38%] [32mBuilding CXX object CMakeFiles/turtlesim_plus_interfaces__rosidl_typesupport_introspection_cpp.dir/rosidl_typesupport_introspection_cpp/turtlesim_plus_interfaces/srv/detail/give_position__type_support.cpp.o[0m
[1.727s] [ 40%] [32mBuilding CXX object CMakeFiles/turtlesim_plus_interfaces__rosidl_typesupport_c.dir/rosidl_typesupport_c/turtlesim_plus_interfaces/msg/scanner_data__type_support.cpp.o[0m
[1.729s] [ 45%] [32mBuilding CXX object CMakeFiles/turtlesim_plus_interfaces__rosidl_typesupport_c.dir/rosidl_typesupport_c/turtlesim_plus_interfaces/msg/scanner_data_array__type_support.cpp.o[0m
[1.729s] [ 45%] [32mBuilding CXX object CMakeFiles/turtlesim_plus_interfaces__rosidl_typesupport_c.dir/rosidl_typesupport_c/turtlesim_plus_interfaces/action/get_data__type_support.cpp.o[0m
[1.730s] [ 45%] [32mBuilding CXX object CMakeFiles/turtlesim_plus_interfaces__rosidl_typesupport_c.dir/rosidl_typesupport_c/turtlesim_plus_interfaces/srv/give_position__type_support.cpp.o[0m
[1.760s] [ 47%] [32m[1mLinking CXX shared library libturtlesim_plus_interfaces__rosidl_typesupport_c.so[0m
[1.774s] [ 49%] [32mBuilding CXX object CMakeFiles/turtlesim_plus_interfaces__rosidl_typesupport_fastrtps_cpp.dir/rosidl_typesupport_fastrtps_cpp/turtlesim_plus_interfaces/msg/detail/dds_fastrtps/scanner_data_array__type_support.cpp.o[0m
[1.775s] [ 50%] [32mBuilding CXX object CMakeFiles/turtlesim_plus_interfaces__rosidl_typesupport_fastrtps_cpp.dir/rosidl_typesupport_fastrtps_cpp/turtlesim_plus_interfaces/msg/detail/dds_fastrtps/scanner_data__type_support.cpp.o[0m
[1.775s] [ 52%] [32mBuilding CXX object CMakeFiles/turtlesim_plus_interfaces__rosidl_typesupport_fastrtps_cpp.dir/rosidl_typesupport_fastrtps_cpp/turtlesim_plus_interfaces/srv/detail/dds_fastrtps/give_position__type_support.cpp.o[0m
[1.776s] [ 54%] [32mBuilding CXX object CMakeFiles/turtlesim_plus_interfaces__rosidl_typesupport_fastrtps_cpp.dir/rosidl_typesupport_fastrtps_cpp/turtlesim_plus_interfaces/action/detail/dds_fastrtps/get_data__type_support.cpp.o[0m
[1.792s] [ 54%] Built target turtlesim_plus_interfaces__rosidl_typesupport_c
[1.803s] [ 58%] [32mBuilding CXX object CMakeFiles/turtlesim_plus_interfaces__rosidl_typesupport_fastrtps_c.dir/rosidl_typesupport_fastrtps_c/turtlesim_plus_interfaces/action/detail/get_data__type_support_c.cpp.o[0m
[1.803s] [ 58%] [32mBuilding CXX object CMakeFiles/turtlesim_plus_interfaces__rosidl_typesupport_fastrtps_c.dir/rosidl_typesupport_fastrtps_c/turtlesim_plus_interfaces/srv/detail/give_position__type_support_c.cpp.o[0m
[1.803s] [ 63%] [32mBuilding CXX object CMakeFiles/turtlesim_plus_interfaces__rosidl_typesupport_fastrtps_c.dir/rosidl_typesupport_fastrtps_c/turtlesim_plus_interfaces/msg/detail/scanner_data__type_support_c.cpp.o[0m
[1.803s] [ 63%] [32mBuilding C object CMakeFiles/turtlesim_plus_interfaces__rosidl_typesupport_introspection_c.dir/rosidl_typesupport_introspection_c/turtlesim_plus_interfaces/msg/detail/scanner_data__type_support.c.o[0m
[1.803s] [ 63%] [32mBuilding C object CMakeFiles/turtlesim_plus_interfaces__rosidl_typesupport_introspection_c.dir/rosidl_typesupport_introspection_c/turtlesim_plus_interfaces/action/detail/get_data__type_support.c.o[0m
[1.803s] [ 65%] [32mBuilding CXX object CMakeFiles/turtlesim_plus_interfaces__rosidl_typesupport_fastrtps_c.dir/rosidl_typesupport_fastrtps_c/turtlesim_plus_interfaces/msg/detail/scanner_data_array__type_support_c.cpp.o[0m
[1.804s] [ 67%] [32mBuilding C object CMakeFiles/turtlesim_plus_interfaces__rosidl_typesupport_introspection_c.dir/rosidl_typesupport_introspection_c/turtlesim_plus_interfaces/srv/detail/give_position__type_support.c.o[0m
[1.805s] [ 69%] [32mBuilding C object CMakeFiles/turtlesim_plus_interfaces__rosidl_typesupport_introspection_c.dir/rosidl_typesupport_introspection_c/turtlesim_plus_interfaces/msg/detail/scanner_data_array__type_support.c.o[0m
[1.846s] [ 70%] [32m[1mLinking C shared library libturtlesim_plus_interfaces__rosidl_typesupport_introspection_c.so[0m
[1.853s] [ 72%] [32m[1mLinking CXX shared library libturtlesim_plus_interfaces__rosidl_typesupport_cpp.so[0m
[1.873s] [ 72%] Built target turtlesim_plus_interfaces__rosidl_typesupport_introspection_c
[1.887s] [ 72%] Built target turtlesim_plus_interfaces__rosidl_typesupport_cpp
[2.071s] [ 74%] [32m[1mLinking CXX shared library libturtlesim_plus_interfaces__rosidl_typesupport_introspection_cpp.so[0m
[2.071s] [ 76%] [32m[1mLinking CXX shared library libturtlesim_plus_interfaces__rosidl_typesupport_fastrtps_c.so[0m
[2.080s] [ 78%] [32m[1mLinking CXX shared library libturtlesim_plus_interfaces__rosidl_typesupport_fastrtps_cpp.so[0m
[2.115s] [ 78%] Built target turtlesim_plus_interfaces__rosidl_typesupport_fastrtps_c
[2.116s] [ 78%] Built target turtlesim_plus_interfaces__rosidl_typesupport_introspection_cpp
[2.123s] [ 78%] Built target turtlesim_plus_interfaces__rosidl_typesupport_fastrtps_cpp
[2.137s] [ 78%] Built target turtlesim_plus_interfaces
[2.155s] [ 80%] [34m[1mGenerating Python code for ROS interfaces[0m
[2.663s] [ 80%] Built target turtlesim_plus_interfaces__py
[2.679s] [ 81%] [32mBuilding C object CMakeFiles/turtlesim_plus_interfaces__rosidl_generator_py.dir/rosidl_generator_py/turtlesim_plus_interfaces/srv/_give_position_s.c.o[0m
[2.680s] [ 83%] [32mBuilding C object CMakeFiles/turtlesim_plus_interfaces__rosidl_generator_py.dir/rosidl_generator_py/turtlesim_plus_interfaces/msg/_scanner_data_s.c.o[0m
[2.681s] [ 85%] [32mBuilding C object CMakeFiles/turtlesim_plus_interfaces__rosidl_generator_py.dir/rosidl_generator_py/turtlesim_plus_interfaces/action/_get_data_s.c.o[0m
[2.681s] [ 87%] [32mBuilding C object CMakeFiles/turtlesim_plus_interfaces__rosidl_generator_py.dir/rosidl_generator_py/turtlesim_plus_interfaces/msg/_scanner_data_array_s.c.o[0m
[2.761s] [ 89%] [32m[1mLinking C shared library rosidl_generator_py/turtlesim_plus_interfaces/libturtlesim_plus_interfaces__rosidl_generator_py.so[0m
[2.791s] [ 89%] Built target turtlesim_plus_interfaces__rosidl_generator_py
[2.804s] [ 90%] [32mBuilding C object CMakeFiles/turtlesim_plus_interfaces__rosidl_typesupport_introspection_c__pyext.dir/rosidl_generator_py/turtlesim_plus_interfaces/_turtlesim_plus_interfaces_s.ep.rosidl_typesupport_introspection_c.c.o[0m
[2.805s] [ 92%] [32mBuilding C object CMakeFiles/turtlesim_plus_interfaces__rosidl_typesupport_c__pyext.dir/rosidl_generator_py/turtlesim_plus_interfaces/_turtlesim_plus_interfaces_s.ep.rosidl_typesupport_c.c.o[0m
[2.805s] [ 94%] [32mBuilding C object CMakeFiles/turtlesim_plus_interfaces__rosidl_typesupport_fastrtps_c__pyext.dir/rosidl_generator_py/turtlesim_plus_interfaces/_turtlesim_plus_interfaces_s.ep.rosidl_typesupport_fastrtps_c.c.o[0m
[2.875s] [ 96%] [32m[1mLinking C shared library rosidl_generator_py/turtlesim_plus_interfaces/turtlesim_plus_interfaces_s__rosidl_typesupport_introspection_c.cpython-310-x86_64-linux-gnu.so[0m
[2.875s] [100%] [32m[1mLinking C shared library rosidl_generator_py/turtlesim_plus_interfaces/turtlesim_plus_interfaces_s__rosidl_typesupport_fastrtps_c.cpython-310-x86_64-linux-gnu.so[0m
[2.875s] [100%] [32m[1mLinking C shared library rosidl_generator_py/turtlesim_plus_interfaces/turtlesim_plus_interfaces_s__rosidl_typesupport_c.cpython-310-x86_64-linux-gnu.so[0m
[2.898s] [100%] Built target turtlesim_plus_interfaces__rosidl_typesupport_introspection_c__pyext
[2.900s] [100%] Built target turtlesim_plus_interfaces__rosidl_typesupport_c__pyext
[2.900s] [100%] Built target turtlesim_plus_interfaces__rosidl_typesupport_fastrtps_c__pyext
[2.907s] Invoked command in '/home/lworakan/Documents/GitHub/FRA502-LAB-6648v2/build/turtlesim_plus_interfaces' returned '0': CMAKE_PREFIX_PATH=${CMAKE_PREFIX_PATH}:/opt/ros/humble /usr/bin/cmake --build /home/lworakan/Documents/GitHub/FRA502-LAB-6648v2/build/turtlesim_plus_interfaces -- -j32 -l32
[2.908s] Invoking command in '/home/lworakan/Documents/GitHub/FRA502-LAB-6648v2/build/turtlesim_plus_interfaces': CMAKE_PREFIX_PATH=${CMAKE_PREFIX_PATH}:/opt/ros/humble /usr/bin/cmake --install /home/lworakan/Documents/GitHub/FRA502-LAB-6648v2/build/turtlesim_plus_interfaces
[2.912s] -- Install configuration: ""
[2.912s] -- Installing: /home/lworakan/Documents/GitHub/FRA502-LAB-6648v2/install/turtlesim_plus_interfaces/share/ament_index/resource_index/rosidl_interfaces/turtlesim_plus_interfaces
[2.912s] -- Installing: /home/lworakan/Documents/GitHub/FRA502-LAB-6648v2/install/turtlesim_plus_interfaces/include/turtlesim_plus_interfaces/turtlesim_plus_interfaces
[2.912s] -- Installing: /home/lworakan/Documents/GitHub/FRA502-LAB-6648v2/install/turtlesim_plus_interfaces/include/turtlesim_plus_interfaces/turtlesim_plus_interfaces/msg
[2.912s] -- Installing: /home/lworakan/Documents/GitHub/FRA502-LAB-6648v2/install/turtlesim_plus_interfaces/include/turtlesim_plus_interfaces/turtlesim_plus_interfaces/msg/scanner_data.h
[2.913s] -- Installing: /home/lworakan/Documents/GitHub/FRA502-LAB-6648v2/install/turtlesim_plus_interfaces/include/turtlesim_plus_interfaces/turtlesim_plus_interfaces/msg/detail
[2.913s] -- Installing: /home/lworakan/Documents/GitHub/FRA502-LAB-6648v2/install/turtlesim_plus_interfaces/include/turtlesim_plus_interfaces/turtlesim_plus_interfaces/msg/detail/scanner_data__type_support.h
[2.913s] -- Installing: /home/lworakan/Documents/GitHub/FRA502-LAB-6648v2/install/turtlesim_plus_interfaces/include/turtlesim_plus_interfaces/turtlesim_plus_interfaces/msg/detail/scanner_data__functions.h
[2.913s] -- Installing: /home/lworakan/Documents/GitHub/FRA502-LAB-6648v2/install/turtlesim_plus_interfaces/include/turtlesim_plus_interfaces/turtlesim_plus_interfaces/msg/detail/scanner_data_array__functions.h
[2.913s] -- Installing: /home/lworakan/Documents/GitHub/FRA502-LAB-6648v2/install/turtlesim_plus_interfaces/include/turtlesim_plus_interfaces/turtlesim_plus_interfaces/msg/detail/scanner_data__struct.h
[2.913s] -- Installing: /home/lworakan/Documents/GitHub/FRA502-LAB-6648v2/install/turtlesim_plus_interfaces/include/turtlesim_plus_interfaces/turtlesim_plus_interfaces/msg/detail/scanner_data_array__functions.c
[2.913s] -- Installing: /home/lworakan/Documents/GitHub/FRA502-LAB-6648v2/install/turtlesim_plus_interfaces/include/turtlesim_plus_interfaces/turtlesim_plus_interfaces/msg/detail/scanner_data_array__type_support.h
[2.913s] -- Installing: /home/lworakan/Documents/GitHub/FRA502-LAB-6648v2/install/turtlesim_plus_interfaces/include/turtlesim_plus_interfaces/turtlesim_plus_interfaces/msg/detail/scanner_data__functions.c
[2.913s] -- Installing: /home/lworakan/Documents/GitHub/FRA502-LAB-6648v2/install/turtlesim_plus_interfaces/include/turtlesim_plus_interfaces/turtlesim_plus_interfaces/msg/detail/scanner_data_array__struct.h
[2.913s] -- Installing: /home/lworakan/Documents/GitHub/FRA502-LAB-6648v2/install/turtlesim_plus_interfaces/include/turtlesim_plus_interfaces/turtlesim_plus_interfaces/msg/scanner_data_array.h
[2.913s] -- Installing: /home/lworakan/Documents/GitHub/FRA502-LAB-6648v2/install/turtlesim_plus_interfaces/include/turtlesim_plus_interfaces/turtlesim_plus_interfaces/msg/rosidl_generator_c__visibility_control.h
[2.914s] -- Installing: /home/lworakan/Documents/GitHub/FRA502-LAB-6648v2/install/turtlesim_plus_interfaces/include/turtlesim_plus_interfaces/turtlesim_plus_interfaces/action
[2.914s] -- Installing: /home/lworakan/Documents/GitHub/FRA502-LAB-6648v2/install/turtlesim_plus_interfaces/include/turtlesim_plus_interfaces/turtlesim_plus_interfaces/action/get_data.h
[2.914s] -- Installing: /home/lworakan/Documents/GitHub/FRA502-LAB-6648v2/install/turtlesim_plus_interfaces/include/turtlesim_plus_interfaces/turtlesim_plus_interfaces/action/detail
[2.914s] -- Installing: /home/lworakan/Documents/GitHub/FRA502-LAB-6648v2/install/turtlesim_plus_interfaces/include/turtlesim_plus_interfaces/turtlesim_plus_interfaces/action/detail/get_data__functions.h
[2.914s] -- Installing: /home/lworakan/Documents/GitHub/FRA502-LAB-6648v2/install/turtlesim_plus_interfaces/include/turtlesim_plus_interfaces/turtlesim_plus_interfaces/action/detail/get_data__struct.h
[2.914s] -- Installing: /home/lworakan/Documents/GitHub/FRA502-LAB-6648v2/install/turtlesim_plus_interfaces/include/turtlesim_plus_interfaces/turtlesim_plus_interfaces/action/detail/get_data__functions.c
[2.914s] -- Installing: /home/lworakan/Documents/GitHub/FRA502-LAB-6648v2/install/turtlesim_plus_interfaces/include/turtlesim_plus_interfaces/turtlesim_plus_interfaces/action/detail/get_data__type_support.h
[2.914s] -- Installing: /home/lworakan/Documents/GitHub/FRA502-LAB-6648v2/install/turtlesim_plus_interfaces/include/turtlesim_plus_interfaces/turtlesim_plus_interfaces/srv
[2.914s] -- Installing: /home/lworakan/Documents/GitHub/FRA502-LAB-6648v2/install/turtlesim_plus_interfaces/include/turtlesim_plus_interfaces/turtlesim_plus_interfaces/srv/detail
[2.914s] -- Installing: /home/lworakan/Documents/GitHub/FRA502-LAB-6648v2/install/turtlesim_plus_interfaces/include/turtlesim_plus_interfaces/turtlesim_plus_interfaces/srv/detail/give_position__type_support.h
[2.914s] -- Installing: /home/lworakan/Documents/GitHub/FRA502-LAB-6648v2/install/turtlesim_plus_interfaces/include/turtlesim_plus_interfaces/turtlesim_plus_interfaces/srv/detail/give_position__functions.h
[2.914s] -- Installing: /home/lworakan/Documents/GitHub/FRA502-LAB-6648v2/install/turtlesim_plus_interfaces/include/turtlesim_plus_interfaces/turtlesim_plus_interfaces/srv/detail/give_position__functions.c
[2.914s] -- Installing: /home/lworakan/Documents/GitHub/FRA502-LAB-6648v2/install/turtlesim_plus_interfaces/include/turtlesim_plus_interfaces/turtlesim_plus_interfaces/srv/detail/give_position__struct.h
[2.914s] -- Installing: /home/lworakan/Documents/GitHub/FRA502-LAB-6648v2/install/turtlesim_plus_interfaces/include/turtlesim_plus_interfaces/turtlesim_plus_interfaces/srv/give_position.h
[2.915s] -- Installing: /home/lworakan/Documents/GitHub/FRA502-LAB-6648v2/install/turtlesim_plus_interfaces/share/turtlesim_plus_interfaces/environment/library_path.sh
[2.915s] -- Installing: /home/lworakan/Documents/GitHub/FRA502-LAB-6648v2/install/turtlesim_plus_interfaces/share/turtlesim_plus_interfaces/environment/library_path.dsv
[2.915s] -- Installing: /home/lworakan/Documents/GitHub/FRA502-LAB-6648v2/install/turtlesim_plus_interfaces/lib/libturtlesim_plus_interfaces__rosidl_generator_c.so
[2.915s] -- Set runtime path of "/home/lworakan/Documents/GitHub/FRA502-LAB-6648v2/install/turtlesim_plus_interfaces/lib/libturtlesim_plus_interfaces__rosidl_generator_c.so" to ""
[2.915s] -- Up-to-date: /home/lworakan/Documents/GitHub/FRA502-LAB-6648v2/install/turtlesim_plus_interfaces/include/turtlesim_plus_interfaces/turtlesim_plus_interfaces
[2.915s] -- Up-to-date: /home/lworakan/Documents/GitHub/FRA502-LAB-6648v2/install/turtlesim_plus_interfaces/include/turtlesim_plus_interfaces/turtlesim_plus_interfaces/msg
[2.915s] -- Up-to-date: /home/lworakan/Documents/GitHub/FRA502-LAB-6648v2/install/turtlesim_plus_interfaces/include/turtlesim_plus_interfaces/turtlesim_plus_interfaces/msg/detail
[2.915s] -- Installing: /home/lworakan/Documents/GitHub/FRA502-LAB-6648v2/install/turtlesim_plus_interfaces/include/turtlesim_plus_interfaces/turtlesim_plus_interfaces/msg/detail/scanner_data__rosidl_typesupport_fastrtps_c.h
[2.915s] -- Installing: /home/lworakan/Documents/GitHub/FRA502-LAB-6648v2/install/turtlesim_plus_interfaces/include/turtlesim_plus_interfaces/turtlesim_plus_interfaces/msg/detail/scanner_data_array__rosidl_typesupport_fastrtps_c.h
[2.915s] -- Installing: /home/lworakan/Documents/GitHub/FRA502-LAB-6648v2/install/turtlesim_plus_interfaces/include/turtlesim_plus_interfaces/turtlesim_plus_interfaces/msg/rosidl_typesupport_fastrtps_c__visibility_control.h
[2.915s] -- Up-to-date: /home/lworakan/Documents/GitHub/FRA502-LAB-6648v2/install/turtlesim_plus_interfaces/include/turtlesim_plus_interfaces/turtlesim_plus_interfaces/action
[2.916s] -- Up-to-date: /home/lworakan/Documents/GitHub/FRA502-LAB-6648v2/install/turtlesim_plus_interfaces/include/turtlesim_plus_interfaces/turtlesim_plus_interfaces/action/detail
[2.916s] -- Installing: /home/lworakan/Documents/GitHub/FRA502-LAB-6648v2/install/turtlesim_plus_interfaces/include/turtlesim_plus_interfaces/turtlesim_plus_interfaces/action/detail/get_data__rosidl_typesupport_fastrtps_c.h
[2.916s] -- Up-to-date: /home/lworakan/Documents/GitHub/FRA502-LAB-6648v2/install/turtlesim_plus_interfaces/include/turtlesim_plus_interfaces/turtlesim_plus_interfaces/srv
[2.916s] -- Up-to-date: /home/lworakan/Documents/GitHub/FRA502-LAB-6648v2/install/turtlesim_plus_interfaces/include/turtlesim_plus_interfaces/turtlesim_plus_interfaces/srv/detail
[2.916s] -- Installing: /home/lworakan/Documents/GitHub/FRA502-LAB-6648v2/install/turtlesim_plus_interfaces/include/turtlesim_plus_interfaces/turtlesim_plus_interfaces/srv/detail/give_position__rosidl_typesupport_fastrtps_c.h
[2.916s] -- Installing: /home/lworakan/Documents/GitHub/FRA502-LAB-6648v2/install/turtlesim_plus_interfaces/lib/libturtlesim_plus_interfaces__rosidl_typesupport_fastrtps_c.so
[2.916s] -- Set runtime path of "/home/lworakan/Documents/GitHub/FRA502-LAB-6648v2/install/turtlesim_plus_interfaces/lib/libturtlesim_plus_interfaces__rosidl_typesupport_fastrtps_c.so" to ""
[2.916s] -- Up-to-date: /home/lworakan/Documents/GitHub/FRA502-LAB-6648v2/install/turtlesim_plus_interfaces/include/turtlesim_plus_interfaces/turtlesim_plus_interfaces
[2.916s] -- Up-to-date: /home/lworakan/Documents/GitHub/FRA502-LAB-6648v2/install/turtlesim_plus_interfaces/include/turtlesim_plus_interfaces/turtlesim_plus_interfaces/msg
[2.916s] -- Up-to-date: /home/lworakan/Documents/GitHub/FRA502-LAB-6648v2/install/turtlesim_plus_interfaces/include/turtlesim_plus_interfaces/turtlesim_plus_interfaces/msg/detail
[2.916s] -- Installing: /home/lworakan/Documents/GitHub/FRA502-LAB-6648v2/install/turtlesim_plus_interfaces/include/turtlesim_plus_interfaces/turtlesim_plus_interfaces/msg/detail/scanner_data_array__rosidl_typesupport_introspection_c.h
[2.916s] -- Installing: /home/lworakan/Documents/GitHub/FRA502-LAB-6648v2/install/turtlesim_plus_interfaces/include/turtlesim_plus_interfaces/turtlesim_plus_interfaces/msg/detail/scanner_data__rosidl_typesupport_introspection_c.h
[2.916s] -- Installing: /home/lworakan/Documents/GitHub/FRA502-LAB-6648v2/install/turtlesim_plus_interfaces/include/turtlesim_plus_interfaces/turtlesim_plus_interfaces/msg/detail/scanner_data_array__type_support.c
[2.916s] -- Installing: /home/lworakan/Documents/GitHub/FRA502-LAB-6648v2/install/turtlesim_plus_interfaces/include/turtlesim_plus_interfaces/turtlesim_plus_interfaces/msg/detail/scanner_data__type_support.c
[2.916s] -- Installing: /home/lworakan/Documents/GitHub/FRA502-LAB-6648v2/install/turtlesim_plus_interfaces/include/turtlesim_plus_interfaces/turtlesim_plus_interfaces/msg/rosidl_typesupport_introspection_c__visibility_control.h
[2.916s] -- Up-to-date: /home/lworakan/Documents/GitHub/FRA502-LAB-6648v2/install/turtlesim_plus_interfaces/include/turtlesim_plus_interfaces/turtlesim_plus_interfaces/action
[2.916s] -- Up-to-date: /home/lworakan/Documents/GitHub/FRA502-LAB-6648v2/install/turtlesim_plus_interfaces/include/turtlesim_plus_interfaces/turtlesim_plus_interfaces/action/detail
[2.916s] -- Installing: /home/lworakan/Documents/GitHub/FRA502-LAB-6648v2/install/turtlesim_plus_interfaces/include/turtlesim_plus_interfaces/turtlesim_plus_interfaces/action/detail/get_data__rosidl_typesupport_introspection_c.h
[2.916s] -- Installing: /home/lworakan/Documents/GitHub/FRA502-LAB-6648v2/install/turtlesim_plus_interfaces/include/turtlesim_plus_interfaces/turtlesim_plus_interfaces/action/detail/get_data__type_support.c
[2.916s] -- Up-to-date: /home/lworakan/Documents/GitHub/FRA502-LAB-6648v2/install/turtlesim_plus_interfaces/include/turtlesim_plus_interfaces/turtlesim_plus_interfaces/srv
[2.916s] -- Up-to-date: /home/lworakan/Documents/GitHub/FRA502-LAB-6648v2/install/turtlesim_plus_interfaces/include/turtlesim_plus_interfaces/turtlesim_plus_interfaces/srv/detail
[2.916s] -- Installing: /home/lworakan/Documents/GitHub/FRA502-LAB-6648v2/install/turtlesim_plus_interfaces/include/turtlesim_plus_interfaces/turtlesim_plus_interfaces/srv/detail/give_position__rosidl_typesupport_introspection_c.h
[2.916s] -- Installing: /home/lworakan/Documents/GitHub/FRA502-LAB-6648v2/install/turtlesim_plus_interfaces/include/turtlesim_plus_interfaces/turtlesim_plus_interfaces/srv/detail/give_position__type_support.c
[2.916s] -- Installing: /home/lworakan/Documents/GitHub/FRA502-LAB-6648v2/install/turtlesim_plus_interfaces/lib/libturtlesim_plus_interfaces__rosidl_typesupport_introspection_c.so
[2.916s] -- Set runtime path of "/home/lworakan/Documents/GitHub/FRA502-LAB-6648v2/install/turtlesim_plus_interfaces/lib/libturtlesim_plus_interfaces__rosidl_typesupport_introspection_c.so" to ""
[2.916s] -- Installing: /home/lworakan/Documents/GitHub/FRA502-LAB-6648v2/install/turtlesim_plus_interfaces/lib/libturtlesim_plus_interfaces__rosidl_typesupport_c.so
[2.916s] -- Set runtime path of "/home/lworakan/Documents/GitHub/FRA502-LAB-6648v2/install/turtlesim_plus_interfaces/lib/libturtlesim_plus_interfaces__rosidl_typesupport_c.so" to ""
[2.916s] -- Up-to-date: /home/lworakan/Documents/GitHub/FRA502-LAB-6648v2/install/turtlesim_plus_interfaces/include/turtlesim_plus_interfaces/turtlesim_plus_interfaces
[2.916s] -- Up-to-date: /home/lworakan/Documents/GitHub/FRA502-LAB-6648v2/install/turtlesim_plus_interfaces/include/turtlesim_plus_interfaces/turtlesim_plus_interfaces/msg
[2.916s] -- Installing: /home/lworakan/Documents/GitHub/FRA502-LAB-6648v2/install/turtlesim_plus_interfaces/include/turtlesim_plus_interfaces/turtlesim_plus_interfaces/msg/scanner_data.hpp
[2.916s] -- Up-to-date: /home/lworakan/Documents/GitHub/FRA502-LAB-6648v2/install/turtlesim_plus_interfaces/include/turtlesim_plus_interfaces/turtlesim_plus_interfaces/msg/detail
[2.916s] -- Installing: /home/lworakan/Documents/GitHub/FRA502-LAB-6648v2/install/turtlesim_plus_interfaces/include/turtlesim_plus_interfaces/turtlesim_plus_interfaces/msg/detail/scanner_data_array__struct.hpp
[2.916s] -- Installing: /home/lworakan/Documents/GitHub/FRA502-LAB-6648v2/install/turtlesim_plus_interfaces/include/turtlesim_plus_interfaces/turtlesim_plus_interfaces/msg/detail/scanner_data_array__builder.hpp
[2.916s] -- Installing: /home/lworakan/Documents/GitHub/FRA502-LAB-6648v2/install/turtlesim_plus_interfaces/include/turtlesim_plus_interfaces/turtlesim_plus_interfaces/msg/detail/scanner_data__builder.hpp
[2.917s] -- Installing: /home/lworakan/Documents/GitHub/FRA502-LAB-6648v2/install/turtlesim_plus_interfaces/include/turtlesim_plus_interfaces/turtlesim_plus_interfaces/msg/detail/scanner_data_array__type_support.hpp
[2.917s] -- Installing: /home/lworakan/Documents/GitHub/FRA502-LAB-6648v2/install/turtlesim_plus_interfaces/include/turtlesim_plus_interfaces/turtlesim_plus_interfaces/msg/detail/scanner_data__struct.hpp
[2.917s] -- Installing: /home/lworakan/Documents/GitHub/FRA502-LAB-6648v2/install/turtlesim_plus_interfaces/include/turtlesim_plus_interfaces/turtlesim_plus_interfaces/msg/detail/scanner_data_array__traits.hpp
[2.917s] -- Installing: /home/lworakan/Documents/GitHub/FRA502-LAB-6648v2/install/turtlesim_plus_interfaces/include/turtlesim_plus_interfaces/turtlesim_plus_interfaces/msg/detail/scanner_data__traits.hpp
[2.917s] -- Installing: /home/lworakan/Documents/GitHub/FRA502-LAB-6648v2/install/turtlesim_plus_interfaces/include/turtlesim_plus_interfaces/turtlesim_plus_interfaces/msg/detail/scanner_data__type_support.hpp
[2.917s] -- Installing: /home/lworakan/Documents/GitHub/FRA502-LAB-6648v2/install/turtlesim_plus_interfaces/include/turtlesim_plus_interfaces/turtlesim_plus_interfaces/msg/rosidl_generator_cpp__visibility_control.hpp
[2.917s] -- Installing: /home/lworakan/Documents/GitHub/FRA502-LAB-6648v2/install/turtlesim_plus_interfaces/include/turtlesim_plus_interfaces/turtlesim_plus_interfaces/msg/scanner_data_array.hpp
[2.917s] -- Up-to-date: /home/lworakan/Documents/GitHub/FRA502-LAB-6648v2/install/turtlesim_plus_interfaces/include/turtlesim_plus_interfaces/turtlesim_plus_interfaces/action
[2.917s] -- Up-to-date: /home/lworakan/Documents/GitHub/FRA502-LAB-6648v2/install/turtlesim_plus_interfaces/include/turtlesim_plus_interfaces/turtlesim_plus_interfaces/action/detail
[2.917s] -- Installing: /home/lworakan/Documents/GitHub/FRA502-LAB-6648v2/install/turtlesim_plus_interfaces/include/turtlesim_plus_interfaces/turtlesim_plus_interfaces/action/detail/get_data__struct.hpp
[2.917s] -- Installing: /home/lworakan/Documents/GitHub/FRA502-LAB-6648v2/install/turtlesim_plus_interfaces/include/turtlesim_plus_interfaces/turtlesim_plus_interfaces/action/detail/get_data__type_support.hpp
[2.917s] -- Installing: /home/lworakan/Documents/GitHub/FRA502-LAB-6648v2/install/turtlesim_plus_interfaces/include/turtlesim_plus_interfaces/turtlesim_plus_interfaces/action/detail/get_data__builder.hpp
[2.917s] -- Installing: /home/lworakan/Documents/GitHub/FRA502-LAB-6648v2/install/turtlesim_plus_interfaces/include/turtlesim_plus_interfaces/turtlesim_plus_interfaces/action/detail/get_data__traits.hpp
[2.917s] -- Installing: /home/lworakan/Documents/GitHub/FRA502-LAB-6648v2/install/turtlesim_plus_interfaces/include/turtlesim_plus_interfaces/turtlesim_plus_interfaces/action/get_data.hpp
[2.917s] -- Up-to-date: /home/lworakan/Documents/GitHub/FRA502-LAB-6648v2/install/turtlesim_plus_interfaces/include/turtlesim_plus_interfaces/turtlesim_plus_interfaces/srv
[2.917s] -- Installing: /home/lworakan/Documents/GitHub/FRA502-LAB-6648v2/install/turtlesim_plus_interfaces/include/turtlesim_plus_interfaces/turtlesim_plus_interfaces/srv/give_position.hpp
[2.917s] -- Up-to-date: /home/lworakan/Documents/GitHub/FRA502-LAB-6648v2/install/turtlesim_plus_interfaces/include/turtlesim_plus_interfaces/turtlesim_plus_interfaces/srv/detail
[2.917s] -- Installing: /home/lworakan/Documents/GitHub/FRA502-LAB-6648v2/install/turtlesim_plus_interfaces/include/turtlesim_plus_interfaces/turtlesim_plus_interfaces/srv/detail/give_position__builder.hpp
[2.917s] -- Installing: /home/lworakan/Documents/GitHub/FRA502-LAB-6648v2/install/turtlesim_plus_interfaces/include/turtlesim_plus_interfaces/turtlesim_plus_interfaces/srv/detail/give_position__type_support.hpp
[2.917s] -- Installing: /home/lworakan/Documents/GitHub/FRA502-LAB-6648v2/install/turtlesim_plus_interfaces/include/turtlesim_plus_interfaces/turtlesim_plus_interfaces/srv/detail/give_position__struct.hpp
[2.917s] -- Installing: /home/lworakan/Documents/GitHub/FRA502-LAB-6648v2/install/turtlesim_plus_interfaces/include/turtlesim_plus_interfaces/turtlesim_plus_interfaces/srv/detail/give_position__traits.hpp
[2.917s] -- Up-to-date: /home/lworakan/Documents/GitHub/FRA502-LAB-6648v2/install/turtlesim_plus_interfaces/include/turtlesim_plus_interfaces/turtlesim_plus_interfaces
[2.917s] -- Up-to-date: /home/lworakan/Documents/GitHub/FRA502-LAB-6648v2/install/turtlesim_plus_interfaces/include/turtlesim_plus_interfaces/turtlesim_plus_interfaces/msg
[2.917s] -- Installing: /home/lworakan/Documents/GitHub/FRA502-LAB-6648v2/install/turtlesim_plus_interfaces/include/turtlesim_plus_interfaces/turtlesim_plus_interfaces/msg/rosidl_typesupport_fastrtps_cpp__visibility_control.h
[2.917s] -- Up-to-date: /home/lworakan/Documents/GitHub/FRA502-LAB-6648v2/install/turtlesim_plus_interfaces/include/turtlesim_plus_interfaces/turtlesim_plus_interfaces/msg/detail
[2.917s] -- Installing: /home/lworakan/Documents/GitHub/FRA502-LAB-6648v2/install/turtlesim_plus_interfaces/include/turtlesim_plus_interfaces/turtlesim_plus_interfaces/msg/detail/scanner_data__rosidl_typesupport_fastrtps_cpp.hpp
[2.917s] -- Installing: /home/lworakan/Documents/GitHub/FRA502-LAB-6648v2/install/turtlesim_plus_interfaces/include/turtlesim_plus_interfaces/turtlesim_plus_interfaces/msg/detail/dds_fastrtps
[2.917s] -- Installing: /home/lworakan/Documents/GitHub/FRA502-LAB-6648v2/install/turtlesim_plus_interfaces/include/turtlesim_plus_interfaces/turtlesim_plus_interfaces/msg/detail/scanner_data_array__rosidl_typesupport_fastrtps_cpp.hpp
[2.917s] -- Up-to-date: /home/lworakan/Documents/GitHub/FRA502-LAB-6648v2/install/turtlesim_plus_interfaces/include/turtlesim_plus_interfaces/turtlesim_plus_interfaces/action
[2.917s] -- Up-to-date: /home/lworakan/Documents/GitHub/FRA502-LAB-6648v2/install/turtlesim_plus_interfaces/include/turtlesim_plus_interfaces/turtlesim_plus_interfaces/action/detail
[2.917s] -- Installing: /home/lworakan/Documents/GitHub/FRA502-LAB-6648v2/install/turtlesim_plus_interfaces/include/turtlesim_plus_interfaces/turtlesim_plus_interfaces/action/detail/dds_fastrtps
[2.917s] -- Installing: /home/lworakan/Documents/GitHub/FRA502-LAB-6648v2/install/turtlesim_plus_interfaces/include/turtlesim_plus_interfaces/turtlesim_plus_interfaces/action/detail/get_data__rosidl_typesupport_fastrtps_cpp.hpp
[2.917s] -- Up-to-date: /home/lworakan/Documents/GitHub/FRA502-LAB-6648v2/install/turtlesim_plus_interfaces/include/turtlesim_plus_interfaces/turtlesim_plus_interfaces/srv
[2.917s] -- Up-to-date: /home/lworakan/Documents/GitHub/FRA502-LAB-6648v2/install/turtlesim_plus_interfaces/include/turtlesim_plus_interfaces/turtlesim_plus_interfaces/srv/detail
[2.917s] -- Installing: /home/lworakan/Documents/GitHub/FRA502-LAB-6648v2/install/turtlesim_plus_interfaces/include/turtlesim_plus_interfaces/turtlesim_plus_interfaces/srv/detail/give_position__rosidl_typesupport_fastrtps_cpp.hpp
[2.917s] -- Installing: /home/lworakan/Documents/GitHub/FRA502-LAB-6648v2/install/turtlesim_plus_interfaces/include/turtlesim_plus_interfaces/turtlesim_plus_interfaces/srv/detail/dds_fastrtps
[2.918s] -- Installing: /home/lworakan/Documents/GitHub/FRA502-LAB-6648v2/install/turtlesim_plus_interfaces/lib/libturtlesim_plus_interfaces__rosidl_typesupport_fastrtps_cpp.so
[2.918s] -- Set runtime path of "/home/lworakan/Documents/GitHub/FRA502-LAB-6648v2/install/turtlesim_plus_interfaces/lib/libturtlesim_plus_interfaces__rosidl_typesupport_fastrtps_cpp.so" to ""
[2.918s] -- Up-to-date: /home/lworakan/Documents/GitHub/FRA502-LAB-6648v2/install/turtlesim_plus_interfaces/include/turtlesim_plus_interfaces/turtlesim_plus_interfaces
[2.918s] -- Up-to-date: /home/lworakan/Documents/GitHub/FRA502-LAB-6648v2/install/turtlesim_plus_interfaces/include/turtlesim_plus_interfaces/turtlesim_plus_interfaces/msg
[2.918s] -- Up-to-date: /home/lworakan/Documents/GitHub/FRA502-LAB-6648v2/install/turtlesim_plus_interfaces/include/turtlesim_plus_interfaces/turtlesim_plus_interfaces/msg/detail
[2.918s] -- Installing: /home/lworakan/Documents/GitHub/FRA502-LAB-6648v2/install/turtlesim_plus_interfaces/include/turtlesim_plus_interfaces/turtlesim_plus_interfaces/msg/detail/scanner_data_array__rosidl_typesupport_introspection_cpp.hpp
[2.918s] -- Installing: /home/lworakan/Documents/GitHub/FRA502-LAB-6648v2/install/turtlesim_plus_interfaces/include/turtlesim_plus_interfaces/turtlesim_plus_interfaces/msg/detail/scanner_data__rosidl_typesupport_introspection_cpp.hpp
[2.918s] -- Installing: /home/lworakan/Documents/GitHub/FRA502-LAB-6648v2/install/turtlesim_plus_interfaces/include/turtlesim_plus_interfaces/turtlesim_plus_interfaces/msg/detail/scanner_data__type_support.cpp
[2.918s] -- Installing: /home/lworakan/Documents/GitHub/FRA502-LAB-6648v2/install/turtlesim_plus_interfaces/include/turtlesim_plus_interfaces/turtlesim_plus_interfaces/msg/detail/scanner_data_array__type_support.cpp
[2.918s] -- Up-to-date: /home/lworakan/Documents/GitHub/FRA502-LAB-6648v2/install/turtlesim_plus_interfaces/include/turtlesim_plus_interfaces/turtlesim_plus_interfaces/action
[2.918s] -- Up-to-date: /home/lworakan/Documents/GitHub/FRA502-LAB-6648v2/install/turtlesim_plus_interfaces/include/turtlesim_plus_interfaces/turtlesim_plus_interfaces/action/detail
[2.918s] -- Installing: /home/lworakan/Documents/GitHub/FRA502-LAB-6648v2/install/turtlesim_plus_interfaces/include/turtlesim_plus_interfaces/turtlesim_plus_interfaces/action/detail/get_data__rosidl_typesupport_introspection_cpp.hpp
[2.918s] -- Installing: /home/lworakan/Documents/GitHub/FRA502-LAB-6648v2/install/turtlesim_plus_interfaces/include/turtlesim_plus_interfaces/turtlesim_plus_interfaces/action/detail/get_data__type_support.cpp
[2.918s] -- Up-to-date: /home/lworakan/Documents/GitHub/FRA502-LAB-6648v2/install/turtlesim_plus_interfaces/include/turtlesim_plus_interfaces/turtlesim_plus_interfaces/srv
[2.918s] -- Up-to-date: /home/lworakan/Documents/GitHub/FRA502-LAB-6648v2/install/turtlesim_plus_interfaces/include/turtlesim_plus_interfaces/turtlesim_plus_interfaces/srv/detail
[2.918s] -- Installing: /home/lworakan/Documents/GitHub/FRA502-LAB-6648v2/install/turtlesim_plus_interfaces/include/turtlesim_plus_interfaces/turtlesim_plus_interfaces/srv/detail/give_position__type_support.cpp
[2.918s] -- Installing: /home/lworakan/Documents/GitHub/FRA502-LAB-6648v2/install/turtlesim_plus_interfaces/include/turtlesim_plus_interfaces/turtlesim_plus_interfaces/srv/detail/give_position__rosidl_typesupport_introspection_cpp.hpp
[2.918s] -- Installing: /home/lworakan/Documents/GitHub/FRA502-LAB-6648v2/install/turtlesim_plus_interfaces/lib/libturtlesim_plus_interfaces__rosidl_typesupport_introspection_cpp.so
[2.918s] -- Set runtime path of "/home/lworakan/Documents/GitHub/FRA502-LAB-6648v2/install/turtlesim_plus_interfaces/lib/libturtlesim_plus_interfaces__rosidl_typesupport_introspection_cpp.so" to ""
[2.918s] -- Installing: /home/lworakan/Documents/GitHub/FRA502-LAB-6648v2/install/turtlesim_plus_interfaces/lib/libturtlesim_plus_interfaces__rosidl_typesupport_cpp.so
[2.918s] -- Set runtime path of "/home/lworakan/Documents/GitHub/FRA502-LAB-6648v2/install/turtlesim_plus_interfaces/lib/libturtlesim_plus_interfaces__rosidl_typesupport_cpp.so" to ""
[2.918s] -- Installing: /home/lworakan/Documents/GitHub/FRA502-LAB-6648v2/install/turtlesim_plus_interfaces/share/turtlesim_plus_interfaces/environment/pythonpath.sh
[2.918s] -- Installing: /home/lworakan/Documents/GitHub/FRA502-LAB-6648v2/install/turtlesim_plus_interfaces/share/turtlesim_plus_interfaces/environment/pythonpath.dsv
[2.918s] -- Installing: /home/lworakan/Documents/GitHub/FRA502-LAB-6648v2/install/turtlesim_plus_interfaces/local/lib/python3.10/dist-packages/turtlesim_plus_interfaces-0.0.0-py3.10.egg-info
[2.918s] -- Installing: /home/lworakan/Documents/GitHub/FRA502-LAB-6648v2/install/turtlesim_plus_interfaces/local/lib/python3.10/dist-packages/turtlesim_plus_interfaces-0.0.0-py3.10.egg-info/SOURCES.txt
[2.918s] -- Installing: /home/lworakan/Documents/GitHub/FRA502-LAB-6648v2/install/turtlesim_plus_interfaces/local/lib/python3.10/dist-packages/turtlesim_plus_interfaces-0.0.0-py3.10.egg-info/top_level.txt
[2.918s] -- Installing: /home/lworakan/Documents/GitHub/FRA502-LAB-6648v2/install/turtlesim_plus_interfaces/local/lib/python3.10/dist-packages/turtlesim_plus_interfaces-0.0.0-py3.10.egg-info/PKG-INFO
[2.918s] -- Installing: /home/lworakan/Documents/GitHub/FRA502-LAB-6648v2/install/turtlesim_plus_interfaces/local/lib/python3.10/dist-packages/turtlesim_plus_interfaces-0.0.0-py3.10.egg-info/dependency_links.txt
[2.918s] -- Installing: /home/lworakan/Documents/GitHub/FRA502-LAB-6648v2/install/turtlesim_plus_interfaces/local/lib/python3.10/dist-packages/turtlesim_plus_interfaces
[2.918s] -- Installing: /home/lworakan/Documents/GitHub/FRA502-LAB-6648v2/install/turtlesim_plus_interfaces/local/lib/python3.10/dist-packages/turtlesim_plus_interfaces/_turtlesim_plus_interfaces_s.ep.rosidl_typesupport_fastrtps_c.c
[2.918s] -- Installing: /home/lworakan/Documents/GitHub/FRA502-LAB-6648v2/install/turtlesim_plus_interfaces/local/lib/python3.10/dist-packages/turtlesim_plus_interfaces/turtlesim_plus_interfaces_s__rosidl_typesupport_fastrtps_c.cpython-310-x86_64-linux-gnu.so
[2.918s] -- Installing: /home/lworakan/Documents/GitHub/FRA502-LAB-6648v2/install/turtlesim_plus_interfaces/local/lib/python3.10/dist-packages/turtlesim_plus_interfaces/libturtlesim_plus_interfaces__rosidl_generator_py.so
[2.918s] -- Installing: /home/lworakan/Documents/GitHub/FRA502-LAB-6648v2/install/turtlesim_plus_interfaces/local/lib/python3.10/dist-packages/turtlesim_plus_interfaces/msg
[2.918s] -- Installing: /home/lworakan/Documents/GitHub/FRA502-LAB-6648v2/install/turtlesim_plus_interfaces/local/lib/python3.10/dist-packages/turtlesim_plus_interfaces/msg/_scanner_data_array_s.c
[2.918s] -- Installing: /home/lworakan/Documents/GitHub/FRA502-LAB-6648v2/install/turtlesim_plus_interfaces/local/lib/python3.10/dist-packages/turtlesim_plus_interfaces/msg/_scanner_data_s.c
[2.918s] -- Installing: /home/lworakan/Documents/GitHub/FRA502-LAB-6648v2/install/turtlesim_plus_interfaces/local/lib/python3.10/dist-packages/turtlesim_plus_interfaces/msg/_scanner_data.py
[2.918s] -- Installing: /home/lworakan/Documents/GitHub/FRA502-LAB-6648v2/install/turtlesim_plus_interfaces/local/lib/python3.10/dist-packages/turtlesim_plus_interfaces/msg/_scanner_data_array.py
[2.918s] -- Installing: /home/lworakan/Documents/GitHub/FRA502-LAB-6648v2/install/turtlesim_plus_interfaces/local/lib/python3.10/dist-packages/turtlesim_plus_interfaces/msg/__init__.py
[2.918s] -- Installing: /home/lworakan/Documents/GitHub/FRA502-LAB-6648v2/install/turtlesim_plus_interfaces/local/lib/python3.10/dist-packages/turtlesim_plus_interfaces/_turtlesim_plus_interfaces_s.ep.rosidl_typesupport_introspection_c.c
[2.918s] -- Installing: /home/lworakan/Documents/GitHub/FRA502-LAB-6648v2/install/turtlesim_plus_interfaces/local/lib/python3.10/dist-packages/turtlesim_plus_interfaces/action
[2.919s] -- Installing: /home/lworakan/Documents/GitHub/FRA502-LAB-6648v2/install/turtlesim_plus_interfaces/local/lib/python3.10/dist-packages/turtlesim_plus_interfaces/action/_get_data_s.c
[2.919s] -- Installing: /home/lworakan/Documents/GitHub/FRA502-LAB-6648v2/install/turtlesim_plus_interfaces/local/lib/python3.10/dist-packages/turtlesim_plus_interfaces/action/_get_data.py
[2.919s] -- Installing: /home/lworakan/Documents/GitHub/FRA502-LAB-6648v2/install/turtlesim_plus_interfaces/local/lib/python3.10/dist-packages/turtlesim_plus_interfaces/action/__init__.py
[2.919s] -- Installing: /home/lworakan/Documents/GitHub/FRA502-LAB-6648v2/install/turtlesim_plus_interfaces/local/lib/python3.10/dist-packages/turtlesim_plus_interfaces/turtlesim_plus_interfaces_s__rosidl_typesupport_introspection_c.cpython-310-x86_64-linux-gnu.so
[2.919s] -- Installing: /home/lworakan/Documents/GitHub/FRA502-LAB-6648v2/install/turtlesim_plus_interfaces/local/lib/python3.10/dist-packages/turtlesim_plus_interfaces/srv
[2.919s] -- Installing: /home/lworakan/Documents/GitHub/FRA502-LAB-6648v2/install/turtlesim_plus_interfaces/local/lib/python3.10/dist-packages/turtlesim_plus_interfaces/srv/_give_position.py
[2.919s] -- Installing: /home/lworakan/Documents/GitHub/FRA502-LAB-6648v2/install/turtlesim_plus_interfaces/local/lib/python3.10/dist-packages/turtlesim_plus_interfaces/srv/_give_position_s.c
[2.919s] -- Installing: /home/lworakan/Documents/GitHub/FRA502-LAB-6648v2/install/turtlesim_plus_interfaces/local/lib/python3.10/dist-packages/turtlesim_plus_interfaces/srv/__init__.py
[2.919s] -- Installing: /home/lworakan/Documents/GitHub/FRA502-LAB-6648v2/install/turtlesim_plus_interfaces/local/lib/python3.10/dist-packages/turtlesim_plus_interfaces/turtlesim_plus_interfaces_s__rosidl_typesupport_c.cpython-310-x86_64-linux-gnu.so
[2.919s] -- Installing: /home/lworakan/Documents/GitHub/FRA502-LAB-6648v2/install/turtlesim_plus_interfaces/local/lib/python3.10/dist-packages/turtlesim_plus_interfaces/_turtlesim_plus_interfaces_s.ep.rosidl_typesupport_c.c
[2.919s] -- Installing: /home/lworakan/Documents/GitHub/FRA502-LAB-6648v2/install/turtlesim_plus_interfaces/local/lib/python3.10/dist-packages/turtlesim_plus_interfaces/__init__.py
[2.943s] Listing '/home/lworakan/Documents/GitHub/FRA502-LAB-6648v2/install/turtlesim_plus_interfaces/local/lib/python3.10/dist-packages/turtlesim_plus_interfaces'...
[2.943s] Compiling '/home/lworakan/Documents/GitHub/FRA502-LAB-6648v2/install/turtlesim_plus_interfaces/local/lib/python3.10/dist-packages/turtlesim_plus_interfaces/__init__.py'...
[2.943s] Listing '/home/lworakan/Documents/GitHub/FRA502-LAB-6648v2/install/turtlesim_plus_interfaces/local/lib/python3.10/dist-packages/turtlesim_plus_interfaces/action'...
[2.943s] Compiling '/home/lworakan/Documents/GitHub/FRA502-LAB-6648v2/install/turtlesim_plus_interfaces/local/lib/python3.10/dist-packages/turtlesim_plus_interfaces/action/__init__.py'...
[2.943s] Compiling '/home/lworakan/Documents/GitHub/FRA502-LAB-6648v2/install/turtlesim_plus_interfaces/local/lib/python3.10/dist-packages/turtlesim_plus_interfaces/action/_get_data.py'...
[2.943s] Listing '/home/lworakan/Documents/GitHub/FRA502-LAB-6648v2/install/turtlesim_plus_interfaces/local/lib/python3.10/dist-packages/turtlesim_plus_interfaces/msg'...
[2.943s] Compiling '/home/lworakan/Documents/GitHub/FRA502-LAB-6648v2/install/turtlesim_plus_interfaces/local/lib/python3.10/dist-packages/turtlesim_plus_interfaces/msg/__init__.py'...
[2.943s] Compiling '/home/lworakan/Documents/GitHub/FRA502-LAB-6648v2/install/turtlesim_plus_interfaces/local/lib/python3.10/dist-packages/turtlesim_plus_interfaces/msg/_scanner_data.py'...
[2.943s] Compiling '/home/lworakan/Documents/GitHub/FRA502-LAB-6648v2/install/turtlesim_plus_interfaces/local/lib/python3.10/dist-packages/turtlesim_plus_interfaces/msg/_scanner_data_array.py'...
[2.943s] Listing '/home/lworakan/Documents/GitHub/FRA502-LAB-6648v2/install/turtlesim_plus_interfaces/local/lib/python3.10/dist-packages/turtlesim_plus_interfaces/srv'...
[2.943s] Compiling '/home/lworakan/Documents/GitHub/FRA502-LAB-6648v2/install/turtlesim_plus_interfaces/local/lib/python3.10/dist-packages/turtlesim_plus_interfaces/srv/__init__.py'...
[2.943s] Compiling '/home/lworakan/Documents/GitHub/FRA502-LAB-6648v2/install/turtlesim_plus_interfaces/local/lib/python3.10/dist-packages/turtlesim_plus_interfaces/srv/_give_position.py'...
[2.945s] -- Installing: /home/lworakan/Documents/GitHub/FRA502-LAB-6648v2/install/turtlesim_plus_interfaces/local/lib/python3.10/dist-packages/turtlesim_plus_interfaces/turtlesim_plus_interfaces_s__rosidl_typesupport_fastrtps_c.cpython-310-x86_64-linux-gnu.so
[2.946s] -- Set runtime path of "/home/lworakan/Documents/GitHub/FRA502-LAB-6648v2/install/turtlesim_plus_interfaces/local/lib/python3.10/dist-packages/turtlesim_plus_interfaces/turtlesim_plus_interfaces_s__rosidl_typesupport_fastrtps_c.cpython-310-x86_64-linux-gnu.so" to ""
[2.946s] -- Installing: /home/lworakan/Documents/GitHub/FRA502-LAB-6648v2/install/turtlesim_plus_interfaces/local/lib/python3.10/dist-packages/turtlesim_plus_interfaces/turtlesim_plus_interfaces_s__rosidl_typesupport_introspection_c.cpython-310-x86_64-linux-gnu.so
[2.946s] -- Set runtime path of "/home/lworakan/Documents/GitHub/FRA502-LAB-6648v2/install/turtlesim_plus_interfaces/local/lib/python3.10/dist-packages/turtlesim_plus_interfaces/turtlesim_plus_interfaces_s__rosidl_typesupport_introspection_c.cpython-310-x86_64-linux-gnu.so" to ""
[2.946s] -- Installing: /home/lworakan/Documents/GitHub/FRA502-LAB-6648v2/install/turtlesim_plus_interfaces/local/lib/python3.10/dist-packages/turtlesim_plus_interfaces/turtlesim_plus_interfaces_s__rosidl_typesupport_c.cpython-310-x86_64-linux-gnu.so
[2.946s] -- Set runtime path of "/home/lworakan/Documents/GitHub/FRA502-LAB-6648v2/install/turtlesim_plus_interfaces/local/lib/python3.10/dist-packages/turtlesim_plus_interfaces/turtlesim_plus_interfaces_s__rosidl_typesupport_c.cpython-310-x86_64-linux-gnu.so" to ""
[2.946s] -- Installing: /home/lworakan/Documents/GitHub/FRA502-LAB-6648v2/install/turtlesim_plus_interfaces/lib/libturtlesim_plus_interfaces__rosidl_generator_py.so
[2.946s] -- Set runtime path of "/home/lworakan/Documents/GitHub/FRA502-LAB-6648v2/install/turtlesim_plus_interfaces/lib/libturtlesim_plus_interfaces__rosidl_generator_py.so" to ""
[2.946s] -- Installing: /home/lworakan/Documents/GitHub/FRA502-LAB-6648v2/install/turtlesim_plus_interfaces/share/turtlesim_plus_interfaces/msg/ScannerData.idl
[2.946s] -- Installing: /home/lworakan/Documents/GitHub/FRA502-LAB-6648v2/install/turtlesim_plus_interfaces/share/turtlesim_plus_interfaces/msg/ScannerDataArray.idl
[2.946s] -- Installing: /home/lworakan/Documents/GitHub/FRA502-LAB-6648v2/install/turtlesim_plus_interfaces/share/turtlesim_plus_interfaces/srv/GivePosition.idl
[2.946s] -- Installing: /home/lworakan/Documents/GitHub/FRA502-LAB-6648v2/install/turtlesim_plus_interfaces/share/turtlesim_plus_interfaces/action/GetData.idl
[2.946s] -- Installing: /home/lworakan/Documents/GitHub/FRA502-LAB-6648v2/install/turtlesim_plus_interfaces/share/turtlesim_plus_interfaces/msg/ScannerData.msg
[2.946s] -- Installing: /home/lworakan/Documents/GitHub/FRA502-LAB-6648v2/install/turtlesim_plus_interfaces/share/turtlesim_plus_interfaces/msg/ScannerDataArray.msg
[2.947s] -- Installing: /home/lworakan/Documents/GitHub/FRA502-LAB-6648v2/install/turtlesim_plus_interfaces/share/turtlesim_plus_interfaces/srv/GivePosition.srv
[2.947s] -- Installing: /home/lworakan/Documents/GitHub/FRA502-LAB-6648v2/install/turtlesim_plus_interfaces/share/turtlesim_plus_interfaces/srv/GivePosition_Request.msg
[2.947s] -- Installing: /home/lworakan/Documents/GitHub/FRA502-LAB-6648v2/install/turtlesim_plus_interfaces/share/turtlesim_plus_interfaces/srv/GivePosition_Response.msg
[2.947s] -- Installing: /home/lworakan/Documents/GitHub/FRA502-LAB-6648v2/install/turtlesim_plus_interfaces/share/turtlesim_plus_interfaces/action/GetData.action
[2.947s] -- Installing: /home/lworakan/Documents/GitHub/FRA502-LAB-6648v2/install/turtlesim_plus_interfaces/share/ament_index/resource_index/package_run_dependencies/turtlesim_plus_interfaces
[2.947s] -- Installing: /home/lworakan/Documents/GitHub/FRA502-LAB-6648v2/install/turtlesim_plus_interfaces/share/ament_index/resource_index/parent_prefix_path/turtlesim_plus_interfaces
[2.947s] -- Installing: /home/lworakan/Documents/GitHub/FRA502-LAB-6648v2/install/turtlesim_plus_interfaces/share/turtlesim_plus_interfaces/environment/ament_prefix_path.sh
[2.947s] -- Installing: /home/lworakan/Documents/GitHub/FRA502-LAB-6648v2/install/turtlesim_plus_interfaces/share/turtlesim_plus_interfaces/environment/ament_prefix_path.dsv
[2.947s] -- Installing: /home/lworakan/Documents/GitHub/FRA502-LAB-6648v2/install/turtlesim_plus_interfaces/share/turtlesim_plus_interfaces/environment/path.sh
[2.947s] -- Installing: /home/lworakan/Documents/GitHub/FRA502-LAB-6648v2/install/turtlesim_plus_interfaces/share/turtlesim_plus_interfaces/environment/path.dsv
[2.947s] -- Installing: /home/lworakan/Documents/GitHub/FRA502-LAB-6648v2/install/turtlesim_plus_interfaces/share/turtlesim_plus_interfaces/local_setup.bash
[2.947s] -- Installing: /home/lworakan/Documents/GitHub/FRA502-LAB-6648v2/install/turtlesim_plus_interfaces/share/turtlesim_plus_interfaces/local_setup.sh
[2.947s] -- Installing: /home/lworakan/Documents/GitHub/FRA502-LAB-6648v2/install/turtlesim_plus_interfaces/share/turtlesim_plus_interfaces/local_setup.zsh
[2.947s] -- Installing: /home/lworakan/Documents/GitHub/FRA502-LAB-6648v2/install/turtlesim_plus_interfaces/share/turtlesim_plus_interfaces/local_setup.dsv
[2.947s] -- Installing: /home/lworakan/Documents/GitHub/FRA502-LAB-6648v2/install/turtlesim_plus_interfaces/share/turtlesim_plus_interfaces/package.dsv
[2.947s] -- Installing: /home/lworakan/Documents/GitHub/FRA502-LAB-6648v2/install/turtlesim_plus_interfaces/share/ament_index/resource_index/packages/turtlesim_plus_interfaces
[2.947s] -- Installing: /home/lworakan/Documents/GitHub/FRA502-LAB-6648v2/install/turtlesim_plus_interfaces/share/turtlesim_plus_interfaces/cmake/export_turtlesim_plus_interfaces__rosidl_generator_cExport.cmake
[2.947s] -- Installing: /home/lworakan/Documents/GitHub/FRA502-LAB-6648v2/install/turtlesim_plus_interfaces/share/turtlesim_plus_interfaces/cmake/export_turtlesim_plus_interfaces__rosidl_generator_cExport-noconfig.cmake
[2.947s] -- Installing: /home/lworakan/Documents/GitHub/FRA502-LAB-6648v2/install/turtlesim_plus_interfaces/share/turtlesim_plus_interfaces/cmake/export_turtlesim_plus_interfaces__rosidl_typesupport_fastrtps_cExport.cmake
[2.947s] -- Installing: /home/lworakan/Documents/GitHub/FRA502-LAB-6648v2/install/turtlesim_plus_interfaces/share/turtlesim_plus_interfaces/cmake/export_turtlesim_plus_interfaces__rosidl_typesupport_fastrtps_cExport-noconfig.cmake
[2.947s] -- Installing: /home/lworakan/Documents/GitHub/FRA502-LAB-6648v2/install/turtlesim_plus_interfaces/share/turtlesim_plus_interfaces/cmake/turtlesim_plus_interfaces__rosidl_typesupport_introspection_cExport.cmake
[2.947s] -- Installing: /home/lworakan/Documents/GitHub/FRA502-LAB-6648v2/install/turtlesim_plus_interfaces/share/turtlesim_plus_interfaces/cmake/turtlesim_plus_interfaces__rosidl_typesupport_introspection_cExport-noconfig.cmake
[2.947s] -- Installing: /home/lworakan/Documents/GitHub/FRA502-LAB-6648v2/install/turtlesim_plus_interfaces/share/turtlesim_plus_interfaces/cmake/turtlesim_plus_interfaces__rosidl_typesupport_cExport.cmake
[2.947s] -- Installing: /home/lworakan/Documents/GitHub/FRA502-LAB-6648v2/install/turtlesim_plus_interfaces/share/turtlesim_plus_interfaces/cmake/turtlesim_plus_interfaces__rosidl_typesupport_cExport-noconfig.cmake
[2.947s] -- Installing: /home/lworakan/Documents/GitHub/FRA502-LAB-6648v2/install/turtlesim_plus_interfaces/share/turtlesim_plus_interfaces/cmake/export_turtlesim_plus_interfaces__rosidl_generator_cppExport.cmake
[2.947s] -- Installing: /home/lworakan/Documents/GitHub/FRA502-LAB-6648v2/install/turtlesim_plus_interfaces/share/turtlesim_plus_interfaces/cmake/export_turtlesim_plus_interfaces__rosidl_typesupport_fastrtps_cppExport.cmake
[2.947s] -- Installing: /home/lworakan/Documents/GitHub/FRA502-LAB-6648v2/install/turtlesim_plus_interfaces/share/turtlesim_plus_interfaces/cmake/export_turtlesim_plus_interfaces__rosidl_typesupport_fastrtps_cppExport-noconfig.cmake
[2.947s] -- Installing: /home/lworakan/Documents/GitHub/FRA502-LAB-6648v2/install/turtlesim_plus_interfaces/share/turtlesim_plus_interfaces/cmake/turtlesim_plus_interfaces__rosidl_typesupport_introspection_cppExport.cmake
[2.948s] -- Installing: /home/lworakan/Documents/GitHub/FRA502-LAB-6648v2/install/turtlesim_plus_interfaces/share/turtlesim_plus_interfaces/cmake/turtlesim_plus_interfaces__rosidl_typesupport_introspection_cppExport-noconfig.cmake
[2.948s] -- Installing: /home/lworakan/Documents/GitHub/FRA502-LAB-6648v2/install/turtlesim_plus_interfaces/share/turtlesim_plus_interfaces/cmake/turtlesim_plus_interfaces__rosidl_typesupport_cppExport.cmake
[2.948s] -- Installing: /home/lworakan/Documents/GitHub/FRA502-LAB-6648v2/install/turtlesim_plus_interfaces/share/turtlesim_plus_interfaces/cmake/turtlesim_plus_interfaces__rosidl_typesupport_cppExport-noconfig.cmake
[2.948s] -- Installing: /home/lworakan/Documents/GitHub/FRA502-LAB-6648v2/install/turtlesim_plus_interfaces/share/turtlesim_plus_interfaces/cmake/export_turtlesim_plus_interfaces__rosidl_generator_pyExport.cmake
[2.948s] -- Installing: /home/lworakan/Documents/GitHub/FRA502-LAB-6648v2/install/turtlesim_plus_interfaces/share/turtlesim_plus_interfaces/cmake/export_turtlesim_plus_interfaces__rosidl_generator_pyExport-noconfig.cmake
[2.948s] -- Installing: /home/lworakan/Documents/GitHub/FRA502-LAB-6648v2/install/turtlesim_plus_interfaces/share/turtlesim_plus_interfaces/cmake/rosidl_cmake-extras.cmake
[2.948s] -- Installing: /home/lworakan/Documents/GitHub/FRA502-LAB-6648v2/install/turtlesim_plus_interfaces/share/turtlesim_plus_interfaces/cmake/ament_cmake_export_dependencies-extras.cmake
[2.948s] -- Installing: /home/lworakan/Documents/GitHub/FRA502-LAB-6648v2/install/turtlesim_plus_interfaces/share/turtlesim_plus_interfaces/cmake/ament_cmake_export_include_directories-extras.cmake
[2.948s] -- Installing: /home/lworakan/Documents/GitHub/FRA502-LAB-6648v2/install/turtlesim_plus_interfaces/share/turtlesim_plus_interfaces/cmake/ament_cmake_export_libraries-extras.cmake
[2.948s] -- Installing: /home/lworakan/Documents/GitHub/FRA502-LAB-6648v2/install/turtlesim_plus_interfaces/share/turtlesim_plus_interfaces/cmake/ament_cmake_export_targets-extras.cmake
[2.948s] -- Installing: /home/lworakan/Documents/GitHub/FRA502-LAB-6648v2/install/turtlesim_plus_interfaces/share/turtlesim_plus_interfaces/cmake/rosidl_cmake_export_typesupport_targets-extras.cmake
[2.948s] -- Installing: /home/lworakan/Documents/GitHub/FRA502-LAB-6648v2/install/turtlesim_plus_interfaces/share/turtlesim_plus_interfaces/cmake/rosidl_cmake_export_typesupport_libraries-extras.cmake
[2.948s] -- Installing: /home/lworakan/Documents/GitHub/FRA502-LAB-6648v2/install/turtlesim_plus_interfaces/share/turtlesim_plus_interfaces/cmake/turtlesim_plus_interfacesConfig.cmake
[2.948s] -- Installing: /home/lworakan/Documents/GitHub/FRA502-LAB-6648v2/install/turtlesim_plus_interfaces/share/turtlesim_plus_interfaces/cmake/turtlesim_plus_interfacesConfig-version.cmake
[2.948s] -- Installing: /home/lworakan/Documents/GitHub/FRA502-LAB-6648v2/install/turtlesim_plus_interfaces/share/turtlesim_plus_interfaces/package.xml
[2.950s] Invoked command in '/home/lworakan/Documents/GitHub/FRA502-LAB-6648v2/build/turtlesim_plus_interfaces' returned '0': CMAKE_PREFIX_PATH=${CMAKE_PREFIX_PATH}:/opt/ros/humble /usr/bin/cmake --install /home/lworakan/Documents/GitHub/FRA502-LAB-6648v2/build/turtlesim_plus_interfaces
