[0.055s] DEBUG:colcon:Command line arguments: ['/usr/bin/colcon', 'build']
[0.055s] DEBUG:colcon:Parsed command line arguments: Namespace(log_base=None, log_level=None, verb_name='build', build_base='build', install_base='install', merge_install=False, symlink_install=False, test_result_base=None, continue_on_error=False, executor='parallel', parallel_workers=32, event_handlers=None, ignore_user_meta=False, metas=['./colcon.meta'], base_paths=['.'], packages_ignore=None, packages_ignore_regex=None, paths=None, packages_up_to=None, packages_up_to_regex=None, packages_above=None, packages_above_and_dependencies=None, packages_above_depth=None, packages_select_by_dep=None, packages_skip_by_dep=None, packages_skip_up_to=None, packages_select_build_failed=False, packages_skip_build_finished=False, packages_select_test_failures=False, packages_skip_test_passed=False, packages_select=None, packages_skip=None, packages_select_regex=None, packages_skip_regex=None, packages_start=None, packages_end=None, allow_overriding=[], cmake_args=None, cmake_target=None, cmake_target_skip_unavailable=False, cmake_clean_cache=False, cmake_clean_first=False, cmake_force_configure=False, ament_cmake_args=None, catkin_cmake_args=None, catkin_skip_building_tests=False, mixin_files=None, mixin=None, verb_parser=<colcon_mixin.mixin.mixin_argument.MixinArgumentDecorator object at 0x77517d99e860>, verb_extension=<colcon_core.verb.build.BuildVerb object at 0x77517d99e1d0>, main=<bound method BuildVerb.main of <colcon_core.verb.build.BuildVerb object at 0x77517d99e1d0>>, mixin_verb=('build',))
[0.075s] Level 1:colcon.colcon_core.package_discovery:discover_packages(colcon_meta) check parameters
[0.075s] Level 1:colcon.colcon_core.package_discovery:discover_packages(recursive) check parameters
[0.075s] Level 1:colcon.colcon_core.package_discovery:discover_packages(ignore) check parameters
[0.075s] Level 1:colcon.colcon_core.package_discovery:discover_packages(path) check parameters
[0.075s] Level 1:colcon.colcon_core.package_discovery:discover_packages(colcon_meta) discover
[0.075s] Level 1:colcon.colcon_core.package_discovery:discover_packages(recursive) discover
[0.075s] INFO:colcon.colcon_core.package_discovery:Crawling recursively for packages in '/home/lworakan/Documents/GitHub/FRA502-LAB-6648v2'
[0.075s] Level 1:colcon.colcon_core.package_identification:_identify(.) by extensions ['ignore', 'ignore_ament_install']
[0.075s] Level 1:colcon.colcon_core.package_identification:_identify(.) by extension 'ignore'
[0.075s] Level 1:colcon.colcon_core.package_identification:_identify(.) by extension 'ignore_ament_install'
[0.075s] Level 1:colcon.colcon_core.package_identification:_identify(.) by extensions ['colcon_pkg']
[0.075s] Level 1:colcon.colcon_core.package_identification:_identify(.) by extension 'colcon_pkg'
[0.075s] Level 1:colcon.colcon_core.package_identification:_identify(.) by extensions ['colcon_meta']
[0.075s] Level 1:colcon.colcon_core.package_identification:_identify(.) by extension 'colcon_meta'
[0.075s] Level 1:colcon.colcon_core.package_identification:_identify(.) by extensions ['ros']
[0.075s] Level 1:colcon.colcon_core.package_identification:_identify(.) by extension 'ros'
[0.083s] Level 1:colcon.colcon_core.package_identification:_identify(.) by extensions ['cmake', 'python']
[0.083s] Level 1:colcon.colcon_core.package_identification:_identify(.) by extension 'cmake'
[0.083s] Level 1:colcon.colcon_core.package_identification:_identify(.) by extension 'python'
[0.083s] Level 1:colcon.colcon_core.package_identification:_identify(.) by extensions ['python_setup_py']
[0.083s] Level 1:colcon.colcon_core.package_identification:_identify(.) by extension 'python_setup_py'
[0.083s] Level 1:colcon.colcon_core.package_identification:_identify(build) by extensions ['ignore', 'ignore_ament_install']
[0.083s] Level 1:colcon.colcon_core.package_identification:_identify(build) by extension 'ignore'
[0.083s] Level 1:colcon.colcon_core.package_identification:_identify(build) ignored
[0.083s] Level 1:colcon.colcon_core.package_identification:_identify(controller_interfaces) by extensions ['ignore', 'ignore_ament_install']
[0.083s] Level 1:colcon.colcon_core.package_identification:_identify(controller_interfaces) by extension 'ignore'
[0.083s] Level 1:colcon.colcon_core.package_identification:_identify(controller_interfaces) by extension 'ignore_ament_install'
[0.083s] Level 1:colcon.colcon_core.package_identification:_identify(controller_interfaces) by extensions ['colcon_pkg']
[0.083s] Level 1:colcon.colcon_core.package_identification:_identify(controller_interfaces) by extension 'colcon_pkg'
[0.083s] Level 1:colcon.colcon_core.package_identification:_identify(controller_interfaces) by extensions ['colcon_meta']
[0.083s] Level 1:colcon.colcon_core.package_identification:_identify(controller_interfaces) by extension 'colcon_meta'
[0.083s] Level 1:colcon.colcon_core.package_identification:_identify(controller_interfaces) by extensions ['ros']
[0.083s] Level 1:colcon.colcon_core.package_identification:_identify(controller_interfaces) by extension 'ros'
[0.084s] DEBUG:colcon.colcon_core.package_identification:Package 'controller_interfaces' with type 'ros.ament_cmake' and name 'controller_interfaces'
[0.085s] Level 1:colcon.colcon_core.package_identification:_identify(install) by extensions ['ignore', 'ignore_ament_install']
[0.085s] Level 1:colcon.colcon_core.package_identification:_identify(install) by extension 'ignore'
[0.085s] Level 1:colcon.colcon_core.package_identification:_identify(install) ignored
[0.085s] Level 1:colcon.colcon_core.package_identification:_identify(log) by extensions ['ignore', 'ignore_ament_install']
[0.085s] Level 1:colcon.colcon_core.package_identification:_identify(log) by extension 'ignore'
[0.085s] Level 1:colcon.colcon_core.package_identification:_identify(log) ignored
[0.085s] Level 1:colcon.colcon_core.package_identification:_identify(src) by extensions ['ignore', 'ignore_ament_install']
[0.085s] Level 1:colcon.colcon_core.package_identification:_identify(src) by extension 'ignore'
[0.085s] Level 1:colcon.colcon_core.package_identification:_identify(src) by extension 'ignore_ament_install'
[0.085s] Level 1:colcon.colcon_core.package_identification:_identify(src) by extensions ['colcon_pkg']
[0.085s] Level 1:colcon.colcon_core.package_identification:_identify(src) by extension 'colcon_pkg'
[0.085s] Level 1:colcon.colcon_core.package_identification:_identify(src) by extensions ['colcon_meta']
[0.085s] Level 1:colcon.colcon_core.package_identification:_identify(src) by extension 'colcon_meta'
[0.085s] Level 1:colcon.colcon_core.package_identification:_identify(src) by extensions ['ros']
[0.085s] Level 1:colcon.colcon_core.package_identification:_identify(src) by extension 'ros'
[0.085s] Level 1:colcon.colcon_core.package_identification:_identify(src) by extensions ['cmake', 'python']
[0.085s] Level 1:colcon.colcon_core.package_identification:_identify(src) by extension 'cmake'
[0.085s] Level 1:colcon.colcon_core.package_identification:_identify(src) by extension 'python'
[0.085s] Level 1:colcon.colcon_core.package_identification:_identify(src) by extensions ['python_setup_py']
[0.085s] Level 1:colcon.colcon_core.package_identification:_identify(src) by extension 'python_setup_py'
[0.085s] Level 1:colcon.colcon_core.package_identification:_identify(src/lab3) by extensions ['ignore', 'ignore_ament_install']
[0.085s] Level 1:colcon.colcon_core.package_identification:_identify(src/lab3) by extension 'ignore'
[0.085s] Level 1:colcon.colcon_core.package_identification:_identify(src/lab3) by extension 'ignore_ament_install'
[0.085s] Level 1:colcon.colcon_core.package_identification:_identify(src/lab3) by extensions ['colcon_pkg']
[0.085s] Level 1:colcon.colcon_core.package_identification:_identify(src/lab3) by extension 'colcon_pkg'
[0.085s] Level 1:colcon.colcon_core.package_identification:_identify(src/lab3) by extensions ['colcon_meta']
[0.085s] Level 1:colcon.colcon_core.package_identification:_identify(src/lab3) by extension 'colcon_meta'
[0.085s] Level 1:colcon.colcon_core.package_identification:_identify(src/lab3) by extensions ['ros']
[0.085s] Level 1:colcon.colcon_core.package_identification:_identify(src/lab3) by extension 'ros'
[0.085s] DEBUG:colcon.colcon_core.package_identification:Package 'src/lab3' with type 'ros.ament_cmake' and name 'lab3'
[0.086s] Level 1:colcon.colcon_core.package_discovery:discover_packages(recursive) using defaults
[0.086s] Level 1:colcon.colcon_core.package_discovery:discover_packages(ignore) discover
[0.086s] Level 1:colcon.colcon_core.package_discovery:discover_packages(ignore) using defaults
[0.086s] Level 1:colcon.colcon_core.package_discovery:discover_packages(path) discover
[0.086s] Level 1:colcon.colcon_core.package_discovery:discover_packages(path) using defaults
[0.096s] Level 1:colcon.colcon_core.package_discovery:discover_packages(prefix_path) check parameters
[0.096s] Level 1:colcon.colcon_core.package_discovery:discover_packages(prefix_path) discover
[0.097s] DEBUG:colcon.colcon_installed_package_information.package_discovery:Found 1 installed packages in /home/lworakan/Documents/GitHub/FRA502-LAB-6648v2/install
[0.097s] DEBUG:colcon.colcon_installed_package_information.package_discovery:Found 5 installed packages in /home/lworakan/Documents/GitHub/FRA502-LAB-Student6648/install
[0.098s] DEBUG:colcon.colcon_installed_package_information.package_discovery:Found 4 installed packages in /home/lworakan/Documents/GitHub/FRA502-LAB-Student6648/src/install
[0.098s] DEBUG:colcon.colcon_installed_package_information.package_discovery:Found 302 installed packages in /opt/ros/humble
[0.099s] Level 1:colcon.colcon_core.package_discovery:discover_packages(prefix_path) using defaults
[0.117s] Level 5:colcon.colcon_core.verb:set package 'controller_interfaces' build argument 'cmake_args' from command line to 'None'
[0.117s] Level 5:colcon.colcon_core.verb:set package 'controller_interfaces' build argument 'cmake_target' from command line to 'None'
[0.117s] Level 5:colcon.colcon_core.verb:set package 'controller_interfaces' build argument 'cmake_target_skip_unavailable' from command line to 'False'
[0.117s] Level 5:colcon.colcon_core.verb:set package 'controller_interfaces' build argument 'cmake_clean_cache' from command line to 'False'
[0.117s] Level 5:colcon.colcon_core.verb:set package 'controller_interfaces' build argument 'cmake_clean_first' from command line to 'False'
[0.117s] Level 5:colcon.colcon_core.verb:set package 'controller_interfaces' build argument 'cmake_force_configure' from command line to 'False'
[0.117s] Level 5:colcon.colcon_core.verb:set package 'controller_interfaces' build argument 'ament_cmake_args' from command line to 'None'
[0.117s] Level 5:colcon.colcon_core.verb:set package 'controller_interfaces' build argument 'catkin_cmake_args' from command line to 'None'
[0.117s] Level 5:colcon.colcon_core.verb:set package 'controller_interfaces' build argument 'catkin_skip_building_tests' from command line to 'False'
[0.117s] DEBUG:colcon.colcon_core.verb:Building package 'controller_interfaces' with the following arguments: {'ament_cmake_args': None, 'build_base': '/home/lworakan/Documents/GitHub/FRA502-LAB-6648v2/build/controller_interfaces', 'catkin_cmake_args': None, 'catkin_skip_building_tests': False, 'cmake_args': None, 'cmake_clean_cache': False, 'cmake_clean_first': False, 'cmake_force_configure': False, 'cmake_target': None, 'cmake_target_skip_unavailable': False, 'install_base': '/home/lworakan/Documents/GitHub/FRA502-LAB-6648v2/install/controller_interfaces', 'merge_install': False, 'path': '/home/lworakan/Documents/GitHub/FRA502-LAB-6648v2/controller_interfaces', 'symlink_install': False, 'test_result_base': None}
[0.117s] Level 5:colcon.colcon_core.verb:set package 'lab3' build argument 'cmake_args' from command line to 'None'
[0.117s] Level 5:colcon.colcon_core.verb:set package 'lab3' build argument 'cmake_target' from command line to 'None'
[0.117s] Level 5:colcon.colcon_core.verb:set package 'lab3' build argument 'cmake_target_skip_unavailable' from command line to 'False'
[0.117s] Level 5:colcon.colcon_core.verb:set package 'lab3' build argument 'cmake_clean_cache' from command line to 'False'
[0.117s] Level 5:colcon.colcon_core.verb:set package 'lab3' build argument 'cmake_clean_first' from command line to 'False'
[0.117s] Level 5:colcon.colcon_core.verb:set package 'lab3' build argument 'cmake_force_configure' from command line to 'False'
[0.117s] Level 5:colcon.colcon_core.verb:set package 'lab3' build argument 'ament_cmake_args' from command line to 'None'
[0.117s] Level 5:colcon.colcon_core.verb:set package 'lab3' build argument 'catkin_cmake_args' from command line to 'None'
[0.117s] Level 5:colcon.colcon_core.verb:set package 'lab3' build argument 'catkin_skip_building_tests' from command line to 'False'
[0.117s] DEBUG:colcon.colcon_core.verb:Building package 'lab3' with the following arguments: {'ament_cmake_args': None, 'build_base': '/home/lworakan/Documents/GitHub/FRA502-LAB-6648v2/build/lab3', 'catkin_cmake_args': None, 'catkin_skip_building_tests': False, 'cmake_args': None, 'cmake_clean_cache': False, 'cmake_clean_first': False, 'cmake_force_configure': False, 'cmake_target': None, 'cmake_target_skip_unavailable': False, 'install_base': '/home/lworakan/Documents/GitHub/FRA502-LAB-6648v2/install/lab3', 'merge_install': False, 'path': '/home/lworakan/Documents/GitHub/FRA502-LAB-6648v2/src/lab3', 'symlink_install': False, 'test_result_base': None}
[0.117s] INFO:colcon.colcon_core.executor:Executing jobs using 'parallel' executor
[0.118s] DEBUG:colcon.colcon_parallel_executor.executor.parallel:run_until_complete
[0.118s] INFO:colcon.colcon_ros.task.ament_cmake.build:Building ROS package in '/home/lworakan/Documents/GitHub/FRA502-LAB-6648v2/controller_interfaces' with build type 'ament_cmake'
[0.118s] INFO:colcon.colcon_cmake.task.cmake.build:Building CMake package in '/home/lworakan/Documents/GitHub/FRA502-LAB-6648v2/controller_interfaces'
[0.119s] INFO:colcon.colcon_core.plugin_system:Skipping extension 'colcon_core.shell.bat': Not used on non-Windows systems
[0.119s] INFO:colcon.colcon_core.shell:Skip shell extension 'powershell' for command environment: Not usable outside of PowerShell
[0.119s] DEBUG:colcon.colcon_core.shell:Skip shell extension 'dsv' for command environment
[0.121s] INFO:colcon.colcon_ros.task.ament_cmake.build:Building ROS package in '/home/lworakan/Documents/GitHub/FRA502-LAB-6648v2/src/lab3' with build type 'ament_cmake'
[0.121s] INFO:colcon.colcon_cmake.task.cmake.build:Building CMake package in '/home/lworakan/Documents/GitHub/FRA502-LAB-6648v2/src/lab3'
[0.122s] INFO:colcon.colcon_core.shell:Skip shell extension 'powershell' for command environment: Not usable outside of PowerShell
[0.122s] DEBUG:colcon.colcon_core.shell:Skip shell extension 'dsv' for command environment
[0.125s] DEBUG:colcon.colcon_core.event_handler.log_command:Invoking command in '/home/lworakan/Documents/GitHub/FRA502-LAB-6648v2/build/controller_interfaces': CMAKE_PREFIX_PATH=${CMAKE_PREFIX_PATH}:/opt/ros/humble /usr/bin/cmake /home/lworakan/Documents/GitHub/FRA502-LAB-6648v2/controller_interfaces -DCMAKE_INSTALL_PREFIX=/home/lworakan/Documents/GitHub/FRA502-LAB-6648v2/install/controller_interfaces
[0.127s] DEBUG:colcon.colcon_core.event_handler.log_command:Invoking command in '/home/lworakan/Documents/GitHub/FRA502-LAB-6648v2/build/lab3': CMAKE_PREFIX_PATH=${CMAKE_PREFIX_PATH}:/opt/ros/humble /usr/bin/cmake --build /home/lworakan/Documents/GitHub/FRA502-LAB-6648v2/build/lab3 -- -j32 -l32
[0.344s] DEBUG:colcon.colcon_core.event_handler.log_command:Invoked command in '/home/lworakan/Documents/GitHub/FRA502-LAB-6648v2/build/lab3' returned '0': CMAKE_PREFIX_PATH=${CMAKE_PREFIX_PATH}:/opt/ros/humble /usr/bin/cmake --build /home/lworakan/Documents/GitHub/FRA502-LAB-6648v2/build/lab3 -- -j32 -l32
[0.353s] DEBUG:colcon.colcon_core.event_handler.log_command:Invoking command in '/home/lworakan/Documents/GitHub/FRA502-LAB-6648v2/build/lab3': CMAKE_PREFIX_PATH=${CMAKE_PREFIX_PATH}:/opt/ros/humble /usr/bin/cmake --install /home/lworakan/Documents/GitHub/FRA502-LAB-6648v2/build/lab3
[0.381s] Level 1:colcon.colcon_core.environment:create_environment_scripts_only(lab3)
[0.382s] DEBUG:colcon.colcon_core.event_handler.log_command:Invoked command in '/home/lworakan/Documents/GitHub/FRA502-LAB-6648v2/build/lab3' returned '0': CMAKE_PREFIX_PATH=${CMAKE_PREFIX_PATH}:/opt/ros/humble /usr/bin/cmake --install /home/lworakan/Documents/GitHub/FRA502-LAB-6648v2/build/lab3
[0.384s] Level 1:colcon.colcon_core.environment:checking '/home/lworakan/Documents/GitHub/FRA502-LAB-6648v2/install/lab3' for CMake module files
[0.384s] Level 1:colcon.colcon_core.environment:checking '/home/lworakan/Documents/GitHub/FRA502-LAB-6648v2/install/lab3' for CMake config files
[0.384s] Level 1:colcon.colcon_core.shell:create_environment_hook('lab3', 'cmake_prefix_path')
[0.384s] INFO:colcon.colcon_core.shell:Creating environment hook '/home/lworakan/Documents/GitHub/FRA502-LAB-6648v2/install/lab3/share/lab3/hook/cmake_prefix_path.ps1'
[0.385s] INFO:colcon.colcon_core.shell:Creating environment descriptor '/home/lworakan/Documents/GitHub/FRA502-LAB-6648v2/install/lab3/share/lab3/hook/cmake_prefix_path.dsv'
[0.385s] INFO:colcon.colcon_core.shell:Creating environment hook '/home/lworakan/Documents/GitHub/FRA502-LAB-6648v2/install/lab3/share/lab3/hook/cmake_prefix_path.sh'
[0.386s] Level 1:colcon.colcon_core.environment:checking '/home/lworakan/Documents/GitHub/FRA502-LAB-6648v2/install/lab3/lib'
[0.386s] Level 1:colcon.colcon_core.environment:checking '/home/lworakan/Documents/GitHub/FRA502-LAB-6648v2/install/lab3/bin'
[0.386s] Level 1:colcon.colcon_core.environment:checking '/home/lworakan/Documents/GitHub/FRA502-LAB-6648v2/install/lab3/lib/pkgconfig/lab3.pc'
[0.386s] Level 1:colcon.colcon_core.environment:checking '/home/lworakan/Documents/GitHub/FRA502-LAB-6648v2/install/lab3/lib/python3.10/site-packages'
[0.386s] Level 1:colcon.colcon_core.environment:checking '/home/lworakan/Documents/GitHub/FRA502-LAB-6648v2/install/lab3/bin'
[0.386s] INFO:colcon.colcon_core.shell:Creating package script '/home/lworakan/Documents/GitHub/FRA502-LAB-6648v2/install/lab3/share/lab3/package.ps1'
[0.386s] INFO:colcon.colcon_core.shell:Creating package descriptor '/home/lworakan/Documents/GitHub/FRA502-LAB-6648v2/install/lab3/share/lab3/package.dsv'
[0.387s] INFO:colcon.colcon_core.shell:Creating package script '/home/lworakan/Documents/GitHub/FRA502-LAB-6648v2/install/lab3/share/lab3/package.sh'
[0.387s] INFO:colcon.colcon_core.shell:Creating package script '/home/lworakan/Documents/GitHub/FRA502-LAB-6648v2/install/lab3/share/lab3/package.bash'
[0.387s] INFO:colcon.colcon_core.shell:Creating package script '/home/lworakan/Documents/GitHub/FRA502-LAB-6648v2/install/lab3/share/lab3/package.zsh'
[0.388s] Level 1:colcon.colcon_core.environment:create_file_with_runtime_dependencies(/home/lworakan/Documents/GitHub/FRA502-LAB-6648v2/install/lab3/share/colcon-core/packages/lab3)
[0.388s] Level 1:colcon.colcon_core.environment:create_environment_scripts_only(lab3)
[0.388s] Level 1:colcon.colcon_core.environment:checking '/home/lworakan/Documents/GitHub/FRA502-LAB-6648v2/install/lab3' for CMake module files
[0.388s] Level 1:colcon.colcon_core.environment:checking '/home/lworakan/Documents/GitHub/FRA502-LAB-6648v2/install/lab3' for CMake config files
[0.388s] Level 1:colcon.colcon_core.shell:create_environment_hook('lab3', 'cmake_prefix_path')
[0.388s] INFO:colcon.colcon_core.shell:Creating environment hook '/home/lworakan/Documents/GitHub/FRA502-LAB-6648v2/install/lab3/share/lab3/hook/cmake_prefix_path.ps1'
[0.388s] INFO:colcon.colcon_core.shell:Creating environment descriptor '/home/lworakan/Documents/GitHub/FRA502-LAB-6648v2/install/lab3/share/lab3/hook/cmake_prefix_path.dsv'
[0.389s] INFO:colcon.colcon_core.shell:Creating environment hook '/home/lworakan/Documents/GitHub/FRA502-LAB-6648v2/install/lab3/share/lab3/hook/cmake_prefix_path.sh'
[0.389s] Level 1:colcon.colcon_core.environment:checking '/home/lworakan/Documents/GitHub/FRA502-LAB-6648v2/install/lab3/lib'
[0.389s] Level 1:colcon.colcon_core.environment:checking '/home/lworakan/Documents/GitHub/FRA502-LAB-6648v2/install/lab3/bin'
[0.389s] Level 1:colcon.colcon_core.environment:checking '/home/lworakan/Documents/GitHub/FRA502-LAB-6648v2/install/lab3/lib/pkgconfig/lab3.pc'
[0.389s] Level 1:colcon.colcon_core.environment:checking '/home/lworakan/Documents/GitHub/FRA502-LAB-6648v2/install/lab3/lib/python3.10/site-packages'
[0.389s] Level 1:colcon.colcon_core.environment:checking '/home/lworakan/Documents/GitHub/FRA502-LAB-6648v2/install/lab3/bin'
[0.389s] INFO:colcon.colcon_core.shell:Creating package script '/home/lworakan/Documents/GitHub/FRA502-LAB-6648v2/install/lab3/share/lab3/package.ps1'
[0.389s] INFO:colcon.colcon_core.shell:Creating package descriptor '/home/lworakan/Documents/GitHub/FRA502-LAB-6648v2/install/lab3/share/lab3/package.dsv'
[0.390s] INFO:colcon.colcon_core.shell:Creating package script '/home/lworakan/Documents/GitHub/FRA502-LAB-6648v2/install/lab3/share/lab3/package.sh'
[0.390s] INFO:colcon.colcon_core.shell:Creating package script '/home/lworakan/Documents/GitHub/FRA502-LAB-6648v2/install/lab3/share/lab3/package.bash'
[0.390s] INFO:colcon.colcon_core.shell:Creating package script '/home/lworakan/Documents/GitHub/FRA502-LAB-6648v2/install/lab3/share/lab3/package.zsh'
[0.390s] Level 1:colcon.colcon_core.environment:create_file_with_runtime_dependencies(/home/lworakan/Documents/GitHub/FRA502-LAB-6648v2/install/lab3/share/colcon-core/packages/lab3)
[0.609s] DEBUG:colcon.colcon_core.event_handler.log_command:Invoked command in '/home/lworakan/Documents/GitHub/FRA502-LAB-6648v2/build/controller_interfaces' returned '0': CMAKE_PREFIX_PATH=${CMAKE_PREFIX_PATH}:/opt/ros/humble /usr/bin/cmake /home/lworakan/Documents/GitHub/FRA502-LAB-6648v2/controller_interfaces -DCMAKE_INSTALL_PREFIX=/home/lworakan/Documents/GitHub/FRA502-LAB-6648v2/install/controller_interfaces
[0.609s] DEBUG:colcon.colcon_core.event_handler.log_command:Invoking command in '/home/lworakan/Documents/GitHub/FRA502-LAB-6648v2/build/controller_interfaces': CMAKE_PREFIX_PATH=${CMAKE_PREFIX_PATH}:/opt/ros/humble /usr/bin/cmake --build /home/lworakan/Documents/GitHub/FRA502-LAB-6648v2/build/controller_interfaces -- -j32 -l32
[0.630s] DEBUG:colcon.colcon_core.event_handler.log_command:Invoked command in '/home/lworakan/Documents/GitHub/FRA502-LAB-6648v2/build/controller_interfaces' returned '0': CMAKE_PREFIX_PATH=${CMAKE_PREFIX_PATH}:/opt/ros/humble /usr/bin/cmake --build /home/lworakan/Documents/GitHub/FRA502-LAB-6648v2/build/controller_interfaces -- -j32 -l32
[0.631s] DEBUG:colcon.colcon_core.event_handler.log_command:Invoking command in '/home/lworakan/Documents/GitHub/FRA502-LAB-6648v2/build/controller_interfaces': CMAKE_PREFIX_PATH=${CMAKE_PREFIX_PATH}:/opt/ros/humble /usr/bin/cmake --install /home/lworakan/Documents/GitHub/FRA502-LAB-6648v2/build/controller_interfaces
[0.636s] Level 1:colcon.colcon_core.environment:create_environment_scripts_only(controller_interfaces)
[0.637s] Level 1:colcon.colcon_core.environment:checking '/home/lworakan/Documents/GitHub/FRA502-LAB-6648v2/install/controller_interfaces' for CMake module files
[0.637s] DEBUG:colcon.colcon_core.event_handler.log_command:Invoked command in '/home/lworakan/Documents/GitHub/FRA502-LAB-6648v2/build/controller_interfaces' returned '0': CMAKE_PREFIX_PATH=${CMAKE_PREFIX_PATH}:/opt/ros/humble /usr/bin/cmake --install /home/lworakan/Documents/GitHub/FRA502-LAB-6648v2/build/controller_interfaces
[0.637s] Level 1:colcon.colcon_core.environment:checking '/home/lworakan/Documents/GitHub/FRA502-LAB-6648v2/install/controller_interfaces' for CMake config files
[0.637s] Level 1:colcon.colcon_core.shell:create_environment_hook('controller_interfaces', 'cmake_prefix_path')
[0.637s] INFO:colcon.colcon_core.shell:Creating environment hook '/home/lworakan/Documents/GitHub/FRA502-LAB-6648v2/install/controller_interfaces/share/controller_interfaces/hook/cmake_prefix_path.ps1'
[0.638s] INFO:colcon.colcon_core.shell:Creating environment descriptor '/home/lworakan/Documents/GitHub/FRA502-LAB-6648v2/install/controller_interfaces/share/controller_interfaces/hook/cmake_prefix_path.dsv'
[0.638s] INFO:colcon.colcon_core.shell:Creating environment hook '/home/lworakan/Documents/GitHub/FRA502-LAB-6648v2/install/controller_interfaces/share/controller_interfaces/hook/cmake_prefix_path.sh'
[0.638s] Level 1:colcon.colcon_core.environment:checking '/home/lworakan/Documents/GitHub/FRA502-LAB-6648v2/install/controller_interfaces/bin'
[0.638s] Level 1:colcon.colcon_core.environment:checking '/home/lworakan/Documents/GitHub/FRA502-LAB-6648v2/install/controller_interfaces/lib/pkgconfig/controller_interfaces.pc'
[0.638s] Level 1:colcon.colcon_core.environment:checking '/home/lworakan/Documents/GitHub/FRA502-LAB-6648v2/install/controller_interfaces/lib/python3.10/site-packages'
[0.639s] Level 1:colcon.colcon_core.environment:checking '/home/lworakan/Documents/GitHub/FRA502-LAB-6648v2/install/controller_interfaces/bin'
[0.639s] INFO:colcon.colcon_core.shell:Creating package script '/home/lworakan/Documents/GitHub/FRA502-LAB-6648v2/install/controller_interfaces/share/controller_interfaces/package.ps1'
[0.639s] INFO:colcon.colcon_core.shell:Creating package descriptor '/home/lworakan/Documents/GitHub/FRA502-LAB-6648v2/install/controller_interfaces/share/controller_interfaces/package.dsv'
[0.639s] INFO:colcon.colcon_core.shell:Creating package script '/home/lworakan/Documents/GitHub/FRA502-LAB-6648v2/install/controller_interfaces/share/controller_interfaces/package.sh'
[0.639s] INFO:colcon.colcon_core.shell:Creating package script '/home/lworakan/Documents/GitHub/FRA502-LAB-6648v2/install/controller_interfaces/share/controller_interfaces/package.bash'
[0.639s] INFO:colcon.colcon_core.shell:Creating package script '/home/lworakan/Documents/GitHub/FRA502-LAB-6648v2/install/controller_interfaces/share/controller_interfaces/package.zsh'
[0.639s] Level 1:colcon.colcon_core.environment:create_file_with_runtime_dependencies(/home/lworakan/Documents/GitHub/FRA502-LAB-6648v2/install/controller_interfaces/share/colcon-core/packages/controller_interfaces)
[0.640s] Level 1:colcon.colcon_core.environment:create_environment_scripts_only(controller_interfaces)
[0.640s] Level 1:colcon.colcon_core.environment:checking '/home/lworakan/Documents/GitHub/FRA502-LAB-6648v2/install/controller_interfaces' for CMake module files
[0.640s] Level 1:colcon.colcon_core.environment:checking '/home/lworakan/Documents/GitHub/FRA502-LAB-6648v2/install/controller_interfaces' for CMake config files
[0.640s] Level 1:colcon.colcon_core.shell:create_environment_hook('controller_interfaces', 'cmake_prefix_path')
[0.640s] INFO:colcon.colcon_core.shell:Creating environment hook '/home/lworakan/Documents/GitHub/FRA502-LAB-6648v2/install/controller_interfaces/share/controller_interfaces/hook/cmake_prefix_path.ps1'
[0.640s] INFO:colcon.colcon_core.shell:Creating environment descriptor '/home/lworakan/Documents/GitHub/FRA502-LAB-6648v2/install/controller_interfaces/share/controller_interfaces/hook/cmake_prefix_path.dsv'
[0.640s] INFO:colcon.colcon_core.shell:Creating environment hook '/home/lworakan/Documents/GitHub/FRA502-LAB-6648v2/install/controller_interfaces/share/controller_interfaces/hook/cmake_prefix_path.sh'
[0.641s] Level 1:colcon.colcon_core.environment:checking '/home/lworakan/Documents/GitHub/FRA502-LAB-6648v2/install/controller_interfaces/bin'
[0.641s] Level 1:colcon.colcon_core.environment:checking '/home/lworakan/Documents/GitHub/FRA502-LAB-6648v2/install/controller_interfaces/lib/pkgconfig/controller_interfaces.pc'
[0.641s] Level 1:colcon.colcon_core.environment:checking '/home/lworakan/Documents/GitHub/FRA502-LAB-6648v2/install/controller_interfaces/lib/python3.10/site-packages'
[0.641s] Level 1:colcon.colcon_core.environment:checking '/home/lworakan/Documents/GitHub/FRA502-LAB-6648v2/install/controller_interfaces/bin'
[0.641s] INFO:colcon.colcon_core.shell:Creating package script '/home/lworakan/Documents/GitHub/FRA502-LAB-6648v2/install/controller_interfaces/share/controller_interfaces/package.ps1'
[0.641s] INFO:colcon.colcon_core.shell:Creating package descriptor '/home/lworakan/Documents/GitHub/FRA502-LAB-6648v2/install/controller_interfaces/share/controller_interfaces/package.dsv'
[0.641s] INFO:colcon.colcon_core.shell:Creating package script '/home/lworakan/Documents/GitHub/FRA502-LAB-6648v2/install/controller_interfaces/share/controller_interfaces/package.sh'
[0.642s] INFO:colcon.colcon_core.shell:Creating package script '/home/lworakan/Documents/GitHub/FRA502-LAB-6648v2/install/controller_interfaces/share/controller_interfaces/package.bash'
[0.642s] INFO:colcon.colcon_core.shell:Creating package script '/home/lworakan/Documents/GitHub/FRA502-LAB-6648v2/install/controller_interfaces/share/controller_interfaces/package.zsh'
[0.642s] Level 1:colcon.colcon_core.environment:create_file_with_runtime_dependencies(/home/lworakan/Documents/GitHub/FRA502-LAB-6648v2/install/controller_interfaces/share/colcon-core/packages/controller_interfaces)
[0.642s] DEBUG:colcon.colcon_parallel_executor.executor.parallel:closing loop
[0.642s] DEBUG:colcon.colcon_parallel_executor.executor.parallel:loop closed
[0.642s] DEBUG:colcon.colcon_parallel_executor.executor.parallel:run_until_complete finished with '0'
[0.642s] DEBUG:colcon.colcon_core.event_reactor:joining thread
[0.645s] INFO:colcon.colcon_core.plugin_system:Skipping extension 'colcon_notification.desktop_notification.terminal_notifier': Not used on non-Darwin systems
[0.645s] INFO:colcon.colcon_core.plugin_system:Skipping extension 'colcon_notification.desktop_notification.win32': Not used on non-Windows systems
[0.645s] INFO:colcon.colcon_notification.desktop_notification:Sending desktop notification using 'notify2'
[0.651s] DEBUG:colcon.colcon_core.event_reactor:joined thread
[0.651s] INFO:colcon.colcon_core.shell:Creating prefix script '/home/lworakan/Documents/GitHub/FRA502-LAB-6648v2/install/local_setup.ps1'
[0.652s] INFO:colcon.colcon_core.shell:Creating prefix util module '/home/lworakan/Documents/GitHub/FRA502-LAB-6648v2/install/_local_setup_util_ps1.py'
[0.653s] INFO:colcon.colcon_core.shell:Creating prefix chain script '/home/lworakan/Documents/GitHub/FRA502-LAB-6648v2/install/setup.ps1'
[0.654s] INFO:colcon.colcon_core.shell:Creating prefix script '/home/lworakan/Documents/GitHub/FRA502-LAB-6648v2/install/local_setup.sh'
[0.654s] INFO:colcon.colcon_core.shell:Creating prefix util module '/home/lworakan/Documents/GitHub/FRA502-LAB-6648v2/install/_local_setup_util_sh.py'
[0.654s] INFO:colcon.colcon_core.shell:Creating prefix chain script '/home/lworakan/Documents/GitHub/FRA502-LAB-6648v2/install/setup.sh'
[0.655s] INFO:colcon.colcon_core.shell:Creating prefix script '/home/lworakan/Documents/GitHub/FRA502-LAB-6648v2/install/local_setup.bash'
[0.655s] INFO:colcon.colcon_core.shell:Creating prefix chain script '/home/lworakan/Documents/GitHub/FRA502-LAB-6648v2/install/setup.bash'
[0.656s] INFO:colcon.colcon_core.shell:Creating prefix script '/home/lworakan/Documents/GitHub/FRA502-LAB-6648v2/install/local_setup.zsh'
[0.656s] INFO:colcon.colcon_core.shell:Creating prefix chain script '/home/lworakan/Documents/GitHub/FRA502-LAB-6648v2/install/setup.zsh'
