[0.014s] Invoking command in '/home/lworakan/Documents/GitHub/FRA502-LAB-6648v2/build/turtlesim_plus': CMAKE_PREFIX_PATH=${CMAKE_PREFIX_PATH}:/opt/ros/humble /usr/bin/cmake --build /home/lworakan/Documents/GitHub/FRA502-LAB-6648v2/build/turtlesim_plus -- -j32 -l32
[0.031s] -- Found ament_cmake: 1.3.12 (/opt/ros/humble/share/ament_cmake/cmake)
[0.106s] -- Found rclcpp: 16.0.14 (/opt/ros/humble/share/rclcpp/cmake)
[0.121s] -- Found rosidl_generator_c: 3.1.7 (/opt/ros/humble/share/rosidl_generator_c/cmake)
[0.122s] -- Found rosidl_adapter: 3.1.7 (/opt/ros/humble/share/rosidl_adapter/cmake)
[0.126s] -- Found rosidl_generator_cpp: 3.1.7 (/opt/ros/humble/share/rosidl_generator_cpp/cmake)
[0.131s] -- Using all available rosidl_typesupport_c: rosidl_typesupport_fastrtps_c;rosidl_typesupport_introspection_c
[0.137s] -- Using all available rosidl_typesupport_cpp: rosidl_typesupport_fastrtps_cpp;rosidl_typesupport_introspection_cpp
[0.154s] -- Found rmw_implementation_cmake: 6.1.2 (/opt/ros/humble/share/rmw_implementation_cmake/cmake)
[0.154s] -- Found rmw_fastrtps_cpp: 6.2.8 (/opt/ros/humble/share/rmw_fastrtps_cpp/cmake)
[0.225s] -- Using RMW implementation 'rmw_fastrtps_cpp' as default
[0.253s] -- Found rclpy: 3.3.17 (/opt/ros/humble/share/rclpy/cmake)
[0.329s] -- Configuring done
[0.331s] -- Generating done
[0.332s] -- Build files have been written to: /home/lworakan/Documents/GitHub/FRA502-LAB-6648v2/build/turtlesim_plus
[0.361s] Built target ament_cmake_python_copy_turtlesim_plus
[0.485s] running egg_info
[0.495s] writing turtlesim_plus.egg-info/PKG-INFO
[0.495s] writing dependency_links to turtlesim_plus.egg-info/dependency_links.txt
[0.495s] writing top-level names to turtlesim_plus.egg-info/top_level.txt
[0.524s] reading manifest file 'turtlesim_plus.egg-info/SOURCES.txt'
[0.525s] writing manifest file 'turtlesim_plus.egg-info/SOURCES.txt'
[0.543s] Built target ament_cmake_python_build_turtlesim_plus_egg
[0.551s] Invoked command in '/home/lworakan/Documents/GitHub/FRA502-LAB-6648v2/build/turtlesim_plus' returned '0': CMAKE_PREFIX_PATH=${CMAKE_PREFIX_PATH}:/opt/ros/humble /usr/bin/cmake --build /home/lworakan/Documents/GitHub/FRA502-LAB-6648v2/build/turtlesim_plus -- -j32 -l32
[0.558s] Invoking command in '/home/lworakan/Documents/GitHub/FRA502-LAB-6648v2/build/turtlesim_plus': CMAKE_PREFIX_PATH=${CMAKE_PREFIX_PATH}:/opt/ros/humble /usr/bin/cmake --install /home/lworakan/Documents/GitHub/FRA502-LAB-6648v2/build/turtlesim_plus
[0.563s] -- Install configuration: ""
[0.563s] -- Up-to-date: /home/lworakan/Documents/GitHub/FRA502-LAB-6648v2/install/turtlesim_plus/share/turtlesim_plus/environment/pythonpath.sh
[0.563s] -- Installing: /home/lworakan/Documents/GitHub/FRA502-LAB-6648v2/install/turtlesim_plus/share/turtlesim_plus/environment/pythonpath.dsv
[0.563s] -- Up-to-date: /home/lworakan/Documents/GitHub/FRA502-LAB-6648v2/install/turtlesim_plus/local/lib/python3.10/dist-packages/turtlesim_plus-1.0.0-py3.10.egg-info
[0.563s] -- Installing: /home/lworakan/Documents/GitHub/FRA502-LAB-6648v2/install/turtlesim_plus/local/lib/python3.10/dist-packages/turtlesim_plus-1.0.0-py3.10.egg-info/SOURCES.txt
[0.563s] -- Installing: /home/lworakan/Documents/GitHub/FRA502-LAB-6648v2/install/turtlesim_plus/local/lib/python3.10/dist-packages/turtlesim_plus-1.0.0-py3.10.egg-info/top_level.txt
[0.564s] -- Installing: /home/lworakan/Documents/GitHub/FRA502-LAB-6648v2/install/turtlesim_plus/local/lib/python3.10/dist-packages/turtlesim_plus-1.0.0-py3.10.egg-info/PKG-INFO
[0.564s] -- Installing: /home/lworakan/Documents/GitHub/FRA502-LAB-6648v2/install/turtlesim_plus/local/lib/python3.10/dist-packages/turtlesim_plus-1.0.0-py3.10.egg-info/dependency_links.txt
[0.564s] -- Up-to-date: /home/lworakan/Documents/GitHub/FRA502-LAB-6648v2/install/turtlesim_plus/local/lib/python3.10/dist-packages/turtlesim_plus
[0.564s] -- Installing: /home/lworakan/Documents/GitHub/FRA502-LAB-6648v2/install/turtlesim_plus/local/lib/python3.10/dist-packages/turtlesim_plus/entity.py
[0.564s] -- Up-to-date: /home/lworakan/Documents/GitHub/FRA502-LAB-6648v2/install/turtlesim_plus/local/lib/python3.10/dist-packages/turtlesim_plus/image
[0.564s] -- Up-to-date: /home/lworakan/Documents/GitHub/FRA502-LAB-6648v2/install/turtlesim_plus/local/lib/python3.10/dist-packages/turtlesim_plus/image/map
[0.564s] -- Installing: /home/lworakan/Documents/GitHub/FRA502-LAB-6648v2/install/turtlesim_plus/local/lib/python3.10/dist-packages/turtlesim_plus/image/map/map.png
[0.564s] -- Up-to-date: /home/lworakan/Documents/GitHub/FRA502-LAB-6648v2/install/turtlesim_plus/local/lib/python3.10/dist-packages/turtlesim_plus/image/turtle
[0.564s] -- Installing: /home/lworakan/Documents/GitHub/FRA502-LAB-6648v2/install/turtlesim_plus/local/lib/python3.10/dist-packages/turtlesim_plus/image/turtle/humble.png
[0.564s] -- Installing: /home/lworakan/Documents/GitHub/FRA502-LAB-6648v2/install/turtlesim_plus/local/lib/python3.10/dist-packages/turtlesim_plus/image/turtle/rolling.png
[0.564s] -- Installing: /home/lworakan/Documents/GitHub/FRA502-LAB-6648v2/install/turtlesim_plus/local/lib/python3.10/dist-packages/turtlesim_plus/image/turtle/eloquent.png
[0.564s] -- Installing: /home/lworakan/Documents/GitHub/FRA502-LAB-6648v2/install/turtlesim_plus/local/lib/python3.10/dist-packages/turtlesim_plus/image/turtle/ardent.png
[0.564s] -- Installing: /home/lworakan/Documents/GitHub/FRA502-LAB-6648v2/install/turtlesim_plus/local/lib/python3.10/dist-packages/turtlesim_plus/image/turtle/bouncy.png
[0.565s] -- Installing: /home/lworakan/Documents/GitHub/FRA502-LAB-6648v2/install/turtlesim_plus/local/lib/python3.10/dist-packages/turtlesim_plus/image/turtle/otto.png
[0.565s] -- Installing: /home/lworakan/Documents/GitHub/FRA502-LAB-6648v2/install/turtlesim_plus/local/lib/python3.10/dist-packages/turtlesim_plus/image/turtle/galactic.png
[0.565s] -- Installing: /home/lworakan/Documents/GitHub/FRA502-LAB-6648v2/install/turtlesim_plus/local/lib/python3.10/dist-packages/turtlesim_plus/image/turtle/foxy.png
[0.565s] -- Installing: /home/lworakan/Documents/GitHub/FRA502-LAB-6648v2/install/turtlesim_plus/local/lib/python3.10/dist-packages/turtlesim_plus/image/turtle/crystal.png
[0.565s] -- Installing: /home/lworakan/Documents/GitHub/FRA502-LAB-6648v2/install/turtlesim_plus/local/lib/python3.10/dist-packages/turtlesim_plus/image/turtle/dashing.png
[0.565s] -- Up-to-date: /home/lworakan/Documents/GitHub/FRA502-LAB-6648v2/install/turtlesim_plus/local/lib/python3.10/dist-packages/turtlesim_plus/image/object
[0.565s] -- Installing: /home/lworakan/Documents/GitHub/FRA502-LAB-6648v2/install/turtlesim_plus/local/lib/python3.10/dist-packages/turtlesim_plus/image/object/pizza.png
[0.565s] -- Installing: /home/lworakan/Documents/GitHub/FRA502-LAB-6648v2/install/turtlesim_plus/local/lib/python3.10/dist-packages/turtlesim_plus/image/object/parcel.png
[0.565s] -- Installing: /home/lworakan/Documents/GitHub/FRA502-LAB-6648v2/install/turtlesim_plus/local/lib/python3.10/dist-packages/turtlesim_plus/ros2_plugins.py
[0.565s] -- Installing: /home/lworakan/Documents/GitHub/FRA502-LAB-6648v2/install/turtlesim_plus/local/lib/python3.10/dist-packages/turtlesim_plus/__init__.py
[0.590s] Listing '/home/lworakan/Documents/GitHub/FRA502-LAB-6648v2/install/turtlesim_plus/local/lib/python3.10/dist-packages/turtlesim_plus'...
[0.590s] Compiling '/home/lworakan/Documents/GitHub/FRA502-LAB-6648v2/install/turtlesim_plus/local/lib/python3.10/dist-packages/turtlesim_plus/__init__.py'...
[0.590s] Compiling '/home/lworakan/Documents/GitHub/FRA502-LAB-6648v2/install/turtlesim_plus/local/lib/python3.10/dist-packages/turtlesim_plus/entity.py'...
[0.590s] Listing '/home/lworakan/Documents/GitHub/FRA502-LAB-6648v2/install/turtlesim_plus/local/lib/python3.10/dist-packages/turtlesim_plus/image'...
[0.590s] Listing '/home/lworakan/Documents/GitHub/FRA502-LAB-6648v2/install/turtlesim_plus/local/lib/python3.10/dist-packages/turtlesim_plus/image/map'...
[0.590s] Listing '/home/lworakan/Documents/GitHub/FRA502-LAB-6648v2/install/turtlesim_plus/local/lib/python3.10/dist-packages/turtlesim_plus/image/object'...
[0.590s] Listing '/home/lworakan/Documents/GitHub/FRA502-LAB-6648v2/install/turtlesim_plus/local/lib/python3.10/dist-packages/turtlesim_plus/image/turtle'...
[0.590s] Compiling '/home/lworakan/Documents/GitHub/FRA502-LAB-6648v2/install/turtlesim_plus/local/lib/python3.10/dist-packages/turtlesim_plus/ros2_plugins.py'...
[0.593s] -- Installing: /home/lworakan/Documents/GitHub/FRA502-LAB-6648v2/install/turtlesim_plus/lib/turtlesim_plus/turtlesim_plus_node.py
[0.593s] -- Installing: /home/lworakan/Documents/GitHub/FRA502-LAB-6648v2/install/turtlesim_plus/lib/turtlesim_plus/pizza_on_click.py
[0.593s] -- Up-to-date: /home/lworakan/Documents/GitHub/FRA502-LAB-6648v2/install/turtlesim_plus/share/turtlesim_plus
[0.593s] -- Up-to-date: /home/lworakan/Documents/GitHub/FRA502-LAB-6648v2/install/turtlesim_plus/share/ament_index/resource_index/package_run_dependencies/turtlesim_plus
[0.593s] -- Installing: /home/lworakan/Documents/GitHub/FRA502-LAB-6648v2/install/turtlesim_plus/share/ament_index/resource_index/parent_prefix_path/turtlesim_plus
[0.593s] -- Up-to-date: /home/lworakan/Documents/GitHub/FRA502-LAB-6648v2/install/turtlesim_plus/share/turtlesim_plus/environment/ament_prefix_path.sh
[0.593s] -- Installing: /home/lworakan/Documents/GitHub/FRA502-LAB-6648v2/install/turtlesim_plus/share/turtlesim_plus/environment/ament_prefix_path.dsv
[0.593s] -- Up-to-date: /home/lworakan/Documents/GitHub/FRA502-LAB-6648v2/install/turtlesim_plus/share/turtlesim_plus/environment/path.sh
[0.593s] -- Installing: /home/lworakan/Documents/GitHub/FRA502-LAB-6648v2/install/turtlesim_plus/share/turtlesim_plus/environment/path.dsv
[0.593s] -- Up-to-date: /home/lworakan/Documents/GitHub/FRA502-LAB-6648v2/install/turtlesim_plus/share/turtlesim_plus/local_setup.bash
[0.593s] -- Up-to-date: /home/lworakan/Documents/GitHub/FRA502-LAB-6648v2/install/turtlesim_plus/share/turtlesim_plus/local_setup.sh
[0.593s] -- Up-to-date: /home/lworakan/Documents/GitHub/FRA502-LAB-6648v2/install/turtlesim_plus/share/turtlesim_plus/local_setup.zsh
[0.593s] -- Installing: /home/lworakan/Documents/GitHub/FRA502-LAB-6648v2/install/turtlesim_plus/share/turtlesim_plus/local_setup.dsv
[0.593s] -- Installing: /home/lworakan/Documents/GitHub/FRA502-LAB-6648v2/install/turtlesim_plus/share/turtlesim_plus/package.dsv
[0.593s] -- Up-to-date: /home/lworakan/Documents/GitHub/FRA502-LAB-6648v2/install/turtlesim_plus/share/ament_index/resource_index/packages/turtlesim_plus
[0.593s] -- Up-to-date: /home/lworakan/Documents/GitHub/FRA502-LAB-6648v2/install/turtlesim_plus/share/turtlesim_plus/cmake/turtlesim_plusConfig.cmake
[0.593s] -- Up-to-date: /home/lworakan/Documents/GitHub/FRA502-LAB-6648v2/install/turtlesim_plus/share/turtlesim_plus/cmake/turtlesim_plusConfig-version.cmake
[0.593s] -- Installing: /home/lworakan/Documents/GitHub/FRA502-LAB-6648v2/install/turtlesim_plus/share/turtlesim_plus/package.xml
[0.594s] Invoked command in '/home/lworakan/Documents/GitHub/FRA502-LAB-6648v2/build/turtlesim_plus' returned '0': CMAKE_PREFIX_PATH=${CMAKE_PREFIX_PATH}:/opt/ros/humble /usr/bin/cmake --install /home/lworakan/Documents/GitHub/FRA502-LAB-6648v2/build/turtlesim_plus
