[0.012s] Invoking command in '/home/lworakan/Documents/GitHub/FRA502-LAB-6648v2/build/controller_interfaces': CMAKE_PREFIX_PATH=${CMAKE_PREFIX_PATH}:/opt/ros/humble /usr/bin/cmake --build /home/lworakan/Documents/GitHub/FRA502-LAB-6648v2/build/controller_interfaces -- -j32 -l32
[0.027s] -- Found ament_cmake: 1.3.12 (/opt/ros/humble/share/ament_cmake/cmake)
[0.115s] -- Found std_msgs: 4.9.0 (/opt/ros/humble/share/std_msgs/cmake)
[0.128s] -- Found rosidl_generator_c: 3.1.7 (/opt/ros/humble/share/rosidl_generator_c/cmake)
[0.129s] -- Found rosidl_adapter: 3.1.7 (/opt/ros/humble/share/rosidl_adapter/cmake)
[0.132s] -- Found rosidl_generator_cpp: 3.1.7 (/opt/ros/humble/share/rosidl_generator_cpp/cmake)
[0.137s] -- Using all available rosidl_typesupport_c: rosidl_typesupport_fastrtps_c;rosidl_typesupport_introspection_c
[0.143s] -- Using all available rosidl_typesupport_cpp: rosidl_typesupport_fastrtps_cpp;rosidl_typesupport_introspection_cpp
[0.155s] -- Found rosidl_default_generators: 1.2.0 (/opt/ros/humble/share/rosidl_default_generators/cmake)
[0.322s] -- Found ament_cmake_ros: 0.10.0 (/opt/ros/humble/share/ament_cmake_ros/cmake)
[0.540s] -- Using all available rosidl_typesupport_c: rosidl_typesupport_fastrtps_c;rosidl_typesupport_introspection_c
[0.625s] -- Using all available rosidl_typesupport_cpp: rosidl_typesupport_fastrtps_cpp;rosidl_typesupport_introspection_cpp
[0.646s] -- Found PythonInterp: /usr/bin/python3 (found suitable version "3.10.12", minimum required is "3.6") 
[0.647s] -- Found python_cmake_module: 0.10.0 (/opt/ros/humble/share/python_cmake_module/cmake)
[0.665s] -- Found PythonLibs: /usr/lib/x86_64-linux-gnu/libpython3.10.so (found suitable version "3.10.12", minimum required is "3.5") 
[0.665s] -- Using PYTHON_EXECUTABLE: /usr/bin/python3
[0.665s] -- Using PYTHON_INCLUDE_DIRS: /usr/include/python3.10
[0.665s] -- Using PYTHON_LIBRARIES: /usr/lib/x86_64-linux-gnu/libpython3.10.so
[0.679s] -- Found PythonExtra: .so  
[0.710s] -- Found ament_lint_auto: 0.12.14 (/opt/ros/humble/share/ament_lint_auto/cmake)
[0.716s] -- Added test 'copyright' to check source files copyright and LICENSE
[0.716s] -- Added test 'lint_cmake' to check CMake code style
[0.717s] -- Added test 'xmllint' to check XML markup files
[0.718s] -- Configuring done
[0.732s] -- Generating done
[0.738s] -- Build files have been written to: /home/lworakan/Documents/GitHub/FRA502-LAB-6648v2/build/controller_interfaces
[0.757s] [  2%] [34m[1mGenerating C code for ROS interfaces[0m
[0.765s] [  5%] [34m[1mGenerating C++ code for ROS interfaces[0m
[0.770s] [  5%] Built target ament_cmake_python_copy_controller_interfaces
[0.898s] running egg_info
[0.908s] creating controller_interfaces.egg-info
[0.908s] writing controller_interfaces.egg-info/PKG-INFO
[0.908s] writing dependency_links to controller_interfaces.egg-info/dependency_links.txt
[0.908s] writing top-level names to controller_interfaces.egg-info/top_level.txt
[0.908s] writing manifest file 'controller_interfaces.egg-info/SOURCES.txt'
[0.939s] reading manifest file 'controller_interfaces.egg-info/SOURCES.txt'
[0.940s] writing manifest file 'controller_interfaces.egg-info/SOURCES.txt'
[0.959s] [  5%] Built target controller_interfaces__cpp
[0.961s] [  7%] [32mBuilding C object CMakeFiles/controller_interfaces__rosidl_generator_c.dir/rosidl_generator_c/controller_interfaces/srv/detail/set_max_pizza__functions.c.o[0m
[0.961s] [ 10%] [32mBuilding C object CMakeFiles/controller_interfaces__rosidl_generator_c.dir/rosidl_generator_c/controller_interfaces/srv/detail/set_param__functions.c.o[0m
[0.964s] [ 10%] Built target ament_cmake_python_build_controller_interfaces_egg
[0.966s] [ 12%] [34m[1mGenerating C++ introspection for ROS interfaces[0m
[0.966s] [ 15%] [34m[1mGenerating C++ type support for eProsima Fast-RTPS[0m
[0.967s] [ 17%] [34m[1mGenerating C++ type support dispatch for ROS interfaces[0m
[0.993s] [ 20%] [32m[1mLinking C shared library libcontroller_interfaces__rosidl_generator_c.so[0m
[1.014s] [ 20%] Built target controller_interfaces__rosidl_generator_c
[1.023s] [ 28%] [34m[1mGenerating C type support dispatch for ROS interfaces[0m
[1.023s] [ 28%] [34m[1mGenerating C introspection for ROS interfaces[0m
[1.023s] [ 28%] [34m[1mGenerating C type support for eProsima Fast-RTPS[0m
[1.126s] [ 33%] [32mBuilding CXX object CMakeFiles/controller_interfaces__rosidl_typesupport_cpp.dir/rosidl_typesupport_cpp/controller_interfaces/srv/set_param__type_support.cpp.o[0m
[1.126s] [ 33%] [32mBuilding CXX object CMakeFiles/controller_interfaces__rosidl_typesupport_cpp.dir/rosidl_typesupport_cpp/controller_interfaces/srv/set_max_pizza__type_support.cpp.o[0m
[1.150s] [ 35%] [32mBuilding CXX object CMakeFiles/controller_interfaces__rosidl_typesupport_introspection_cpp.dir/rosidl_typesupport_introspection_cpp/controller_interfaces/srv/detail/set_max_pizza__type_support.cpp.o[0m
[1.151s] [ 38%] [32mBuilding CXX object CMakeFiles/controller_interfaces__rosidl_typesupport_introspection_cpp.dir/rosidl_typesupport_introspection_cpp/controller_interfaces/srv/detail/set_param__type_support.cpp.o[0m
[1.155s] [ 43%] [32mBuilding CXX object CMakeFiles/controller_interfaces__rosidl_typesupport_fastrtps_cpp.dir/rosidl_typesupport_fastrtps_cpp/controller_interfaces/srv/detail/dds_fastrtps/set_param__type_support.cpp.o[0m
[1.155s] [ 43%] [32mBuilding CXX object CMakeFiles/controller_interfaces__rosidl_typesupport_fastrtps_cpp.dir/rosidl_typesupport_fastrtps_cpp/controller_interfaces/srv/detail/dds_fastrtps/set_max_pizza__type_support.cpp.o[0m
[1.205s] [ 48%] [32mBuilding CXX object CMakeFiles/controller_interfaces__rosidl_typesupport_c.dir/rosidl_typesupport_c/controller_interfaces/srv/set_max_pizza__type_support.cpp.o[0m
[1.205s] [ 48%] [32mBuilding CXX object CMakeFiles/controller_interfaces__rosidl_typesupport_c.dir/rosidl_typesupport_c/controller_interfaces/srv/set_param__type_support.cpp.o[0m
[1.211s] [ 51%] [32mBuilding C object CMakeFiles/controller_interfaces__rosidl_typesupport_introspection_c.dir/rosidl_typesupport_introspection_c/controller_interfaces/srv/detail/set_param__type_support.c.o[0m
[1.212s] [ 53%] [32mBuilding C object CMakeFiles/controller_interfaces__rosidl_typesupport_introspection_c.dir/rosidl_typesupport_introspection_c/controller_interfaces/srv/detail/set_max_pizza__type_support.c.o[0m
[1.217s] [ 56%] [32mBuilding CXX object CMakeFiles/controller_interfaces__rosidl_typesupport_fastrtps_c.dir/rosidl_typesupport_fastrtps_c/controller_interfaces/srv/detail/set_max_pizza__type_support_c.cpp.o[0m
[1.218s] [ 58%] [32mBuilding CXX object CMakeFiles/controller_interfaces__rosidl_typesupport_fastrtps_c.dir/rosidl_typesupport_fastrtps_c/controller_interfaces/srv/detail/set_param__type_support_c.cpp.o[0m
[1.231s] [ 61%] [32m[1mLinking CXX shared library libcontroller_interfaces__rosidl_typesupport_c.so[0m
[1.235s] [ 64%] [32m[1mLinking C shared library libcontroller_interfaces__rosidl_typesupport_introspection_c.so[0m
[1.258s] [ 64%] Built target controller_interfaces__rosidl_typesupport_introspection_c
[1.261s] [ 64%] Built target controller_interfaces__rosidl_typesupport_c
[1.337s] [ 66%] [32m[1mLinking CXX shared library libcontroller_interfaces__rosidl_typesupport_cpp.so[0m
[1.366s] [ 66%] Built target controller_interfaces__rosidl_typesupport_cpp
[1.373s] [ 69%] [32m[1mLinking CXX shared library libcontroller_interfaces__rosidl_typesupport_introspection_cpp.so[0m
[1.410s] [ 69%] Built target controller_interfaces__rosidl_typesupport_introspection_cpp
[1.419s] [ 71%] [32m[1mLinking CXX shared library libcontroller_interfaces__rosidl_typesupport_fastrtps_c.so[0m
[1.422s] [ 74%] [32m[1mLinking CXX shared library libcontroller_interfaces__rosidl_typesupport_fastrtps_cpp.so[0m
[1.464s] [ 74%] Built target controller_interfaces__rosidl_typesupport_fastrtps_c
[1.465s] [ 74%] Built target controller_interfaces__rosidl_typesupport_fastrtps_cpp
[1.478s] [ 74%] Built target controller_interfaces
[1.494s] [ 76%] [34m[1mGenerating Python code for ROS interfaces[0m
[1.770s] [ 76%] Built target controller_interfaces__py
[1.782s] [ 79%] [32mBuilding C object CMakeFiles/controller_interfaces__rosidl_generator_py.dir/rosidl_generator_py/controller_interfaces/srv/_set_max_pizza_s.c.o[0m
[1.783s] [ 82%] [32mBuilding C object CMakeFiles/controller_interfaces__rosidl_generator_py.dir/rosidl_generator_py/controller_interfaces/srv/_set_param_s.c.o[0m
[1.840s] [ 84%] [32m[1mLinking C shared library rosidl_generator_py/controller_interfaces/libcontroller_interfaces__rosidl_generator_py.so[0m
[1.867s] [ 84%] Built target controller_interfaces__rosidl_generator_py
[1.884s] [ 87%] [32mBuilding C object CMakeFiles/controller_interfaces__rosidl_typesupport_c__pyext.dir/rosidl_generator_py/controller_interfaces/_controller_interfaces_s.ep.rosidl_typesupport_c.c.o[0m
[1.884s] [ 89%] [32mBuilding C object CMakeFiles/controller_interfaces__rosidl_typesupport_introspection_c__pyext.dir/rosidl_generator_py/controller_interfaces/_controller_interfaces_s.ep.rosidl_typesupport_introspection_c.c.o[0m
[1.885s] [ 92%] [32mBuilding C object CMakeFiles/controller_interfaces__rosidl_typesupport_fastrtps_c__pyext.dir/rosidl_generator_py/controller_interfaces/_controller_interfaces_s.ep.rosidl_typesupport_fastrtps_c.c.o[0m
[1.941s] [100%] [32m[1mLinking C shared library rosidl_generator_py/controller_interfaces/controller_interfaces_s__rosidl_typesupport_fastrtps_c.cpython-310-x86_64-linux-gnu.so[0m
[1.941s] [100%] [32m[1mLinking C shared library rosidl_generator_py/controller_interfaces/controller_interfaces_s__rosidl_typesupport_c.cpython-310-x86_64-linux-gnu.so[0m
[1.941s] [100%] [32m[1mLinking C shared library rosidl_generator_py/controller_interfaces/controller_interfaces_s__rosidl_typesupport_introspection_c.cpython-310-x86_64-linux-gnu.so[0m
[1.966s] [100%] Built target controller_interfaces__rosidl_typesupport_fastrtps_c__pyext
[1.966s] [100%] Built target controller_interfaces__rosidl_typesupport_introspection_c__pyext
[1.966s] [100%] Built target controller_interfaces__rosidl_typesupport_c__pyext
[1.972s] Invoked command in '/home/lworakan/Documents/GitHub/FRA502-LAB-6648v2/build/controller_interfaces' returned '0': CMAKE_PREFIX_PATH=${CMAKE_PREFIX_PATH}:/opt/ros/humble /usr/bin/cmake --build /home/lworakan/Documents/GitHub/FRA502-LAB-6648v2/build/controller_interfaces -- -j32 -l32
[1.974s] Invoking command in '/home/lworakan/Documents/GitHub/FRA502-LAB-6648v2/build/controller_interfaces': CMAKE_PREFIX_PATH=${CMAKE_PREFIX_PATH}:/opt/ros/humble /usr/bin/cmake --install /home/lworakan/Documents/GitHub/FRA502-LAB-6648v2/build/controller_interfaces
[1.980s] -- Install configuration: ""
[1.980s] -- Installing: /home/lworakan/Documents/GitHub/FRA502-LAB-6648v2/install/controller_interfaces/share/ament_index/resource_index/rosidl_interfaces/controller_interfaces
[1.980s] -- Installing: /home/lworakan/Documents/GitHub/FRA502-LAB-6648v2/install/controller_interfaces/include/controller_interfaces/controller_interfaces
[1.980s] -- Installing: /home/lworakan/Documents/GitHub/FRA502-LAB-6648v2/install/controller_interfaces/include/controller_interfaces/controller_interfaces/msg
[1.980s] -- Installing: /home/lworakan/Documents/GitHub/FRA502-LAB-6648v2/install/controller_interfaces/include/controller_interfaces/controller_interfaces/msg/rosidl_generator_c__visibility_control.h
[1.980s] -- Installing: /home/lworakan/Documents/GitHub/FRA502-LAB-6648v2/install/controller_interfaces/include/controller_interfaces/controller_interfaces/srv
[1.980s] -- Installing: /home/lworakan/Documents/GitHub/FRA502-LAB-6648v2/install/controller_interfaces/include/controller_interfaces/controller_interfaces/srv/detail
[1.980s] -- Installing: /home/lworakan/Documents/GitHub/FRA502-LAB-6648v2/install/controller_interfaces/include/controller_interfaces/controller_interfaces/srv/detail/set_param__functions.h
[1.981s] -- Installing: /home/lworakan/Documents/GitHub/FRA502-LAB-6648v2/install/controller_interfaces/include/controller_interfaces/controller_interfaces/srv/detail/set_max_pizza__struct.h
[1.981s] -- Installing: /home/lworakan/Documents/GitHub/FRA502-LAB-6648v2/install/controller_interfaces/include/controller_interfaces/controller_interfaces/srv/detail/set_param__struct.h
[1.981s] -- Installing: /home/lworakan/Documents/GitHub/FRA502-LAB-6648v2/install/controller_interfaces/include/controller_interfaces/controller_interfaces/srv/detail/set_param__functions.c
[1.981s] -- Installing: /home/lworakan/Documents/GitHub/FRA502-LAB-6648v2/install/controller_interfaces/include/controller_interfaces/controller_interfaces/srv/detail/set_max_pizza__functions.c
[1.981s] -- Installing: /home/lworakan/Documents/GitHub/FRA502-LAB-6648v2/install/controller_interfaces/include/controller_interfaces/controller_interfaces/srv/detail/set_max_pizza__type_support.h
[1.981s] -- Installing: /home/lworakan/Documents/GitHub/FRA502-LAB-6648v2/install/controller_interfaces/include/controller_interfaces/controller_interfaces/srv/detail/set_param__type_support.h
[1.981s] -- Installing: /home/lworakan/Documents/GitHub/FRA502-LAB-6648v2/install/controller_interfaces/include/controller_interfaces/controller_interfaces/srv/detail/set_max_pizza__functions.h
[1.981s] -- Installing: /home/lworakan/Documents/GitHub/FRA502-LAB-6648v2/install/controller_interfaces/include/controller_interfaces/controller_interfaces/srv/set_param.h
[1.981s] -- Installing: /home/lworakan/Documents/GitHub/FRA502-LAB-6648v2/install/controller_interfaces/include/controller_interfaces/controller_interfaces/srv/set_max_pizza.h
[1.981s] -- Installing: /home/lworakan/Documents/GitHub/FRA502-LAB-6648v2/install/controller_interfaces/share/controller_interfaces/environment/library_path.sh
[1.981s] -- Installing: /home/lworakan/Documents/GitHub/FRA502-LAB-6648v2/install/controller_interfaces/share/controller_interfaces/environment/library_path.dsv
[1.981s] -- Installing: /home/lworakan/Documents/GitHub/FRA502-LAB-6648v2/install/controller_interfaces/lib/libcontroller_interfaces__rosidl_generator_c.so
[1.981s] -- Set runtime path of "/home/lworakan/Documents/GitHub/FRA502-LAB-6648v2/install/controller_interfaces/lib/libcontroller_interfaces__rosidl_generator_c.so" to ""
[1.982s] -- Up-to-date: /home/lworakan/Documents/GitHub/FRA502-LAB-6648v2/install/controller_interfaces/include/controller_interfaces/controller_interfaces
[1.982s] -- Up-to-date: /home/lworakan/Documents/GitHub/FRA502-LAB-6648v2/install/controller_interfaces/include/controller_interfaces/controller_interfaces/msg
[1.982s] -- Installing: /home/lworakan/Documents/GitHub/FRA502-LAB-6648v2/install/controller_interfaces/include/controller_interfaces/controller_interfaces/msg/rosidl_typesupport_fastrtps_c__visibility_control.h
[1.982s] -- Up-to-date: /home/lworakan/Documents/GitHub/FRA502-LAB-6648v2/install/controller_interfaces/include/controller_interfaces/controller_interfaces/srv
[1.982s] -- Up-to-date: /home/lworakan/Documents/GitHub/FRA502-LAB-6648v2/install/controller_interfaces/include/controller_interfaces/controller_interfaces/srv/detail
[1.982s] -- Installing: /home/lworakan/Documents/GitHub/FRA502-LAB-6648v2/install/controller_interfaces/include/controller_interfaces/controller_interfaces/srv/detail/set_param__rosidl_typesupport_fastrtps_c.h
[1.982s] -- Installing: /home/lworakan/Documents/GitHub/FRA502-LAB-6648v2/install/controller_interfaces/include/controller_interfaces/controller_interfaces/srv/detail/set_max_pizza__rosidl_typesupport_fastrtps_c.h
[1.982s] -- Installing: /home/lworakan/Documents/GitHub/FRA502-LAB-6648v2/install/controller_interfaces/lib/libcontroller_interfaces__rosidl_typesupport_fastrtps_c.so
[1.982s] -- Set runtime path of "/home/lworakan/Documents/GitHub/FRA502-LAB-6648v2/install/controller_interfaces/lib/libcontroller_interfaces__rosidl_typesupport_fastrtps_c.so" to ""
[1.982s] -- Up-to-date: /home/lworakan/Documents/GitHub/FRA502-LAB-6648v2/install/controller_interfaces/include/controller_interfaces/controller_interfaces
[1.982s] -- Up-to-date: /home/lworakan/Documents/GitHub/FRA502-LAB-6648v2/install/controller_interfaces/include/controller_interfaces/controller_interfaces/msg
[1.982s] -- Installing: /home/lworakan/Documents/GitHub/FRA502-LAB-6648v2/install/controller_interfaces/include/controller_interfaces/controller_interfaces/msg/rosidl_generator_cpp__visibility_control.hpp
[1.982s] -- Up-to-date: /home/lworakan/Documents/GitHub/FRA502-LAB-6648v2/install/controller_interfaces/include/controller_interfaces/controller_interfaces/srv
[1.982s] -- Up-to-date: /home/lworakan/Documents/GitHub/FRA502-LAB-6648v2/install/controller_interfaces/include/controller_interfaces/controller_interfaces/srv/detail
[1.982s] -- Installing: /home/lworakan/Documents/GitHub/FRA502-LAB-6648v2/install/controller_interfaces/include/controller_interfaces/controller_interfaces/srv/detail/set_max_pizza__struct.hpp
[1.982s] -- Installing: /home/lworakan/Documents/GitHub/FRA502-LAB-6648v2/install/controller_interfaces/include/controller_interfaces/controller_interfaces/srv/detail/set_param__builder.hpp
[1.982s] -- Installing: /home/lworakan/Documents/GitHub/FRA502-LAB-6648v2/install/controller_interfaces/include/controller_interfaces/controller_interfaces/srv/detail/set_param__traits.hpp
[1.982s] -- Installing: /home/lworakan/Documents/GitHub/FRA502-LAB-6648v2/install/controller_interfaces/include/controller_interfaces/controller_interfaces/srv/detail/set_max_pizza__builder.hpp
[1.982s] -- Installing: /home/lworakan/Documents/GitHub/FRA502-LAB-6648v2/install/controller_interfaces/include/controller_interfaces/controller_interfaces/srv/detail/set_param__type_support.hpp
[1.982s] -- Installing: /home/lworakan/Documents/GitHub/FRA502-LAB-6648v2/install/controller_interfaces/include/controller_interfaces/controller_interfaces/srv/detail/set_max_pizza__traits.hpp
[1.982s] -- Installing: /home/lworakan/Documents/GitHub/FRA502-LAB-6648v2/install/controller_interfaces/include/controller_interfaces/controller_interfaces/srv/detail/set_param__struct.hpp
[1.982s] -- Installing: /home/lworakan/Documents/GitHub/FRA502-LAB-6648v2/install/controller_interfaces/include/controller_interfaces/controller_interfaces/srv/detail/set_max_pizza__type_support.hpp
[1.982s] -- Installing: /home/lworakan/Documents/GitHub/FRA502-LAB-6648v2/install/controller_interfaces/include/controller_interfaces/controller_interfaces/srv/set_param.hpp
[1.982s] -- Installing: /home/lworakan/Documents/GitHub/FRA502-LAB-6648v2/install/controller_interfaces/include/controller_interfaces/controller_interfaces/srv/set_max_pizza.hpp
[1.982s] -- Up-to-date: /home/lworakan/Documents/GitHub/FRA502-LAB-6648v2/install/controller_interfaces/include/controller_interfaces/controller_interfaces
[1.982s] -- Up-to-date: /home/lworakan/Documents/GitHub/FRA502-LAB-6648v2/install/controller_interfaces/include/controller_interfaces/controller_interfaces/msg
[1.983s] -- Installing: /home/lworakan/Documents/GitHub/FRA502-LAB-6648v2/install/controller_interfaces/include/controller_interfaces/controller_interfaces/msg/rosidl_typesupport_fastrtps_cpp__visibility_control.h
[1.983s] -- Up-to-date: /home/lworakan/Documents/GitHub/FRA502-LAB-6648v2/install/controller_interfaces/include/controller_interfaces/controller_interfaces/srv
[1.983s] -- Up-to-date: /home/lworakan/Documents/GitHub/FRA502-LAB-6648v2/install/controller_interfaces/include/controller_interfaces/controller_interfaces/srv/detail
[1.983s] -- Installing: /home/lworakan/Documents/GitHub/FRA502-LAB-6648v2/install/controller_interfaces/include/controller_interfaces/controller_interfaces/srv/detail/set_param__rosidl_typesupport_fastrtps_cpp.hpp
[1.983s] -- Installing: /home/lworakan/Documents/GitHub/FRA502-LAB-6648v2/install/controller_interfaces/include/controller_interfaces/controller_interfaces/srv/detail/dds_fastrtps
[1.983s] -- Installing: /home/lworakan/Documents/GitHub/FRA502-LAB-6648v2/install/controller_interfaces/include/controller_interfaces/controller_interfaces/srv/detail/set_max_pizza__rosidl_typesupport_fastrtps_cpp.hpp
[1.983s] -- Installing: /home/lworakan/Documents/GitHub/FRA502-LAB-6648v2/install/controller_interfaces/lib/libcontroller_interfaces__rosidl_typesupport_fastrtps_cpp.so
[1.983s] -- Set runtime path of "/home/lworakan/Documents/GitHub/FRA502-LAB-6648v2/install/controller_interfaces/lib/libcontroller_interfaces__rosidl_typesupport_fastrtps_cpp.so" to ""
[1.983s] -- Up-to-date: /home/lworakan/Documents/GitHub/FRA502-LAB-6648v2/install/controller_interfaces/include/controller_interfaces/controller_interfaces
[1.983s] -- Up-to-date: /home/lworakan/Documents/GitHub/FRA502-LAB-6648v2/install/controller_interfaces/include/controller_interfaces/controller_interfaces/msg
[1.983s] -- Installing: /home/lworakan/Documents/GitHub/FRA502-LAB-6648v2/install/controller_interfaces/include/controller_interfaces/controller_interfaces/msg/rosidl_typesupport_introspection_c__visibility_control.h
[1.983s] -- Up-to-date: /home/lworakan/Documents/GitHub/FRA502-LAB-6648v2/install/controller_interfaces/include/controller_interfaces/controller_interfaces/srv
[1.983s] -- Up-to-date: /home/lworakan/Documents/GitHub/FRA502-LAB-6648v2/install/controller_interfaces/include/controller_interfaces/controller_interfaces/srv/detail
[1.983s] -- Installing: /home/lworakan/Documents/GitHub/FRA502-LAB-6648v2/install/controller_interfaces/include/controller_interfaces/controller_interfaces/srv/detail/set_max_pizza__type_support.c
[1.983s] -- Installing: /home/lworakan/Documents/GitHub/FRA502-LAB-6648v2/install/controller_interfaces/include/controller_interfaces/controller_interfaces/srv/detail/set_param__type_support.c
[1.983s] -- Installing: /home/lworakan/Documents/GitHub/FRA502-LAB-6648v2/install/controller_interfaces/include/controller_interfaces/controller_interfaces/srv/detail/set_max_pizza__rosidl_typesupport_introspection_c.h
[1.983s] -- Installing: /home/lworakan/Documents/GitHub/FRA502-LAB-6648v2/install/controller_interfaces/include/controller_interfaces/controller_interfaces/srv/detail/set_param__rosidl_typesupport_introspection_c.h
[1.983s] -- Installing: /home/lworakan/Documents/GitHub/FRA502-LAB-6648v2/install/controller_interfaces/lib/libcontroller_interfaces__rosidl_typesupport_introspection_c.so
[1.983s] -- Set runtime path of "/home/lworakan/Documents/GitHub/FRA502-LAB-6648v2/install/controller_interfaces/lib/libcontroller_interfaces__rosidl_typesupport_introspection_c.so" to ""
[1.983s] -- Installing: /home/lworakan/Documents/GitHub/FRA502-LAB-6648v2/install/controller_interfaces/lib/libcontroller_interfaces__rosidl_typesupport_c.so
[1.983s] -- Set runtime path of "/home/lworakan/Documents/GitHub/FRA502-LAB-6648v2/install/controller_interfaces/lib/libcontroller_interfaces__rosidl_typesupport_c.so" to ""
[1.983s] -- Up-to-date: /home/lworakan/Documents/GitHub/FRA502-LAB-6648v2/install/controller_interfaces/include/controller_interfaces/controller_interfaces
[1.983s] -- Up-to-date: /home/lworakan/Documents/GitHub/FRA502-LAB-6648v2/install/controller_interfaces/include/controller_interfaces/controller_interfaces/srv
[1.983s] -- Up-to-date: /home/lworakan/Documents/GitHub/FRA502-LAB-6648v2/install/controller_interfaces/include/controller_interfaces/controller_interfaces/srv/detail
[1.984s] -- Installing: /home/lworakan/Documents/GitHub/FRA502-LAB-6648v2/install/controller_interfaces/include/controller_interfaces/controller_interfaces/srv/detail/set_max_pizza__rosidl_typesupport_introspection_cpp.hpp
[1.984s] -- Installing: /home/lworakan/Documents/GitHub/FRA502-LAB-6648v2/install/controller_interfaces/include/controller_interfaces/controller_interfaces/srv/detail/set_param__type_support.cpp
[1.984s] -- Installing: /home/lworakan/Documents/GitHub/FRA502-LAB-6648v2/install/controller_interfaces/include/controller_interfaces/controller_interfaces/srv/detail/set_max_pizza__type_support.cpp
[1.984s] -- Installing: /home/lworakan/Documents/GitHub/FRA502-LAB-6648v2/install/controller_interfaces/include/controller_interfaces/controller_interfaces/srv/detail/set_param__rosidl_typesupport_introspection_cpp.hpp
[1.984s] -- Installing: /home/lworakan/Documents/GitHub/FRA502-LAB-6648v2/install/controller_interfaces/lib/libcontroller_interfaces__rosidl_typesupport_introspection_cpp.so
[1.984s] -- Set runtime path of "/home/lworakan/Documents/GitHub/FRA502-LAB-6648v2/install/controller_interfaces/lib/libcontroller_interfaces__rosidl_typesupport_introspection_cpp.so" to ""
[1.984s] -- Installing: /home/lworakan/Documents/GitHub/FRA502-LAB-6648v2/install/controller_interfaces/lib/libcontroller_interfaces__rosidl_typesupport_cpp.so
[1.984s] -- Set runtime path of "/home/lworakan/Documents/GitHub/FRA502-LAB-6648v2/install/controller_interfaces/lib/libcontroller_interfaces__rosidl_typesupport_cpp.so" to ""
[1.984s] -- Installing: /home/lworakan/Documents/GitHub/FRA502-LAB-6648v2/install/controller_interfaces/share/controller_interfaces/environment/pythonpath.sh
[1.984s] -- Installing: /home/lworakan/Documents/GitHub/FRA502-LAB-6648v2/install/controller_interfaces/share/controller_interfaces/environment/pythonpath.dsv
[1.984s] -- Installing: /home/lworakan/Documents/GitHub/FRA502-LAB-6648v2/install/controller_interfaces/local/lib/python3.10/dist-packages/controller_interfaces-0.0.0-py3.10.egg-info
[1.984s] -- Installing: /home/lworakan/Documents/GitHub/FRA502-LAB-6648v2/install/controller_interfaces/local/lib/python3.10/dist-packages/controller_interfaces-0.0.0-py3.10.egg-info/SOURCES.txt
[1.984s] -- Installing: /home/lworakan/Documents/GitHub/FRA502-LAB-6648v2/install/controller_interfaces/local/lib/python3.10/dist-packages/controller_interfaces-0.0.0-py3.10.egg-info/top_level.txt
[1.984s] -- Installing: /home/lworakan/Documents/GitHub/FRA502-LAB-6648v2/install/controller_interfaces/local/lib/python3.10/dist-packages/controller_interfaces-0.0.0-py3.10.egg-info/PKG-INFO
[1.984s] -- Installing: /home/lworakan/Documents/GitHub/FRA502-LAB-6648v2/install/controller_interfaces/local/lib/python3.10/dist-packages/controller_interfaces-0.0.0-py3.10.egg-info/dependency_links.txt
[1.984s] -- Installing: /home/lworakan/Documents/GitHub/FRA502-LAB-6648v2/install/controller_interfaces/local/lib/python3.10/dist-packages/controller_interfaces
[1.984s] -- Installing: /home/lworakan/Documents/GitHub/FRA502-LAB-6648v2/install/controller_interfaces/local/lib/python3.10/dist-packages/controller_interfaces/_controller_interfaces_s.ep.rosidl_typesupport_fastrtps_c.c
[1.984s] -- Installing: /home/lworakan/Documents/GitHub/FRA502-LAB-6648v2/install/controller_interfaces/local/lib/python3.10/dist-packages/controller_interfaces/libcontroller_interfaces__rosidl_generator_py.so
[1.984s] -- Installing: /home/lworakan/Documents/GitHub/FRA502-LAB-6648v2/install/controller_interfaces/local/lib/python3.10/dist-packages/controller_interfaces/controller_interfaces_s__rosidl_typesupport_c.cpython-310-x86_64-linux-gnu.so
[1.984s] -- Installing: /home/lworakan/Documents/GitHub/FRA502-LAB-6648v2/install/controller_interfaces/local/lib/python3.10/dist-packages/controller_interfaces/controller_interfaces_s__rosidl_typesupport_fastrtps_c.cpython-310-x86_64-linux-gnu.so
[1.984s] -- Installing: /home/lworakan/Documents/GitHub/FRA502-LAB-6648v2/install/controller_interfaces/local/lib/python3.10/dist-packages/controller_interfaces/_controller_interfaces_s.ep.rosidl_typesupport_introspection_c.c
[1.984s] -- Installing: /home/lworakan/Documents/GitHub/FRA502-LAB-6648v2/install/controller_interfaces/local/lib/python3.10/dist-packages/controller_interfaces/_controller_interfaces_s.ep.rosidl_typesupport_c.c
[1.984s] -- Installing: /home/lworakan/Documents/GitHub/FRA502-LAB-6648v2/install/controller_interfaces/local/lib/python3.10/dist-packages/controller_interfaces/srv
[1.984s] -- Installing: /home/lworakan/Documents/GitHub/FRA502-LAB-6648v2/install/controller_interfaces/local/lib/python3.10/dist-packages/controller_interfaces/srv/_set_max_pizza_s.c
[1.985s] -- Installing: /home/lworakan/Documents/GitHub/FRA502-LAB-6648v2/install/controller_interfaces/local/lib/python3.10/dist-packages/controller_interfaces/srv/_set_max_pizza.py
[1.985s] -- Installing: /home/lworakan/Documents/GitHub/FRA502-LAB-6648v2/install/controller_interfaces/local/lib/python3.10/dist-packages/controller_interfaces/srv/_set_param_s.c
[1.985s] -- Installing: /home/lworakan/Documents/GitHub/FRA502-LAB-6648v2/install/controller_interfaces/local/lib/python3.10/dist-packages/controller_interfaces/srv/_set_param.py
[1.985s] -- Installing: /home/lworakan/Documents/GitHub/FRA502-LAB-6648v2/install/controller_interfaces/local/lib/python3.10/dist-packages/controller_interfaces/srv/__init__.py
[1.985s] -- Installing: /home/lworakan/Documents/GitHub/FRA502-LAB-6648v2/install/controller_interfaces/local/lib/python3.10/dist-packages/controller_interfaces/__init__.py
[1.985s] -- Installing: /home/lworakan/Documents/GitHub/FRA502-LAB-6648v2/install/controller_interfaces/local/lib/python3.10/dist-packages/controller_interfaces/controller_interfaces_s__rosidl_typesupport_introspection_c.cpython-310-x86_64-linux-gnu.so
[2.007s] Listing '/home/lworakan/Documents/GitHub/FRA502-LAB-6648v2/install/controller_interfaces/local/lib/python3.10/dist-packages/controller_interfaces'...
[2.007s] Compiling '/home/lworakan/Documents/GitHub/FRA502-LAB-6648v2/install/controller_interfaces/local/lib/python3.10/dist-packages/controller_interfaces/__init__.py'...
[2.007s] Listing '/home/lworakan/Documents/GitHub/FRA502-LAB-6648v2/install/controller_interfaces/local/lib/python3.10/dist-packages/controller_interfaces/srv'...
[2.007s] Compiling '/home/lworakan/Documents/GitHub/FRA502-LAB-6648v2/install/controller_interfaces/local/lib/python3.10/dist-packages/controller_interfaces/srv/__init__.py'...
[2.008s] Compiling '/home/lworakan/Documents/GitHub/FRA502-LAB-6648v2/install/controller_interfaces/local/lib/python3.10/dist-packages/controller_interfaces/srv/_set_max_pizza.py'...
[2.008s] Compiling '/home/lworakan/Documents/GitHub/FRA502-LAB-6648v2/install/controller_interfaces/local/lib/python3.10/dist-packages/controller_interfaces/srv/_set_param.py'...
[2.010s] -- Installing: /home/lworakan/Documents/GitHub/FRA502-LAB-6648v2/install/controller_interfaces/local/lib/python3.10/dist-packages/controller_interfaces/controller_interfaces_s__rosidl_typesupport_fastrtps_c.cpython-310-x86_64-linux-gnu.so
[2.010s] -- Set runtime path of "/home/lworakan/Documents/GitHub/FRA502-LAB-6648v2/install/controller_interfaces/local/lib/python3.10/dist-packages/controller_interfaces/controller_interfaces_s__rosidl_typesupport_fastrtps_c.cpython-310-x86_64-linux-gnu.so" to ""
[2.010s] -- Installing: /home/lworakan/Documents/GitHub/FRA502-LAB-6648v2/install/controller_interfaces/local/lib/python3.10/dist-packages/controller_interfaces/controller_interfaces_s__rosidl_typesupport_introspection_c.cpython-310-x86_64-linux-gnu.so
[2.010s] -- Set runtime path of "/home/lworakan/Documents/GitHub/FRA502-LAB-6648v2/install/controller_interfaces/local/lib/python3.10/dist-packages/controller_interfaces/controller_interfaces_s__rosidl_typesupport_introspection_c.cpython-310-x86_64-linux-gnu.so" to ""
[2.010s] -- Installing: /home/lworakan/Documents/GitHub/FRA502-LAB-6648v2/install/controller_interfaces/local/lib/python3.10/dist-packages/controller_interfaces/controller_interfaces_s__rosidl_typesupport_c.cpython-310-x86_64-linux-gnu.so
[2.010s] -- Set runtime path of "/home/lworakan/Documents/GitHub/FRA502-LAB-6648v2/install/controller_interfaces/local/lib/python3.10/dist-packages/controller_interfaces/controller_interfaces_s__rosidl_typesupport_c.cpython-310-x86_64-linux-gnu.so" to ""
[2.010s] -- Installing: /home/lworakan/Documents/GitHub/FRA502-LAB-6648v2/install/controller_interfaces/lib/libcontroller_interfaces__rosidl_generator_py.so
[2.010s] -- Set runtime path of "/home/lworakan/Documents/GitHub/FRA502-LAB-6648v2/install/controller_interfaces/lib/libcontroller_interfaces__rosidl_generator_py.so" to ""
[2.010s] -- Installing: /home/lworakan/Documents/GitHub/FRA502-LAB-6648v2/install/controller_interfaces/share/controller_interfaces/srv/SetMaxPizza.idl
[2.010s] -- Installing: /home/lworakan/Documents/GitHub/FRA502-LAB-6648v2/install/controller_interfaces/share/controller_interfaces/srv/SetParam.idl
[2.011s] -- Installing: /home/lworakan/Documents/GitHub/FRA502-LAB-6648v2/install/controller_interfaces/share/controller_interfaces/srv/SetMaxPizza.srv
[2.011s] -- Installing: /home/lworakan/Documents/GitHub/FRA502-LAB-6648v2/install/controller_interfaces/share/controller_interfaces/srv/SetMaxPizza_Request.msg
[2.011s] -- Installing: /home/lworakan/Documents/GitHub/FRA502-LAB-6648v2/install/controller_interfaces/share/controller_interfaces/srv/SetMaxPizza_Response.msg
[2.011s] -- Installing: /home/lworakan/Documents/GitHub/FRA502-LAB-6648v2/install/controller_interfaces/share/controller_interfaces/srv/SetParam.srv
[2.011s] -- Installing: /home/lworakan/Documents/GitHub/FRA502-LAB-6648v2/install/controller_interfaces/share/controller_interfaces/srv/SetParam_Request.msg
[2.011s] -- Installing: /home/lworakan/Documents/GitHub/FRA502-LAB-6648v2/install/controller_interfaces/share/controller_interfaces/srv/SetParam_Response.msg
[2.011s] -- Installing: /home/lworakan/Documents/GitHub/FRA502-LAB-6648v2/install/controller_interfaces/share/ament_index/resource_index/package_run_dependencies/controller_interfaces
[2.011s] -- Up-to-date: /home/lworakan/Documents/GitHub/FRA502-LAB-6648v2/install/controller_interfaces/share/ament_index/resource_index/parent_prefix_path/controller_interfaces
[2.011s] -- Up-to-date: /home/lworakan/Documents/GitHub/FRA502-LAB-6648v2/install/controller_interfaces/share/controller_interfaces/environment/ament_prefix_path.sh
[2.011s] -- Installing: /home/lworakan/Documents/GitHub/FRA502-LAB-6648v2/install/controller_interfaces/share/controller_interfaces/environment/ament_prefix_path.dsv
[2.011s] -- Up-to-date: /home/lworakan/Documents/GitHub/FRA502-LAB-6648v2/install/controller_interfaces/share/controller_interfaces/environment/path.sh
[2.011s] -- Installing: /home/lworakan/Documents/GitHub/FRA502-LAB-6648v2/install/controller_interfaces/share/controller_interfaces/environment/path.dsv
[2.011s] -- Up-to-date: /home/lworakan/Documents/GitHub/FRA502-LAB-6648v2/install/controller_interfaces/share/controller_interfaces/local_setup.bash
[2.011s] -- Installing: /home/lworakan/Documents/GitHub/FRA502-LAB-6648v2/install/controller_interfaces/share/controller_interfaces/local_setup.sh
[2.011s] -- Up-to-date: /home/lworakan/Documents/GitHub/FRA502-LAB-6648v2/install/controller_interfaces/share/controller_interfaces/local_setup.zsh
[2.011s] -- Installing: /home/lworakan/Documents/GitHub/FRA502-LAB-6648v2/install/controller_interfaces/share/controller_interfaces/local_setup.dsv
[2.011s] -- Installing: /home/lworakan/Documents/GitHub/FRA502-LAB-6648v2/install/controller_interfaces/share/controller_interfaces/package.dsv
[2.012s] -- Up-to-date: /home/lworakan/Documents/GitHub/FRA502-LAB-6648v2/install/controller_interfaces/share/ament_index/resource_index/packages/controller_interfaces
[2.012s] -- Installing: /home/lworakan/Documents/GitHub/FRA502-LAB-6648v2/install/controller_interfaces/share/controller_interfaces/cmake/export_controller_interfaces__rosidl_generator_cExport.cmake
[2.012s] -- Installing: /home/lworakan/Documents/GitHub/FRA502-LAB-6648v2/install/controller_interfaces/share/controller_interfaces/cmake/export_controller_interfaces__rosidl_generator_cExport-noconfig.cmake
[2.012s] -- Installing: /home/lworakan/Documents/GitHub/FRA502-LAB-6648v2/install/controller_interfaces/share/controller_interfaces/cmake/export_controller_interfaces__rosidl_typesupport_fastrtps_cExport.cmake
[2.012s] -- Installing: /home/lworakan/Documents/GitHub/FRA502-LAB-6648v2/install/controller_interfaces/share/controller_interfaces/cmake/export_controller_interfaces__rosidl_typesupport_fastrtps_cExport-noconfig.cmake
[2.012s] -- Installing: /home/lworakan/Documents/GitHub/FRA502-LAB-6648v2/install/controller_interfaces/share/controller_interfaces/cmake/export_controller_interfaces__rosidl_generator_cppExport.cmake
[2.012s] -- Installing: /home/lworakan/Documents/GitHub/FRA502-LAB-6648v2/install/controller_interfaces/share/controller_interfaces/cmake/export_controller_interfaces__rosidl_typesupport_fastrtps_cppExport.cmake
[2.012s] -- Installing: /home/lworakan/Documents/GitHub/FRA502-LAB-6648v2/install/controller_interfaces/share/controller_interfaces/cmake/export_controller_interfaces__rosidl_typesupport_fastrtps_cppExport-noconfig.cmake
[2.012s] -- Installing: /home/lworakan/Documents/GitHub/FRA502-LAB-6648v2/install/controller_interfaces/share/controller_interfaces/cmake/controller_interfaces__rosidl_typesupport_introspection_cExport.cmake
[2.012s] -- Installing: /home/lworakan/Documents/GitHub/FRA502-LAB-6648v2/install/controller_interfaces/share/controller_interfaces/cmake/controller_interfaces__rosidl_typesupport_introspection_cExport-noconfig.cmake
[2.012s] -- Installing: /home/lworakan/Documents/GitHub/FRA502-LAB-6648v2/install/controller_interfaces/share/controller_interfaces/cmake/controller_interfaces__rosidl_typesupport_cExport.cmake
[2.012s] -- Installing: /home/lworakan/Documents/GitHub/FRA502-LAB-6648v2/install/controller_interfaces/share/controller_interfaces/cmake/controller_interfaces__rosidl_typesupport_cExport-noconfig.cmake
[2.012s] -- Installing: /home/lworakan/Documents/GitHub/FRA502-LAB-6648v2/install/controller_interfaces/share/controller_interfaces/cmake/controller_interfaces__rosidl_typesupport_introspection_cppExport.cmake
[2.012s] -- Installing: /home/lworakan/Documents/GitHub/FRA502-LAB-6648v2/install/controller_interfaces/share/controller_interfaces/cmake/controller_interfaces__rosidl_typesupport_introspection_cppExport-noconfig.cmake
[2.012s] -- Installing: /home/lworakan/Documents/GitHub/FRA502-LAB-6648v2/install/controller_interfaces/share/controller_interfaces/cmake/controller_interfaces__rosidl_typesupport_cppExport.cmake
[2.013s] -- Installing: /home/lworakan/Documents/GitHub/FRA502-LAB-6648v2/install/controller_interfaces/share/controller_interfaces/cmake/controller_interfaces__rosidl_typesupport_cppExport-noconfig.cmake
[2.013s] -- Installing: /home/lworakan/Documents/GitHub/FRA502-LAB-6648v2/install/controller_interfaces/share/controller_interfaces/cmake/export_controller_interfaces__rosidl_generator_pyExport.cmake
[2.013s] -- Installing: /home/lworakan/Documents/GitHub/FRA502-LAB-6648v2/install/controller_interfaces/share/controller_interfaces/cmake/export_controller_interfaces__rosidl_generator_pyExport-noconfig.cmake
[2.013s] -- Installing: /home/lworakan/Documents/GitHub/FRA502-LAB-6648v2/install/controller_interfaces/share/controller_interfaces/cmake/rosidl_cmake-extras.cmake
[2.013s] -- Installing: /home/lworakan/Documents/GitHub/FRA502-LAB-6648v2/install/controller_interfaces/share/controller_interfaces/cmake/ament_cmake_export_dependencies-extras.cmake
[2.013s] -- Installing: /home/lworakan/Documents/GitHub/FRA502-LAB-6648v2/install/controller_interfaces/share/controller_interfaces/cmake/ament_cmake_export_include_directories-extras.cmake
[2.013s] -- Installing: /home/lworakan/Documents/GitHub/FRA502-LAB-6648v2/install/controller_interfaces/share/controller_interfaces/cmake/ament_cmake_export_libraries-extras.cmake
[2.013s] -- Installing: /home/lworakan/Documents/GitHub/FRA502-LAB-6648v2/install/controller_interfaces/share/controller_interfaces/cmake/ament_cmake_export_targets-extras.cmake
[2.013s] -- Installing: /home/lworakan/Documents/GitHub/FRA502-LAB-6648v2/install/controller_interfaces/share/controller_interfaces/cmake/rosidl_cmake_export_typesupport_targets-extras.cmake
[2.013s] -- Installing: /home/lworakan/Documents/GitHub/FRA502-LAB-6648v2/install/controller_interfaces/share/controller_interfaces/cmake/rosidl_cmake_export_typesupport_libraries-extras.cmake
[2.013s] -- Installing: /home/lworakan/Documents/GitHub/FRA502-LAB-6648v2/install/controller_interfaces/share/controller_interfaces/cmake/controller_interfacesConfig.cmake
[2.013s] -- Up-to-date: /home/lworakan/Documents/GitHub/FRA502-LAB-6648v2/install/controller_interfaces/share/controller_interfaces/cmake/controller_interfacesConfig-version.cmake
[2.013s] -- Installing: /home/lworakan/Documents/GitHub/FRA502-LAB-6648v2/install/controller_interfaces/share/controller_interfaces/package.xml
[2.015s] Invoked command in '/home/lworakan/Documents/GitHub/FRA502-LAB-6648v2/build/controller_interfaces' returned '0': CMAKE_PREFIX_PATH=${CMAKE_PREFIX_PATH}:/opt/ros/humble /usr/bin/cmake --install /home/lworakan/Documents/GitHub/FRA502-LAB-6648v2/build/controller_interfaces
