[0.008s] Invoking command in '/home/lworakan/Documents/GitHub/FRA502-LAB-6648v2/build/turtlesim_plus_interfaces': CMAKE_PREFIX_PATH=${CMAKE_PREFIX_PATH}:/opt/ros/humble /usr/bin/cmake --build /home/lworakan/Documents/GitHub/FRA502-LAB-6648v2/build/turtlesim_plus_interfaces -- -j32 -l32
[0.025s] -- Found ament_cmake: 1.3.12 (/opt/ros/humble/share/ament_cmake/cmake)
[0.107s] -- Found ament_lint_auto: 0.12.14 (/opt/ros/humble/share/ament_lint_auto/cmake)
[0.165s] -- Found rosidl_default_generators: 1.2.0 (/opt/ros/humble/share/rosidl_default_generators/cmake)
[0.166s] -- Using all available rosidl_typesupport_c: rosidl_typesupport_fastrtps_c;rosidl_typesupport_introspection_c
[0.168s] -- Found rosidl_adapter: 3.1.7 (/opt/ros/humble/share/rosidl_adapter/cmake)
[0.187s] -- Using all available rosidl_typesupport_cpp: rosidl_typesupport_fastrtps_cpp;rosidl_typesupport_introspection_cpp
[0.364s] -- Found ament_cmake_ros: 0.10.0 (/opt/ros/humble/share/ament_cmake_ros/cmake)
[0.475s] -- Using all available rosidl_typesupport_c: rosidl_typesupport_fastrtps_c;rosidl_typesupport_introspection_c
[0.618s] -- Using all available rosidl_typesupport_cpp: rosidl_typesupport_fastrtps_cpp;rosidl_typesupport_introspection_cpp
[0.630s] -- Found python_cmake_module: 0.10.0 (/opt/ros/humble/share/python_cmake_module/cmake)
[0.645s] -- Using PYTHON_EXECUTABLE: /usr/bin/python3
[0.645s] -- Using PYTHON_INCLUDE_DIRS: /usr/include/python3.10
[0.645s] -- Using PYTHON_LIBRARIES: /usr/lib/x86_64-linux-gnu/libpython3.10.so
[0.659s] -- Added test 'lint_cmake' to check CMake code style
[0.659s] -- Added test 'xmllint' to check XML markup files
[0.660s] -- Configuring done
[0.680s] -- Generating done
[0.688s] -- Build files have been written to: /home/lworakan/Documents/GitHub/FRA502-LAB-6648v2/build/turtlesim_plus_interfaces
[0.709s] Consolidate compiler generated dependencies of target turtlesim_plus_interfaces__rosidl_generator_c
[0.715s] [  1%] Built target turtlesim_plus_interfaces__cpp
[0.717s] [ 12%] Built target turtlesim_plus_interfaces__rosidl_generator_c
[0.719s] [ 12%] Built target ament_cmake_python_copy_turtlesim_plus_interfaces
[0.725s] Consolidate compiler generated dependencies of target turtlesim_plus_interfaces__rosidl_typesupport_cpp
[0.727s] Consolidate compiler generated dependencies of target turtlesim_plus_interfaces__rosidl_typesupport_fastrtps_cpp
[0.727s] Consolidate compiler generated dependencies of target turtlesim_plus_interfaces__rosidl_typesupport_c
[0.727s] Consolidate compiler generated dependencies of target turtlesim_plus_interfaces__rosidl_typesupport_fastrtps_c
[0.727s] Consolidate compiler generated dependencies of target turtlesim_plus_interfaces__rosidl_typesupport_introspection_c
[0.727s] Consolidate compiler generated dependencies of target turtlesim_plus_interfaces__rosidl_typesupport_introspection_cpp
[0.732s] [ 23%] Built target turtlesim_plus_interfaces__rosidl_typesupport_cpp
[0.734s] [ 34%] Built target turtlesim_plus_interfaces__rosidl_typesupport_c
[0.735s] [ 45%] Built target turtlesim_plus_interfaces__rosidl_typesupport_fastrtps_cpp
[0.735s] [ 56%] Built target turtlesim_plus_interfaces__rosidl_typesupport_fastrtps_c
[0.735s] [ 67%] Built target turtlesim_plus_interfaces__rosidl_typesupport_introspection_cpp
[0.736s] [ 78%] Built target turtlesim_plus_interfaces__rosidl_typesupport_introspection_c
[0.749s] [ 78%] Built target turtlesim_plus_interfaces
[0.764s] [ 80%] Built target turtlesim_plus_interfaces__py
[0.775s] Consolidate compiler generated dependencies of target turtlesim_plus_interfaces__rosidl_generator_py
[0.784s] [ 89%] Built target turtlesim_plus_interfaces__rosidl_generator_py
[0.795s] Consolidate compiler generated dependencies of target turtlesim_plus_interfaces__rosidl_typesupport_fastrtps_c__pyext
[0.795s] Consolidate compiler generated dependencies of target turtlesim_plus_interfaces__rosidl_typesupport_c__pyext
[0.795s] Consolidate compiler generated dependencies of target turtlesim_plus_interfaces__rosidl_typesupport_introspection_c__pyext
[0.804s] [ 98%] Built target turtlesim_plus_interfaces__rosidl_typesupport_introspection_c__pyext
[0.805s] [ 98%] Built target turtlesim_plus_interfaces__rosidl_typesupport_fastrtps_c__pyext
[0.805s] [100%] Built target turtlesim_plus_interfaces__rosidl_typesupport_c__pyext
[0.853s] running egg_info
[0.864s] writing turtlesim_plus_interfaces.egg-info/PKG-INFO
[0.865s] writing dependency_links to turtlesim_plus_interfaces.egg-info/dependency_links.txt
[0.865s] writing top-level names to turtlesim_plus_interfaces.egg-info/top_level.txt
[0.898s] reading manifest file 'turtlesim_plus_interfaces.egg-info/SOURCES.txt'
[0.899s] writing manifest file 'turtlesim_plus_interfaces.egg-info/SOURCES.txt'
[0.922s] [100%] Built target ament_cmake_python_build_turtlesim_plus_interfaces_egg
[0.933s] Invoked command in '/home/lworakan/Documents/GitHub/FRA502-LAB-6648v2/build/turtlesim_plus_interfaces' returned '0': CMAKE_PREFIX_PATH=${CMAKE_PREFIX_PATH}:/opt/ros/humble /usr/bin/cmake --build /home/lworakan/Documents/GitHub/FRA502-LAB-6648v2/build/turtlesim_plus_interfaces -- -j32 -l32
[0.935s] Invoking command in '/home/lworakan/Documents/GitHub/FRA502-LAB-6648v2/build/turtlesim_plus_interfaces': CMAKE_PREFIX_PATH=${CMAKE_PREFIX_PATH}:/opt/ros/humble /usr/bin/cmake --install /home/lworakan/Documents/GitHub/FRA502-LAB-6648v2/build/turtlesim_plus_interfaces
[0.942s] -- Install configuration: ""
[0.942s] -- Up-to-date: /home/lworakan/Documents/GitHub/FRA502-LAB-6648v2/install/turtlesim_plus_interfaces/share/ament_index/resource_index/rosidl_interfaces/turtlesim_plus_interfaces
[0.942s] -- Up-to-date: /home/lworakan/Documents/GitHub/FRA502-LAB-6648v2/install/turtlesim_plus_interfaces/include/turtlesim_plus_interfaces/turtlesim_plus_interfaces
[0.943s] -- Up-to-date: /home/lworakan/Documents/GitHub/FRA502-LAB-6648v2/install/turtlesim_plus_interfaces/include/turtlesim_plus_interfaces/turtlesim_plus_interfaces/msg
[0.943s] -- Up-to-date: /home/lworakan/Documents/GitHub/FRA502-LAB-6648v2/install/turtlesim_plus_interfaces/include/turtlesim_plus_interfaces/turtlesim_plus_interfaces/msg/scanner_data.h
[0.944s] -- Up-to-date: /home/lworakan/Documents/GitHub/FRA502-LAB-6648v2/install/turtlesim_plus_interfaces/include/turtlesim_plus_interfaces/turtlesim_plus_interfaces/msg/detail
[0.944s] -- Up-to-date: /home/lworakan/Documents/GitHub/FRA502-LAB-6648v2/install/turtlesim_plus_interfaces/include/turtlesim_plus_interfaces/turtlesim_plus_interfaces/msg/detail/scanner_data__type_support.h
[0.944s] -- Up-to-date: /home/lworakan/Documents/GitHub/FRA502-LAB-6648v2/install/turtlesim_plus_interfaces/include/turtlesim_plus_interfaces/turtlesim_plus_interfaces/msg/detail/scanner_data__functions.h
[0.944s] -- Up-to-date: /home/lworakan/Documents/GitHub/FRA502-LAB-6648v2/install/turtlesim_plus_interfaces/include/turtlesim_plus_interfaces/turtlesim_plus_interfaces/msg/detail/scanner_data_array__functions.h
[0.944s] -- Up-to-date: /home/lworakan/Documents/GitHub/FRA502-LAB-6648v2/install/turtlesim_plus_interfaces/include/turtlesim_plus_interfaces/turtlesim_plus_interfaces/msg/detail/scanner_data__struct.h
[0.944s] -- Up-to-date: /home/lworakan/Documents/GitHub/FRA502-LAB-6648v2/install/turtlesim_plus_interfaces/include/turtlesim_plus_interfaces/turtlesim_plus_interfaces/msg/detail/scanner_data_array__functions.c
[0.944s] -- Up-to-date: /home/lworakan/Documents/GitHub/FRA502-LAB-6648v2/install/turtlesim_plus_interfaces/include/turtlesim_plus_interfaces/turtlesim_plus_interfaces/msg/detail/scanner_data_array__type_support.h
[0.945s] -- Up-to-date: /home/lworakan/Documents/GitHub/FRA502-LAB-6648v2/install/turtlesim_plus_interfaces/include/turtlesim_plus_interfaces/turtlesim_plus_interfaces/msg/detail/scanner_data__functions.c
[0.945s] -- Up-to-date: /home/lworakan/Documents/GitHub/FRA502-LAB-6648v2/install/turtlesim_plus_interfaces/include/turtlesim_plus_interfaces/turtlesim_plus_interfaces/msg/detail/scanner_data_array__struct.h
[0.945s] -- Up-to-date: /home/lworakan/Documents/GitHub/FRA502-LAB-6648v2/install/turtlesim_plus_interfaces/include/turtlesim_plus_interfaces/turtlesim_plus_interfaces/msg/scanner_data_array.h
[0.945s] -- Up-to-date: /home/lworakan/Documents/GitHub/FRA502-LAB-6648v2/install/turtlesim_plus_interfaces/include/turtlesim_plus_interfaces/turtlesim_plus_interfaces/msg/rosidl_generator_c__visibility_control.h
[0.946s] -- Up-to-date: /home/lworakan/Documents/GitHub/FRA502-LAB-6648v2/install/turtlesim_plus_interfaces/include/turtlesim_plus_interfaces/turtlesim_plus_interfaces/action
[0.946s] -- Up-to-date: /home/lworakan/Documents/GitHub/FRA502-LAB-6648v2/install/turtlesim_plus_interfaces/include/turtlesim_plus_interfaces/turtlesim_plus_interfaces/action/get_data.h
[0.946s] -- Up-to-date: /home/lworakan/Documents/GitHub/FRA502-LAB-6648v2/install/turtlesim_plus_interfaces/include/turtlesim_plus_interfaces/turtlesim_plus_interfaces/action/detail
[0.946s] -- Up-to-date: /home/lworakan/Documents/GitHub/FRA502-LAB-6648v2/install/turtlesim_plus_interfaces/include/turtlesim_plus_interfaces/turtlesim_plus_interfaces/action/detail/get_data__functions.h
[0.946s] -- Up-to-date: /home/lworakan/Documents/GitHub/FRA502-LAB-6648v2/install/turtlesim_plus_interfaces/include/turtlesim_plus_interfaces/turtlesim_plus_interfaces/action/detail/get_data__struct.h
[0.946s] -- Up-to-date: /home/lworakan/Documents/GitHub/FRA502-LAB-6648v2/install/turtlesim_plus_interfaces/include/turtlesim_plus_interfaces/turtlesim_plus_interfaces/action/detail/get_data__functions.c
[0.946s] -- Up-to-date: /home/lworakan/Documents/GitHub/FRA502-LAB-6648v2/install/turtlesim_plus_interfaces/include/turtlesim_plus_interfaces/turtlesim_plus_interfaces/action/detail/get_data__type_support.h
[0.946s] -- Up-to-date: /home/lworakan/Documents/GitHub/FRA502-LAB-6648v2/install/turtlesim_plus_interfaces/include/turtlesim_plus_interfaces/turtlesim_plus_interfaces/srv
[0.946s] -- Up-to-date: /home/lworakan/Documents/GitHub/FRA502-LAB-6648v2/install/turtlesim_plus_interfaces/include/turtlesim_plus_interfaces/turtlesim_plus_interfaces/srv/detail
[0.946s] -- Up-to-date: /home/lworakan/Documents/GitHub/FRA502-LAB-6648v2/install/turtlesim_plus_interfaces/include/turtlesim_plus_interfaces/turtlesim_plus_interfaces/srv/detail/give_position__type_support.h
[0.946s] -- Up-to-date: /home/lworakan/Documents/GitHub/FRA502-LAB-6648v2/install/turtlesim_plus_interfaces/include/turtlesim_plus_interfaces/turtlesim_plus_interfaces/srv/detail/give_position__functions.h
[0.946s] -- Up-to-date: /home/lworakan/Documents/GitHub/FRA502-LAB-6648v2/install/turtlesim_plus_interfaces/include/turtlesim_plus_interfaces/turtlesim_plus_interfaces/srv/detail/give_position__functions.c
[0.946s] -- Up-to-date: /home/lworakan/Documents/GitHub/FRA502-LAB-6648v2/install/turtlesim_plus_interfaces/include/turtlesim_plus_interfaces/turtlesim_plus_interfaces/srv/detail/give_position__struct.h
[0.947s] -- Up-to-date: /home/lworakan/Documents/GitHub/FRA502-LAB-6648v2/install/turtlesim_plus_interfaces/include/turtlesim_plus_interfaces/turtlesim_plus_interfaces/srv/give_position.h
[0.947s] -- Up-to-date: /home/lworakan/Documents/GitHub/FRA502-LAB-6648v2/install/turtlesim_plus_interfaces/share/turtlesim_plus_interfaces/environment/library_path.sh
[0.947s] -- Installing: /home/lworakan/Documents/GitHub/FRA502-LAB-6648v2/install/turtlesim_plus_interfaces/share/turtlesim_plus_interfaces/environment/library_path.dsv
[0.947s] -- Up-to-date: /home/lworakan/Documents/GitHub/FRA502-LAB-6648v2/install/turtlesim_plus_interfaces/lib/libturtlesim_plus_interfaces__rosidl_generator_c.so
[0.947s] -- Up-to-date: /home/lworakan/Documents/GitHub/FRA502-LAB-6648v2/install/turtlesim_plus_interfaces/include/turtlesim_plus_interfaces/turtlesim_plus_interfaces
[0.947s] -- Up-to-date: /home/lworakan/Documents/GitHub/FRA502-LAB-6648v2/install/turtlesim_plus_interfaces/include/turtlesim_plus_interfaces/turtlesim_plus_interfaces/msg
[0.947s] -- Up-to-date: /home/lworakan/Documents/GitHub/FRA502-LAB-6648v2/install/turtlesim_plus_interfaces/include/turtlesim_plus_interfaces/turtlesim_plus_interfaces/msg/detail
[0.947s] -- Up-to-date: /home/lworakan/Documents/GitHub/FRA502-LAB-6648v2/install/turtlesim_plus_interfaces/include/turtlesim_plus_interfaces/turtlesim_plus_interfaces/msg/detail/scanner_data__rosidl_typesupport_fastrtps_c.h
[0.947s] -- Up-to-date: /home/lworakan/Documents/GitHub/FRA502-LAB-6648v2/install/turtlesim_plus_interfaces/include/turtlesim_plus_interfaces/turtlesim_plus_interfaces/msg/detail/scanner_data_array__rosidl_typesupport_fastrtps_c.h
[0.947s] -- Up-to-date: /home/lworakan/Documents/GitHub/FRA502-LAB-6648v2/install/turtlesim_plus_interfaces/include/turtlesim_plus_interfaces/turtlesim_plus_interfaces/msg/rosidl_typesupport_fastrtps_c__visibility_control.h
[0.947s] -- Up-to-date: /home/lworakan/Documents/GitHub/FRA502-LAB-6648v2/install/turtlesim_plus_interfaces/include/turtlesim_plus_interfaces/turtlesim_plus_interfaces/action
[0.947s] -- Up-to-date: /home/lworakan/Documents/GitHub/FRA502-LAB-6648v2/install/turtlesim_plus_interfaces/include/turtlesim_plus_interfaces/turtlesim_plus_interfaces/action/detail
[0.947s] -- Up-to-date: /home/lworakan/Documents/GitHub/FRA502-LAB-6648v2/install/turtlesim_plus_interfaces/include/turtlesim_plus_interfaces/turtlesim_plus_interfaces/action/detail/get_data__rosidl_typesupport_fastrtps_c.h
[0.948s] -- Up-to-date: /home/lworakan/Documents/GitHub/FRA502-LAB-6648v2/install/turtlesim_plus_interfaces/include/turtlesim_plus_interfaces/turtlesim_plus_interfaces/srv
[0.948s] -- Up-to-date: /home/lworakan/Documents/GitHub/FRA502-LAB-6648v2/install/turtlesim_plus_interfaces/include/turtlesim_plus_interfaces/turtlesim_plus_interfaces/srv/detail
[0.948s] -- Up-to-date: /home/lworakan/Documents/GitHub/FRA502-LAB-6648v2/install/turtlesim_plus_interfaces/include/turtlesim_plus_interfaces/turtlesim_plus_interfaces/srv/detail/give_position__rosidl_typesupport_fastrtps_c.h
[0.948s] -- Up-to-date: /home/lworakan/Documents/GitHub/FRA502-LAB-6648v2/install/turtlesim_plus_interfaces/lib/libturtlesim_plus_interfaces__rosidl_typesupport_fastrtps_c.so
[0.948s] -- Up-to-date: /home/lworakan/Documents/GitHub/FRA502-LAB-6648v2/install/turtlesim_plus_interfaces/include/turtlesim_plus_interfaces/turtlesim_plus_interfaces
[0.948s] -- Up-to-date: /home/lworakan/Documents/GitHub/FRA502-LAB-6648v2/install/turtlesim_plus_interfaces/include/turtlesim_plus_interfaces/turtlesim_plus_interfaces/msg
[0.948s] -- Up-to-date: /home/lworakan/Documents/GitHub/FRA502-LAB-6648v2/install/turtlesim_plus_interfaces/include/turtlesim_plus_interfaces/turtlesim_plus_interfaces/msg/detail
[0.948s] -- Up-to-date: /home/lworakan/Documents/GitHub/FRA502-LAB-6648v2/install/turtlesim_plus_interfaces/include/turtlesim_plus_interfaces/turtlesim_plus_interfaces/msg/detail/scanner_data_array__rosidl_typesupport_introspection_c.h
[0.948s] -- Up-to-date: /home/lworakan/Documents/GitHub/FRA502-LAB-6648v2/install/turtlesim_plus_interfaces/include/turtlesim_plus_interfaces/turtlesim_plus_interfaces/msg/detail/scanner_data__rosidl_typesupport_introspection_c.h
[0.948s] -- Up-to-date: /home/lworakan/Documents/GitHub/FRA502-LAB-6648v2/install/turtlesim_plus_interfaces/include/turtlesim_plus_interfaces/turtlesim_plus_interfaces/msg/detail/scanner_data_array__type_support.c
[0.948s] -- Up-to-date: /home/lworakan/Documents/GitHub/FRA502-LAB-6648v2/install/turtlesim_plus_interfaces/include/turtlesim_plus_interfaces/turtlesim_plus_interfaces/msg/detail/scanner_data__type_support.c
[0.948s] -- Up-to-date: /home/lworakan/Documents/GitHub/FRA502-LAB-6648v2/install/turtlesim_plus_interfaces/include/turtlesim_plus_interfaces/turtlesim_plus_interfaces/msg/rosidl_typesupport_introspection_c__visibility_control.h
[0.948s] -- Up-to-date: /home/lworakan/Documents/GitHub/FRA502-LAB-6648v2/install/turtlesim_plus_interfaces/include/turtlesim_plus_interfaces/turtlesim_plus_interfaces/action
[0.949s] -- Up-to-date: /home/lworakan/Documents/GitHub/FRA502-LAB-6648v2/install/turtlesim_plus_interfaces/include/turtlesim_plus_interfaces/turtlesim_plus_interfaces/action/detail
[0.949s] -- Up-to-date: /home/lworakan/Documents/GitHub/FRA502-LAB-6648v2/install/turtlesim_plus_interfaces/include/turtlesim_plus_interfaces/turtlesim_plus_interfaces/action/detail/get_data__rosidl_typesupport_introspection_c.h
[0.949s] -- Up-to-date: /home/lworakan/Documents/GitHub/FRA502-LAB-6648v2/install/turtlesim_plus_interfaces/include/turtlesim_plus_interfaces/turtlesim_plus_interfaces/action/detail/get_data__type_support.c
[0.949s] -- Up-to-date: /home/lworakan/Documents/GitHub/FRA502-LAB-6648v2/install/turtlesim_plus_interfaces/include/turtlesim_plus_interfaces/turtlesim_plus_interfaces/srv
[0.949s] -- Up-to-date: /home/lworakan/Documents/GitHub/FRA502-LAB-6648v2/install/turtlesim_plus_interfaces/include/turtlesim_plus_interfaces/turtlesim_plus_interfaces/srv/detail
[0.949s] -- Up-to-date: /home/lworakan/Documents/GitHub/FRA502-LAB-6648v2/install/turtlesim_plus_interfaces/include/turtlesim_plus_interfaces/turtlesim_plus_interfaces/srv/detail/give_position__rosidl_typesupport_introspection_c.h
[0.949s] -- Up-to-date: /home/lworakan/Documents/GitHub/FRA502-LAB-6648v2/install/turtlesim_plus_interfaces/include/turtlesim_plus_interfaces/turtlesim_plus_interfaces/srv/detail/give_position__type_support.c
[0.949s] -- Up-to-date: /home/lworakan/Documents/GitHub/FRA502-LAB-6648v2/install/turtlesim_plus_interfaces/lib/libturtlesim_plus_interfaces__rosidl_typesupport_introspection_c.so
[0.949s] -- Up-to-date: /home/lworakan/Documents/GitHub/FRA502-LAB-6648v2/install/turtlesim_plus_interfaces/lib/libturtlesim_plus_interfaces__rosidl_typesupport_c.so
[0.949s] -- Up-to-date: /home/lworakan/Documents/GitHub/FRA502-LAB-6648v2/install/turtlesim_plus_interfaces/include/turtlesim_plus_interfaces/turtlesim_plus_interfaces
[0.949s] -- Up-to-date: /home/lworakan/Documents/GitHub/FRA502-LAB-6648v2/install/turtlesim_plus_interfaces/include/turtlesim_plus_interfaces/turtlesim_plus_interfaces/msg
[0.949s] -- Up-to-date: /home/lworakan/Documents/GitHub/FRA502-LAB-6648v2/install/turtlesim_plus_interfaces/include/turtlesim_plus_interfaces/turtlesim_plus_interfaces/msg/scanner_data.hpp
[0.949s] -- Up-to-date: /home/lworakan/Documents/GitHub/FRA502-LAB-6648v2/install/turtlesim_plus_interfaces/include/turtlesim_plus_interfaces/turtlesim_plus_interfaces/msg/detail
[0.949s] -- Up-to-date: /home/lworakan/Documents/GitHub/FRA502-LAB-6648v2/install/turtlesim_plus_interfaces/include/turtlesim_plus_interfaces/turtlesim_plus_interfaces/msg/detail/scanner_data_array__struct.hpp
[0.950s] -- Up-to-date: /home/lworakan/Documents/GitHub/FRA502-LAB-6648v2/install/turtlesim_plus_interfaces/include/turtlesim_plus_interfaces/turtlesim_plus_interfaces/msg/detail/scanner_data_array__builder.hpp
[0.950s] -- Up-to-date: /home/lworakan/Documents/GitHub/FRA502-LAB-6648v2/install/turtlesim_plus_interfaces/include/turtlesim_plus_interfaces/turtlesim_plus_interfaces/msg/detail/scanner_data__builder.hpp
[0.950s] -- Up-to-date: /home/lworakan/Documents/GitHub/FRA502-LAB-6648v2/install/turtlesim_plus_interfaces/include/turtlesim_plus_interfaces/turtlesim_plus_interfaces/msg/detail/scanner_data_array__type_support.hpp
[0.950s] -- Up-to-date: /home/lworakan/Documents/GitHub/FRA502-LAB-6648v2/install/turtlesim_plus_interfaces/include/turtlesim_plus_interfaces/turtlesim_plus_interfaces/msg/detail/scanner_data__struct.hpp
[0.950s] -- Up-to-date: /home/lworakan/Documents/GitHub/FRA502-LAB-6648v2/install/turtlesim_plus_interfaces/include/turtlesim_plus_interfaces/turtlesim_plus_interfaces/msg/detail/scanner_data_array__traits.hpp
[0.950s] -- Up-to-date: /home/lworakan/Documents/GitHub/FRA502-LAB-6648v2/install/turtlesim_plus_interfaces/include/turtlesim_plus_interfaces/turtlesim_plus_interfaces/msg/detail/scanner_data__traits.hpp
[0.950s] -- Up-to-date: /home/lworakan/Documents/GitHub/FRA502-LAB-6648v2/install/turtlesim_plus_interfaces/include/turtlesim_plus_interfaces/turtlesim_plus_interfaces/msg/detail/scanner_data__type_support.hpp
[0.950s] -- Up-to-date: /home/lworakan/Documents/GitHub/FRA502-LAB-6648v2/install/turtlesim_plus_interfaces/include/turtlesim_plus_interfaces/turtlesim_plus_interfaces/msg/rosidl_generator_cpp__visibility_control.hpp
[0.950s] -- Up-to-date: /home/lworakan/Documents/GitHub/FRA502-LAB-6648v2/install/turtlesim_plus_interfaces/include/turtlesim_plus_interfaces/turtlesim_plus_interfaces/msg/scanner_data_array.hpp
[0.950s] -- Up-to-date: /home/lworakan/Documents/GitHub/FRA502-LAB-6648v2/install/turtlesim_plus_interfaces/include/turtlesim_plus_interfaces/turtlesim_plus_interfaces/action
[0.950s] -- Up-to-date: /home/lworakan/Documents/GitHub/FRA502-LAB-6648v2/install/turtlesim_plus_interfaces/include/turtlesim_plus_interfaces/turtlesim_plus_interfaces/action/detail
[0.950s] -- Up-to-date: /home/lworakan/Documents/GitHub/FRA502-LAB-6648v2/install/turtlesim_plus_interfaces/include/turtlesim_plus_interfaces/turtlesim_plus_interfaces/action/detail/get_data__struct.hpp
[0.951s] -- Up-to-date: /home/lworakan/Documents/GitHub/FRA502-LAB-6648v2/install/turtlesim_plus_interfaces/include/turtlesim_plus_interfaces/turtlesim_plus_interfaces/action/detail/get_data__type_support.hpp
[0.951s] -- Up-to-date: /home/lworakan/Documents/GitHub/FRA502-LAB-6648v2/install/turtlesim_plus_interfaces/include/turtlesim_plus_interfaces/turtlesim_plus_interfaces/action/detail/get_data__builder.hpp
[0.951s] -- Up-to-date: /home/lworakan/Documents/GitHub/FRA502-LAB-6648v2/install/turtlesim_plus_interfaces/include/turtlesim_plus_interfaces/turtlesim_plus_interfaces/action/detail/get_data__traits.hpp
[0.951s] -- Up-to-date: /home/lworakan/Documents/GitHub/FRA502-LAB-6648v2/install/turtlesim_plus_interfaces/include/turtlesim_plus_interfaces/turtlesim_plus_interfaces/action/get_data.hpp
[0.951s] -- Up-to-date: /home/lworakan/Documents/GitHub/FRA502-LAB-6648v2/install/turtlesim_plus_interfaces/include/turtlesim_plus_interfaces/turtlesim_plus_interfaces/srv
[0.951s] -- Up-to-date: /home/lworakan/Documents/GitHub/FRA502-LAB-6648v2/install/turtlesim_plus_interfaces/include/turtlesim_plus_interfaces/turtlesim_plus_interfaces/srv/give_position.hpp
[0.951s] -- Up-to-date: /home/lworakan/Documents/GitHub/FRA502-LAB-6648v2/install/turtlesim_plus_interfaces/include/turtlesim_plus_interfaces/turtlesim_plus_interfaces/srv/detail
[0.951s] -- Up-to-date: /home/lworakan/Documents/GitHub/FRA502-LAB-6648v2/install/turtlesim_plus_interfaces/include/turtlesim_plus_interfaces/turtlesim_plus_interfaces/srv/detail/give_position__builder.hpp
[0.951s] -- Up-to-date: /home/lworakan/Documents/GitHub/FRA502-LAB-6648v2/install/turtlesim_plus_interfaces/include/turtlesim_plus_interfaces/turtlesim_plus_interfaces/srv/detail/give_position__type_support.hpp
[0.951s] -- Up-to-date: /home/lworakan/Documents/GitHub/FRA502-LAB-6648v2/install/turtlesim_plus_interfaces/include/turtlesim_plus_interfaces/turtlesim_plus_interfaces/srv/detail/give_position__struct.hpp
[0.951s] -- Up-to-date: /home/lworakan/Documents/GitHub/FRA502-LAB-6648v2/install/turtlesim_plus_interfaces/include/turtlesim_plus_interfaces/turtlesim_plus_interfaces/srv/detail/give_position__traits.hpp
[0.951s] -- Up-to-date: /home/lworakan/Documents/GitHub/FRA502-LAB-6648v2/install/turtlesim_plus_interfaces/include/turtlesim_plus_interfaces/turtlesim_plus_interfaces
[0.952s] -- Up-to-date: /home/lworakan/Documents/GitHub/FRA502-LAB-6648v2/install/turtlesim_plus_interfaces/include/turtlesim_plus_interfaces/turtlesim_plus_interfaces/msg
[0.952s] -- Up-to-date: /home/lworakan/Documents/GitHub/FRA502-LAB-6648v2/install/turtlesim_plus_interfaces/include/turtlesim_plus_interfaces/turtlesim_plus_interfaces/msg/rosidl_typesupport_fastrtps_cpp__visibility_control.h
[0.952s] -- Up-to-date: /home/lworakan/Documents/GitHub/FRA502-LAB-6648v2/install/turtlesim_plus_interfaces/include/turtlesim_plus_interfaces/turtlesim_plus_interfaces/msg/detail
[0.952s] -- Up-to-date: /home/lworakan/Documents/GitHub/FRA502-LAB-6648v2/install/turtlesim_plus_interfaces/include/turtlesim_plus_interfaces/turtlesim_plus_interfaces/msg/detail/scanner_data__rosidl_typesupport_fastrtps_cpp.hpp
[0.952s] -- Up-to-date: /home/lworakan/Documents/GitHub/FRA502-LAB-6648v2/install/turtlesim_plus_interfaces/include/turtlesim_plus_interfaces/turtlesim_plus_interfaces/msg/detail/dds_fastrtps
[0.952s] -- Up-to-date: /home/lworakan/Documents/GitHub/FRA502-LAB-6648v2/install/turtlesim_plus_interfaces/include/turtlesim_plus_interfaces/turtlesim_plus_interfaces/msg/detail/scanner_data_array__rosidl_typesupport_fastrtps_cpp.hpp
[0.952s] -- Up-to-date: /home/lworakan/Documents/GitHub/FRA502-LAB-6648v2/install/turtlesim_plus_interfaces/include/turtlesim_plus_interfaces/turtlesim_plus_interfaces/action
[0.952s] -- Up-to-date: /home/lworakan/Documents/GitHub/FRA502-LAB-6648v2/install/turtlesim_plus_interfaces/include/turtlesim_plus_interfaces/turtlesim_plus_interfaces/action/detail
[0.952s] -- Up-to-date: /home/lworakan/Documents/GitHub/FRA502-LAB-6648v2/install/turtlesim_plus_interfaces/include/turtlesim_plus_interfaces/turtlesim_plus_interfaces/action/detail/dds_fastrtps
[0.952s] -- Up-to-date: /home/lworakan/Documents/GitHub/FRA502-LAB-6648v2/install/turtlesim_plus_interfaces/include/turtlesim_plus_interfaces/turtlesim_plus_interfaces/action/detail/get_data__rosidl_typesupport_fastrtps_cpp.hpp
[0.952s] -- Up-to-date: /home/lworakan/Documents/GitHub/FRA502-LAB-6648v2/install/turtlesim_plus_interfaces/include/turtlesim_plus_interfaces/turtlesim_plus_interfaces/srv
[0.952s] -- Up-to-date: /home/lworakan/Documents/GitHub/FRA502-LAB-6648v2/install/turtlesim_plus_interfaces/include/turtlesim_plus_interfaces/turtlesim_plus_interfaces/srv/detail
[0.952s] -- Up-to-date: /home/lworakan/Documents/GitHub/FRA502-LAB-6648v2/install/turtlesim_plus_interfaces/include/turtlesim_plus_interfaces/turtlesim_plus_interfaces/srv/detail/give_position__rosidl_typesupport_fastrtps_cpp.hpp
[0.952s] -- Up-to-date: /home/lworakan/Documents/GitHub/FRA502-LAB-6648v2/install/turtlesim_plus_interfaces/include/turtlesim_plus_interfaces/turtlesim_plus_interfaces/srv/detail/dds_fastrtps
[0.953s] -- Up-to-date: /home/lworakan/Documents/GitHub/FRA502-LAB-6648v2/install/turtlesim_plus_interfaces/lib/libturtlesim_plus_interfaces__rosidl_typesupport_fastrtps_cpp.so
[0.953s] -- Up-to-date: /home/lworakan/Documents/GitHub/FRA502-LAB-6648v2/install/turtlesim_plus_interfaces/include/turtlesim_plus_interfaces/turtlesim_plus_interfaces
[0.953s] -- Up-to-date: /home/lworakan/Documents/GitHub/FRA502-LAB-6648v2/install/turtlesim_plus_interfaces/include/turtlesim_plus_interfaces/turtlesim_plus_interfaces/msg
[0.953s] -- Up-to-date: /home/lworakan/Documents/GitHub/FRA502-LAB-6648v2/install/turtlesim_plus_interfaces/include/turtlesim_plus_interfaces/turtlesim_plus_interfaces/msg/detail
[0.953s] -- Up-to-date: /home/lworakan/Documents/GitHub/FRA502-LAB-6648v2/install/turtlesim_plus_interfaces/include/turtlesim_plus_interfaces/turtlesim_plus_interfaces/msg/detail/scanner_data_array__rosidl_typesupport_introspection_cpp.hpp
[0.953s] -- Up-to-date: /home/lworakan/Documents/GitHub/FRA502-LAB-6648v2/install/turtlesim_plus_interfaces/include/turtlesim_plus_interfaces/turtlesim_plus_interfaces/msg/detail/scanner_data__rosidl_typesupport_introspection_cpp.hpp
[0.953s] -- Up-to-date: /home/lworakan/Documents/GitHub/FRA502-LAB-6648v2/install/turtlesim_plus_interfaces/include/turtlesim_plus_interfaces/turtlesim_plus_interfaces/msg/detail/scanner_data__type_support.cpp
[0.953s] -- Up-to-date: /home/lworakan/Documents/GitHub/FRA502-LAB-6648v2/install/turtlesim_plus_interfaces/include/turtlesim_plus_interfaces/turtlesim_plus_interfaces/msg/detail/scanner_data_array__type_support.cpp
[0.953s] -- Up-to-date: /home/lworakan/Documents/GitHub/FRA502-LAB-6648v2/install/turtlesim_plus_interfaces/include/turtlesim_plus_interfaces/turtlesim_plus_interfaces/action
[0.953s] -- Up-to-date: /home/lworakan/Documents/GitHub/FRA502-LAB-6648v2/install/turtlesim_plus_interfaces/include/turtlesim_plus_interfaces/turtlesim_plus_interfaces/action/detail
[0.953s] -- Up-to-date: /home/lworakan/Documents/GitHub/FRA502-LAB-6648v2/install/turtlesim_plus_interfaces/include/turtlesim_plus_interfaces/turtlesim_plus_interfaces/action/detail/get_data__rosidl_typesupport_introspection_cpp.hpp
[0.953s] -- Up-to-date: /home/lworakan/Documents/GitHub/FRA502-LAB-6648v2/install/turtlesim_plus_interfaces/include/turtlesim_plus_interfaces/turtlesim_plus_interfaces/action/detail/get_data__type_support.cpp
[0.953s] -- Up-to-date: /home/lworakan/Documents/GitHub/FRA502-LAB-6648v2/install/turtlesim_plus_interfaces/include/turtlesim_plus_interfaces/turtlesim_plus_interfaces/srv
[0.954s] -- Up-to-date: /home/lworakan/Documents/GitHub/FRA502-LAB-6648v2/install/turtlesim_plus_interfaces/include/turtlesim_plus_interfaces/turtlesim_plus_interfaces/srv/detail
[0.954s] -- Up-to-date: /home/lworakan/Documents/GitHub/FRA502-LAB-6648v2/install/turtlesim_plus_interfaces/include/turtlesim_plus_interfaces/turtlesim_plus_interfaces/srv/detail/give_position__type_support.cpp
[0.954s] -- Up-to-date: /home/lworakan/Documents/GitHub/FRA502-LAB-6648v2/install/turtlesim_plus_interfaces/include/turtlesim_plus_interfaces/turtlesim_plus_interfaces/srv/detail/give_position__rosidl_typesupport_introspection_cpp.hpp
[0.954s] -- Up-to-date: /home/lworakan/Documents/GitHub/FRA502-LAB-6648v2/install/turtlesim_plus_interfaces/lib/libturtlesim_plus_interfaces__rosidl_typesupport_introspection_cpp.so
[0.954s] -- Up-to-date: /home/lworakan/Documents/GitHub/FRA502-LAB-6648v2/install/turtlesim_plus_interfaces/lib/libturtlesim_plus_interfaces__rosidl_typesupport_cpp.so
[0.954s] -- Up-to-date: /home/lworakan/Documents/GitHub/FRA502-LAB-6648v2/install/turtlesim_plus_interfaces/share/turtlesim_plus_interfaces/environment/pythonpath.sh
[0.954s] -- Installing: /home/lworakan/Documents/GitHub/FRA502-LAB-6648v2/install/turtlesim_plus_interfaces/share/turtlesim_plus_interfaces/environment/pythonpath.dsv
[0.954s] -- Up-to-date: /home/lworakan/Documents/GitHub/FRA502-LAB-6648v2/install/turtlesim_plus_interfaces/local/lib/python3.10/dist-packages/turtlesim_plus_interfaces-0.0.0-py3.10.egg-info
[0.954s] -- Installing: /home/lworakan/Documents/GitHub/FRA502-LAB-6648v2/install/turtlesim_plus_interfaces/local/lib/python3.10/dist-packages/turtlesim_plus_interfaces-0.0.0-py3.10.egg-info/SOURCES.txt
[0.954s] -- Installing: /home/lworakan/Documents/GitHub/FRA502-LAB-6648v2/install/turtlesim_plus_interfaces/local/lib/python3.10/dist-packages/turtlesim_plus_interfaces-0.0.0-py3.10.egg-info/top_level.txt
[0.954s] -- Installing: /home/lworakan/Documents/GitHub/FRA502-LAB-6648v2/install/turtlesim_plus_interfaces/local/lib/python3.10/dist-packages/turtlesim_plus_interfaces-0.0.0-py3.10.egg-info/PKG-INFO
[0.955s] -- Installing: /home/lworakan/Documents/GitHub/FRA502-LAB-6648v2/install/turtlesim_plus_interfaces/local/lib/python3.10/dist-packages/turtlesim_plus_interfaces-0.0.0-py3.10.egg-info/dependency_links.txt
[0.955s] -- Up-to-date: /home/lworakan/Documents/GitHub/FRA502-LAB-6648v2/install/turtlesim_plus_interfaces/local/lib/python3.10/dist-packages/turtlesim_plus_interfaces
[0.955s] -- Up-to-date: /home/lworakan/Documents/GitHub/FRA502-LAB-6648v2/install/turtlesim_plus_interfaces/local/lib/python3.10/dist-packages/turtlesim_plus_interfaces/_turtlesim_plus_interfaces_s.ep.rosidl_typesupport_fastrtps_c.c
[0.955s] -- Up-to-date: /home/lworakan/Documents/GitHub/FRA502-LAB-6648v2/install/turtlesim_plus_interfaces/local/lib/python3.10/dist-packages/turtlesim_plus_interfaces/turtlesim_plus_interfaces_s__rosidl_typesupport_fastrtps_c.cpython-310-x86_64-linux-gnu.so
[0.955s] -- Up-to-date: /home/lworakan/Documents/GitHub/FRA502-LAB-6648v2/install/turtlesim_plus_interfaces/local/lib/python3.10/dist-packages/turtlesim_plus_interfaces/libturtlesim_plus_interfaces__rosidl_generator_py.so
[0.955s] -- Up-to-date: /home/lworakan/Documents/GitHub/FRA502-LAB-6648v2/install/turtlesim_plus_interfaces/local/lib/python3.10/dist-packages/turtlesim_plus_interfaces/msg
[0.955s] -- Up-to-date: /home/lworakan/Documents/GitHub/FRA502-LAB-6648v2/install/turtlesim_plus_interfaces/local/lib/python3.10/dist-packages/turtlesim_plus_interfaces/msg/_scanner_data_array_s.c
[0.955s] -- Up-to-date: /home/lworakan/Documents/GitHub/FRA502-LAB-6648v2/install/turtlesim_plus_interfaces/local/lib/python3.10/dist-packages/turtlesim_plus_interfaces/msg/_scanner_data_s.c
[0.955s] -- Up-to-date: /home/lworakan/Documents/GitHub/FRA502-LAB-6648v2/install/turtlesim_plus_interfaces/local/lib/python3.10/dist-packages/turtlesim_plus_interfaces/msg/_scanner_data.py
[0.955s] -- Up-to-date: /home/lworakan/Documents/GitHub/FRA502-LAB-6648v2/install/turtlesim_plus_interfaces/local/lib/python3.10/dist-packages/turtlesim_plus_interfaces/msg/_scanner_data_array.py
[0.955s] -- Up-to-date: /home/lworakan/Documents/GitHub/FRA502-LAB-6648v2/install/turtlesim_plus_interfaces/local/lib/python3.10/dist-packages/turtlesim_plus_interfaces/msg/__init__.py
[0.955s] -- Up-to-date: /home/lworakan/Documents/GitHub/FRA502-LAB-6648v2/install/turtlesim_plus_interfaces/local/lib/python3.10/dist-packages/turtlesim_plus_interfaces/_turtlesim_plus_interfaces_s.ep.rosidl_typesupport_introspection_c.c
[0.956s] -- Up-to-date: /home/lworakan/Documents/GitHub/FRA502-LAB-6648v2/install/turtlesim_plus_interfaces/local/lib/python3.10/dist-packages/turtlesim_plus_interfaces/action
[0.956s] -- Up-to-date: /home/lworakan/Documents/GitHub/FRA502-LAB-6648v2/install/turtlesim_plus_interfaces/local/lib/python3.10/dist-packages/turtlesim_plus_interfaces/action/_get_data_s.c
[0.956s] -- Up-to-date: /home/lworakan/Documents/GitHub/FRA502-LAB-6648v2/install/turtlesim_plus_interfaces/local/lib/python3.10/dist-packages/turtlesim_plus_interfaces/action/_get_data.py
[0.956s] -- Up-to-date: /home/lworakan/Documents/GitHub/FRA502-LAB-6648v2/install/turtlesim_plus_interfaces/local/lib/python3.10/dist-packages/turtlesim_plus_interfaces/action/__init__.py
[0.956s] -- Up-to-date: /home/lworakan/Documents/GitHub/FRA502-LAB-6648v2/install/turtlesim_plus_interfaces/local/lib/python3.10/dist-packages/turtlesim_plus_interfaces/turtlesim_plus_interfaces_s__rosidl_typesupport_introspection_c.cpython-310-x86_64-linux-gnu.so
[0.956s] -- Up-to-date: /home/lworakan/Documents/GitHub/FRA502-LAB-6648v2/install/turtlesim_plus_interfaces/local/lib/python3.10/dist-packages/turtlesim_plus_interfaces/srv
[0.956s] -- Up-to-date: /home/lworakan/Documents/GitHub/FRA502-LAB-6648v2/install/turtlesim_plus_interfaces/local/lib/python3.10/dist-packages/turtlesim_plus_interfaces/srv/_give_position.py
[0.956s] -- Up-to-date: /home/lworakan/Documents/GitHub/FRA502-LAB-6648v2/install/turtlesim_plus_interfaces/local/lib/python3.10/dist-packages/turtlesim_plus_interfaces/srv/_give_position_s.c
[0.956s] -- Up-to-date: /home/lworakan/Documents/GitHub/FRA502-LAB-6648v2/install/turtlesim_plus_interfaces/local/lib/python3.10/dist-packages/turtlesim_plus_interfaces/srv/__init__.py
[0.956s] -- Up-to-date: /home/lworakan/Documents/GitHub/FRA502-LAB-6648v2/install/turtlesim_plus_interfaces/local/lib/python3.10/dist-packages/turtlesim_plus_interfaces/turtlesim_plus_interfaces_s__rosidl_typesupport_c.cpython-310-x86_64-linux-gnu.so
[0.956s] -- Up-to-date: /home/lworakan/Documents/GitHub/FRA502-LAB-6648v2/install/turtlesim_plus_interfaces/local/lib/python3.10/dist-packages/turtlesim_plus_interfaces/_turtlesim_plus_interfaces_s.ep.rosidl_typesupport_c.c
[0.957s] -- Installing: /home/lworakan/Documents/GitHub/FRA502-LAB-6648v2/install/turtlesim_plus_interfaces/local/lib/python3.10/dist-packages/turtlesim_plus_interfaces/__init__.py
[0.977s] Listing '/home/lworakan/Documents/GitHub/FRA502-LAB-6648v2/install/turtlesim_plus_interfaces/local/lib/python3.10/dist-packages/turtlesim_plus_interfaces'...
[0.977s] Compiling '/home/lworakan/Documents/GitHub/FRA502-LAB-6648v2/install/turtlesim_plus_interfaces/local/lib/python3.10/dist-packages/turtlesim_plus_interfaces/__init__.py'...
[0.977s] Listing '/home/lworakan/Documents/GitHub/FRA502-LAB-6648v2/install/turtlesim_plus_interfaces/local/lib/python3.10/dist-packages/turtlesim_plus_interfaces/action'...
[0.977s] Listing '/home/lworakan/Documents/GitHub/FRA502-LAB-6648v2/install/turtlesim_plus_interfaces/local/lib/python3.10/dist-packages/turtlesim_plus_interfaces/msg'...
[0.977s] Listing '/home/lworakan/Documents/GitHub/FRA502-LAB-6648v2/install/turtlesim_plus_interfaces/local/lib/python3.10/dist-packages/turtlesim_plus_interfaces/srv'...
[0.981s] -- Up-to-date: /home/lworakan/Documents/GitHub/FRA502-LAB-6648v2/install/turtlesim_plus_interfaces/local/lib/python3.10/dist-packages/turtlesim_plus_interfaces/turtlesim_plus_interfaces_s__rosidl_typesupport_fastrtps_c.cpython-310-x86_64-linux-gnu.so
[0.981s] -- Up-to-date: /home/lworakan/Documents/GitHub/FRA502-LAB-6648v2/install/turtlesim_plus_interfaces/local/lib/python3.10/dist-packages/turtlesim_plus_interfaces/turtlesim_plus_interfaces_s__rosidl_typesupport_introspection_c.cpython-310-x86_64-linux-gnu.so
[0.981s] -- Up-to-date: /home/lworakan/Documents/GitHub/FRA502-LAB-6648v2/install/turtlesim_plus_interfaces/local/lib/python3.10/dist-packages/turtlesim_plus_interfaces/turtlesim_plus_interfaces_s__rosidl_typesupport_c.cpython-310-x86_64-linux-gnu.so
[0.981s] -- Up-to-date: /home/lworakan/Documents/GitHub/FRA502-LAB-6648v2/install/turtlesim_plus_interfaces/lib/libturtlesim_plus_interfaces__rosidl_generator_py.so
[0.982s] -- Up-to-date: /home/lworakan/Documents/GitHub/FRA502-LAB-6648v2/install/turtlesim_plus_interfaces/share/turtlesim_plus_interfaces/msg/ScannerData.idl
[0.982s] -- Up-to-date: /home/lworakan/Documents/GitHub/FRA502-LAB-6648v2/install/turtlesim_plus_interfaces/share/turtlesim_plus_interfaces/msg/ScannerDataArray.idl
[0.982s] -- Up-to-date: /home/lworakan/Documents/GitHub/FRA502-LAB-6648v2/install/turtlesim_plus_interfaces/share/turtlesim_plus_interfaces/srv/GivePosition.idl
[0.982s] -- Up-to-date: /home/lworakan/Documents/GitHub/FRA502-LAB-6648v2/install/turtlesim_plus_interfaces/share/turtlesim_plus_interfaces/action/GetData.idl
[0.982s] -- Installing: /home/lworakan/Documents/GitHub/FRA502-LAB-6648v2/install/turtlesim_plus_interfaces/share/turtlesim_plus_interfaces/msg/ScannerData.msg
[0.982s] -- Installing: /home/lworakan/Documents/GitHub/FRA502-LAB-6648v2/install/turtlesim_plus_interfaces/share/turtlesim_plus_interfaces/msg/ScannerDataArray.msg
[0.983s] -- Installing: /home/lworakan/Documents/GitHub/FRA502-LAB-6648v2/install/turtlesim_plus_interfaces/share/turtlesim_plus_interfaces/srv/GivePosition.srv
[0.983s] -- Up-to-date: /home/lworakan/Documents/GitHub/FRA502-LAB-6648v2/install/turtlesim_plus_interfaces/share/turtlesim_plus_interfaces/srv/GivePosition_Request.msg
[0.983s] -- Up-to-date: /home/lworakan/Documents/GitHub/FRA502-LAB-6648v2/install/turtlesim_plus_interfaces/share/turtlesim_plus_interfaces/srv/GivePosition_Response.msg
[0.983s] -- Installing: /home/lworakan/Documents/GitHub/FRA502-LAB-6648v2/install/turtlesim_plus_interfaces/share/turtlesim_plus_interfaces/action/GetData.action
[0.983s] -- Up-to-date: /home/lworakan/Documents/GitHub/FRA502-LAB-6648v2/install/turtlesim_plus_interfaces/share/ament_index/resource_index/package_run_dependencies/turtlesim_plus_interfaces
[0.983s] -- Installing: /home/lworakan/Documents/GitHub/FRA502-LAB-6648v2/install/turtlesim_plus_interfaces/share/ament_index/resource_index/parent_prefix_path/turtlesim_plus_interfaces
[0.983s] -- Up-to-date: /home/lworakan/Documents/GitHub/FRA502-LAB-6648v2/install/turtlesim_plus_interfaces/share/turtlesim_plus_interfaces/environment/ament_prefix_path.sh
[0.983s] -- Installing: /home/lworakan/Documents/GitHub/FRA502-LAB-6648v2/install/turtlesim_plus_interfaces/share/turtlesim_plus_interfaces/environment/ament_prefix_path.dsv
[0.984s] -- Up-to-date: /home/lworakan/Documents/GitHub/FRA502-LAB-6648v2/install/turtlesim_plus_interfaces/share/turtlesim_plus_interfaces/environment/path.sh
[0.984s] -- Installing: /home/lworakan/Documents/GitHub/FRA502-LAB-6648v2/install/turtlesim_plus_interfaces/share/turtlesim_plus_interfaces/environment/path.dsv
[0.984s] -- Up-to-date: /home/lworakan/Documents/GitHub/FRA502-LAB-6648v2/install/turtlesim_plus_interfaces/share/turtlesim_plus_interfaces/local_setup.bash
[0.984s] -- Up-to-date: /home/lworakan/Documents/GitHub/FRA502-LAB-6648v2/install/turtlesim_plus_interfaces/share/turtlesim_plus_interfaces/local_setup.sh
[0.984s] -- Up-to-date: /home/lworakan/Documents/GitHub/FRA502-LAB-6648v2/install/turtlesim_plus_interfaces/share/turtlesim_plus_interfaces/local_setup.zsh
[0.984s] -- Installing: /home/lworakan/Documents/GitHub/FRA502-LAB-6648v2/install/turtlesim_plus_interfaces/share/turtlesim_plus_interfaces/local_setup.dsv
[0.985s] -- Installing: /home/lworakan/Documents/GitHub/FRA502-LAB-6648v2/install/turtlesim_plus_interfaces/share/turtlesim_plus_interfaces/package.dsv
[0.985s] -- Up-to-date: /home/lworakan/Documents/GitHub/FRA502-LAB-6648v2/install/turtlesim_plus_interfaces/share/ament_index/resource_index/packages/turtlesim_plus_interfaces
[0.985s] -- Up-to-date: /home/lworakan/Documents/GitHub/FRA502-LAB-6648v2/install/turtlesim_plus_interfaces/share/turtlesim_plus_interfaces/cmake/export_turtlesim_plus_interfaces__rosidl_generator_cExport.cmake
[0.986s] -- Up-to-date: /home/lworakan/Documents/GitHub/FRA502-LAB-6648v2/install/turtlesim_plus_interfaces/share/turtlesim_plus_interfaces/cmake/export_turtlesim_plus_interfaces__rosidl_generator_cExport-noconfig.cmake
[0.986s] -- Up-to-date: /home/lworakan/Documents/GitHub/FRA502-LAB-6648v2/install/turtlesim_plus_interfaces/share/turtlesim_plus_interfaces/cmake/export_turtlesim_plus_interfaces__rosidl_typesupport_fastrtps_cExport.cmake
[0.986s] -- Up-to-date: /home/lworakan/Documents/GitHub/FRA502-LAB-6648v2/install/turtlesim_plus_interfaces/share/turtlesim_plus_interfaces/cmake/export_turtlesim_plus_interfaces__rosidl_typesupport_fastrtps_cExport-noconfig.cmake
[0.986s] -- Up-to-date: /home/lworakan/Documents/GitHub/FRA502-LAB-6648v2/install/turtlesim_plus_interfaces/share/turtlesim_plus_interfaces/cmake/turtlesim_plus_interfaces__rosidl_typesupport_introspection_cExport.cmake
[0.986s] -- Up-to-date: /home/lworakan/Documents/GitHub/FRA502-LAB-6648v2/install/turtlesim_plus_interfaces/share/turtlesim_plus_interfaces/cmake/turtlesim_plus_interfaces__rosidl_typesupport_introspection_cExport-noconfig.cmake
[0.986s] -- Up-to-date: /home/lworakan/Documents/GitHub/FRA502-LAB-6648v2/install/turtlesim_plus_interfaces/share/turtlesim_plus_interfaces/cmake/turtlesim_plus_interfaces__rosidl_typesupport_cExport.cmake
[0.986s] -- Up-to-date: /home/lworakan/Documents/GitHub/FRA502-LAB-6648v2/install/turtlesim_plus_interfaces/share/turtlesim_plus_interfaces/cmake/turtlesim_plus_interfaces__rosidl_typesupport_cExport-noconfig.cmake
[0.986s] -- Up-to-date: /home/lworakan/Documents/GitHub/FRA502-LAB-6648v2/install/turtlesim_plus_interfaces/share/turtlesim_plus_interfaces/cmake/export_turtlesim_plus_interfaces__rosidl_generator_cppExport.cmake
[0.986s] -- Up-to-date: /home/lworakan/Documents/GitHub/FRA502-LAB-6648v2/install/turtlesim_plus_interfaces/share/turtlesim_plus_interfaces/cmake/export_turtlesim_plus_interfaces__rosidl_typesupport_fastrtps_cppExport.cmake
[0.986s] -- Up-to-date: /home/lworakan/Documents/GitHub/FRA502-LAB-6648v2/install/turtlesim_plus_interfaces/share/turtlesim_plus_interfaces/cmake/export_turtlesim_plus_interfaces__rosidl_typesupport_fastrtps_cppExport-noconfig.cmake
[0.986s] -- Up-to-date: /home/lworakan/Documents/GitHub/FRA502-LAB-6648v2/install/turtlesim_plus_interfaces/share/turtlesim_plus_interfaces/cmake/turtlesim_plus_interfaces__rosidl_typesupport_introspection_cppExport.cmake
[0.986s] -- Up-to-date: /home/lworakan/Documents/GitHub/FRA502-LAB-6648v2/install/turtlesim_plus_interfaces/share/turtlesim_plus_interfaces/cmake/turtlesim_plus_interfaces__rosidl_typesupport_introspection_cppExport-noconfig.cmake
[0.987s] -- Up-to-date: /home/lworakan/Documents/GitHub/FRA502-LAB-6648v2/install/turtlesim_plus_interfaces/share/turtlesim_plus_interfaces/cmake/turtlesim_plus_interfaces__rosidl_typesupport_cppExport.cmake
[0.987s] -- Up-to-date: /home/lworakan/Documents/GitHub/FRA502-LAB-6648v2/install/turtlesim_plus_interfaces/share/turtlesim_plus_interfaces/cmake/turtlesim_plus_interfaces__rosidl_typesupport_cppExport-noconfig.cmake
[0.987s] -- Up-to-date: /home/lworakan/Documents/GitHub/FRA502-LAB-6648v2/install/turtlesim_plus_interfaces/share/turtlesim_plus_interfaces/cmake/export_turtlesim_plus_interfaces__rosidl_generator_pyExport.cmake
[0.987s] -- Up-to-date: /home/lworakan/Documents/GitHub/FRA502-LAB-6648v2/install/turtlesim_plus_interfaces/share/turtlesim_plus_interfaces/cmake/export_turtlesim_plus_interfaces__rosidl_generator_pyExport-noconfig.cmake
[0.987s] -- Up-to-date: /home/lworakan/Documents/GitHub/FRA502-LAB-6648v2/install/turtlesim_plus_interfaces/share/turtlesim_plus_interfaces/cmake/rosidl_cmake-extras.cmake
[0.987s] -- Up-to-date: /home/lworakan/Documents/GitHub/FRA502-LAB-6648v2/install/turtlesim_plus_interfaces/share/turtlesim_plus_interfaces/cmake/ament_cmake_export_dependencies-extras.cmake
[0.987s] -- Up-to-date: /home/lworakan/Documents/GitHub/FRA502-LAB-6648v2/install/turtlesim_plus_interfaces/share/turtlesim_plus_interfaces/cmake/ament_cmake_export_include_directories-extras.cmake
[0.987s] -- Up-to-date: /home/lworakan/Documents/GitHub/FRA502-LAB-6648v2/install/turtlesim_plus_interfaces/share/turtlesim_plus_interfaces/cmake/ament_cmake_export_libraries-extras.cmake
[0.987s] -- Up-to-date: /home/lworakan/Documents/GitHub/FRA502-LAB-6648v2/install/turtlesim_plus_interfaces/share/turtlesim_plus_interfaces/cmake/ament_cmake_export_targets-extras.cmake
[0.987s] -- Up-to-date: /home/lworakan/Documents/GitHub/FRA502-LAB-6648v2/install/turtlesim_plus_interfaces/share/turtlesim_plus_interfaces/cmake/rosidl_cmake_export_typesupport_targets-extras.cmake
[0.988s] -- Up-to-date: /home/lworakan/Documents/GitHub/FRA502-LAB-6648v2/install/turtlesim_plus_interfaces/share/turtlesim_plus_interfaces/cmake/rosidl_cmake_export_typesupport_libraries-extras.cmake
[0.989s] -- Up-to-date: /home/lworakan/Documents/GitHub/FRA502-LAB-6648v2/install/turtlesim_plus_interfaces/share/turtlesim_plus_interfaces/cmake/turtlesim_plus_interfacesConfig.cmake
[0.989s] -- Up-to-date: /home/lworakan/Documents/GitHub/FRA502-LAB-6648v2/install/turtlesim_plus_interfaces/share/turtlesim_plus_interfaces/cmake/turtlesim_plus_interfacesConfig-version.cmake
[0.989s] -- Installing: /home/lworakan/Documents/GitHub/FRA502-LAB-6648v2/install/turtlesim_plus_interfaces/share/turtlesim_plus_interfaces/package.xml
[0.989s] Invoked command in '/home/lworakan/Documents/GitHub/FRA502-LAB-6648v2/build/turtlesim_plus_interfaces' returned '0': CMAKE_PREFIX_PATH=${CMAKE_PREFIX_PATH}:/opt/ros/humble /usr/bin/cmake --install /home/lworakan/Documents/GitHub/FRA502-LAB-6648v2/build/turtlesim_plus_interfaces
