[0.005s] Invoking command in '/home/lworakan/Documents/GitHub/FRA502-LAB-6648v2/build/lab3': CMAKE_PREFIX_PATH=${CMAKE_PREFIX_PATH}:/opt/ros/humble /usr/bin/cmake /home/lworakan/Documents/GitHub/FRA502-LAB-6648v2/src/lab3 -DCMAKE_INSTALL_PREFIX=/home/lworakan/Documents/GitHub/FRA502-LAB-6648v2/install/lab3
[0.043s] -- The C compiler identification is GNU 11.4.0
[0.076s] -- The CXX compiler identification is GNU 11.4.0
[0.080s] -- Detecting C compiler ABI info
[0.122s] -- Detecting C compiler ABI info - done
[0.126s] -- Check for working C compiler: /usr/bin/cc - skipped
[0.126s] -- Detecting C compile features
[0.126s] -- Detecting C compile features - done
[0.127s] -- Detecting CXX compiler ABI info
[0.179s] -- Detecting CXX compiler ABI info - done
[0.183s] -- Check for working CXX compiler: /usr/bin/c++ - skipped
[0.183s] -- Detecting CXX compile features
[0.183s] -- Detecting CXX compile features - done
[0.184s] -- Found ament_cmake: 1.3.12 (/opt/ros/humble/share/ament_cmake/cmake)
[0.391s] -- Found Python3: /usr/bin/python3 (found version "3.10.12") found components: Interpreter 
[0.443s] -- Found rclcpp: 16.0.14 (/opt/ros/humble/share/rclcpp/cmake)
[0.465s] -- Found rosidl_generator_c: 3.1.7 (/opt/ros/humble/share/rosidl_generator_c/cmake)
[0.468s] -- Found rosidl_adapter: 3.1.7 (/opt/ros/humble/share/rosidl_adapter/cmake)
[0.472s] -- Found rosidl_generator_cpp: 3.1.7 (/opt/ros/humble/share/rosidl_generator_cpp/cmake)
[0.479s] -- Using all available rosidl_typesupport_c: rosidl_typesupport_fastrtps_c;rosidl_typesupport_introspection_c
[0.487s] -- Using all available rosidl_typesupport_cpp: rosidl_typesupport_fastrtps_cpp;rosidl_typesupport_introspection_cpp
[0.510s] -- Found rmw_implementation_cmake: 6.1.2 (/opt/ros/humble/share/rmw_implementation_cmake/cmake)
[0.512s] -- Found rmw_fastrtps_cpp: 6.2.8 (/opt/ros/humble/share/rmw_fastrtps_cpp/cmake)
[0.572s] -- Found OpenSSL: /usr/lib/x86_64-linux-gnu/libcrypto.so (found version "3.0.2")  
[0.587s] -- Found FastRTPS: /opt/ros/humble/include  
[0.608s] -- Using RMW implementation 'rmw_fastrtps_cpp' as default
[0.613s] -- Looking for pthread.h
[0.660s] -- Looking for pthread.h - found
[0.660s] -- Performing Test CMAKE_HAVE_LIBC_PTHREAD
[0.719s] -- Performing Test CMAKE_HAVE_LIBC_PTHREAD - Success
[0.720s] -- Found Threads: TRUE  
[0.747s] -- Found rclpy: 3.3.17 (/opt/ros/humble/share/rclpy/cmake)
[0.832s] -- Configuring done
[0.836s] -- Generating done
[0.837s] -- Build files have been written to: /home/lworakan/Documents/GitHub/FRA502-LAB-6648v2/build/lab3
[0.842s] Invoked command in '/home/lworakan/Documents/GitHub/FRA502-LAB-6648v2/build/lab3' returned '0': CMAKE_PREFIX_PATH=${CMAKE_PREFIX_PATH}:/opt/ros/humble /usr/bin/cmake /home/lworakan/Documents/GitHub/FRA502-LAB-6648v2/src/lab3 -DCMAKE_INSTALL_PREFIX=/home/lworakan/Documents/GitHub/FRA502-LAB-6648v2/install/lab3
[0.844s] Invoking command in '/home/lworakan/Documents/GitHub/FRA502-LAB-6648v2/build/lab3': CMAKE_PREFIX_PATH=${CMAKE_PREFIX_PATH}:/opt/ros/humble /usr/bin/cmake --build /home/lworakan/Documents/GitHub/FRA502-LAB-6648v2/build/lab3 -- -j32 -l32
[0.873s] [ 50%] [32mBuilding CXX object CMakeFiles/cpp_node_test.dir/src/cpp_node.cpp.o[0m
[0.880s] [ 50%] Built target ament_cmake_python_copy_lab3
[0.998s] [100%] [32m[1mLinking CXX executable cpp_node_test[0m
[0.999s] running egg_info
[1.011s] creating lab3.egg-info
[1.011s] writing lab3.egg-info/PKG-INFO
[1.011s] writing dependency_links to lab3.egg-info/dependency_links.txt
[1.011s] writing top-level names to lab3.egg-info/top_level.txt
[1.011s] writing manifest file 'lab3.egg-info/SOURCES.txt'
[1.038s] reading manifest file 'lab3.egg-info/SOURCES.txt'
[1.038s] writing manifest file 'lab3.egg-info/SOURCES.txt'
[1.050s] [100%] Built target cpp_node_test
[1.056s] [100%] Built target ament_cmake_python_build_lab3_egg
[1.065s] Invoked command in '/home/lworakan/Documents/GitHub/FRA502-LAB-6648v2/build/lab3' returned '0': CMAKE_PREFIX_PATH=${CMAKE_PREFIX_PATH}:/opt/ros/humble /usr/bin/cmake --build /home/lworakan/Documents/GitHub/FRA502-LAB-6648v2/build/lab3 -- -j32 -l32
[1.070s] Invoking command in '/home/lworakan/Documents/GitHub/FRA502-LAB-6648v2/build/lab3': CMAKE_PREFIX_PATH=${CMAKE_PREFIX_PATH}:/opt/ros/humble /usr/bin/cmake --install /home/lworakan/Documents/GitHub/FRA502-LAB-6648v2/build/lab3
[1.074s] -- Install configuration: ""
[1.074s] -- Installing: /home/lworakan/Documents/GitHub/FRA502-LAB-6648v2/install/lab3/share/lab3/environment/pythonpath.sh
[1.074s] -- Installing: /home/lworakan/Documents/GitHub/FRA502-LAB-6648v2/install/lab3/share/lab3/environment/pythonpath.dsv
[1.074s] -- Installing: /home/lworakan/Documents/GitHub/FRA502-LAB-6648v2/install/lab3/local/lib/python3.10/dist-packages/lab3-0.0.0-py3.10.egg-info
[1.074s] -- Installing: /home/lworakan/Documents/GitHub/FRA502-LAB-6648v2/install/lab3/local/lib/python3.10/dist-packages/lab3-0.0.0-py3.10.egg-info/SOURCES.txt
[1.074s] -- Installing: /home/lworakan/Documents/GitHub/FRA502-LAB-6648v2/install/lab3/local/lib/python3.10/dist-packages/lab3-0.0.0-py3.10.egg-info/top_level.txt
[1.074s] -- Installing: /home/lworakan/Documents/GitHub/FRA502-LAB-6648v2/install/lab3/local/lib/python3.10/dist-packages/lab3-0.0.0-py3.10.egg-info/PKG-INFO
[1.074s] -- Installing: /home/lworakan/Documents/GitHub/FRA502-LAB-6648v2/install/lab3/local/lib/python3.10/dist-packages/lab3-0.0.0-py3.10.egg-info/dependency_links.txt
[1.074s] -- Installing: /home/lworakan/Documents/GitHub/FRA502-LAB-6648v2/install/lab3/local/lib/python3.10/dist-packages/lab3
[1.074s] -- Installing: /home/lworakan/Documents/GitHub/FRA502-LAB-6648v2/install/lab3/local/lib/python3.10/dist-packages/lab3/__init__.py
[1.074s] -- Installing: /home/lworakan/Documents/GitHub/FRA502-LAB-6648v2/install/lab3/local/lib/python3.10/dist-packages/lab3/dummy_module.py
[1.096s] Listing '/home/lworakan/Documents/GitHub/FRA502-LAB-6648v2/install/lab3/local/lib/python3.10/dist-packages/lab3'...
[1.096s] Compiling '/home/lworakan/Documents/GitHub/FRA502-LAB-6648v2/install/lab3/local/lib/python3.10/dist-packages/lab3/__init__.py'...
[1.096s] Compiling '/home/lworakan/Documents/GitHub/FRA502-LAB-6648v2/install/lab3/local/lib/python3.10/dist-packages/lab3/dummy_module.py'...
[1.098s] -- Installing: /home/lworakan/Documents/GitHub/FRA502-LAB-6648v2/install/lab3/lib/lab3/dummy_script.py
[1.098s] -- Installing: /home/lworakan/Documents/GitHub/FRA502-LAB-6648v2/install/lab3/lib/lab3/cpp_node_test
[1.099s] -- Set runtime path of "/home/lworakan/Documents/GitHub/FRA502-LAB-6648v2/install/lab3/lib/lab3/cpp_node_test" to ""
[1.099s] -- Up-to-date: /home/lworakan/Documents/GitHub/FRA502-LAB-6648v2/install/lab3/share/lab3
[1.099s] -- Installing: /home/lworakan/Documents/GitHub/FRA502-LAB-6648v2/install/lab3/share/ament_index/resource_index/package_run_dependencies/lab3
[1.099s] -- Installing: /home/lworakan/Documents/GitHub/FRA502-LAB-6648v2/install/lab3/share/ament_index/resource_index/parent_prefix_path/lab3
[1.099s] -- Installing: /home/lworakan/Documents/GitHub/FRA502-LAB-6648v2/install/lab3/share/lab3/environment/ament_prefix_path.sh
[1.099s] -- Installing: /home/lworakan/Documents/GitHub/FRA502-LAB-6648v2/install/lab3/share/lab3/environment/ament_prefix_path.dsv
[1.099s] -- Installing: /home/lworakan/Documents/GitHub/FRA502-LAB-6648v2/install/lab3/share/lab3/environment/path.sh
[1.099s] -- Installing: /home/lworakan/Documents/GitHub/FRA502-LAB-6648v2/install/lab3/share/lab3/environment/path.dsv
[1.099s] -- Installing: /home/lworakan/Documents/GitHub/FRA502-LAB-6648v2/install/lab3/share/lab3/local_setup.bash
[1.099s] -- Installing: /home/lworakan/Documents/GitHub/FRA502-LAB-6648v2/install/lab3/share/lab3/local_setup.sh
[1.099s] -- Installing: /home/lworakan/Documents/GitHub/FRA502-LAB-6648v2/install/lab3/share/lab3/local_setup.zsh
[1.099s] -- Installing: /home/lworakan/Documents/GitHub/FRA502-LAB-6648v2/install/lab3/share/lab3/local_setup.dsv
[1.099s] -- Installing: /home/lworakan/Documents/GitHub/FRA502-LAB-6648v2/install/lab3/share/lab3/package.dsv
[1.099s] -- Installing: /home/lworakan/Documents/GitHub/FRA502-LAB-6648v2/install/lab3/share/ament_index/resource_index/packages/lab3
[1.099s] -- Installing: /home/lworakan/Documents/GitHub/FRA502-LAB-6648v2/install/lab3/share/lab3/cmake/lab3Config.cmake
[1.099s] -- Installing: /home/lworakan/Documents/GitHub/FRA502-LAB-6648v2/install/lab3/share/lab3/cmake/lab3Config-version.cmake
[1.099s] -- Installing: /home/lworakan/Documents/GitHub/FRA502-LAB-6648v2/install/lab3/share/lab3/package.xml
[1.100s] Invoked command in '/home/lworakan/Documents/GitHub/FRA502-LAB-6648v2/build/lab3' returned '0': CMAKE_PREFIX_PATH=${CMAKE_PREFIX_PATH}:/opt/ros/humble /usr/bin/cmake --install /home/lworakan/Documents/GitHub/FRA502-LAB-6648v2/build/lab3
