[0.011s] Invoking command in '/home/lworakan/Documents/GitHub/FRA502-LAB-6648v2/build/lab3': CMAKE_PREFIX_PATH=${CMAKE_PREFIX_PATH}:/opt/ros/humble /usr/bin/cmake --build /home/lworakan/Documents/GitHub/FRA502-LAB-6648v2/build/lab3 -- -j32 -l32
[0.028s] -- Found ament_cmake: 1.3.12 (/opt/ros/humble/share/ament_cmake/cmake)
[0.115s] -- Found rclcpp: 16.0.14 (/opt/ros/humble/share/rclcpp/cmake)
[0.138s] -- Found rosidl_generator_c: 3.1.7 (/opt/ros/humble/share/rosidl_generator_c/cmake)
[0.139s] -- Found rosidl_adapter: 3.1.7 (/opt/ros/humble/share/rosidl_adapter/cmake)
[0.142s] -- Found rosidl_generator_cpp: 3.1.7 (/opt/ros/humble/share/rosidl_generator_cpp/cmake)
[0.147s] -- Using all available rosidl_typesupport_c: rosidl_typesupport_fastrtps_c;rosidl_typesupport_introspection_c
[0.154s] -- Using all available rosidl_typesupport_cpp: rosidl_typesupport_fastrtps_cpp;rosidl_typesupport_introspection_cpp
[0.172s] -- Found rmw_implementation_cmake: 6.1.2 (/opt/ros/humble/share/rmw_implementation_cmake/cmake)
[0.173s] -- Found rmw_fastrtps_cpp: 6.2.8 (/opt/ros/humble/share/rmw_fastrtps_cpp/cmake)
[0.231s] -- Using RMW implementation 'rmw_fastrtps_cpp' as default
[0.256s] -- Found rclpy: 3.3.17 (/opt/ros/humble/share/rclpy/cmake)
[0.337s] -- Configuring done
[0.341s] -- Generating done
[0.343s] -- Build files have been written to: /home/lworakan/Documents/GitHub/FRA502-LAB-6648v2/build/lab3
[0.361s] [35m[1mConsolidate compiler generated dependencies of target cpp_node_test[0m
[0.369s] [100%] Built target cpp_node_test
[0.372s] [100%] Built target ament_cmake_python_copy_lab3
[0.492s] running egg_info
[0.501s] writing lab3.egg-info/PKG-INFO
[0.501s] writing dependency_links to lab3.egg-info/dependency_links.txt
[0.501s] writing top-level names to lab3.egg-info/top_level.txt
[0.527s] reading manifest file 'lab3.egg-info/SOURCES.txt'
[0.528s] writing manifest file 'lab3.egg-info/SOURCES.txt'
[0.545s] [100%] Built target ament_cmake_python_build_lab3_egg
[0.552s] Invoked command in '/home/lworakan/Documents/GitHub/FRA502-LAB-6648v2/build/lab3' returned '0': CMAKE_PREFIX_PATH=${CMAKE_PREFIX_PATH}:/opt/ros/humble /usr/bin/cmake --build /home/lworakan/Documents/GitHub/FRA502-LAB-6648v2/build/lab3 -- -j32 -l32
[0.553s] Invoking command in '/home/lworakan/Documents/GitHub/FRA502-LAB-6648v2/build/lab3': CMAKE_PREFIX_PATH=${CMAKE_PREFIX_PATH}:/opt/ros/humble /usr/bin/cmake --install /home/lworakan/Documents/GitHub/FRA502-LAB-6648v2/build/lab3
[0.557s] -- Install configuration: ""
[0.557s] -- Up-to-date: /home/lworakan/Documents/GitHub/FRA502-LAB-6648v2/install/lab3/share/lab3/environment/pythonpath.sh
[0.557s] -- Installing: /home/lworakan/Documents/GitHub/FRA502-LAB-6648v2/install/lab3/share/lab3/environment/pythonpath.dsv
[0.557s] -- Up-to-date: /home/lworakan/Documents/GitHub/FRA502-LAB-6648v2/install/lab3/local/lib/python3.10/dist-packages/lab3-0.0.0-py3.10.egg-info
[0.557s] -- Installing: /home/lworakan/Documents/GitHub/FRA502-LAB-6648v2/install/lab3/local/lib/python3.10/dist-packages/lab3-0.0.0-py3.10.egg-info/SOURCES.txt
[0.557s] -- Installing: /home/lworakan/Documents/GitHub/FRA502-LAB-6648v2/install/lab3/local/lib/python3.10/dist-packages/lab3-0.0.0-py3.10.egg-info/top_level.txt
[0.557s] -- Installing: /home/lworakan/Documents/GitHub/FRA502-LAB-6648v2/install/lab3/local/lib/python3.10/dist-packages/lab3-0.0.0-py3.10.egg-info/PKG-INFO
[0.557s] -- Installing: /home/lworakan/Documents/GitHub/FRA502-LAB-6648v2/install/lab3/local/lib/python3.10/dist-packages/lab3-0.0.0-py3.10.egg-info/dependency_links.txt
[0.557s] -- Up-to-date: /home/lworakan/Documents/GitHub/FRA502-LAB-6648v2/install/lab3/local/lib/python3.10/dist-packages/lab3
[0.557s] -- Up-to-date: /home/lworakan/Documents/GitHub/FRA502-LAB-6648v2/install/lab3/local/lib/python3.10/dist-packages/lab3/__init__.py
[0.557s] -- Up-to-date: /home/lworakan/Documents/GitHub/FRA502-LAB-6648v2/install/lab3/local/lib/python3.10/dist-packages/lab3/dummy_module.py
[0.577s] Listing '/home/lworakan/Documents/GitHub/FRA502-LAB-6648v2/install/lab3/local/lib/python3.10/dist-packages/lab3'...
[0.579s] -- Up-to-date: /home/lworakan/Documents/GitHub/FRA502-LAB-6648v2/install/lab3/lib/lab3/dummy_script.py
[0.579s] -- Up-to-date: /home/lworakan/Documents/GitHub/FRA502-LAB-6648v2/install/lab3/lib/lab3/eater.py
[0.579s] -- Up-to-date: /home/lworakan/Documents/GitHub/FRA502-LAB-6648v2/install/lab3/lib/lab3/killer.py
[0.579s] -- Up-to-date: /home/lworakan/Documents/GitHub/FRA502-LAB-6648v2/install/lab3/lib/lab3/cpp_node_test
[0.579s] -- Up-to-date: /home/lworakan/Documents/GitHub/FRA502-LAB-6648v2/install/lab3/share/lab3
[0.579s] -- Installing: /home/lworakan/Documents/GitHub/FRA502-LAB-6648v2/install/lab3/share/lab3/lab3_bringup.launch.py
[0.579s] -- Up-to-date: /home/lworakan/Documents/GitHub/FRA502-LAB-6648v2/install/lab3/share/ament_index/resource_index/package_run_dependencies/lab3
[0.579s] -- Up-to-date: /home/lworakan/Documents/GitHub/FRA502-LAB-6648v2/install/lab3/share/ament_index/resource_index/parent_prefix_path/lab3
[0.579s] -- Up-to-date: /home/lworakan/Documents/GitHub/FRA502-LAB-6648v2/install/lab3/share/lab3/environment/ament_prefix_path.sh
[0.579s] -- Installing: /home/lworakan/Documents/GitHub/FRA502-LAB-6648v2/install/lab3/share/lab3/environment/ament_prefix_path.dsv
[0.579s] -- Up-to-date: /home/lworakan/Documents/GitHub/FRA502-LAB-6648v2/install/lab3/share/lab3/environment/path.sh
[0.579s] -- Installing: /home/lworakan/Documents/GitHub/FRA502-LAB-6648v2/install/lab3/share/lab3/environment/path.dsv
[0.579s] -- Up-to-date: /home/lworakan/Documents/GitHub/FRA502-LAB-6648v2/install/lab3/share/lab3/local_setup.bash
[0.579s] -- Up-to-date: /home/lworakan/Documents/GitHub/FRA502-LAB-6648v2/install/lab3/share/lab3/local_setup.sh
[0.579s] -- Up-to-date: /home/lworakan/Documents/GitHub/FRA502-LAB-6648v2/install/lab3/share/lab3/local_setup.zsh
[0.579s] -- Installing: /home/lworakan/Documents/GitHub/FRA502-LAB-6648v2/install/lab3/share/lab3/local_setup.dsv
[0.579s] -- Installing: /home/lworakan/Documents/GitHub/FRA502-LAB-6648v2/install/lab3/share/lab3/package.dsv
[0.580s] -- Up-to-date: /home/lworakan/Documents/GitHub/FRA502-LAB-6648v2/install/lab3/share/ament_index/resource_index/packages/lab3
[0.580s] -- Up-to-date: /home/lworakan/Documents/GitHub/FRA502-LAB-6648v2/install/lab3/share/lab3/cmake/lab3Config.cmake
[0.580s] -- Up-to-date: /home/lworakan/Documents/GitHub/FRA502-LAB-6648v2/install/lab3/share/lab3/cmake/lab3Config-version.cmake
[0.580s] -- Installing: /home/lworakan/Documents/GitHub/FRA502-LAB-6648v2/install/lab3/share/lab3/package.xml
[0.581s] Invoked command in '/home/lworakan/Documents/GitHub/FRA502-LAB-6648v2/build/lab3' returned '0': CMAKE_PREFIX_PATH=${CMAKE_PREFIX_PATH}:/opt/ros/humble /usr/bin/cmake --install /home/lworakan/Documents/GitHub/FRA502-LAB-6648v2/build/lab3
