[0.012s] Invoking command in '/home/lworakan/Documents/GitHub/FRA502-LAB-6648v2/build/controller_interfaces': CMAKE_PREFIX_PATH=${CMAKE_PREFIX_PATH}:/opt/ros/humble /usr/bin/cmake --build /home/lworakan/Documents/GitHub/FRA502-LAB-6648v2/build/controller_interfaces -- -j32 -l32
[0.033s] Invoked command in '/home/lworakan/Documents/GitHub/FRA502-LAB-6648v2/build/controller_interfaces' returned '0': CMAKE_PREFIX_PATH=${CMAKE_PREFIX_PATH}:/opt/ros/humble /usr/bin/cmake --build /home/lworakan/Documents/GitHub/FRA502-LAB-6648v2/build/controller_interfaces -- -j32 -l32
[0.039s] Invoking command in '/home/lworakan/Documents/GitHub/FRA502-LAB-6648v2/build/controller_interfaces': CMAKE_PREFIX_PATH=${CMAKE_PREFIX_PATH}:/opt/ros/humble /usr/bin/cmake --install /home/lworakan/Documents/GitHub/FRA502-LAB-6648v2/build/controller_interfaces
[0.044s] -- Install configuration: ""
[0.044s] -- Up-to-date: /home/lworakan/Documents/GitHub/FRA502-LAB-6648v2/install/controller_interfaces/share/ament_index/resource_index/package_run_dependencies/controller_interfaces
[0.044s] -- Up-to-date: /home/lworakan/Documents/GitHub/FRA502-LAB-6648v2/install/controller_interfaces/share/ament_index/resource_index/parent_prefix_path/controller_interfaces
[0.044s] -- Up-to-date: /home/lworakan/Documents/GitHub/FRA502-LAB-6648v2/install/controller_interfaces/share/controller_interfaces/environment/ament_prefix_path.sh
[0.044s] -- Up-to-date: /home/lworakan/Documents/GitHub/FRA502-LAB-6648v2/install/controller_interfaces/share/controller_interfaces/environment/ament_prefix_path.dsv
[0.044s] -- Up-to-date: /home/lworakan/Documents/GitHub/FRA502-LAB-6648v2/install/controller_interfaces/share/controller_interfaces/environment/path.sh
[0.044s] -- Up-to-date: /home/lworakan/Documents/GitHub/FRA502-LAB-6648v2/install/controller_interfaces/share/controller_interfaces/environment/path.dsv
[0.044s] -- Up-to-date: /home/lworakan/Documents/GitHub/FRA502-LAB-6648v2/install/controller_interfaces/share/controller_interfaces/local_setup.bash
[0.044s] -- Up-to-date: /home/lworakan/Documents/GitHub/FRA502-LAB-6648v2/install/controller_interfaces/share/controller_interfaces/local_setup.sh
[0.044s] -- Up-to-date: /home/lworakan/Documents/GitHub/FRA502-LAB-6648v2/install/controller_interfaces/share/controller_interfaces/local_setup.zsh
[0.044s] -- Up-to-date: /home/lworakan/Documents/GitHub/FRA502-LAB-6648v2/install/controller_interfaces/share/controller_interfaces/local_setup.dsv
[0.044s] -- Up-to-date: /home/lworakan/Documents/GitHub/FRA502-LAB-6648v2/install/controller_interfaces/share/controller_interfaces/package.dsv
[0.044s] -- Up-to-date: /home/lworakan/Documents/GitHub/FRA502-LAB-6648v2/install/controller_interfaces/share/ament_index/resource_index/packages/controller_interfaces
[0.044s] -- Up-to-date: /home/lworakan/Documents/GitHub/FRA502-LAB-6648v2/install/controller_interfaces/share/controller_interfaces/cmake/controller_interfacesConfig.cmake
[0.044s] -- Up-to-date: /home/lworakan/Documents/GitHub/FRA502-LAB-6648v2/install/controller_interfaces/share/controller_interfaces/cmake/controller_interfacesConfig-version.cmake
[0.044s] -- Up-to-date: /home/lworakan/Documents/GitHub/FRA502-LAB-6648v2/install/controller_interfaces/share/controller_interfaces/package.xml
[0.046s] Invoked command in '/home/lworakan/Documents/GitHub/FRA502-LAB-6648v2/build/controller_interfaces' returned '0': CMAKE_PREFIX_PATH=${CMAKE_PREFIX_PATH}:/opt/ros/humble /usr/bin/cmake --install /home/lworakan/Documents/GitHub/FRA502-LAB-6648v2/build/controller_interfaces
