[0.059s] DEBUG:colcon:Command line arguments: ['/usr/bin/colcon', 'build']
[0.059s] DEBUG:colcon:Parsed command line arguments: Namespace(log_base=None, log_level=None, verb_name='build', build_base='build', install_base='install', merge_install=False, symlink_install=False, test_result_base=None, continue_on_error=False, executor='parallel', parallel_workers=32, event_handlers=None, ignore_user_meta=False, metas=['./colcon.meta'], base_paths=['.'], packages_ignore=None, packages_ignore_regex=None, paths=None, packages_up_to=None, packages_up_to_regex=None, packages_above=None, packages_above_and_dependencies=None, packages_above_depth=None, packages_select_by_dep=None, packages_skip_by_dep=None, packages_skip_up_to=None, packages_select_build_failed=False, packages_skip_build_finished=False, packages_select_test_failures=False, packages_skip_test_passed=False, packages_select=None, packages_skip=None, packages_select_regex=None, packages_skip_regex=None, packages_start=None, packages_end=None, allow_overriding=[], cmake_args=None, cmake_target=None, cmake_target_skip_unavailable=False, cmake_clean_cache=False, cmake_clean_first=False, cmake_force_configure=False, ament_cmake_args=None, catkin_cmake_args=None, catkin_skip_building_tests=False, mixin_files=None, mixin=None, verb_parser=<colcon_mixin.mixin.mixin_argument.MixinArgumentDecorator object at 0x76ddd339e830>, verb_extension=<colcon_core.verb.build.BuildVerb object at 0x76ddd339e1a0>, main=<bound method BuildVerb.main of <colcon_core.verb.build.BuildVerb object at 0x76ddd339e1a0>>, mixin_verb=('build',))
[0.080s] Level 1:colcon.colcon_core.package_discovery:discover_packages(colcon_meta) check parameters
[0.080s] Level 1:colcon.colcon_core.package_discovery:discover_packages(recursive) check parameters
[0.080s] Level 1:colcon.colcon_core.package_discovery:discover_packages(ignore) check parameters
[0.080s] Level 1:colcon.colcon_core.package_discovery:discover_packages(path) check parameters
[0.080s] Level 1:colcon.colcon_core.package_discovery:discover_packages(colcon_meta) discover
[0.080s] Level 1:colcon.colcon_core.package_discovery:discover_packages(recursive) discover
[0.080s] INFO:colcon.colcon_core.package_discovery:Crawling recursively for packages in '/home/lworakan/Documents/GitHub/FRA502-LAB-6648v2'
[0.080s] Level 1:colcon.colcon_core.package_identification:_identify(.) by extensions ['ignore', 'ignore_ament_install']
[0.080s] Level 1:colcon.colcon_core.package_identification:_identify(.) by extension 'ignore'
[0.080s] Level 1:colcon.colcon_core.package_identification:_identify(.) by extension 'ignore_ament_install'
[0.080s] Level 1:colcon.colcon_core.package_identification:_identify(.) by extensions ['colcon_pkg']
[0.080s] Level 1:colcon.colcon_core.package_identification:_identify(.) by extension 'colcon_pkg'
[0.080s] Level 1:colcon.colcon_core.package_identification:_identify(.) by extensions ['colcon_meta']
[0.080s] Level 1:colcon.colcon_core.package_identification:_identify(.) by extension 'colcon_meta'
[0.080s] Level 1:colcon.colcon_core.package_identification:_identify(.) by extensions ['ros']
[0.080s] Level 1:colcon.colcon_core.package_identification:_identify(.) by extension 'ros'
[0.089s] Level 1:colcon.colcon_core.package_identification:_identify(.) by extensions ['cmake', 'python']
[0.089s] Level 1:colcon.colcon_core.package_identification:_identify(.) by extension 'cmake'
[0.089s] Level 1:colcon.colcon_core.package_identification:_identify(.) by extension 'python'
[0.089s] Level 1:colcon.colcon_core.package_identification:_identify(.) by extensions ['python_setup_py']
[0.089s] Level 1:colcon.colcon_core.package_identification:_identify(.) by extension 'python_setup_py'
[0.089s] Level 1:colcon.colcon_core.package_identification:_identify(build) by extensions ['ignore', 'ignore_ament_install']
[0.089s] Level 1:colcon.colcon_core.package_identification:_identify(build) by extension 'ignore'
[0.089s] Level 1:colcon.colcon_core.package_identification:_identify(build) ignored
[0.089s] Level 1:colcon.colcon_core.package_identification:_identify(controller_interfaces) by extensions ['ignore', 'ignore_ament_install']
[0.089s] Level 1:colcon.colcon_core.package_identification:_identify(controller_interfaces) by extension 'ignore'
[0.089s] Level 1:colcon.colcon_core.package_identification:_identify(controller_interfaces) by extension 'ignore_ament_install'
[0.089s] Level 1:colcon.colcon_core.package_identification:_identify(controller_interfaces) by extensions ['colcon_pkg']
[0.089s] Level 1:colcon.colcon_core.package_identification:_identify(controller_interfaces) by extension 'colcon_pkg'
[0.089s] Level 1:colcon.colcon_core.package_identification:_identify(controller_interfaces) by extensions ['colcon_meta']
[0.089s] Level 1:colcon.colcon_core.package_identification:_identify(controller_interfaces) by extension 'colcon_meta'
[0.089s] Level 1:colcon.colcon_core.package_identification:_identify(controller_interfaces) by extensions ['ros']
[0.089s] Level 1:colcon.colcon_core.package_identification:_identify(controller_interfaces) by extension 'ros'
[0.090s] DEBUG:colcon.colcon_core.package_identification:Package 'controller_interfaces' with type 'ros.ament_cmake' and name 'controller_intertface'
[0.090s] Level 1:colcon.colcon_core.package_identification:_identify(install) by extensions ['ignore', 'ignore_ament_install']
[0.090s] Level 1:colcon.colcon_core.package_identification:_identify(install) by extension 'ignore'
[0.090s] Level 1:colcon.colcon_core.package_identification:_identify(install) ignored
[0.091s] Level 1:colcon.colcon_core.package_identification:_identify(log) by extensions ['ignore', 'ignore_ament_install']
[0.091s] Level 1:colcon.colcon_core.package_identification:_identify(log) by extension 'ignore'
[0.091s] Level 1:colcon.colcon_core.package_identification:_identify(log) ignored
[0.091s] Level 1:colcon.colcon_core.package_identification:_identify(src) by extensions ['ignore', 'ignore_ament_install']
[0.091s] Level 1:colcon.colcon_core.package_identification:_identify(src) by extension 'ignore'
[0.091s] Level 1:colcon.colcon_core.package_identification:_identify(src) by extension 'ignore_ament_install'
[0.091s] Level 1:colcon.colcon_core.package_identification:_identify(src) by extensions ['colcon_pkg']
[0.091s] Level 1:colcon.colcon_core.package_identification:_identify(src) by extension 'colcon_pkg'
[0.091s] Level 1:colcon.colcon_core.package_identification:_identify(src) by extensions ['colcon_meta']
[0.091s] Level 1:colcon.colcon_core.package_identification:_identify(src) by extension 'colcon_meta'
[0.091s] Level 1:colcon.colcon_core.package_identification:_identify(src) by extensions ['ros']
[0.091s] Level 1:colcon.colcon_core.package_identification:_identify(src) by extension 'ros'
[0.091s] Level 1:colcon.colcon_core.package_identification:_identify(src) by extensions ['cmake', 'python']
[0.091s] Level 1:colcon.colcon_core.package_identification:_identify(src) by extension 'cmake'
[0.091s] Level 1:colcon.colcon_core.package_identification:_identify(src) by extension 'python'
[0.091s] Level 1:colcon.colcon_core.package_identification:_identify(src) by extensions ['python_setup_py']
[0.091s] Level 1:colcon.colcon_core.package_identification:_identify(src) by extension 'python_setup_py'
[0.091s] Level 1:colcon.colcon_core.package_identification:_identify(src/lab3) by extensions ['ignore', 'ignore_ament_install']
[0.091s] Level 1:colcon.colcon_core.package_identification:_identify(src/lab3) by extension 'ignore'
[0.091s] Level 1:colcon.colcon_core.package_identification:_identify(src/lab3) by extension 'ignore_ament_install'
[0.091s] Level 1:colcon.colcon_core.package_identification:_identify(src/lab3) by extensions ['colcon_pkg']
[0.091s] Level 1:colcon.colcon_core.package_identification:_identify(src/lab3) by extension 'colcon_pkg'
[0.091s] Level 1:colcon.colcon_core.package_identification:_identify(src/lab3) by extensions ['colcon_meta']
[0.091s] Level 1:colcon.colcon_core.package_identification:_identify(src/lab3) by extension 'colcon_meta'
[0.091s] Level 1:colcon.colcon_core.package_identification:_identify(src/lab3) by extensions ['ros']
[0.091s] Level 1:colcon.colcon_core.package_identification:_identify(src/lab3) by extension 'ros'
[0.091s] DEBUG:colcon.colcon_core.package_identification:Package 'src/lab3' with type 'ros.ament_cmake' and name 'lab3'
[0.092s] Level 1:colcon.colcon_core.package_identification:_identify(src/turtlesim_plus) by extensions ['ignore', 'ignore_ament_install']
[0.092s] Level 1:colcon.colcon_core.package_identification:_identify(src/turtlesim_plus) by extension 'ignore'
[0.092s] Level 1:colcon.colcon_core.package_identification:_identify(src/turtlesim_plus) by extension 'ignore_ament_install'
[0.092s] Level 1:colcon.colcon_core.package_identification:_identify(src/turtlesim_plus) by extensions ['colcon_pkg']
[0.092s] Level 1:colcon.colcon_core.package_identification:_identify(src/turtlesim_plus) by extension 'colcon_pkg'
[0.092s] Level 1:colcon.colcon_core.package_identification:_identify(src/turtlesim_plus) by extensions ['colcon_meta']
[0.092s] Level 1:colcon.colcon_core.package_identification:_identify(src/turtlesim_plus) by extension 'colcon_meta'
[0.092s] Level 1:colcon.colcon_core.package_identification:_identify(src/turtlesim_plus) by extensions ['ros']
[0.092s] Level 1:colcon.colcon_core.package_identification:_identify(src/turtlesim_plus) by extension 'ros'
[0.092s] Level 1:colcon.colcon_core.package_identification:_identify(src/turtlesim_plus) by extensions ['cmake', 'python']
[0.092s] Level 1:colcon.colcon_core.package_identification:_identify(src/turtlesim_plus) by extension 'cmake'
[0.092s] Level 1:colcon.colcon_core.package_identification:_identify(src/turtlesim_plus) by extension 'python'
[0.092s] Level 1:colcon.colcon_core.package_identification:_identify(src/turtlesim_plus) by extensions ['python_setup_py']
[0.092s] Level 1:colcon.colcon_core.package_identification:_identify(src/turtlesim_plus) by extension 'python_setup_py'
[0.092s] Level 1:colcon.colcon_core.package_identification:_identify(src/turtlesim_plus/turtlesim_plus) by extensions ['ignore', 'ignore_ament_install']
[0.092s] Level 1:colcon.colcon_core.package_identification:_identify(src/turtlesim_plus/turtlesim_plus) by extension 'ignore'
[0.092s] Level 1:colcon.colcon_core.package_identification:_identify(src/turtlesim_plus/turtlesim_plus) by extension 'ignore_ament_install'
[0.092s] Level 1:colcon.colcon_core.package_identification:_identify(src/turtlesim_plus/turtlesim_plus) by extensions ['colcon_pkg']
[0.092s] Level 1:colcon.colcon_core.package_identification:_identify(src/turtlesim_plus/turtlesim_plus) by extension 'colcon_pkg'
[0.092s] Level 1:colcon.colcon_core.package_identification:_identify(src/turtlesim_plus/turtlesim_plus) by extensions ['colcon_meta']
[0.092s] Level 1:colcon.colcon_core.package_identification:_identify(src/turtlesim_plus/turtlesim_plus) by extension 'colcon_meta'
[0.092s] Level 1:colcon.colcon_core.package_identification:_identify(src/turtlesim_plus/turtlesim_plus) by extensions ['ros']
[0.092s] Level 1:colcon.colcon_core.package_identification:_identify(src/turtlesim_plus/turtlesim_plus) by extension 'ros'
[0.092s] DEBUG:colcon.colcon_core.package_identification:Package 'src/turtlesim_plus/turtlesim_plus' with type 'ros.ament_cmake' and name 'turtlesim_plus'
[0.092s] Level 1:colcon.colcon_core.package_identification:_identify(src/turtlesim_plus/turtlesim_plus_interfaces) by extensions ['ignore', 'ignore_ament_install']
[0.093s] Level 1:colcon.colcon_core.package_identification:_identify(src/turtlesim_plus/turtlesim_plus_interfaces) by extension 'ignore'
[0.093s] Level 1:colcon.colcon_core.package_identification:_identify(src/turtlesim_plus/turtlesim_plus_interfaces) by extension 'ignore_ament_install'
[0.093s] Level 1:colcon.colcon_core.package_identification:_identify(src/turtlesim_plus/turtlesim_plus_interfaces) by extensions ['colcon_pkg']
[0.093s] Level 1:colcon.colcon_core.package_identification:_identify(src/turtlesim_plus/turtlesim_plus_interfaces) by extension 'colcon_pkg'
[0.093s] Level 1:colcon.colcon_core.package_identification:_identify(src/turtlesim_plus/turtlesim_plus_interfaces) by extensions ['colcon_meta']
[0.093s] Level 1:colcon.colcon_core.package_identification:_identify(src/turtlesim_plus/turtlesim_plus_interfaces) by extension 'colcon_meta'
[0.093s] Level 1:colcon.colcon_core.package_identification:_identify(src/turtlesim_plus/turtlesim_plus_interfaces) by extensions ['ros']
[0.093s] Level 1:colcon.colcon_core.package_identification:_identify(src/turtlesim_plus/turtlesim_plus_interfaces) by extension 'ros'
[0.093s] DEBUG:colcon.colcon_core.package_identification:Package 'src/turtlesim_plus/turtlesim_plus_interfaces' with type 'ros.ament_cmake' and name 'turtlesim_plus_interfaces'
[0.093s] Level 1:colcon.colcon_core.package_discovery:discover_packages(recursive) using defaults
[0.093s] Level 1:colcon.colcon_core.package_discovery:discover_packages(ignore) discover
[0.093s] Level 1:colcon.colcon_core.package_discovery:discover_packages(ignore) using defaults
[0.093s] Level 1:colcon.colcon_core.package_discovery:discover_packages(path) discover
[0.093s] Level 1:colcon.colcon_core.package_discovery:discover_packages(path) using defaults
[0.104s] Level 1:colcon.colcon_core.package_discovery:discover_packages(prefix_path) check parameters
[0.104s] Level 1:colcon.colcon_core.package_discovery:discover_packages(prefix_path) discover
[0.105s] DEBUG:colcon.colcon_installed_package_information.package_discovery:Found 4 installed packages in /home/lworakan/Documents/GitHub/FRA502-LAB-6648v2/install
[0.106s] DEBUG:colcon.colcon_installed_package_information.package_discovery:Found 5 installed packages in /home/lworakan/Documents/GitHub/FRA502-LAB-Student6648/install
[0.106s] DEBUG:colcon.colcon_installed_package_information.package_discovery:Found 4 installed packages in /home/lworakan/Documents/GitHub/FRA502-LAB-Student6648/src/install
[0.107s] DEBUG:colcon.colcon_installed_package_information.package_discovery:Found 302 installed packages in /opt/ros/humble
[0.108s] Level 1:colcon.colcon_core.package_discovery:discover_packages(prefix_path) using defaults
[0.128s] Level 5:colcon.colcon_core.verb:set package 'controller_intertface' build argument 'cmake_args' from command line to 'None'
[0.128s] Level 5:colcon.colcon_core.verb:set package 'controller_intertface' build argument 'cmake_target' from command line to 'None'
[0.128s] Level 5:colcon.colcon_core.verb:set package 'controller_intertface' build argument 'cmake_target_skip_unavailable' from command line to 'False'
[0.128s] Level 5:colcon.colcon_core.verb:set package 'controller_intertface' build argument 'cmake_clean_cache' from command line to 'False'
[0.128s] Level 5:colcon.colcon_core.verb:set package 'controller_intertface' build argument 'cmake_clean_first' from command line to 'False'
[0.128s] Level 5:colcon.colcon_core.verb:set package 'controller_intertface' build argument 'cmake_force_configure' from command line to 'False'
[0.128s] Level 5:colcon.colcon_core.verb:set package 'controller_intertface' build argument 'ament_cmake_args' from command line to 'None'
[0.128s] Level 5:colcon.colcon_core.verb:set package 'controller_intertface' build argument 'catkin_cmake_args' from command line to 'None'
[0.128s] Level 5:colcon.colcon_core.verb:set package 'controller_intertface' build argument 'catkin_skip_building_tests' from command line to 'False'
[0.128s] DEBUG:colcon.colcon_core.verb:Building package 'controller_intertface' with the following arguments: {'ament_cmake_args': None, 'build_base': '/home/lworakan/Documents/GitHub/FRA502-LAB-6648v2/build/controller_intertface', 'catkin_cmake_args': None, 'catkin_skip_building_tests': False, 'cmake_args': None, 'cmake_clean_cache': False, 'cmake_clean_first': False, 'cmake_force_configure': False, 'cmake_target': None, 'cmake_target_skip_unavailable': False, 'install_base': '/home/lworakan/Documents/GitHub/FRA502-LAB-6648v2/install/controller_intertface', 'merge_install': False, 'path': '/home/lworakan/Documents/GitHub/FRA502-LAB-6648v2/controller_interfaces', 'symlink_install': False, 'test_result_base': None}
[0.128s] Level 5:colcon.colcon_core.verb:set package 'lab3' build argument 'cmake_args' from command line to 'None'
[0.128s] Level 5:colcon.colcon_core.verb:set package 'lab3' build argument 'cmake_target' from command line to 'None'
[0.128s] Level 5:colcon.colcon_core.verb:set package 'lab3' build argument 'cmake_target_skip_unavailable' from command line to 'False'
[0.128s] Level 5:colcon.colcon_core.verb:set package 'lab3' build argument 'cmake_clean_cache' from command line to 'False'
[0.128s] Level 5:colcon.colcon_core.verb:set package 'lab3' build argument 'cmake_clean_first' from command line to 'False'
[0.128s] Level 5:colcon.colcon_core.verb:set package 'lab3' build argument 'cmake_force_configure' from command line to 'False'
[0.128s] Level 5:colcon.colcon_core.verb:set package 'lab3' build argument 'ament_cmake_args' from command line to 'None'
[0.128s] Level 5:colcon.colcon_core.verb:set package 'lab3' build argument 'catkin_cmake_args' from command line to 'None'
[0.128s] Level 5:colcon.colcon_core.verb:set package 'lab3' build argument 'catkin_skip_building_tests' from command line to 'False'
[0.129s] DEBUG:colcon.colcon_core.verb:Building package 'lab3' with the following arguments: {'ament_cmake_args': None, 'build_base': '/home/lworakan/Documents/GitHub/FRA502-LAB-6648v2/build/lab3', 'catkin_cmake_args': None, 'catkin_skip_building_tests': False, 'cmake_args': None, 'cmake_clean_cache': False, 'cmake_clean_first': False, 'cmake_force_configure': False, 'cmake_target': None, 'cmake_target_skip_unavailable': False, 'install_base': '/home/lworakan/Documents/GitHub/FRA502-LAB-6648v2/install/lab3', 'merge_install': False, 'path': '/home/lworakan/Documents/GitHub/FRA502-LAB-6648v2/src/lab3', 'symlink_install': False, 'test_result_base': None}
[0.129s] Level 5:colcon.colcon_core.verb:set package 'turtlesim_plus' build argument 'cmake_args' from command line to 'None'
[0.129s] Level 5:colcon.colcon_core.verb:set package 'turtlesim_plus' build argument 'cmake_target' from command line to 'None'
[0.129s] Level 5:colcon.colcon_core.verb:set package 'turtlesim_plus' build argument 'cmake_target_skip_unavailable' from command line to 'False'
[0.129s] Level 5:colcon.colcon_core.verb:set package 'turtlesim_plus' build argument 'cmake_clean_cache' from command line to 'False'
[0.129s] Level 5:colcon.colcon_core.verb:set package 'turtlesim_plus' build argument 'cmake_clean_first' from command line to 'False'
[0.129s] Level 5:colcon.colcon_core.verb:set package 'turtlesim_plus' build argument 'cmake_force_configure' from command line to 'False'
[0.129s] Level 5:colcon.colcon_core.verb:set package 'turtlesim_plus' build argument 'ament_cmake_args' from command line to 'None'
[0.129s] Level 5:colcon.colcon_core.verb:set package 'turtlesim_plus' build argument 'catkin_cmake_args' from command line to 'None'
[0.129s] Level 5:colcon.colcon_core.verb:set package 'turtlesim_plus' build argument 'catkin_skip_building_tests' from command line to 'False'
[0.129s] DEBUG:colcon.colcon_core.verb:Building package 'turtlesim_plus' with the following arguments: {'ament_cmake_args': None, 'build_base': '/home/lworakan/Documents/GitHub/FRA502-LAB-6648v2/build/turtlesim_plus', 'catkin_cmake_args': None, 'catkin_skip_building_tests': False, 'cmake_args': None, 'cmake_clean_cache': False, 'cmake_clean_first': False, 'cmake_force_configure': False, 'cmake_target': None, 'cmake_target_skip_unavailable': False, 'install_base': '/home/lworakan/Documents/GitHub/FRA502-LAB-6648v2/install/turtlesim_plus', 'merge_install': False, 'path': '/home/lworakan/Documents/GitHub/FRA502-LAB-6648v2/src/turtlesim_plus/turtlesim_plus', 'symlink_install': False, 'test_result_base': None}
[0.129s] Level 5:colcon.colcon_core.verb:set package 'turtlesim_plus_interfaces' build argument 'cmake_args' from command line to 'None'
[0.129s] Level 5:colcon.colcon_core.verb:set package 'turtlesim_plus_interfaces' build argument 'cmake_target' from command line to 'None'
[0.129s] Level 5:colcon.colcon_core.verb:set package 'turtlesim_plus_interfaces' build argument 'cmake_target_skip_unavailable' from command line to 'False'
[0.129s] Level 5:colcon.colcon_core.verb:set package 'turtlesim_plus_interfaces' build argument 'cmake_clean_cache' from command line to 'False'
[0.129s] Level 5:colcon.colcon_core.verb:set package 'turtlesim_plus_interfaces' build argument 'cmake_clean_first' from command line to 'False'
[0.129s] Level 5:colcon.colcon_core.verb:set package 'turtlesim_plus_interfaces' build argument 'cmake_force_configure' from command line to 'False'
[0.129s] Level 5:colcon.colcon_core.verb:set package 'turtlesim_plus_interfaces' build argument 'ament_cmake_args' from command line to 'None'
[0.129s] Level 5:colcon.colcon_core.verb:set package 'turtlesim_plus_interfaces' build argument 'catkin_cmake_args' from command line to 'None'
[0.129s] Level 5:colcon.colcon_core.verb:set package 'turtlesim_plus_interfaces' build argument 'catkin_skip_building_tests' from command line to 'False'
[0.129s] DEBUG:colcon.colcon_core.verb:Building package 'turtlesim_plus_interfaces' with the following arguments: {'ament_cmake_args': None, 'build_base': '/home/lworakan/Documents/GitHub/FRA502-LAB-6648v2/build/turtlesim_plus_interfaces', 'catkin_cmake_args': None, 'catkin_skip_building_tests': False, 'cmake_args': None, 'cmake_clean_cache': False, 'cmake_clean_first': False, 'cmake_force_configure': False, 'cmake_target': None, 'cmake_target_skip_unavailable': False, 'install_base': '/home/lworakan/Documents/GitHub/FRA502-LAB-6648v2/install/turtlesim_plus_interfaces', 'merge_install': False, 'path': '/home/lworakan/Documents/GitHub/FRA502-LAB-6648v2/src/turtlesim_plus/turtlesim_plus_interfaces', 'symlink_install': False, 'test_result_base': None}
[0.129s] INFO:colcon.colcon_core.executor:Executing jobs using 'parallel' executor
[0.130s] DEBUG:colcon.colcon_parallel_executor.executor.parallel:run_until_complete
[0.130s] INFO:colcon.colcon_ros.task.ament_cmake.build:Building ROS package in '/home/lworakan/Documents/GitHub/FRA502-LAB-6648v2/controller_interfaces' with build type 'ament_cmake'
[0.130s] INFO:colcon.colcon_cmake.task.cmake.build:Building CMake package in '/home/lworakan/Documents/GitHub/FRA502-LAB-6648v2/controller_interfaces'
[0.131s] INFO:colcon.colcon_core.plugin_system:Skipping extension 'colcon_core.shell.bat': Not used on non-Windows systems
[0.131s] INFO:colcon.colcon_core.shell:Skip shell extension 'powershell' for command environment: Not usable outside of PowerShell
[0.131s] DEBUG:colcon.colcon_core.shell:Skip shell extension 'dsv' for command environment
[0.134s] INFO:colcon.colcon_ros.task.ament_cmake.build:Building ROS package in '/home/lworakan/Documents/GitHub/FRA502-LAB-6648v2/src/lab3' with build type 'ament_cmake'
[0.134s] INFO:colcon.colcon_cmake.task.cmake.build:Building CMake package in '/home/lworakan/Documents/GitHub/FRA502-LAB-6648v2/src/lab3'
[0.134s] INFO:colcon.colcon_core.shell:Skip shell extension 'powershell' for command environment: Not usable outside of PowerShell
[0.134s] DEBUG:colcon.colcon_core.shell:Skip shell extension 'dsv' for command environment
[0.136s] INFO:colcon.colcon_ros.task.ament_cmake.build:Building ROS package in '/home/lworakan/Documents/GitHub/FRA502-LAB-6648v2/src/turtlesim_plus/turtlesim_plus' with build type 'ament_cmake'
[0.136s] INFO:colcon.colcon_cmake.task.cmake.build:Building CMake package in '/home/lworakan/Documents/GitHub/FRA502-LAB-6648v2/src/turtlesim_plus/turtlesim_plus'
[0.136s] INFO:colcon.colcon_core.shell:Skip shell extension 'powershell' for command environment: Not usable outside of PowerShell
[0.136s] DEBUG:colcon.colcon_core.shell:Skip shell extension 'dsv' for command environment
[0.138s] INFO:colcon.colcon_ros.task.ament_cmake.build:Building ROS package in '/home/lworakan/Documents/GitHub/FRA502-LAB-6648v2/src/turtlesim_plus/turtlesim_plus_interfaces' with build type 'ament_cmake'
[0.139s] INFO:colcon.colcon_cmake.task.cmake.build:Building CMake package in '/home/lworakan/Documents/GitHub/FRA502-LAB-6648v2/src/turtlesim_plus/turtlesim_plus_interfaces'
[0.139s] INFO:colcon.colcon_core.shell:Skip shell extension 'powershell' for command environment: Not usable outside of PowerShell
[0.139s] DEBUG:colcon.colcon_core.shell:Skip shell extension 'dsv' for command environment
[0.143s] DEBUG:colcon.colcon_core.event_handler.log_command:Invoking command in '/home/lworakan/Documents/GitHub/FRA502-LAB-6648v2/build/controller_intertface': CMAKE_PREFIX_PATH=${CMAKE_PREFIX_PATH}:/opt/ros/humble /usr/bin/cmake /home/lworakan/Documents/GitHub/FRA502-LAB-6648v2/controller_interfaces -DCMAKE_INSTALL_PREFIX=/home/lworakan/Documents/GitHub/FRA502-LAB-6648v2/install/controller_intertface
[0.148s] DEBUG:colcon.colcon_core.event_handler.log_command:Invoking command in '/home/lworakan/Documents/GitHub/FRA502-LAB-6648v2/build/lab3': CMAKE_PREFIX_PATH=${CMAKE_PREFIX_PATH}:/opt/ros/humble /usr/bin/cmake --build /home/lworakan/Documents/GitHub/FRA502-LAB-6648v2/build/lab3 -- -j32 -l32
[0.150s] DEBUG:colcon.colcon_core.event_handler.log_command:Invoking command in '/home/lworakan/Documents/GitHub/FRA502-LAB-6648v2/build/turtlesim_plus': CMAKE_PREFIX_PATH=${CMAKE_PREFIX_PATH}:/opt/ros/humble /usr/bin/cmake --build /home/lworakan/Documents/GitHub/FRA502-LAB-6648v2/build/turtlesim_plus -- -j32 -l32
[0.153s] DEBUG:colcon.colcon_core.event_handler.log_command:Invoking command in '/home/lworakan/Documents/GitHub/FRA502-LAB-6648v2/build/turtlesim_plus_interfaces': CMAKE_PREFIX_PATH=${CMAKE_PREFIX_PATH}:/opt/ros/humble /usr/bin/cmake --build /home/lworakan/Documents/GitHub/FRA502-LAB-6648v2/build/turtlesim_plus_interfaces -- -j32 -l32
[0.388s] DEBUG:colcon.colcon_core.event_handler.log_command:Invoked command in '/home/lworakan/Documents/GitHub/FRA502-LAB-6648v2/build/lab3' returned '0': CMAKE_PREFIX_PATH=${CMAKE_PREFIX_PATH}:/opt/ros/humble /usr/bin/cmake --build /home/lworakan/Documents/GitHub/FRA502-LAB-6648v2/build/lab3 -- -j32 -l32
[0.395s] DEBUG:colcon.colcon_core.event_handler.log_command:Invoking command in '/home/lworakan/Documents/GitHub/FRA502-LAB-6648v2/build/lab3': CMAKE_PREFIX_PATH=${CMAKE_PREFIX_PATH}:/opt/ros/humble /usr/bin/cmake --install /home/lworakan/Documents/GitHub/FRA502-LAB-6648v2/build/lab3
[0.395s] DEBUG:colcon.colcon_core.event_handler.log_command:Invoked command in '/home/lworakan/Documents/GitHub/FRA502-LAB-6648v2/build/turtlesim_plus' returned '0': CMAKE_PREFIX_PATH=${CMAKE_PREFIX_PATH}:/opt/ros/humble /usr/bin/cmake --build /home/lworakan/Documents/GitHub/FRA502-LAB-6648v2/build/turtlesim_plus -- -j32 -l32
[0.397s] DEBUG:colcon.colcon_core.event_handler.log_command:Invoking command in '/home/lworakan/Documents/GitHub/FRA502-LAB-6648v2/build/turtlesim_plus': CMAKE_PREFIX_PATH=${CMAKE_PREFIX_PATH}:/opt/ros/humble /usr/bin/cmake --install /home/lworakan/Documents/GitHub/FRA502-LAB-6648v2/build/turtlesim_plus
[0.397s] DEBUG:colcon.colcon_core.event_handler.log_command:Invoked command in '/home/lworakan/Documents/GitHub/FRA502-LAB-6648v2/build/turtlesim_plus_interfaces' returned '0': CMAKE_PREFIX_PATH=${CMAKE_PREFIX_PATH}:/opt/ros/humble /usr/bin/cmake --build /home/lworakan/Documents/GitHub/FRA502-LAB-6648v2/build/turtlesim_plus_interfaces -- -j32 -l32
[0.399s] DEBUG:colcon.colcon_core.event_handler.log_command:Invoking command in '/home/lworakan/Documents/GitHub/FRA502-LAB-6648v2/build/turtlesim_plus_interfaces': CMAKE_PREFIX_PATH=${CMAKE_PREFIX_PATH}:/opt/ros/humble /usr/bin/cmake --install /home/lworakan/Documents/GitHub/FRA502-LAB-6648v2/build/turtlesim_plus_interfaces
[0.423s] Level 1:colcon.colcon_core.environment:create_environment_scripts_only(lab3)
[0.424s] DEBUG:colcon.colcon_core.event_handler.log_command:Invoked command in '/home/lworakan/Documents/GitHub/FRA502-LAB-6648v2/build/lab3' returned '0': CMAKE_PREFIX_PATH=${CMAKE_PREFIX_PATH}:/opt/ros/humble /usr/bin/cmake --install /home/lworakan/Documents/GitHub/FRA502-LAB-6648v2/build/lab3
[0.427s] Level 1:colcon.colcon_core.environment:checking '/home/lworakan/Documents/GitHub/FRA502-LAB-6648v2/install/lab3' for CMake module files
[0.427s] Level 1:colcon.colcon_core.environment:checking '/home/lworakan/Documents/GitHub/FRA502-LAB-6648v2/install/lab3' for CMake config files
[0.430s] Level 1:colcon.colcon_core.shell:create_environment_hook('lab3', 'cmake_prefix_path')
[0.431s] INFO:colcon.colcon_core.shell:Creating environment hook '/home/lworakan/Documents/GitHub/FRA502-LAB-6648v2/install/lab3/share/lab3/hook/cmake_prefix_path.ps1'
[0.432s] INFO:colcon.colcon_core.shell:Creating environment descriptor '/home/lworakan/Documents/GitHub/FRA502-LAB-6648v2/install/lab3/share/lab3/hook/cmake_prefix_path.dsv'
[0.432s] INFO:colcon.colcon_core.shell:Creating environment hook '/home/lworakan/Documents/GitHub/FRA502-LAB-6648v2/install/lab3/share/lab3/hook/cmake_prefix_path.sh'
[0.433s] Level 1:colcon.colcon_core.environment:checking '/home/lworakan/Documents/GitHub/FRA502-LAB-6648v2/install/lab3/lib'
[0.433s] Level 1:colcon.colcon_core.environment:checking '/home/lworakan/Documents/GitHub/FRA502-LAB-6648v2/install/lab3/bin'
[0.433s] Level 1:colcon.colcon_core.environment:checking '/home/lworakan/Documents/GitHub/FRA502-LAB-6648v2/install/lab3/lib/pkgconfig/lab3.pc'
[0.433s] Level 1:colcon.colcon_core.environment:checking '/home/lworakan/Documents/GitHub/FRA502-LAB-6648v2/install/lab3/lib/python3.10/site-packages'
[0.433s] Level 1:colcon.colcon_core.environment:checking '/home/lworakan/Documents/GitHub/FRA502-LAB-6648v2/install/lab3/bin'
[0.433s] INFO:colcon.colcon_core.shell:Creating package script '/home/lworakan/Documents/GitHub/FRA502-LAB-6648v2/install/lab3/share/lab3/package.ps1'
[0.433s] INFO:colcon.colcon_core.shell:Creating package descriptor '/home/lworakan/Documents/GitHub/FRA502-LAB-6648v2/install/lab3/share/lab3/package.dsv'
[0.434s] INFO:colcon.colcon_core.shell:Creating package script '/home/lworakan/Documents/GitHub/FRA502-LAB-6648v2/install/lab3/share/lab3/package.sh'
[0.434s] INFO:colcon.colcon_core.shell:Creating package script '/home/lworakan/Documents/GitHub/FRA502-LAB-6648v2/install/lab3/share/lab3/package.bash'
[0.435s] INFO:colcon.colcon_core.shell:Creating package script '/home/lworakan/Documents/GitHub/FRA502-LAB-6648v2/install/lab3/share/lab3/package.zsh'
[0.435s] Level 1:colcon.colcon_core.environment:create_file_with_runtime_dependencies(/home/lworakan/Documents/GitHub/FRA502-LAB-6648v2/install/lab3/share/colcon-core/packages/lab3)
[0.435s] Level 1:colcon.colcon_core.environment:create_environment_scripts_only(lab3)
[0.435s] Level 1:colcon.colcon_core.environment:checking '/home/lworakan/Documents/GitHub/FRA502-LAB-6648v2/install/lab3' for CMake module files
[0.435s] Level 1:colcon.colcon_core.environment:checking '/home/lworakan/Documents/GitHub/FRA502-LAB-6648v2/install/lab3' for CMake config files
[0.436s] Level 1:colcon.colcon_core.shell:create_environment_hook('lab3', 'cmake_prefix_path')
[0.436s] INFO:colcon.colcon_core.shell:Creating environment hook '/home/lworakan/Documents/GitHub/FRA502-LAB-6648v2/install/lab3/share/lab3/hook/cmake_prefix_path.ps1'
[0.436s] INFO:colcon.colcon_core.shell:Creating environment descriptor '/home/lworakan/Documents/GitHub/FRA502-LAB-6648v2/install/lab3/share/lab3/hook/cmake_prefix_path.dsv'
[0.436s] INFO:colcon.colcon_core.shell:Creating environment hook '/home/lworakan/Documents/GitHub/FRA502-LAB-6648v2/install/lab3/share/lab3/hook/cmake_prefix_path.sh'
[0.436s] Level 1:colcon.colcon_core.environment:checking '/home/lworakan/Documents/GitHub/FRA502-LAB-6648v2/install/lab3/lib'
[0.436s] Level 1:colcon.colcon_core.environment:checking '/home/lworakan/Documents/GitHub/FRA502-LAB-6648v2/install/lab3/bin'
[0.436s] Level 1:colcon.colcon_core.environment:checking '/home/lworakan/Documents/GitHub/FRA502-LAB-6648v2/install/lab3/lib/pkgconfig/lab3.pc'
[0.436s] Level 1:colcon.colcon_core.environment:checking '/home/lworakan/Documents/GitHub/FRA502-LAB-6648v2/install/lab3/lib/python3.10/site-packages'
[0.437s] Level 1:colcon.colcon_core.environment:checking '/home/lworakan/Documents/GitHub/FRA502-LAB-6648v2/install/lab3/bin'
[0.437s] INFO:colcon.colcon_core.shell:Creating package script '/home/lworakan/Documents/GitHub/FRA502-LAB-6648v2/install/lab3/share/lab3/package.ps1'
[0.437s] INFO:colcon.colcon_core.shell:Creating package descriptor '/home/lworakan/Documents/GitHub/FRA502-LAB-6648v2/install/lab3/share/lab3/package.dsv'
[0.437s] INFO:colcon.colcon_core.shell:Creating package script '/home/lworakan/Documents/GitHub/FRA502-LAB-6648v2/install/lab3/share/lab3/package.sh'
[0.437s] INFO:colcon.colcon_core.shell:Creating package script '/home/lworakan/Documents/GitHub/FRA502-LAB-6648v2/install/lab3/share/lab3/package.bash'
[0.438s] INFO:colcon.colcon_core.shell:Creating package script '/home/lworakan/Documents/GitHub/FRA502-LAB-6648v2/install/lab3/share/lab3/package.zsh'
[0.438s] Level 1:colcon.colcon_core.environment:create_file_with_runtime_dependencies(/home/lworakan/Documents/GitHub/FRA502-LAB-6648v2/install/lab3/share/colcon-core/packages/lab3)
[0.439s] Level 1:colcon.colcon_core.environment:create_environment_scripts_only(turtlesim_plus)
[0.439s] Level 1:colcon.colcon_core.environment:checking '/home/lworakan/Documents/GitHub/FRA502-LAB-6648v2/install/turtlesim_plus' for CMake module files
[0.439s] DEBUG:colcon.colcon_core.event_handler.log_command:Invoked command in '/home/lworakan/Documents/GitHub/FRA502-LAB-6648v2/build/turtlesim_plus' returned '0': CMAKE_PREFIX_PATH=${CMAKE_PREFIX_PATH}:/opt/ros/humble /usr/bin/cmake --install /home/lworakan/Documents/GitHub/FRA502-LAB-6648v2/build/turtlesim_plus
[0.440s] Level 1:colcon.colcon_core.environment:checking '/home/lworakan/Documents/GitHub/FRA502-LAB-6648v2/install/turtlesim_plus' for CMake config files
[0.440s] Level 1:colcon.colcon_core.shell:create_environment_hook('turtlesim_plus', 'cmake_prefix_path')
[0.440s] INFO:colcon.colcon_core.shell:Creating environment hook '/home/lworakan/Documents/GitHub/FRA502-LAB-6648v2/install/turtlesim_plus/share/turtlesim_plus/hook/cmake_prefix_path.ps1'
[0.441s] INFO:colcon.colcon_core.shell:Creating environment descriptor '/home/lworakan/Documents/GitHub/FRA502-LAB-6648v2/install/turtlesim_plus/share/turtlesim_plus/hook/cmake_prefix_path.dsv'
[0.441s] INFO:colcon.colcon_core.shell:Creating environment hook '/home/lworakan/Documents/GitHub/FRA502-LAB-6648v2/install/turtlesim_plus/share/turtlesim_plus/hook/cmake_prefix_path.sh'
[0.441s] Level 1:colcon.colcon_core.environment:checking '/home/lworakan/Documents/GitHub/FRA502-LAB-6648v2/install/turtlesim_plus/lib'
[0.441s] Level 1:colcon.colcon_core.environment:checking '/home/lworakan/Documents/GitHub/FRA502-LAB-6648v2/install/turtlesim_plus/bin'
[0.441s] Level 1:colcon.colcon_core.environment:checking '/home/lworakan/Documents/GitHub/FRA502-LAB-6648v2/install/turtlesim_plus/lib/pkgconfig/turtlesim_plus.pc'
[0.442s] Level 1:colcon.colcon_core.environment:checking '/home/lworakan/Documents/GitHub/FRA502-LAB-6648v2/install/turtlesim_plus/lib/python3.10/site-packages'
[0.442s] Level 1:colcon.colcon_core.environment:checking '/home/lworakan/Documents/GitHub/FRA502-LAB-6648v2/install/turtlesim_plus/bin'
[0.442s] INFO:colcon.colcon_core.shell:Creating package script '/home/lworakan/Documents/GitHub/FRA502-LAB-6648v2/install/turtlesim_plus/share/turtlesim_plus/package.ps1'
[0.443s] INFO:colcon.colcon_core.shell:Creating package descriptor '/home/lworakan/Documents/GitHub/FRA502-LAB-6648v2/install/turtlesim_plus/share/turtlesim_plus/package.dsv'
[0.443s] INFO:colcon.colcon_core.shell:Creating package script '/home/lworakan/Documents/GitHub/FRA502-LAB-6648v2/install/turtlesim_plus/share/turtlesim_plus/package.sh'
[0.443s] INFO:colcon.colcon_core.shell:Creating package script '/home/lworakan/Documents/GitHub/FRA502-LAB-6648v2/install/turtlesim_plus/share/turtlesim_plus/package.bash'
[0.444s] INFO:colcon.colcon_core.shell:Creating package script '/home/lworakan/Documents/GitHub/FRA502-LAB-6648v2/install/turtlesim_plus/share/turtlesim_plus/package.zsh'
[0.444s] Level 1:colcon.colcon_core.environment:create_file_with_runtime_dependencies(/home/lworakan/Documents/GitHub/FRA502-LAB-6648v2/install/turtlesim_plus/share/colcon-core/packages/turtlesim_plus)
[0.444s] Level 1:colcon.colcon_core.environment:create_environment_scripts_only(turtlesim_plus)
[0.445s] Level 1:colcon.colcon_core.environment:checking '/home/lworakan/Documents/GitHub/FRA502-LAB-6648v2/install/turtlesim_plus' for CMake module files
[0.445s] Level 1:colcon.colcon_core.environment:checking '/home/lworakan/Documents/GitHub/FRA502-LAB-6648v2/install/turtlesim_plus' for CMake config files
[0.445s] Level 1:colcon.colcon_core.shell:create_environment_hook('turtlesim_plus', 'cmake_prefix_path')
[0.446s] INFO:colcon.colcon_core.shell:Creating environment hook '/home/lworakan/Documents/GitHub/FRA502-LAB-6648v2/install/turtlesim_plus/share/turtlesim_plus/hook/cmake_prefix_path.ps1'
[0.446s] INFO:colcon.colcon_core.shell:Creating environment descriptor '/home/lworakan/Documents/GitHub/FRA502-LAB-6648v2/install/turtlesim_plus/share/turtlesim_plus/hook/cmake_prefix_path.dsv'
[0.446s] INFO:colcon.colcon_core.shell:Creating environment hook '/home/lworakan/Documents/GitHub/FRA502-LAB-6648v2/install/turtlesim_plus/share/turtlesim_plus/hook/cmake_prefix_path.sh'
[0.447s] Level 1:colcon.colcon_core.environment:checking '/home/lworakan/Documents/GitHub/FRA502-LAB-6648v2/install/turtlesim_plus/lib'
[0.447s] Level 1:colcon.colcon_core.environment:checking '/home/lworakan/Documents/GitHub/FRA502-LAB-6648v2/install/turtlesim_plus/bin'
[0.447s] Level 1:colcon.colcon_core.environment:checking '/home/lworakan/Documents/GitHub/FRA502-LAB-6648v2/install/turtlesim_plus/lib/pkgconfig/turtlesim_plus.pc'
[0.447s] Level 1:colcon.colcon_core.environment:checking '/home/lworakan/Documents/GitHub/FRA502-LAB-6648v2/install/turtlesim_plus/lib/python3.10/site-packages'
[0.447s] Level 1:colcon.colcon_core.environment:checking '/home/lworakan/Documents/GitHub/FRA502-LAB-6648v2/install/turtlesim_plus/bin'
[0.447s] INFO:colcon.colcon_core.shell:Creating package script '/home/lworakan/Documents/GitHub/FRA502-LAB-6648v2/install/turtlesim_plus/share/turtlesim_plus/package.ps1'
[0.448s] INFO:colcon.colcon_core.shell:Creating package descriptor '/home/lworakan/Documents/GitHub/FRA502-LAB-6648v2/install/turtlesim_plus/share/turtlesim_plus/package.dsv'
[0.448s] INFO:colcon.colcon_core.shell:Creating package script '/home/lworakan/Documents/GitHub/FRA502-LAB-6648v2/install/turtlesim_plus/share/turtlesim_plus/package.sh'
[0.448s] INFO:colcon.colcon_core.shell:Creating package script '/home/lworakan/Documents/GitHub/FRA502-LAB-6648v2/install/turtlesim_plus/share/turtlesim_plus/package.bash'
[0.449s] INFO:colcon.colcon_core.shell:Creating package script '/home/lworakan/Documents/GitHub/FRA502-LAB-6648v2/install/turtlesim_plus/share/turtlesim_plus/package.zsh'
[0.449s] Level 1:colcon.colcon_core.environment:create_file_with_runtime_dependencies(/home/lworakan/Documents/GitHub/FRA502-LAB-6648v2/install/turtlesim_plus/share/colcon-core/packages/turtlesim_plus)
[0.449s] Level 1:colcon.colcon_core.environment:create_environment_scripts_only(turtlesim_plus_interfaces)
[0.449s] Level 1:colcon.colcon_core.environment:checking '/home/lworakan/Documents/GitHub/FRA502-LAB-6648v2/install/turtlesim_plus_interfaces' for CMake module files
[0.450s] DEBUG:colcon.colcon_core.event_handler.log_command:Invoked command in '/home/lworakan/Documents/GitHub/FRA502-LAB-6648v2/build/turtlesim_plus_interfaces' returned '0': CMAKE_PREFIX_PATH=${CMAKE_PREFIX_PATH}:/opt/ros/humble /usr/bin/cmake --install /home/lworakan/Documents/GitHub/FRA502-LAB-6648v2/build/turtlesim_plus_interfaces
[0.450s] Level 1:colcon.colcon_core.environment:checking '/home/lworakan/Documents/GitHub/FRA502-LAB-6648v2/install/turtlesim_plus_interfaces' for CMake config files
[0.450s] Level 1:colcon.colcon_core.shell:create_environment_hook('turtlesim_plus_interfaces', 'cmake_prefix_path')
[0.450s] INFO:colcon.colcon_core.shell:Creating environment hook '/home/lworakan/Documents/GitHub/FRA502-LAB-6648v2/install/turtlesim_plus_interfaces/share/turtlesim_plus_interfaces/hook/cmake_prefix_path.ps1'
[0.450s] INFO:colcon.colcon_core.shell:Creating environment descriptor '/home/lworakan/Documents/GitHub/FRA502-LAB-6648v2/install/turtlesim_plus_interfaces/share/turtlesim_plus_interfaces/hook/cmake_prefix_path.dsv'
[0.451s] INFO:colcon.colcon_core.shell:Creating environment hook '/home/lworakan/Documents/GitHub/FRA502-LAB-6648v2/install/turtlesim_plus_interfaces/share/turtlesim_plus_interfaces/hook/cmake_prefix_path.sh'
[0.451s] Level 1:colcon.colcon_core.environment:checking '/home/lworakan/Documents/GitHub/FRA502-LAB-6648v2/install/turtlesim_plus_interfaces/lib'
[0.451s] Level 1:colcon.colcon_core.shell:create_environment_hook('turtlesim_plus_interfaces', 'ld_library_path_lib')
[0.451s] INFO:colcon.colcon_core.shell:Creating environment hook '/home/lworakan/Documents/GitHub/FRA502-LAB-6648v2/install/turtlesim_plus_interfaces/share/turtlesim_plus_interfaces/hook/ld_library_path_lib.ps1'
[0.451s] INFO:colcon.colcon_core.shell:Creating environment descriptor '/home/lworakan/Documents/GitHub/FRA502-LAB-6648v2/install/turtlesim_plus_interfaces/share/turtlesim_plus_interfaces/hook/ld_library_path_lib.dsv'
[0.451s] INFO:colcon.colcon_core.shell:Creating environment hook '/home/lworakan/Documents/GitHub/FRA502-LAB-6648v2/install/turtlesim_plus_interfaces/share/turtlesim_plus_interfaces/hook/ld_library_path_lib.sh'
[0.451s] Level 1:colcon.colcon_core.environment:checking '/home/lworakan/Documents/GitHub/FRA502-LAB-6648v2/install/turtlesim_plus_interfaces/bin'
[0.452s] Level 1:colcon.colcon_core.environment:checking '/home/lworakan/Documents/GitHub/FRA502-LAB-6648v2/install/turtlesim_plus_interfaces/lib/pkgconfig/turtlesim_plus_interfaces.pc'
[0.452s] Level 1:colcon.colcon_core.environment:checking '/home/lworakan/Documents/GitHub/FRA502-LAB-6648v2/install/turtlesim_plus_interfaces/lib/python3.10/site-packages'
[0.452s] Level 1:colcon.colcon_core.environment:checking '/home/lworakan/Documents/GitHub/FRA502-LAB-6648v2/install/turtlesim_plus_interfaces/bin'
[0.452s] INFO:colcon.colcon_core.shell:Creating package script '/home/lworakan/Documents/GitHub/FRA502-LAB-6648v2/install/turtlesim_plus_interfaces/share/turtlesim_plus_interfaces/package.ps1'
[0.452s] INFO:colcon.colcon_core.shell:Creating package descriptor '/home/lworakan/Documents/GitHub/FRA502-LAB-6648v2/install/turtlesim_plus_interfaces/share/turtlesim_plus_interfaces/package.dsv'
[0.452s] INFO:colcon.colcon_core.shell:Creating package script '/home/lworakan/Documents/GitHub/FRA502-LAB-6648v2/install/turtlesim_plus_interfaces/share/turtlesim_plus_interfaces/package.sh'
[0.452s] INFO:colcon.colcon_core.shell:Creating package script '/home/lworakan/Documents/GitHub/FRA502-LAB-6648v2/install/turtlesim_plus_interfaces/share/turtlesim_plus_interfaces/package.bash'
[0.452s] INFO:colcon.colcon_core.shell:Creating package script '/home/lworakan/Documents/GitHub/FRA502-LAB-6648v2/install/turtlesim_plus_interfaces/share/turtlesim_plus_interfaces/package.zsh'
[0.453s] Level 1:colcon.colcon_core.environment:create_file_with_runtime_dependencies(/home/lworakan/Documents/GitHub/FRA502-LAB-6648v2/install/turtlesim_plus_interfaces/share/colcon-core/packages/turtlesim_plus_interfaces)
[0.453s] Level 1:colcon.colcon_core.environment:create_environment_scripts_only(turtlesim_plus_interfaces)
[0.453s] Level 1:colcon.colcon_core.environment:checking '/home/lworakan/Documents/GitHub/FRA502-LAB-6648v2/install/turtlesim_plus_interfaces' for CMake module files
[0.453s] Level 1:colcon.colcon_core.environment:checking '/home/lworakan/Documents/GitHub/FRA502-LAB-6648v2/install/turtlesim_plus_interfaces' for CMake config files
[0.453s] Level 1:colcon.colcon_core.shell:create_environment_hook('turtlesim_plus_interfaces', 'cmake_prefix_path')
[0.454s] INFO:colcon.colcon_core.shell:Creating environment hook '/home/lworakan/Documents/GitHub/FRA502-LAB-6648v2/install/turtlesim_plus_interfaces/share/turtlesim_plus_interfaces/hook/cmake_prefix_path.ps1'
[0.454s] INFO:colcon.colcon_core.shell:Creating environment descriptor '/home/lworakan/Documents/GitHub/FRA502-LAB-6648v2/install/turtlesim_plus_interfaces/share/turtlesim_plus_interfaces/hook/cmake_prefix_path.dsv'
[0.454s] INFO:colcon.colcon_core.shell:Creating environment hook '/home/lworakan/Documents/GitHub/FRA502-LAB-6648v2/install/turtlesim_plus_interfaces/share/turtlesim_plus_interfaces/hook/cmake_prefix_path.sh'
[0.454s] Level 1:colcon.colcon_core.environment:checking '/home/lworakan/Documents/GitHub/FRA502-LAB-6648v2/install/turtlesim_plus_interfaces/lib'
[0.454s] Level 1:colcon.colcon_core.shell:create_environment_hook('turtlesim_plus_interfaces', 'ld_library_path_lib')
[0.454s] INFO:colcon.colcon_core.shell:Creating environment hook '/home/lworakan/Documents/GitHub/FRA502-LAB-6648v2/install/turtlesim_plus_interfaces/share/turtlesim_plus_interfaces/hook/ld_library_path_lib.ps1'
[0.454s] INFO:colcon.colcon_core.shell:Creating environment descriptor '/home/lworakan/Documents/GitHub/FRA502-LAB-6648v2/install/turtlesim_plus_interfaces/share/turtlesim_plus_interfaces/hook/ld_library_path_lib.dsv'
[0.455s] INFO:colcon.colcon_core.shell:Creating environment hook '/home/lworakan/Documents/GitHub/FRA502-LAB-6648v2/install/turtlesim_plus_interfaces/share/turtlesim_plus_interfaces/hook/ld_library_path_lib.sh'
[0.455s] Level 1:colcon.colcon_core.environment:checking '/home/lworakan/Documents/GitHub/FRA502-LAB-6648v2/install/turtlesim_plus_interfaces/bin'
[0.455s] Level 1:colcon.colcon_core.environment:checking '/home/lworakan/Documents/GitHub/FRA502-LAB-6648v2/install/turtlesim_plus_interfaces/lib/pkgconfig/turtlesim_plus_interfaces.pc'
[0.455s] Level 1:colcon.colcon_core.environment:checking '/home/lworakan/Documents/GitHub/FRA502-LAB-6648v2/install/turtlesim_plus_interfaces/lib/python3.10/site-packages'
[0.455s] Level 1:colcon.colcon_core.environment:checking '/home/lworakan/Documents/GitHub/FRA502-LAB-6648v2/install/turtlesim_plus_interfaces/bin'
[0.455s] INFO:colcon.colcon_core.shell:Creating package script '/home/lworakan/Documents/GitHub/FRA502-LAB-6648v2/install/turtlesim_plus_interfaces/share/turtlesim_plus_interfaces/package.ps1'
[0.455s] INFO:colcon.colcon_core.shell:Creating package descriptor '/home/lworakan/Documents/GitHub/FRA502-LAB-6648v2/install/turtlesim_plus_interfaces/share/turtlesim_plus_interfaces/package.dsv'
[0.455s] INFO:colcon.colcon_core.shell:Creating package script '/home/lworakan/Documents/GitHub/FRA502-LAB-6648v2/install/turtlesim_plus_interfaces/share/turtlesim_plus_interfaces/package.sh'
[0.456s] INFO:colcon.colcon_core.shell:Creating package script '/home/lworakan/Documents/GitHub/FRA502-LAB-6648v2/install/turtlesim_plus_interfaces/share/turtlesim_plus_interfaces/package.bash'
[0.456s] INFO:colcon.colcon_core.shell:Creating package script '/home/lworakan/Documents/GitHub/FRA502-LAB-6648v2/install/turtlesim_plus_interfaces/share/turtlesim_plus_interfaces/package.zsh'
[0.456s] Level 1:colcon.colcon_core.environment:create_file_with_runtime_dependencies(/home/lworakan/Documents/GitHub/FRA502-LAB-6648v2/install/turtlesim_plus_interfaces/share/colcon-core/packages/turtlesim_plus_interfaces)
[0.797s] DEBUG:colcon.colcon_core.event_handler.log_command:Invoked command in '/home/lworakan/Documents/GitHub/FRA502-LAB-6648v2/build/controller_intertface' returned '1': CMAKE_PREFIX_PATH=${CMAKE_PREFIX_PATH}:/opt/ros/humble /usr/bin/cmake /home/lworakan/Documents/GitHub/FRA502-LAB-6648v2/controller_interfaces -DCMAKE_INSTALL_PREFIX=/home/lworakan/Documents/GitHub/FRA502-LAB-6648v2/install/controller_intertface
[0.806s] Level 1:colcon.colcon_core.environment:create_environment_scripts_only(controller_intertface)
[0.807s] Level 1:colcon.colcon_core.environment:checking '/home/lworakan/Documents/GitHub/FRA502-LAB-6648v2/install/controller_intertface' for CMake module files
[0.807s] Level 1:colcon.colcon_core.environment:checking '/home/lworakan/Documents/GitHub/FRA502-LAB-6648v2/install/controller_intertface' for CMake config files
[0.807s] Level 1:colcon.colcon_core.environment:checking '/home/lworakan/Documents/GitHub/FRA502-LAB-6648v2/install/controller_intertface/bin'
[0.807s] Level 1:colcon.colcon_core.environment:checking '/home/lworakan/Documents/GitHub/FRA502-LAB-6648v2/install/controller_intertface/lib/pkgconfig/controller_intertface.pc'
[0.807s] Level 1:colcon.colcon_core.environment:checking '/home/lworakan/Documents/GitHub/FRA502-LAB-6648v2/install/controller_intertface/lib/python3.10/site-packages'
[0.808s] Level 1:colcon.colcon_core.environment:checking '/home/lworakan/Documents/GitHub/FRA502-LAB-6648v2/install/controller_intertface/bin'
[0.808s] INFO:colcon.colcon_core.shell:Creating package script '/home/lworakan/Documents/GitHub/FRA502-LAB-6648v2/install/controller_intertface/share/controller_intertface/package.ps1'
[0.808s] INFO:colcon.colcon_core.shell:Creating package descriptor '/home/lworakan/Documents/GitHub/FRA502-LAB-6648v2/install/controller_intertface/share/controller_intertface/package.dsv'
[0.808s] INFO:colcon.colcon_core.shell:Creating package script '/home/lworakan/Documents/GitHub/FRA502-LAB-6648v2/install/controller_intertface/share/controller_intertface/package.sh'
[0.808s] INFO:colcon.colcon_core.shell:Creating package script '/home/lworakan/Documents/GitHub/FRA502-LAB-6648v2/install/controller_intertface/share/controller_intertface/package.bash'
[0.809s] INFO:colcon.colcon_core.shell:Creating package script '/home/lworakan/Documents/GitHub/FRA502-LAB-6648v2/install/controller_intertface/share/controller_intertface/package.zsh'
[0.809s] Level 1:colcon.colcon_core.environment:create_file_with_runtime_dependencies(/home/lworakan/Documents/GitHub/FRA502-LAB-6648v2/install/controller_intertface/share/colcon-core/packages/controller_intertface)
[0.819s] DEBUG:colcon.colcon_parallel_executor.executor.parallel:closing loop
[0.819s] DEBUG:colcon.colcon_parallel_executor.executor.parallel:loop closed
[0.819s] DEBUG:colcon.colcon_parallel_executor.executor.parallel:run_until_complete finished with '1'
[0.819s] DEBUG:colcon.colcon_core.event_reactor:joining thread
[0.828s] INFO:colcon.colcon_core.plugin_system:Skipping extension 'colcon_notification.desktop_notification.terminal_notifier': Not used on non-Darwin systems
[0.829s] INFO:colcon.colcon_core.plugin_system:Skipping extension 'colcon_notification.desktop_notification.win32': Not used on non-Windows systems
[0.829s] INFO:colcon.colcon_notification.desktop_notification:Sending desktop notification using 'notify2'
[0.841s] DEBUG:colcon.colcon_core.event_reactor:joined thread
[0.841s] INFO:colcon.colcon_core.shell:Creating prefix script '/home/lworakan/Documents/GitHub/FRA502-LAB-6648v2/install/local_setup.ps1'
[0.842s] INFO:colcon.colcon_core.shell:Creating prefix util module '/home/lworakan/Documents/GitHub/FRA502-LAB-6648v2/install/_local_setup_util_ps1.py'
[0.843s] INFO:colcon.colcon_core.shell:Creating prefix chain script '/home/lworakan/Documents/GitHub/FRA502-LAB-6648v2/install/setup.ps1'
[0.843s] INFO:colcon.colcon_core.shell:Creating prefix script '/home/lworakan/Documents/GitHub/FRA502-LAB-6648v2/install/local_setup.sh'
[0.844s] INFO:colcon.colcon_core.shell:Creating prefix util module '/home/lworakan/Documents/GitHub/FRA502-LAB-6648v2/install/_local_setup_util_sh.py'
[0.844s] INFO:colcon.colcon_core.shell:Creating prefix chain script '/home/lworakan/Documents/GitHub/FRA502-LAB-6648v2/install/setup.sh'
[0.845s] INFO:colcon.colcon_core.shell:Creating prefix script '/home/lworakan/Documents/GitHub/FRA502-LAB-6648v2/install/local_setup.bash'
[0.845s] INFO:colcon.colcon_core.shell:Creating prefix chain script '/home/lworakan/Documents/GitHub/FRA502-LAB-6648v2/install/setup.bash'
[0.846s] INFO:colcon.colcon_core.shell:Creating prefix script '/home/lworakan/Documents/GitHub/FRA502-LAB-6648v2/install/local_setup.zsh'
[0.846s] INFO:colcon.colcon_core.shell:Creating prefix chain script '/home/lworakan/Documents/GitHub/FRA502-LAB-6648v2/install/setup.zsh'
