[0.012s] Invoking command in '/home/lworakan/Documents/GitHub/FRA502-LAB-6648v2/build/controller_interfaces': CMAKE_PREFIX_PATH=${CMAKE_PREFIX_PATH}:/opt/ros/humble /usr/bin/cmake --build /home/lworakan/Documents/GitHub/FRA502-LAB-6648v2/build/controller_interfaces -- -j32 -l32
[0.027s] -- Found ament_cmake: 1.3.12 (/opt/ros/humble/share/ament_cmake/cmake)
[0.107s] -- Found std_msgs: 4.9.0 (/opt/ros/humble/share/std_msgs/cmake)
[0.127s] -- Found rosidl_generator_c: 3.1.7 (/opt/ros/humble/share/rosidl_generator_c/cmake)
[0.129s] -- Found rosidl_adapter: 3.1.7 (/opt/ros/humble/share/rosidl_adapter/cmake)
[0.134s] -- Found rosidl_generator_cpp: 3.1.7 (/opt/ros/humble/share/rosidl_generator_cpp/cmake)
[0.142s] -- Using all available rosidl_typesupport_c: rosidl_typesupport_fastrtps_c;rosidl_typesupport_introspection_c
[0.151s] -- Using all available rosidl_typesupport_cpp: rosidl_typesupport_fastrtps_cpp;rosidl_typesupport_introspection_cpp
[0.164s] -- Found rosidl_default_generators: 1.2.0 (/opt/ros/humble/share/rosidl_default_generators/cmake)
[0.351s] -- Found ament_cmake_ros: 0.10.0 (/opt/ros/humble/share/ament_cmake_ros/cmake)
[0.568s] -- Using all available rosidl_typesupport_c: rosidl_typesupport_fastrtps_c;rosidl_typesupport_introspection_c
[0.685s] -- Using all available rosidl_typesupport_cpp: rosidl_typesupport_fastrtps_cpp;rosidl_typesupport_introspection_cpp
[0.700s] -- Found python_cmake_module: 0.10.0 (/opt/ros/humble/share/python_cmake_module/cmake)
[0.719s] -- Using PYTHON_EXECUTABLE: /usr/bin/python3
[0.719s] -- Using PYTHON_INCLUDE_DIRS: /usr/include/python3.10
[0.719s] -- Using PYTHON_LIBRARIES: /usr/lib/x86_64-linux-gnu/libpython3.10.so
[0.736s] -- Found ament_lint_auto: 0.12.14 (/opt/ros/humble/share/ament_lint_auto/cmake)
[0.739s] -- Added test 'copyright' to check source files copyright and LICENSE
[0.740s] -- Added test 'lint_cmake' to check CMake code style
[0.740s] -- Added test 'xmllint' to check XML markup files
[0.741s] -- Configuring done
[0.757s] -- Generating done
[0.762s] -- Build files have been written to: /home/lworakan/Documents/GitHub/FRA502-LAB-6648v2/build/controller_interfaces
[0.778s] [  2%] [34m[1mGenerating C code for ROS interfaces[0m
[0.787s] [  5%] [34m[1mGenerating C++ code for ROS interfaces[0m
[0.792s] [  5%] Built target ament_cmake_python_copy_controller_interfaces
[0.919s] running egg_info
[0.930s] writing controller_interfaces.egg-info/PKG-INFO
[0.930s] writing dependency_links to controller_interfaces.egg-info/dependency_links.txt
[0.930s] writing top-level names to controller_interfaces.egg-info/top_level.txt
[0.960s] reading manifest file 'controller_interfaces.egg-info/SOURCES.txt'
[0.962s] writing manifest file 'controller_interfaces.egg-info/SOURCES.txt'
[0.971s] [35m[1mConsolidate compiler generated dependencies of target controller_interfaces__rosidl_generator_c[0m
[0.978s] [  7%] [32mBuilding C object CMakeFiles/controller_interfaces__rosidl_generator_c.dir/rosidl_generator_c/controller_interfaces/srv/detail/set_max_pizza__functions.c.o[0m
[0.979s] [ 10%] [32mBuilding C object CMakeFiles/controller_interfaces__rosidl_generator_c.dir/rosidl_generator_c/controller_interfaces/srv/detail/set_param__functions.c.o[0m
[0.979s] [ 10%] Built target controller_interfaces__cpp
[0.982s] [ 10%] Built target ament_cmake_python_build_controller_interfaces_egg
[0.986s] [ 12%] [34m[1mGenerating C++ type support dispatch for ROS interfaces[0m
[0.987s] [ 17%] [34m[1mGenerating C++ introspection for ROS interfaces[0m
[0.987s] [ 17%] [34m[1mGenerating C++ type support for eProsima Fast-RTPS[0m
[1.016s] [ 20%] [32m[1mLinking C shared library libcontroller_interfaces__rosidl_generator_c.so[0m
[1.042s] [ 20%] Built target controller_interfaces__rosidl_generator_c
[1.049s] [ 23%] [34m[1mGenerating C introspection for ROS interfaces[0m
[1.049s] [ 25%] [34m[1mGenerating C type support for eProsima Fast-RTPS[0m
[1.049s] [ 28%] [34m[1mGenerating C type support dispatch for ROS interfaces[0m
[1.147s] [35m[1mConsolidate compiler generated dependencies of target controller_interfaces__rosidl_typesupport_cpp[0m
[1.156s] [ 30%] [32mBuilding CXX object CMakeFiles/controller_interfaces__rosidl_typesupport_cpp.dir/rosidl_typesupport_cpp/controller_interfaces/srv/set_max_pizza__type_support.cpp.o[0m
[1.158s] [ 33%] [32mBuilding CXX object CMakeFiles/controller_interfaces__rosidl_typesupport_cpp.dir/rosidl_typesupport_cpp/controller_interfaces/srv/set_param__type_support.cpp.o[0m
[1.158s] [35m[1mConsolidate compiler generated dependencies of target controller_interfaces__rosidl_typesupport_introspection_cpp[0m
[1.172s] [ 38%] [32mBuilding CXX object CMakeFiles/controller_interfaces__rosidl_typesupport_introspection_cpp.dir/rosidl_typesupport_introspection_cpp/controller_interfaces/srv/detail/set_param__type_support.cpp.o[0m
[1.172s] [ 38%] [32mBuilding CXX object CMakeFiles/controller_interfaces__rosidl_typesupport_introspection_cpp.dir/rosidl_typesupport_introspection_cpp/controller_interfaces/srv/detail/set_max_pizza__type_support.cpp.o[0m
[1.181s] [35m[1mConsolidate compiler generated dependencies of target controller_interfaces__rosidl_typesupport_fastrtps_cpp[0m
[1.193s] [ 41%] [32mBuilding CXX object CMakeFiles/controller_interfaces__rosidl_typesupport_fastrtps_cpp.dir/rosidl_typesupport_fastrtps_cpp/controller_interfaces/srv/detail/dds_fastrtps/set_param__type_support.cpp.o[0m
[1.195s] [ 43%] [32mBuilding CXX object CMakeFiles/controller_interfaces__rosidl_typesupport_fastrtps_cpp.dir/rosidl_typesupport_fastrtps_cpp/controller_interfaces/srv/detail/dds_fastrtps/set_max_pizza__type_support.cpp.o[0m
[1.223s] [35m[1mConsolidate compiler generated dependencies of target controller_interfaces__rosidl_typesupport_introspection_c[0m
[1.225s] [35m[1mConsolidate compiler generated dependencies of target controller_interfaces__rosidl_typesupport_fastrtps_c[0m
[1.232s] [ 46%] [32mBuilding C object CMakeFiles/controller_interfaces__rosidl_typesupport_introspection_c.dir/rosidl_typesupport_introspection_c/controller_interfaces/srv/detail/set_param__type_support.c.o[0m
[1.233s] [ 48%] [32mBuilding C object CMakeFiles/controller_interfaces__rosidl_typesupport_introspection_c.dir/rosidl_typesupport_introspection_c/controller_interfaces/srv/detail/set_max_pizza__type_support.c.o[0m
[1.234s] [ 53%] [32mBuilding CXX object CMakeFiles/controller_interfaces__rosidl_typesupport_fastrtps_c.dir/rosidl_typesupport_fastrtps_c/controller_interfaces/srv/detail/set_max_pizza__type_support_c.cpp.o[0m
[1.234s] [ 53%] [32mBuilding CXX object CMakeFiles/controller_interfaces__rosidl_typesupport_fastrtps_c.dir/rosidl_typesupport_fastrtps_c/controller_interfaces/srv/detail/set_param__type_support_c.cpp.o[0m
[1.256s] [35m[1mConsolidate compiler generated dependencies of target controller_interfaces__rosidl_typesupport_c[0m
[1.264s] [ 58%] [32mBuilding CXX object CMakeFiles/controller_interfaces__rosidl_typesupport_c.dir/rosidl_typesupport_c/controller_interfaces/srv/set_max_pizza__type_support.cpp.o[0m
[1.264s] [ 58%] [32mBuilding CXX object CMakeFiles/controller_interfaces__rosidl_typesupport_c.dir/rosidl_typesupport_c/controller_interfaces/srv/set_param__type_support.cpp.o[0m
[1.266s] [ 61%] [32m[1mLinking C shared library libcontroller_interfaces__rosidl_typesupport_introspection_c.so[0m
[1.289s] [ 61%] Built target controller_interfaces__rosidl_typesupport_introspection_c
[1.290s] [ 64%] [32m[1mLinking CXX shared library libcontroller_interfaces__rosidl_typesupport_c.so[0m
[1.311s] [ 66%] [32m[1mLinking CXX shared library libcontroller_interfaces__rosidl_typesupport_cpp.so[0m
[1.317s] [ 66%] Built target controller_interfaces__rosidl_typesupport_c
[1.346s] [ 66%] Built target controller_interfaces__rosidl_typesupport_cpp
[1.379s] [ 69%] [32m[1mLinking CXX shared library libcontroller_interfaces__rosidl_typesupport_introspection_cpp.so[0m
[1.418s] [ 69%] Built target controller_interfaces__rosidl_typesupport_introspection_cpp
[1.450s] [ 71%] [32m[1mLinking CXX shared library libcontroller_interfaces__rosidl_typesupport_fastrtps_c.so[0m
[1.501s] [ 71%] Built target controller_interfaces__rosidl_typesupport_fastrtps_c
[1.514s] [ 74%] [32m[1mLinking CXX shared library libcontroller_interfaces__rosidl_typesupport_fastrtps_cpp.so[0m
[1.557s] [ 74%] Built target controller_interfaces__rosidl_typesupport_fastrtps_cpp
[1.570s] [ 74%] Built target controller_interfaces
[1.589s] [ 76%] [34m[1mGenerating Python code for ROS interfaces[0m
[1.854s] [ 76%] Built target controller_interfaces__py
[1.861s] [35m[1mConsolidate compiler generated dependencies of target controller_interfaces__rosidl_generator_py[0m
[1.871s] [ 79%] [32mBuilding C object CMakeFiles/controller_interfaces__rosidl_generator_py.dir/rosidl_generator_py/controller_interfaces/srv/_set_max_pizza_s.c.o[0m
[1.871s] [ 82%] [32mBuilding C object CMakeFiles/controller_interfaces__rosidl_generator_py.dir/rosidl_generator_py/controller_interfaces/srv/_set_param_s.c.o[0m
[1.925s] [ 84%] [32m[1mLinking C shared library rosidl_generator_py/controller_interfaces/libcontroller_interfaces__rosidl_generator_py.so[0m
[1.952s] [ 84%] Built target controller_interfaces__rosidl_generator_py
[1.961s] [35m[1mConsolidate compiler generated dependencies of target controller_interfaces__rosidl_typesupport_fastrtps_c__pyext[0m
[1.961s] [35m[1mConsolidate compiler generated dependencies of target controller_interfaces__rosidl_typesupport_introspection_c__pyext[0m
[1.963s] [35m[1mConsolidate compiler generated dependencies of target controller_interfaces__rosidl_typesupport_c__pyext[0m
[1.971s] [ 87%] [32mBuilding C object CMakeFiles/controller_interfaces__rosidl_typesupport_fastrtps_c__pyext.dir/rosidl_generator_py/controller_interfaces/_controller_interfaces_s.ep.rosidl_typesupport_fastrtps_c.c.o[0m
[1.973s] [ 89%] [32mBuilding C object CMakeFiles/controller_interfaces__rosidl_typesupport_introspection_c__pyext.dir/rosidl_generator_py/controller_interfaces/_controller_interfaces_s.ep.rosidl_typesupport_introspection_c.c.o[0m
[1.975s] [ 92%] [32mBuilding C object CMakeFiles/controller_interfaces__rosidl_typesupport_c__pyext.dir/rosidl_generator_py/controller_interfaces/_controller_interfaces_s.ep.rosidl_typesupport_c.c.o[0m
[2.030s] [ 94%] [32m[1mLinking C shared library rosidl_generator_py/controller_interfaces/controller_interfaces_s__rosidl_typesupport_fastrtps_c.cpython-310-x86_64-linux-gnu.so[0m
[2.032s] [ 97%] [32m[1mLinking C shared library rosidl_generator_py/controller_interfaces/controller_interfaces_s__rosidl_typesupport_introspection_c.cpython-310-x86_64-linux-gnu.so[0m
[2.033s] [100%] [32m[1mLinking C shared library rosidl_generator_py/controller_interfaces/controller_interfaces_s__rosidl_typesupport_c.cpython-310-x86_64-linux-gnu.so[0m
[2.058s] [100%] Built target controller_interfaces__rosidl_typesupport_fastrtps_c__pyext
[2.059s] [100%] Built target controller_interfaces__rosidl_typesupport_introspection_c__pyext
[2.061s] [100%] Built target controller_interfaces__rosidl_typesupport_c__pyext
[2.069s] Invoked command in '/home/lworakan/Documents/GitHub/FRA502-LAB-6648v2/build/controller_interfaces' returned '0': CMAKE_PREFIX_PATH=${CMAKE_PREFIX_PATH}:/opt/ros/humble /usr/bin/cmake --build /home/lworakan/Documents/GitHub/FRA502-LAB-6648v2/build/controller_interfaces -- -j32 -l32
[2.070s] Invoking command in '/home/lworakan/Documents/GitHub/FRA502-LAB-6648v2/build/controller_interfaces': CMAKE_PREFIX_PATH=${CMAKE_PREFIX_PATH}:/opt/ros/humble /usr/bin/cmake --install /home/lworakan/Documents/GitHub/FRA502-LAB-6648v2/build/controller_interfaces
[2.076s] -- Install configuration: ""
[2.076s] -- Up-to-date: /home/lworakan/Documents/GitHub/FRA502-LAB-6648v2/install/controller_interfaces/share/ament_index/resource_index/rosidl_interfaces/controller_interfaces
[2.076s] -- Up-to-date: /home/lworakan/Documents/GitHub/FRA502-LAB-6648v2/install/controller_interfaces/include/controller_interfaces/controller_interfaces
[2.076s] -- Up-to-date: /home/lworakan/Documents/GitHub/FRA502-LAB-6648v2/install/controller_interfaces/include/controller_interfaces/controller_interfaces/msg
[2.076s] -- Up-to-date: /home/lworakan/Documents/GitHub/FRA502-LAB-6648v2/install/controller_interfaces/include/controller_interfaces/controller_interfaces/msg/rosidl_generator_c__visibility_control.h
[2.076s] -- Up-to-date: /home/lworakan/Documents/GitHub/FRA502-LAB-6648v2/install/controller_interfaces/include/controller_interfaces/controller_interfaces/srv
[2.076s] -- Up-to-date: /home/lworakan/Documents/GitHub/FRA502-LAB-6648v2/install/controller_interfaces/include/controller_interfaces/controller_interfaces/srv/detail
[2.076s] -- Installing: /home/lworakan/Documents/GitHub/FRA502-LAB-6648v2/install/controller_interfaces/include/controller_interfaces/controller_interfaces/srv/detail/set_param__functions.h
[2.076s] -- Installing: /home/lworakan/Documents/GitHub/FRA502-LAB-6648v2/install/controller_interfaces/include/controller_interfaces/controller_interfaces/srv/detail/set_max_pizza__struct.h
[2.076s] -- Installing: /home/lworakan/Documents/GitHub/FRA502-LAB-6648v2/install/controller_interfaces/include/controller_interfaces/controller_interfaces/srv/detail/set_param__struct.h
[2.076s] -- Installing: /home/lworakan/Documents/GitHub/FRA502-LAB-6648v2/install/controller_interfaces/include/controller_interfaces/controller_interfaces/srv/detail/set_param__functions.c
[2.076s] -- Installing: /home/lworakan/Documents/GitHub/FRA502-LAB-6648v2/install/controller_interfaces/include/controller_interfaces/controller_interfaces/srv/detail/set_max_pizza__functions.c
[2.076s] -- Installing: /home/lworakan/Documents/GitHub/FRA502-LAB-6648v2/install/controller_interfaces/include/controller_interfaces/controller_interfaces/srv/detail/set_max_pizza__type_support.h
[2.076s] -- Installing: /home/lworakan/Documents/GitHub/FRA502-LAB-6648v2/install/controller_interfaces/include/controller_interfaces/controller_interfaces/srv/detail/set_param__type_support.h
[2.076s] -- Installing: /home/lworakan/Documents/GitHub/FRA502-LAB-6648v2/install/controller_interfaces/include/controller_interfaces/controller_interfaces/srv/detail/set_max_pizza__functions.h
[2.076s] -- Installing: /home/lworakan/Documents/GitHub/FRA502-LAB-6648v2/install/controller_interfaces/include/controller_interfaces/controller_interfaces/srv/set_param.h
[2.076s] -- Installing: /home/lworakan/Documents/GitHub/FRA502-LAB-6648v2/install/controller_interfaces/include/controller_interfaces/controller_interfaces/srv/set_max_pizza.h
[2.076s] -- Up-to-date: /home/lworakan/Documents/GitHub/FRA502-LAB-6648v2/install/controller_interfaces/share/controller_interfaces/environment/library_path.sh
[2.076s] -- Installing: /home/lworakan/Documents/GitHub/FRA502-LAB-6648v2/install/controller_interfaces/share/controller_interfaces/environment/library_path.dsv
[2.076s] -- Installing: /home/lworakan/Documents/GitHub/FRA502-LAB-6648v2/install/controller_interfaces/lib/libcontroller_interfaces__rosidl_generator_c.so
[2.076s] -- Set runtime path of "/home/lworakan/Documents/GitHub/FRA502-LAB-6648v2/install/controller_interfaces/lib/libcontroller_interfaces__rosidl_generator_c.so" to ""
[2.077s] -- Up-to-date: /home/lworakan/Documents/GitHub/FRA502-LAB-6648v2/install/controller_interfaces/include/controller_interfaces/controller_interfaces
[2.077s] -- Up-to-date: /home/lworakan/Documents/GitHub/FRA502-LAB-6648v2/install/controller_interfaces/include/controller_interfaces/controller_interfaces/msg
[2.077s] -- Up-to-date: /home/lworakan/Documents/GitHub/FRA502-LAB-6648v2/install/controller_interfaces/include/controller_interfaces/controller_interfaces/msg/rosidl_typesupport_fastrtps_c__visibility_control.h
[2.077s] -- Up-to-date: /home/lworakan/Documents/GitHub/FRA502-LAB-6648v2/install/controller_interfaces/include/controller_interfaces/controller_interfaces/srv
[2.077s] -- Up-to-date: /home/lworakan/Documents/GitHub/FRA502-LAB-6648v2/install/controller_interfaces/include/controller_interfaces/controller_interfaces/srv/detail
[2.077s] -- Installing: /home/lworakan/Documents/GitHub/FRA502-LAB-6648v2/install/controller_interfaces/include/controller_interfaces/controller_interfaces/srv/detail/set_param__rosidl_typesupport_fastrtps_c.h
[2.077s] -- Installing: /home/lworakan/Documents/GitHub/FRA502-LAB-6648v2/install/controller_interfaces/include/controller_interfaces/controller_interfaces/srv/detail/set_max_pizza__rosidl_typesupport_fastrtps_c.h
[2.077s] -- Installing: /home/lworakan/Documents/GitHub/FRA502-LAB-6648v2/install/controller_interfaces/lib/libcontroller_interfaces__rosidl_typesupport_fastrtps_c.so
[2.077s] -- Set runtime path of "/home/lworakan/Documents/GitHub/FRA502-LAB-6648v2/install/controller_interfaces/lib/libcontroller_interfaces__rosidl_typesupport_fastrtps_c.so" to ""
[2.077s] -- Up-to-date: /home/lworakan/Documents/GitHub/FRA502-LAB-6648v2/install/controller_interfaces/include/controller_interfaces/controller_interfaces
[2.077s] -- Up-to-date: /home/lworakan/Documents/GitHub/FRA502-LAB-6648v2/install/controller_interfaces/include/controller_interfaces/controller_interfaces/msg
[2.077s] -- Up-to-date: /home/lworakan/Documents/GitHub/FRA502-LAB-6648v2/install/controller_interfaces/include/controller_interfaces/controller_interfaces/msg/rosidl_generator_cpp__visibility_control.hpp
[2.077s] -- Up-to-date: /home/lworakan/Documents/GitHub/FRA502-LAB-6648v2/install/controller_interfaces/include/controller_interfaces/controller_interfaces/srv
[2.077s] -- Up-to-date: /home/lworakan/Documents/GitHub/FRA502-LAB-6648v2/install/controller_interfaces/include/controller_interfaces/controller_interfaces/srv/detail
[2.077s] -- Installing: /home/lworakan/Documents/GitHub/FRA502-LAB-6648v2/install/controller_interfaces/include/controller_interfaces/controller_interfaces/srv/detail/set_max_pizza__struct.hpp
[2.077s] -- Installing: /home/lworakan/Documents/GitHub/FRA502-LAB-6648v2/install/controller_interfaces/include/controller_interfaces/controller_interfaces/srv/detail/set_param__builder.hpp
[2.077s] -- Installing: /home/lworakan/Documents/GitHub/FRA502-LAB-6648v2/install/controller_interfaces/include/controller_interfaces/controller_interfaces/srv/detail/set_param__traits.hpp
[2.077s] -- Installing: /home/lworakan/Documents/GitHub/FRA502-LAB-6648v2/install/controller_interfaces/include/controller_interfaces/controller_interfaces/srv/detail/set_max_pizza__builder.hpp
[2.077s] -- Installing: /home/lworakan/Documents/GitHub/FRA502-LAB-6648v2/install/controller_interfaces/include/controller_interfaces/controller_interfaces/srv/detail/set_param__type_support.hpp
[2.077s] -- Installing: /home/lworakan/Documents/GitHub/FRA502-LAB-6648v2/install/controller_interfaces/include/controller_interfaces/controller_interfaces/srv/detail/set_max_pizza__traits.hpp
[2.077s] -- Installing: /home/lworakan/Documents/GitHub/FRA502-LAB-6648v2/install/controller_interfaces/include/controller_interfaces/controller_interfaces/srv/detail/set_param__struct.hpp
[2.077s] -- Installing: /home/lworakan/Documents/GitHub/FRA502-LAB-6648v2/install/controller_interfaces/include/controller_interfaces/controller_interfaces/srv/detail/set_max_pizza__type_support.hpp
[2.077s] -- Installing: /home/lworakan/Documents/GitHub/FRA502-LAB-6648v2/install/controller_interfaces/include/controller_interfaces/controller_interfaces/srv/set_param.hpp
[2.077s] -- Installing: /home/lworakan/Documents/GitHub/FRA502-LAB-6648v2/install/controller_interfaces/include/controller_interfaces/controller_interfaces/srv/set_max_pizza.hpp
[2.077s] -- Up-to-date: /home/lworakan/Documents/GitHub/FRA502-LAB-6648v2/install/controller_interfaces/include/controller_interfaces/controller_interfaces
[2.077s] -- Up-to-date: /home/lworakan/Documents/GitHub/FRA502-LAB-6648v2/install/controller_interfaces/include/controller_interfaces/controller_interfaces/msg
[2.077s] -- Up-to-date: /home/lworakan/Documents/GitHub/FRA502-LAB-6648v2/install/controller_interfaces/include/controller_interfaces/controller_interfaces/msg/rosidl_typesupport_fastrtps_cpp__visibility_control.h
[2.077s] -- Up-to-date: /home/lworakan/Documents/GitHub/FRA502-LAB-6648v2/install/controller_interfaces/include/controller_interfaces/controller_interfaces/srv
[2.078s] -- Up-to-date: /home/lworakan/Documents/GitHub/FRA502-LAB-6648v2/install/controller_interfaces/include/controller_interfaces/controller_interfaces/srv/detail
[2.078s] -- Installing: /home/lworakan/Documents/GitHub/FRA502-LAB-6648v2/install/controller_interfaces/include/controller_interfaces/controller_interfaces/srv/detail/set_param__rosidl_typesupport_fastrtps_cpp.hpp
[2.078s] -- Up-to-date: /home/lworakan/Documents/GitHub/FRA502-LAB-6648v2/install/controller_interfaces/include/controller_interfaces/controller_interfaces/srv/detail/dds_fastrtps
[2.078s] -- Installing: /home/lworakan/Documents/GitHub/FRA502-LAB-6648v2/install/controller_interfaces/include/controller_interfaces/controller_interfaces/srv/detail/set_max_pizza__rosidl_typesupport_fastrtps_cpp.hpp
[2.078s] -- Installing: /home/lworakan/Documents/GitHub/FRA502-LAB-6648v2/install/controller_interfaces/lib/libcontroller_interfaces__rosidl_typesupport_fastrtps_cpp.so
[2.078s] -- Set runtime path of "/home/lworakan/Documents/GitHub/FRA502-LAB-6648v2/install/controller_interfaces/lib/libcontroller_interfaces__rosidl_typesupport_fastrtps_cpp.so" to ""
[2.078s] -- Up-to-date: /home/lworakan/Documents/GitHub/FRA502-LAB-6648v2/install/controller_interfaces/include/controller_interfaces/controller_interfaces
[2.078s] -- Up-to-date: /home/lworakan/Documents/GitHub/FRA502-LAB-6648v2/install/controller_interfaces/include/controller_interfaces/controller_interfaces/msg
[2.078s] -- Up-to-date: /home/lworakan/Documents/GitHub/FRA502-LAB-6648v2/install/controller_interfaces/include/controller_interfaces/controller_interfaces/msg/rosidl_typesupport_introspection_c__visibility_control.h
[2.078s] -- Up-to-date: /home/lworakan/Documents/GitHub/FRA502-LAB-6648v2/install/controller_interfaces/include/controller_interfaces/controller_interfaces/srv
[2.078s] -- Up-to-date: /home/lworakan/Documents/GitHub/FRA502-LAB-6648v2/install/controller_interfaces/include/controller_interfaces/controller_interfaces/srv/detail
[2.078s] -- Installing: /home/lworakan/Documents/GitHub/FRA502-LAB-6648v2/install/controller_interfaces/include/controller_interfaces/controller_interfaces/srv/detail/set_max_pizza__type_support.c
[2.078s] -- Installing: /home/lworakan/Documents/GitHub/FRA502-LAB-6648v2/install/controller_interfaces/include/controller_interfaces/controller_interfaces/srv/detail/set_param__type_support.c
[2.078s] -- Installing: /home/lworakan/Documents/GitHub/FRA502-LAB-6648v2/install/controller_interfaces/include/controller_interfaces/controller_interfaces/srv/detail/set_max_pizza__rosidl_typesupport_introspection_c.h
[2.078s] -- Installing: /home/lworakan/Documents/GitHub/FRA502-LAB-6648v2/install/controller_interfaces/include/controller_interfaces/controller_interfaces/srv/detail/set_param__rosidl_typesupport_introspection_c.h
[2.078s] -- Installing: /home/lworakan/Documents/GitHub/FRA502-LAB-6648v2/install/controller_interfaces/lib/libcontroller_interfaces__rosidl_typesupport_introspection_c.so
[2.078s] -- Set runtime path of "/home/lworakan/Documents/GitHub/FRA502-LAB-6648v2/install/controller_interfaces/lib/libcontroller_interfaces__rosidl_typesupport_introspection_c.so" to ""
[2.078s] -- Installing: /home/lworakan/Documents/GitHub/FRA502-LAB-6648v2/install/controller_interfaces/lib/libcontroller_interfaces__rosidl_typesupport_c.so
[2.078s] -- Set runtime path of "/home/lworakan/Documents/GitHub/FRA502-LAB-6648v2/install/controller_interfaces/lib/libcontroller_interfaces__rosidl_typesupport_c.so" to ""
[2.078s] -- Up-to-date: /home/lworakan/Documents/GitHub/FRA502-LAB-6648v2/install/controller_interfaces/include/controller_interfaces/controller_interfaces
[2.078s] -- Up-to-date: /home/lworakan/Documents/GitHub/FRA502-LAB-6648v2/install/controller_interfaces/include/controller_interfaces/controller_interfaces/srv
[2.078s] -- Up-to-date: /home/lworakan/Documents/GitHub/FRA502-LAB-6648v2/install/controller_interfaces/include/controller_interfaces/controller_interfaces/srv/detail
[2.078s] -- Installing: /home/lworakan/Documents/GitHub/FRA502-LAB-6648v2/install/controller_interfaces/include/controller_interfaces/controller_interfaces/srv/detail/set_max_pizza__rosidl_typesupport_introspection_cpp.hpp
[2.078s] -- Installing: /home/lworakan/Documents/GitHub/FRA502-LAB-6648v2/install/controller_interfaces/include/controller_interfaces/controller_interfaces/srv/detail/set_param__type_support.cpp
[2.078s] -- Installing: /home/lworakan/Documents/GitHub/FRA502-LAB-6648v2/install/controller_interfaces/include/controller_interfaces/controller_interfaces/srv/detail/set_max_pizza__type_support.cpp
[2.078s] -- Installing: /home/lworakan/Documents/GitHub/FRA502-LAB-6648v2/install/controller_interfaces/include/controller_interfaces/controller_interfaces/srv/detail/set_param__rosidl_typesupport_introspection_cpp.hpp
[2.078s] -- Installing: /home/lworakan/Documents/GitHub/FRA502-LAB-6648v2/install/controller_interfaces/lib/libcontroller_interfaces__rosidl_typesupport_introspection_cpp.so
[2.079s] -- Set runtime path of "/home/lworakan/Documents/GitHub/FRA502-LAB-6648v2/install/controller_interfaces/lib/libcontroller_interfaces__rosidl_typesupport_introspection_cpp.so" to ""
[2.079s] -- Installing: /home/lworakan/Documents/GitHub/FRA502-LAB-6648v2/install/controller_interfaces/lib/libcontroller_interfaces__rosidl_typesupport_cpp.so
[2.079s] -- Set runtime path of "/home/lworakan/Documents/GitHub/FRA502-LAB-6648v2/install/controller_interfaces/lib/libcontroller_interfaces__rosidl_typesupport_cpp.so" to ""
[2.079s] -- Up-to-date: /home/lworakan/Documents/GitHub/FRA502-LAB-6648v2/install/controller_interfaces/share/controller_interfaces/environment/pythonpath.sh
[2.079s] -- Installing: /home/lworakan/Documents/GitHub/FRA502-LAB-6648v2/install/controller_interfaces/share/controller_interfaces/environment/pythonpath.dsv
[2.079s] -- Up-to-date: /home/lworakan/Documents/GitHub/FRA502-LAB-6648v2/install/controller_interfaces/local/lib/python3.10/dist-packages/controller_interfaces-0.0.0-py3.10.egg-info
[2.079s] -- Installing: /home/lworakan/Documents/GitHub/FRA502-LAB-6648v2/install/controller_interfaces/local/lib/python3.10/dist-packages/controller_interfaces-0.0.0-py3.10.egg-info/SOURCES.txt
[2.079s] -- Installing: /home/lworakan/Documents/GitHub/FRA502-LAB-6648v2/install/controller_interfaces/local/lib/python3.10/dist-packages/controller_interfaces-0.0.0-py3.10.egg-info/top_level.txt
[2.079s] -- Installing: /home/lworakan/Documents/GitHub/FRA502-LAB-6648v2/install/controller_interfaces/local/lib/python3.10/dist-packages/controller_interfaces-0.0.0-py3.10.egg-info/PKG-INFO
[2.079s] -- Installing: /home/lworakan/Documents/GitHub/FRA502-LAB-6648v2/install/controller_interfaces/local/lib/python3.10/dist-packages/controller_interfaces-0.0.0-py3.10.egg-info/dependency_links.txt
[2.079s] -- Up-to-date: /home/lworakan/Documents/GitHub/FRA502-LAB-6648v2/install/controller_interfaces/local/lib/python3.10/dist-packages/controller_interfaces
[2.079s] -- Installing: /home/lworakan/Documents/GitHub/FRA502-LAB-6648v2/install/controller_interfaces/local/lib/python3.10/dist-packages/controller_interfaces/_controller_interfaces_s.ep.rosidl_typesupport_fastrtps_c.c
[2.080s] -- Installing: /home/lworakan/Documents/GitHub/FRA502-LAB-6648v2/install/controller_interfaces/local/lib/python3.10/dist-packages/controller_interfaces/libcontroller_interfaces__rosidl_generator_py.so
[2.080s] -- Installing: /home/lworakan/Documents/GitHub/FRA502-LAB-6648v2/install/controller_interfaces/local/lib/python3.10/dist-packages/controller_interfaces/controller_interfaces_s__rosidl_typesupport_c.cpython-310-x86_64-linux-gnu.so
[2.080s] -- Installing: /home/lworakan/Documents/GitHub/FRA502-LAB-6648v2/install/controller_interfaces/local/lib/python3.10/dist-packages/controller_interfaces/controller_interfaces_s__rosidl_typesupport_fastrtps_c.cpython-310-x86_64-linux-gnu.so
[2.080s] -- Installing: /home/lworakan/Documents/GitHub/FRA502-LAB-6648v2/install/controller_interfaces/local/lib/python3.10/dist-packages/controller_interfaces/_controller_interfaces_s.ep.rosidl_typesupport_introspection_c.c
[2.080s] -- Installing: /home/lworakan/Documents/GitHub/FRA502-LAB-6648v2/install/controller_interfaces/local/lib/python3.10/dist-packages/controller_interfaces/_controller_interfaces_s.ep.rosidl_typesupport_c.c
[2.080s] -- Up-to-date: /home/lworakan/Documents/GitHub/FRA502-LAB-6648v2/install/controller_interfaces/local/lib/python3.10/dist-packages/controller_interfaces/srv
[2.080s] -- Installing: /home/lworakan/Documents/GitHub/FRA502-LAB-6648v2/install/controller_interfaces/local/lib/python3.10/dist-packages/controller_interfaces/srv/_set_max_pizza_s.c
[2.080s] -- Installing: /home/lworakan/Documents/GitHub/FRA502-LAB-6648v2/install/controller_interfaces/local/lib/python3.10/dist-packages/controller_interfaces/srv/_set_max_pizza.py
[2.080s] -- Installing: /home/lworakan/Documents/GitHub/FRA502-LAB-6648v2/install/controller_interfaces/local/lib/python3.10/dist-packages/controller_interfaces/srv/_set_param_s.c
[2.080s] -- Installing: /home/lworakan/Documents/GitHub/FRA502-LAB-6648v2/install/controller_interfaces/local/lib/python3.10/dist-packages/controller_interfaces/srv/_set_param.py
[2.080s] -- Installing: /home/lworakan/Documents/GitHub/FRA502-LAB-6648v2/install/controller_interfaces/local/lib/python3.10/dist-packages/controller_interfaces/srv/__init__.py
[2.080s] -- Installing: /home/lworakan/Documents/GitHub/FRA502-LAB-6648v2/install/controller_interfaces/local/lib/python3.10/dist-packages/controller_interfaces/__init__.py
[2.080s] -- Installing: /home/lworakan/Documents/GitHub/FRA502-LAB-6648v2/install/controller_interfaces/local/lib/python3.10/dist-packages/controller_interfaces/controller_interfaces_s__rosidl_typesupport_introspection_c.cpython-310-x86_64-linux-gnu.so
[2.108s] Listing '/home/lworakan/Documents/GitHub/FRA502-LAB-6648v2/install/controller_interfaces/local/lib/python3.10/dist-packages/controller_interfaces'...
[2.108s] Compiling '/home/lworakan/Documents/GitHub/FRA502-LAB-6648v2/install/controller_interfaces/local/lib/python3.10/dist-packages/controller_interfaces/__init__.py'...
[2.108s] Listing '/home/lworakan/Documents/GitHub/FRA502-LAB-6648v2/install/controller_interfaces/local/lib/python3.10/dist-packages/controller_interfaces/srv'...
[2.109s] Compiling '/home/lworakan/Documents/GitHub/FRA502-LAB-6648v2/install/controller_interfaces/local/lib/python3.10/dist-packages/controller_interfaces/srv/__init__.py'...
[2.109s] Compiling '/home/lworakan/Documents/GitHub/FRA502-LAB-6648v2/install/controller_interfaces/local/lib/python3.10/dist-packages/controller_interfaces/srv/_set_max_pizza.py'...
[2.109s] Compiling '/home/lworakan/Documents/GitHub/FRA502-LAB-6648v2/install/controller_interfaces/local/lib/python3.10/dist-packages/controller_interfaces/srv/_set_param.py'...
[2.111s] -- Installing: /home/lworakan/Documents/GitHub/FRA502-LAB-6648v2/install/controller_interfaces/local/lib/python3.10/dist-packages/controller_interfaces/controller_interfaces_s__rosidl_typesupport_fastrtps_c.cpython-310-x86_64-linux-gnu.so
[2.111s] -- Set runtime path of "/home/lworakan/Documents/GitHub/FRA502-LAB-6648v2/install/controller_interfaces/local/lib/python3.10/dist-packages/controller_interfaces/controller_interfaces_s__rosidl_typesupport_fastrtps_c.cpython-310-x86_64-linux-gnu.so" to ""
[2.111s] -- Installing: /home/lworakan/Documents/GitHub/FRA502-LAB-6648v2/install/controller_interfaces/local/lib/python3.10/dist-packages/controller_interfaces/controller_interfaces_s__rosidl_typesupport_introspection_c.cpython-310-x86_64-linux-gnu.so
[2.111s] -- Set runtime path of "/home/lworakan/Documents/GitHub/FRA502-LAB-6648v2/install/controller_interfaces/local/lib/python3.10/dist-packages/controller_interfaces/controller_interfaces_s__rosidl_typesupport_introspection_c.cpython-310-x86_64-linux-gnu.so" to ""
[2.111s] -- Installing: /home/lworakan/Documents/GitHub/FRA502-LAB-6648v2/install/controller_interfaces/local/lib/python3.10/dist-packages/controller_interfaces/controller_interfaces_s__rosidl_typesupport_c.cpython-310-x86_64-linux-gnu.so
[2.111s] -- Set runtime path of "/home/lworakan/Documents/GitHub/FRA502-LAB-6648v2/install/controller_interfaces/local/lib/python3.10/dist-packages/controller_interfaces/controller_interfaces_s__rosidl_typesupport_c.cpython-310-x86_64-linux-gnu.so" to ""
[2.111s] -- Installing: /home/lworakan/Documents/GitHub/FRA502-LAB-6648v2/install/controller_interfaces/lib/libcontroller_interfaces__rosidl_generator_py.so
[2.112s] -- Set runtime path of "/home/lworakan/Documents/GitHub/FRA502-LAB-6648v2/install/controller_interfaces/lib/libcontroller_interfaces__rosidl_generator_py.so" to ""
[2.112s] -- Up-to-date: /home/lworakan/Documents/GitHub/FRA502-LAB-6648v2/install/controller_interfaces/share/controller_interfaces/srv/SetMaxPizza.idl
[2.112s] -- Installing: /home/lworakan/Documents/GitHub/FRA502-LAB-6648v2/install/controller_interfaces/share/controller_interfaces/srv/SetParam.idl
[2.112s] -- Up-to-date: /home/lworakan/Documents/GitHub/FRA502-LAB-6648v2/install/controller_interfaces/share/controller_interfaces/srv/SetMaxPizza.srv
[2.112s] -- Up-to-date: /home/lworakan/Documents/GitHub/FRA502-LAB-6648v2/install/controller_interfaces/share/controller_interfaces/srv/SetMaxPizza_Request.msg
[2.112s] -- Up-to-date: /home/lworakan/Documents/GitHub/FRA502-LAB-6648v2/install/controller_interfaces/share/controller_interfaces/srv/SetMaxPizza_Response.msg
[2.112s] -- Installing: /home/lworakan/Documents/GitHub/FRA502-LAB-6648v2/install/controller_interfaces/share/controller_interfaces/srv/SetParam.srv
[2.112s] -- Installing: /home/lworakan/Documents/GitHub/FRA502-LAB-6648v2/install/controller_interfaces/share/controller_interfaces/srv/SetParam_Request.msg
[2.112s] -- Up-to-date: /home/lworakan/Documents/GitHub/FRA502-LAB-6648v2/install/controller_interfaces/share/controller_interfaces/srv/SetParam_Response.msg
[2.112s] -- Up-to-date: /home/lworakan/Documents/GitHub/FRA502-LAB-6648v2/install/controller_interfaces/share/ament_index/resource_index/package_run_dependencies/controller_interfaces
[2.112s] -- Installing: /home/lworakan/Documents/GitHub/FRA502-LAB-6648v2/install/controller_interfaces/share/ament_index/resource_index/parent_prefix_path/controller_interfaces
[2.112s] -- Up-to-date: /home/lworakan/Documents/GitHub/FRA502-LAB-6648v2/install/controller_interfaces/share/controller_interfaces/environment/ament_prefix_path.sh
[2.112s] -- Installing: /home/lworakan/Documents/GitHub/FRA502-LAB-6648v2/install/controller_interfaces/share/controller_interfaces/environment/ament_prefix_path.dsv
[2.112s] -- Up-to-date: /home/lworakan/Documents/GitHub/FRA502-LAB-6648v2/install/controller_interfaces/share/controller_interfaces/environment/path.sh
[2.112s] -- Installing: /home/lworakan/Documents/GitHub/FRA502-LAB-6648v2/install/controller_interfaces/share/controller_interfaces/environment/path.dsv
[2.112s] -- Up-to-date: /home/lworakan/Documents/GitHub/FRA502-LAB-6648v2/install/controller_interfaces/share/controller_interfaces/local_setup.bash
[2.112s] -- Up-to-date: /home/lworakan/Documents/GitHub/FRA502-LAB-6648v2/install/controller_interfaces/share/controller_interfaces/local_setup.sh
[2.112s] -- Up-to-date: /home/lworakan/Documents/GitHub/FRA502-LAB-6648v2/install/controller_interfaces/share/controller_interfaces/local_setup.zsh
[2.112s] -- Installing: /home/lworakan/Documents/GitHub/FRA502-LAB-6648v2/install/controller_interfaces/share/controller_interfaces/local_setup.dsv
[2.112s] -- Installing: /home/lworakan/Documents/GitHub/FRA502-LAB-6648v2/install/controller_interfaces/share/controller_interfaces/package.dsv
[2.112s] -- Up-to-date: /home/lworakan/Documents/GitHub/FRA502-LAB-6648v2/install/controller_interfaces/share/ament_index/resource_index/packages/controller_interfaces
[2.112s] -- Up-to-date: /home/lworakan/Documents/GitHub/FRA502-LAB-6648v2/install/controller_interfaces/share/controller_interfaces/cmake/export_controller_interfaces__rosidl_generator_cExport.cmake
[2.112s] -- Up-to-date: /home/lworakan/Documents/GitHub/FRA502-LAB-6648v2/install/controller_interfaces/share/controller_interfaces/cmake/export_controller_interfaces__rosidl_generator_cExport-noconfig.cmake
[2.112s] -- Up-to-date: /home/lworakan/Documents/GitHub/FRA502-LAB-6648v2/install/controller_interfaces/share/controller_interfaces/cmake/export_controller_interfaces__rosidl_typesupport_fastrtps_cExport.cmake
[2.112s] -- Up-to-date: /home/lworakan/Documents/GitHub/FRA502-LAB-6648v2/install/controller_interfaces/share/controller_interfaces/cmake/export_controller_interfaces__rosidl_typesupport_fastrtps_cExport-noconfig.cmake
[2.112s] -- Up-to-date: /home/lworakan/Documents/GitHub/FRA502-LAB-6648v2/install/controller_interfaces/share/controller_interfaces/cmake/export_controller_interfaces__rosidl_generator_cppExport.cmake
[2.112s] -- Up-to-date: /home/lworakan/Documents/GitHub/FRA502-LAB-6648v2/install/controller_interfaces/share/controller_interfaces/cmake/export_controller_interfaces__rosidl_typesupport_fastrtps_cppExport.cmake
[2.113s] -- Up-to-date: /home/lworakan/Documents/GitHub/FRA502-LAB-6648v2/install/controller_interfaces/share/controller_interfaces/cmake/export_controller_interfaces__rosidl_typesupport_fastrtps_cppExport-noconfig.cmake
[2.113s] -- Up-to-date: /home/lworakan/Documents/GitHub/FRA502-LAB-6648v2/install/controller_interfaces/share/controller_interfaces/cmake/controller_interfaces__rosidl_typesupport_introspection_cExport.cmake
[2.113s] -- Up-to-date: /home/lworakan/Documents/GitHub/FRA502-LAB-6648v2/install/controller_interfaces/share/controller_interfaces/cmake/controller_interfaces__rosidl_typesupport_introspection_cExport-noconfig.cmake
[2.113s] -- Up-to-date: /home/lworakan/Documents/GitHub/FRA502-LAB-6648v2/install/controller_interfaces/share/controller_interfaces/cmake/controller_interfaces__rosidl_typesupport_cExport.cmake
[2.113s] -- Up-to-date: /home/lworakan/Documents/GitHub/FRA502-LAB-6648v2/install/controller_interfaces/share/controller_interfaces/cmake/controller_interfaces__rosidl_typesupport_cExport-noconfig.cmake
[2.113s] -- Up-to-date: /home/lworakan/Documents/GitHub/FRA502-LAB-6648v2/install/controller_interfaces/share/controller_interfaces/cmake/controller_interfaces__rosidl_typesupport_introspection_cppExport.cmake
[2.113s] -- Up-to-date: /home/lworakan/Documents/GitHub/FRA502-LAB-6648v2/install/controller_interfaces/share/controller_interfaces/cmake/controller_interfaces__rosidl_typesupport_introspection_cppExport-noconfig.cmake
[2.113s] -- Up-to-date: /home/lworakan/Documents/GitHub/FRA502-LAB-6648v2/install/controller_interfaces/share/controller_interfaces/cmake/controller_interfaces__rosidl_typesupport_cppExport.cmake
[2.113s] -- Up-to-date: /home/lworakan/Documents/GitHub/FRA502-LAB-6648v2/install/controller_interfaces/share/controller_interfaces/cmake/controller_interfaces__rosidl_typesupport_cppExport-noconfig.cmake
[2.113s] -- Up-to-date: /home/lworakan/Documents/GitHub/FRA502-LAB-6648v2/install/controller_interfaces/share/controller_interfaces/cmake/export_controller_interfaces__rosidl_generator_pyExport.cmake
[2.113s] -- Up-to-date: /home/lworakan/Documents/GitHub/FRA502-LAB-6648v2/install/controller_interfaces/share/controller_interfaces/cmake/export_controller_interfaces__rosidl_generator_pyExport-noconfig.cmake
[2.113s] -- Up-to-date: /home/lworakan/Documents/GitHub/FRA502-LAB-6648v2/install/controller_interfaces/share/controller_interfaces/cmake/rosidl_cmake-extras.cmake
[2.113s] -- Up-to-date: /home/lworakan/Documents/GitHub/FRA502-LAB-6648v2/install/controller_interfaces/share/controller_interfaces/cmake/ament_cmake_export_dependencies-extras.cmake
[2.113s] -- Up-to-date: /home/lworakan/Documents/GitHub/FRA502-LAB-6648v2/install/controller_interfaces/share/controller_interfaces/cmake/ament_cmake_export_include_directories-extras.cmake
[2.113s] -- Up-to-date: /home/lworakan/Documents/GitHub/FRA502-LAB-6648v2/install/controller_interfaces/share/controller_interfaces/cmake/ament_cmake_export_libraries-extras.cmake
[2.113s] -- Up-to-date: /home/lworakan/Documents/GitHub/FRA502-LAB-6648v2/install/controller_interfaces/share/controller_interfaces/cmake/ament_cmake_export_targets-extras.cmake
[2.113s] -- Up-to-date: /home/lworakan/Documents/GitHub/FRA502-LAB-6648v2/install/controller_interfaces/share/controller_interfaces/cmake/rosidl_cmake_export_typesupport_targets-extras.cmake
[2.113s] -- Up-to-date: /home/lworakan/Documents/GitHub/FRA502-LAB-6648v2/install/controller_interfaces/share/controller_interfaces/cmake/rosidl_cmake_export_typesupport_libraries-extras.cmake
[2.113s] -- Up-to-date: /home/lworakan/Documents/GitHub/FRA502-LAB-6648v2/install/controller_interfaces/share/controller_interfaces/cmake/controller_interfacesConfig.cmake
[2.113s] -- Up-to-date: /home/lworakan/Documents/GitHub/FRA502-LAB-6648v2/install/controller_interfaces/share/controller_interfaces/cmake/controller_interfacesConfig-version.cmake
[2.113s] -- Up-to-date: /home/lworakan/Documents/GitHub/FRA502-LAB-6648v2/install/controller_interfaces/share/controller_interfaces/package.xml
[2.115s] Invoked command in '/home/lworakan/Documents/GitHub/FRA502-LAB-6648v2/build/controller_interfaces' returned '0': CMAKE_PREFIX_PATH=${CMAKE_PREFIX_PATH}:/opt/ros/humble /usr/bin/cmake --install /home/lworakan/Documents/GitHub/FRA502-LAB-6648v2/build/controller_interfaces
