[0.007s] Invoking command in '/home/lworakan/FRA502-LAB-6648/build/turtlesim_plus_interfaces': CMAKE_PREFIX_PATH=${CMAKE_PREFIX_PATH}:/opt/ros/humble /usr/bin/cmake /home/lworakan/FRA502-LAB-6648/src/turtlesim_plus/turtlesim_plus_interfaces -DCMAKE_INSTALL_PREFIX=/home/lworakan/FRA502-LAB-6648/install/turtlesim_plus_interfaces
[0.043s] -- The C compiler identification is GNU 11.4.0
[0.076s] -- The CXX compiler identification is GNU 11.4.0
[0.080s] -- Detecting C compiler ABI info
[0.127s] -- Detecting C compiler ABI info - done
[0.130s] -- Check for working C compiler: /usr/bin/cc - skipped
[0.130s] -- Detecting C compile features
[0.130s] -- Detecting C compile features - done
[0.132s] -- Detecting CXX compiler ABI info
[0.180s] -- Detecting CXX compiler ABI info - done
[0.186s] -- Check for working CXX compiler: /usr/bin/c++ - skipped
[0.186s] -- Detecting CXX compile features
[0.186s] -- Detecting CXX compile features - done
[0.188s] -- Found ament_cmake: 1.3.12 (/opt/ros/humble/share/ament_cmake/cmake)
[0.411s] -- Found Python3: /usr/bin/python3 (found version "3.10.12") found components: Interpreter 
[0.460s] -- Found ament_lint_auto: 0.12.14 (/opt/ros/humble/share/ament_lint_auto/cmake)
[0.506s] -- Found rosidl_default_generators: 1.2.0 (/opt/ros/humble/share/rosidl_default_generators/cmake)
[0.508s] -- Using all available rosidl_typesupport_c: rosidl_typesupport_fastrtps_c;rosidl_typesupport_introspection_c
[0.520s] -- Found rosidl_adapter: 3.1.7 (/opt/ros/humble/share/rosidl_adapter/cmake)
[0.533s] -- Using all available rosidl_typesupport_cpp: rosidl_typesupport_fastrtps_cpp;rosidl_typesupport_introspection_cpp
[0.704s] -- Found ament_cmake_ros: 0.10.0 (/opt/ros/humble/share/ament_cmake_ros/cmake)
[0.820s] -- Using all available rosidl_typesupport_c: rosidl_typesupport_fastrtps_c;rosidl_typesupport_introspection_c
[0.992s] -- Using all available rosidl_typesupport_cpp: rosidl_typesupport_fastrtps_cpp;rosidl_typesupport_introspection_cpp
[1.006s] -- Found PythonInterp: /usr/bin/python3 (found suitable version "3.10.12", minimum required is "3.6") 
[1.007s] -- Found python_cmake_module: 0.10.0 (/opt/ros/humble/share/python_cmake_module/cmake)
[1.028s] -- Found PythonLibs: /usr/lib/x86_64-linux-gnu/libpython3.10.so (found suitable version "3.10.12", minimum required is "3.5") 
[1.028s] -- Using PYTHON_EXECUTABLE: /usr/bin/python3
[1.028s] -- Using PYTHON_INCLUDE_DIRS: /usr/include/python3.10
[1.028s] -- Using PYTHON_LIBRARIES: /usr/lib/x86_64-linux-gnu/libpython3.10.so
[1.042s] -- Found PythonExtra: .so  
[1.070s] -- Added test 'lint_cmake' to check CMake code style
[1.070s] -- Added test 'xmllint' to check XML markup files
[1.072s] -- Configuring done
[1.091s] -- Generating done
[1.100s] -- Build files have been written to: /home/lworakan/FRA502-LAB-6648/build/turtlesim_plus_interfaces
[1.105s] Invoked command in '/home/lworakan/FRA502-LAB-6648/build/turtlesim_plus_interfaces' returned '0': CMAKE_PREFIX_PATH=${CMAKE_PREFIX_PATH}:/opt/ros/humble /usr/bin/cmake /home/lworakan/FRA502-LAB-6648/src/turtlesim_plus/turtlesim_plus_interfaces -DCMAKE_INSTALL_PREFIX=/home/lworakan/FRA502-LAB-6648/install/turtlesim_plus_interfaces
[1.107s] Invoking command in '/home/lworakan/FRA502-LAB-6648/build/turtlesim_plus_interfaces': CMAKE_PREFIX_PATH=${CMAKE_PREFIX_PATH}:/opt/ros/humble /usr/bin/cmake --build /home/lworakan/FRA502-LAB-6648/build/turtlesim_plus_interfaces -- -j32 -l32
[1.139s] [  1%] Generating C code for ROS interfaces
[1.143s] [  3%] Generating C++ code for ROS interfaces
[1.151s] [  3%] Built target ament_cmake_python_copy_turtlesim_plus_interfaces
[1.302s] running egg_info
[1.314s] creating turtlesim_plus_interfaces.egg-info
[1.314s] writing turtlesim_plus_interfaces.egg-info/PKG-INFO
[1.314s] writing dependency_links to turtlesim_plus_interfaces.egg-info/dependency_links.txt
[1.314s] writing top-level names to turtlesim_plus_interfaces.egg-info/top_level.txt
[1.314s] writing manifest file 'turtlesim_plus_interfaces.egg-info/SOURCES.txt'
[1.349s] reading manifest file 'turtlesim_plus_interfaces.egg-info/SOURCES.txt'
[1.350s] writing manifest file 'turtlesim_plus_interfaces.egg-info/SOURCES.txt'
[1.374s] [  3%] Built target ament_cmake_python_build_turtlesim_plus_interfaces_egg
[1.497s] [  5%] Building C object CMakeFiles/turtlesim_plus_interfaces__rosidl_generator_c.dir/rosidl_generator_c/turtlesim_plus_interfaces/srv/detail/give_position__functions.c.o
[1.497s] [  7%] Building C object CMakeFiles/turtlesim_plus_interfaces__rosidl_generator_c.dir/rosidl_generator_c/turtlesim_plus_interfaces/msg/detail/scanner_data__functions.c.o
[1.497s] [  9%] Building C object CMakeFiles/turtlesim_plus_interfaces__rosidl_generator_c.dir/rosidl_generator_c/turtlesim_plus_interfaces/msg/detail/scanner_data_array__functions.c.o
[1.497s] [ 10%] Building C object CMakeFiles/turtlesim_plus_interfaces__rosidl_generator_c.dir/rosidl_generator_c/turtlesim_plus_interfaces/action/detail/get_data__functions.c.o
[1.516s] [ 10%] Built target turtlesim_plus_interfaces__cpp
[1.525s] [ 14%] Generating C++ type support dispatch for ROS interfaces
[1.525s] [ 14%] Generating C++ introspection for ROS interfaces
[1.525s] [ 16%] Generating C++ type support for eProsima Fast-RTPS
[1.589s] [ 18%] Linking C shared library libturtlesim_plus_interfaces__rosidl_generator_c.so
[1.623s] [ 18%] Built target turtlesim_plus_interfaces__rosidl_generator_c
[1.631s] [ 20%] Generating C type support for eProsima Fast-RTPS
[1.632s] [ 21%] Generating C type support dispatch for ROS interfaces
[1.632s] [ 23%] Generating C introspection for ROS interfaces
[1.765s] [ 25%] Building CXX object CMakeFiles/turtlesim_plus_interfaces__rosidl_typesupport_cpp.dir/rosidl_typesupport_cpp/turtlesim_plus_interfaces/msg/scanner_data__type_support.cpp.o
[1.766s] [ 27%] Building CXX object CMakeFiles/turtlesim_plus_interfaces__rosidl_typesupport_cpp.dir/rosidl_typesupport_cpp/turtlesim_plus_interfaces/srv/give_position__type_support.cpp.o
[1.767s] [ 29%] Building CXX object CMakeFiles/turtlesim_plus_interfaces__rosidl_typesupport_cpp.dir/rosidl_typesupport_cpp/turtlesim_plus_interfaces/msg/scanner_data_array__type_support.cpp.o
[1.767s] [ 30%] Building CXX object CMakeFiles/turtlesim_plus_interfaces__rosidl_typesupport_cpp.dir/rosidl_typesupport_cpp/turtlesim_plus_interfaces/action/get_data__type_support.cpp.o
[1.867s] [ 34%] Building CXX object CMakeFiles/turtlesim_plus_interfaces__rosidl_typesupport_c.dir/rosidl_typesupport_c/turtlesim_plus_interfaces/srv/give_position__type_support.cpp.o
[1.867s] [ 34%] Building CXX object CMakeFiles/turtlesim_plus_interfaces__rosidl_typesupport_c.dir/rosidl_typesupport_c/turtlesim_plus_interfaces/msg/scanner_data__type_support.cpp.o
[1.867s] [ 36%] Building CXX object CMakeFiles/turtlesim_plus_interfaces__rosidl_typesupport_c.dir/rosidl_typesupport_c/turtlesim_plus_interfaces/action/get_data__type_support.cpp.o
[1.869s] [ 38%] Building CXX object CMakeFiles/turtlesim_plus_interfaces__rosidl_typesupport_c.dir/rosidl_typesupport_c/turtlesim_plus_interfaces/msg/scanner_data_array__type_support.cpp.o
[1.898s] [ 40%] Linking CXX shared library libturtlesim_plus_interfaces__rosidl_typesupport_c.so
[1.912s] [ 41%] Building CXX object CMakeFiles/turtlesim_plus_interfaces__rosidl_typesupport_introspection_cpp.dir/rosidl_typesupport_introspection_cpp/turtlesim_plus_interfaces/msg/detail/scanner_data__type_support.cpp.o
[1.915s] [ 47%] Building CXX object CMakeFiles/turtlesim_plus_interfaces__rosidl_typesupport_introspection_cpp.dir/rosidl_typesupport_introspection_cpp/turtlesim_plus_interfaces/srv/detail/give_position__type_support.cpp.o
[1.915s] [ 47%] Building CXX object CMakeFiles/turtlesim_plus_interfaces__rosidl_typesupport_introspection_cpp.dir/rosidl_typesupport_introspection_cpp/turtlesim_plus_interfaces/msg/detail/scanner_data_array__type_support.cpp.o
[1.915s] [ 47%] Building CXX object CMakeFiles/turtlesim_plus_interfaces__rosidl_typesupport_introspection_cpp.dir/rosidl_typesupport_introspection_cpp/turtlesim_plus_interfaces/action/detail/get_data__type_support.cpp.o
[1.917s] [ 50%] Building CXX object CMakeFiles/turtlesim_plus_interfaces__rosidl_typesupport_fastrtps_cpp.dir/rosidl_typesupport_fastrtps_cpp/turtlesim_plus_interfaces/msg/detail/dds_fastrtps/scanner_data_array__type_support.cpp.o
[1.917s] [ 50%] Building CXX object CMakeFiles/turtlesim_plus_interfaces__rosidl_typesupport_fastrtps_cpp.dir/rosidl_typesupport_fastrtps_cpp/turtlesim_plus_interfaces/msg/detail/dds_fastrtps/scanner_data__type_support.cpp.o
[1.919s] [ 52%] Building CXX object CMakeFiles/turtlesim_plus_interfaces__rosidl_typesupport_fastrtps_cpp.dir/rosidl_typesupport_fastrtps_cpp/turtlesim_plus_interfaces/action/detail/dds_fastrtps/get_data__type_support.cpp.o
[1.919s] [ 54%] Building CXX object CMakeFiles/turtlesim_plus_interfaces__rosidl_typesupport_fastrtps_cpp.dir/rosidl_typesupport_fastrtps_cpp/turtlesim_plus_interfaces/srv/detail/dds_fastrtps/give_position__type_support.cpp.o
[1.932s] [ 54%] Built target turtlesim_plus_interfaces__rosidl_typesupport_c
[1.953s] [ 56%] Building CXX object CMakeFiles/turtlesim_plus_interfaces__rosidl_typesupport_fastrtps_c.dir/rosidl_typesupport_fastrtps_c/turtlesim_plus_interfaces/msg/detail/scanner_data__type_support_c.cpp.o
[1.954s] [ 58%] Building CXX object CMakeFiles/turtlesim_plus_interfaces__rosidl_typesupport_fastrtps_c.dir/rosidl_typesupport_fastrtps_c/turtlesim_plus_interfaces/action/detail/get_data__type_support_c.cpp.o
[1.955s] [ 61%] Building CXX object CMakeFiles/turtlesim_plus_interfaces__rosidl_typesupport_fastrtps_c.dir/rosidl_typesupport_fastrtps_c/turtlesim_plus_interfaces/srv/detail/give_position__type_support_c.cpp.o
[1.955s] [ 61%] Building CXX object CMakeFiles/turtlesim_plus_interfaces__rosidl_typesupport_fastrtps_c.dir/rosidl_typesupport_fastrtps_c/turtlesim_plus_interfaces/msg/detail/scanner_data_array__type_support_c.cpp.o
[2.049s] [ 63%] Linking CXX shared library libturtlesim_plus_interfaces__rosidl_typesupport_cpp.so
[2.083s] [ 63%] Built target turtlesim_plus_interfaces__rosidl_typesupport_cpp
[2.102s] [ 65%] Building C object CMakeFiles/turtlesim_plus_interfaces__rosidl_typesupport_introspection_c.dir/rosidl_typesupport_introspection_c/turtlesim_plus_interfaces/msg/detail/scanner_data_array__type_support.c.o
[2.103s] [ 67%] Building C object CMakeFiles/turtlesim_plus_interfaces__rosidl_typesupport_introspection_c.dir/rosidl_typesupport_introspection_c/turtlesim_plus_interfaces/msg/detail/scanner_data__type_support.c.o
[2.103s] [ 69%] Building C object CMakeFiles/turtlesim_plus_interfaces__rosidl_typesupport_introspection_c.dir/rosidl_typesupport_introspection_c/turtlesim_plus_interfaces/srv/detail/give_position__type_support.c.o
[2.104s] [ 70%] Building C object CMakeFiles/turtlesim_plus_interfaces__rosidl_typesupport_introspection_c.dir/rosidl_typesupport_introspection_c/turtlesim_plus_interfaces/action/detail/get_data__type_support.c.o
[2.138s] [ 72%] Linking C shared library libturtlesim_plus_interfaces__rosidl_typesupport_introspection_c.so
[2.165s] [ 72%] Built target turtlesim_plus_interfaces__rosidl_typesupport_introspection_c
[2.247s] [ 74%] Linking CXX shared library libturtlesim_plus_interfaces__rosidl_typesupport_fastrtps_c.so
[2.266s] [ 76%] Linking CXX shared library libturtlesim_plus_interfaces__rosidl_typesupport_introspection_cpp.so
[2.295s] [ 76%] Built target turtlesim_plus_interfaces__rosidl_typesupport_fastrtps_c
[2.311s] [ 76%] Built target turtlesim_plus_interfaces__rosidl_typesupport_introspection_cpp
[2.343s] [ 78%] Linking CXX shared library libturtlesim_plus_interfaces__rosidl_typesupport_fastrtps_cpp.so
[2.390s] [ 78%] Built target turtlesim_plus_interfaces__rosidl_typesupport_fastrtps_cpp
[2.406s] [ 78%] Built target turtlesim_plus_interfaces
[2.419s] [ 80%] Generating Python code for ROS interfaces
[2.927s] [ 80%] Built target turtlesim_plus_interfaces__py
[2.941s] [ 81%] Building C object CMakeFiles/turtlesim_plus_interfaces__rosidl_generator_py.dir/rosidl_generator_py/turtlesim_plus_interfaces/msg/_scanner_data_s.c.o
[2.941s] [ 83%] Building C object CMakeFiles/turtlesim_plus_interfaces__rosidl_generator_py.dir/rosidl_generator_py/turtlesim_plus_interfaces/msg/_scanner_data_array_s.c.o
[2.941s] [ 85%] Building C object CMakeFiles/turtlesim_plus_interfaces__rosidl_generator_py.dir/rosidl_generator_py/turtlesim_plus_interfaces/srv/_give_position_s.c.o
[2.941s] [ 87%] Building C object CMakeFiles/turtlesim_plus_interfaces__rosidl_generator_py.dir/rosidl_generator_py/turtlesim_plus_interfaces/action/_get_data_s.c.o
[3.017s] [ 89%] Linking C shared library rosidl_generator_py/turtlesim_plus_interfaces/libturtlesim_plus_interfaces__rosidl_generator_py.so
[3.041s] [ 89%] Built target turtlesim_plus_interfaces__rosidl_generator_py
[3.055s] [ 90%] Building C object CMakeFiles/turtlesim_plus_interfaces__rosidl_typesupport_introspection_c__pyext.dir/rosidl_generator_py/turtlesim_plus_interfaces/_turtlesim_plus_interfaces_s.ep.rosidl_typesupport_introspection_c.c.o
[3.055s] [ 92%] Building C object CMakeFiles/turtlesim_plus_interfaces__rosidl_typesupport_c__pyext.dir/rosidl_generator_py/turtlesim_plus_interfaces/_turtlesim_plus_interfaces_s.ep.rosidl_typesupport_c.c.o
[3.056s] [ 94%] Building C object CMakeFiles/turtlesim_plus_interfaces__rosidl_typesupport_fastrtps_c__pyext.dir/rosidl_generator_py/turtlesim_plus_interfaces/_turtlesim_plus_interfaces_s.ep.rosidl_typesupport_fastrtps_c.c.o
[3.127s] [ 96%] Linking C shared library rosidl_generator_py/turtlesim_plus_interfaces/turtlesim_plus_interfaces_s__rosidl_typesupport_introspection_c.cpython-310-x86_64-linux-gnu.so
[3.129s] [ 98%] Linking C shared library rosidl_generator_py/turtlesim_plus_interfaces/turtlesim_plus_interfaces_s__rosidl_typesupport_fastrtps_c.cpython-310-x86_64-linux-gnu.so
[3.129s] [100%] Linking C shared library rosidl_generator_py/turtlesim_plus_interfaces/turtlesim_plus_interfaces_s__rosidl_typesupport_c.cpython-310-x86_64-linux-gnu.so
[3.149s] [100%] Built target turtlesim_plus_interfaces__rosidl_typesupport_introspection_c__pyext
[3.155s] [100%] Built target turtlesim_plus_interfaces__rosidl_typesupport_fastrtps_c__pyext
[3.156s] [100%] Built target turtlesim_plus_interfaces__rosidl_typesupport_c__pyext
[3.163s] Invoked command in '/home/lworakan/FRA502-LAB-6648/build/turtlesim_plus_interfaces' returned '0': CMAKE_PREFIX_PATH=${CMAKE_PREFIX_PATH}:/opt/ros/humble /usr/bin/cmake --build /home/lworakan/FRA502-LAB-6648/build/turtlesim_plus_interfaces -- -j32 -l32
[3.164s] Invoking command in '/home/lworakan/FRA502-LAB-6648/build/turtlesim_plus_interfaces': CMAKE_PREFIX_PATH=${CMAKE_PREFIX_PATH}:/opt/ros/humble /usr/bin/cmake --install /home/lworakan/FRA502-LAB-6648/build/turtlesim_plus_interfaces
[3.168s] -- Install configuration: ""
[3.168s] -- Installing: /home/lworakan/FRA502-LAB-6648/install/turtlesim_plus_interfaces/share/ament_index/resource_index/rosidl_interfaces/turtlesim_plus_interfaces
[3.168s] -- Installing: /home/lworakan/FRA502-LAB-6648/install/turtlesim_plus_interfaces/include/turtlesim_plus_interfaces/turtlesim_plus_interfaces
[3.168s] -- Installing: /home/lworakan/FRA502-LAB-6648/install/turtlesim_plus_interfaces/include/turtlesim_plus_interfaces/turtlesim_plus_interfaces/msg
[3.168s] -- Installing: /home/lworakan/FRA502-LAB-6648/install/turtlesim_plus_interfaces/include/turtlesim_plus_interfaces/turtlesim_plus_interfaces/msg/scanner_data.h
[3.168s] -- Installing: /home/lworakan/FRA502-LAB-6648/install/turtlesim_plus_interfaces/include/turtlesim_plus_interfaces/turtlesim_plus_interfaces/msg/detail
[3.168s] -- Installing: /home/lworakan/FRA502-LAB-6648/install/turtlesim_plus_interfaces/include/turtlesim_plus_interfaces/turtlesim_plus_interfaces/msg/detail/scanner_data__type_support.h
[3.168s] -- Installing: /home/lworakan/FRA502-LAB-6648/install/turtlesim_plus_interfaces/include/turtlesim_plus_interfaces/turtlesim_plus_interfaces/msg/detail/scanner_data__functions.h
[3.168s] -- Installing: /home/lworakan/FRA502-LAB-6648/install/turtlesim_plus_interfaces/include/turtlesim_plus_interfaces/turtlesim_plus_interfaces/msg/detail/scanner_data_array__functions.h
[3.168s] -- Installing: /home/lworakan/FRA502-LAB-6648/install/turtlesim_plus_interfaces/include/turtlesim_plus_interfaces/turtlesim_plus_interfaces/msg/detail/scanner_data__struct.h
[3.168s] -- Installing: /home/lworakan/FRA502-LAB-6648/install/turtlesim_plus_interfaces/include/turtlesim_plus_interfaces/turtlesim_plus_interfaces/msg/detail/scanner_data_array__functions.c
[3.168s] -- Installing: /home/lworakan/FRA502-LAB-6648/install/turtlesim_plus_interfaces/include/turtlesim_plus_interfaces/turtlesim_plus_interfaces/msg/detail/scanner_data_array__type_support.h
[3.168s] -- Installing: /home/lworakan/FRA502-LAB-6648/install/turtlesim_plus_interfaces/include/turtlesim_plus_interfaces/turtlesim_plus_interfaces/msg/detail/scanner_data__functions.c
[3.168s] -- Installing: /home/lworakan/FRA502-LAB-6648/install/turtlesim_plus_interfaces/include/turtlesim_plus_interfaces/turtlesim_plus_interfaces/msg/detail/scanner_data_array__struct.h
[3.168s] -- Installing: /home/lworakan/FRA502-LAB-6648/install/turtlesim_plus_interfaces/include/turtlesim_plus_interfaces/turtlesim_plus_interfaces/msg/scanner_data_array.h
[3.168s] -- Installing: /home/lworakan/FRA502-LAB-6648/install/turtlesim_plus_interfaces/include/turtlesim_plus_interfaces/turtlesim_plus_interfaces/msg/rosidl_generator_c__visibility_control.h
[3.168s] -- Installing: /home/lworakan/FRA502-LAB-6648/install/turtlesim_plus_interfaces/include/turtlesim_plus_interfaces/turtlesim_plus_interfaces/action
[3.168s] -- Installing: /home/lworakan/FRA502-LAB-6648/install/turtlesim_plus_interfaces/include/turtlesim_plus_interfaces/turtlesim_plus_interfaces/action/get_data.h
[3.168s] -- Installing: /home/lworakan/FRA502-LAB-6648/install/turtlesim_plus_interfaces/include/turtlesim_plus_interfaces/turtlesim_plus_interfaces/action/detail
[3.168s] -- Installing: /home/lworakan/FRA502-LAB-6648/install/turtlesim_plus_interfaces/include/turtlesim_plus_interfaces/turtlesim_plus_interfaces/action/detail/get_data__functions.h
[3.168s] -- Installing: /home/lworakan/FRA502-LAB-6648/install/turtlesim_plus_interfaces/include/turtlesim_plus_interfaces/turtlesim_plus_interfaces/action/detail/get_data__struct.h
[3.168s] -- Installing: /home/lworakan/FRA502-LAB-6648/install/turtlesim_plus_interfaces/include/turtlesim_plus_interfaces/turtlesim_plus_interfaces/action/detail/get_data__functions.c
[3.168s] -- Installing: /home/lworakan/FRA502-LAB-6648/install/turtlesim_plus_interfaces/include/turtlesim_plus_interfaces/turtlesim_plus_interfaces/action/detail/get_data__type_support.h
[3.168s] -- Installing: /home/lworakan/FRA502-LAB-6648/install/turtlesim_plus_interfaces/include/turtlesim_plus_interfaces/turtlesim_plus_interfaces/srv
[3.169s] -- Installing: /home/lworakan/FRA502-LAB-6648/install/turtlesim_plus_interfaces/include/turtlesim_plus_interfaces/turtlesim_plus_interfaces/srv/detail
[3.169s] -- Installing: /home/lworakan/FRA502-LAB-6648/install/turtlesim_plus_interfaces/include/turtlesim_plus_interfaces/turtlesim_plus_interfaces/srv/detail/give_position__type_support.h
[3.169s] -- Installing: /home/lworakan/FRA502-LAB-6648/install/turtlesim_plus_interfaces/include/turtlesim_plus_interfaces/turtlesim_plus_interfaces/srv/detail/give_position__functions.h
[3.169s] -- Installing: /home/lworakan/FRA502-LAB-6648/install/turtlesim_plus_interfaces/include/turtlesim_plus_interfaces/turtlesim_plus_interfaces/srv/detail/give_position__functions.c
[3.169s] -- Installing: /home/lworakan/FRA502-LAB-6648/install/turtlesim_plus_interfaces/include/turtlesim_plus_interfaces/turtlesim_plus_interfaces/srv/detail/give_position__struct.h
[3.169s] -- Installing: /home/lworakan/FRA502-LAB-6648/install/turtlesim_plus_interfaces/include/turtlesim_plus_interfaces/turtlesim_plus_interfaces/srv/give_position.h
[3.169s] -- Installing: /home/lworakan/FRA502-LAB-6648/install/turtlesim_plus_interfaces/share/turtlesim_plus_interfaces/environment/library_path.sh
[3.169s] -- Installing: /home/lworakan/FRA502-LAB-6648/install/turtlesim_plus_interfaces/share/turtlesim_plus_interfaces/environment/library_path.dsv
[3.169s] -- Installing: /home/lworakan/FRA502-LAB-6648/install/turtlesim_plus_interfaces/lib/libturtlesim_plus_interfaces__rosidl_generator_c.so
[3.169s] -- Set runtime path of "/home/lworakan/FRA502-LAB-6648/install/turtlesim_plus_interfaces/lib/libturtlesim_plus_interfaces__rosidl_generator_c.so" to ""
[3.169s] -- Up-to-date: /home/lworakan/FRA502-LAB-6648/install/turtlesim_plus_interfaces/include/turtlesim_plus_interfaces/turtlesim_plus_interfaces
[3.169s] -- Up-to-date: /home/lworakan/FRA502-LAB-6648/install/turtlesim_plus_interfaces/include/turtlesim_plus_interfaces/turtlesim_plus_interfaces/msg
[3.169s] -- Up-to-date: /home/lworakan/FRA502-LAB-6648/install/turtlesim_plus_interfaces/include/turtlesim_plus_interfaces/turtlesim_plus_interfaces/msg/detail
[3.169s] -- Installing: /home/lworakan/FRA502-LAB-6648/install/turtlesim_plus_interfaces/include/turtlesim_plus_interfaces/turtlesim_plus_interfaces/msg/detail/scanner_data__rosidl_typesupport_fastrtps_c.h
[3.169s] -- Installing: /home/lworakan/FRA502-LAB-6648/install/turtlesim_plus_interfaces/include/turtlesim_plus_interfaces/turtlesim_plus_interfaces/msg/detail/scanner_data_array__rosidl_typesupport_fastrtps_c.h
[3.169s] -- Installing: /home/lworakan/FRA502-LAB-6648/install/turtlesim_plus_interfaces/include/turtlesim_plus_interfaces/turtlesim_plus_interfaces/msg/rosidl_typesupport_fastrtps_c__visibility_control.h
[3.169s] -- Up-to-date: /home/lworakan/FRA502-LAB-6648/install/turtlesim_plus_interfaces/include/turtlesim_plus_interfaces/turtlesim_plus_interfaces/action
[3.169s] -- Up-to-date: /home/lworakan/FRA502-LAB-6648/install/turtlesim_plus_interfaces/include/turtlesim_plus_interfaces/turtlesim_plus_interfaces/action/detail
[3.169s] -- Installing: /home/lworakan/FRA502-LAB-6648/install/turtlesim_plus_interfaces/include/turtlesim_plus_interfaces/turtlesim_plus_interfaces/action/detail/get_data__rosidl_typesupport_fastrtps_c.h
[3.169s] -- Up-to-date: /home/lworakan/FRA502-LAB-6648/install/turtlesim_plus_interfaces/include/turtlesim_plus_interfaces/turtlesim_plus_interfaces/srv
[3.169s] -- Up-to-date: /home/lworakan/FRA502-LAB-6648/install/turtlesim_plus_interfaces/include/turtlesim_plus_interfaces/turtlesim_plus_interfaces/srv/detail
[3.169s] -- Installing: /home/lworakan/FRA502-LAB-6648/install/turtlesim_plus_interfaces/include/turtlesim_plus_interfaces/turtlesim_plus_interfaces/srv/detail/give_position__rosidl_typesupport_fastrtps_c.h
[3.169s] -- Installing: /home/lworakan/FRA502-LAB-6648/install/turtlesim_plus_interfaces/lib/libturtlesim_plus_interfaces__rosidl_typesupport_fastrtps_c.so
[3.169s] -- Set runtime path of "/home/lworakan/FRA502-LAB-6648/install/turtlesim_plus_interfaces/lib/libturtlesim_plus_interfaces__rosidl_typesupport_fastrtps_c.so" to ""
[3.169s] -- Up-to-date: /home/lworakan/FRA502-LAB-6648/install/turtlesim_plus_interfaces/include/turtlesim_plus_interfaces/turtlesim_plus_interfaces
[3.169s] -- Up-to-date: /home/lworakan/FRA502-LAB-6648/install/turtlesim_plus_interfaces/include/turtlesim_plus_interfaces/turtlesim_plus_interfaces/msg
[3.169s] -- Up-to-date: /home/lworakan/FRA502-LAB-6648/install/turtlesim_plus_interfaces/include/turtlesim_plus_interfaces/turtlesim_plus_interfaces/msg/detail
[3.169s] -- Installing: /home/lworakan/FRA502-LAB-6648/install/turtlesim_plus_interfaces/include/turtlesim_plus_interfaces/turtlesim_plus_interfaces/msg/detail/scanner_data_array__rosidl_typesupport_introspection_c.h
[3.169s] -- Installing: /home/lworakan/FRA502-LAB-6648/install/turtlesim_plus_interfaces/include/turtlesim_plus_interfaces/turtlesim_plus_interfaces/msg/detail/scanner_data__rosidl_typesupport_introspection_c.h
[3.169s] -- Installing: /home/lworakan/FRA502-LAB-6648/install/turtlesim_plus_interfaces/include/turtlesim_plus_interfaces/turtlesim_plus_interfaces/msg/detail/scanner_data_array__type_support.c
[3.169s] -- Installing: /home/lworakan/FRA502-LAB-6648/install/turtlesim_plus_interfaces/include/turtlesim_plus_interfaces/turtlesim_plus_interfaces/msg/detail/scanner_data__type_support.c
[3.169s] -- Installing: /home/lworakan/FRA502-LAB-6648/install/turtlesim_plus_interfaces/include/turtlesim_plus_interfaces/turtlesim_plus_interfaces/msg/rosidl_typesupport_introspection_c__visibility_control.h
[3.169s] -- Up-to-date: /home/lworakan/FRA502-LAB-6648/install/turtlesim_plus_interfaces/include/turtlesim_plus_interfaces/turtlesim_plus_interfaces/action
[3.170s] -- Up-to-date: /home/lworakan/FRA502-LAB-6648/install/turtlesim_plus_interfaces/include/turtlesim_plus_interfaces/turtlesim_plus_interfaces/action/detail
[3.170s] -- Installing: /home/lworakan/FRA502-LAB-6648/install/turtlesim_plus_interfaces/include/turtlesim_plus_interfaces/turtlesim_plus_interfaces/action/detail/get_data__rosidl_typesupport_introspection_c.h
[3.170s] -- Installing: /home/lworakan/FRA502-LAB-6648/install/turtlesim_plus_interfaces/include/turtlesim_plus_interfaces/turtlesim_plus_interfaces/action/detail/get_data__type_support.c
[3.170s] -- Up-to-date: /home/lworakan/FRA502-LAB-6648/install/turtlesim_plus_interfaces/include/turtlesim_plus_interfaces/turtlesim_plus_interfaces/srv
[3.170s] -- Up-to-date: /home/lworakan/FRA502-LAB-6648/install/turtlesim_plus_interfaces/include/turtlesim_plus_interfaces/turtlesim_plus_interfaces/srv/detail
[3.170s] -- Installing: /home/lworakan/FRA502-LAB-6648/install/turtlesim_plus_interfaces/include/turtlesim_plus_interfaces/turtlesim_plus_interfaces/srv/detail/give_position__rosidl_typesupport_introspection_c.h
[3.170s] -- Installing: /home/lworakan/FRA502-LAB-6648/install/turtlesim_plus_interfaces/include/turtlesim_plus_interfaces/turtlesim_plus_interfaces/srv/detail/give_position__type_support.c
[3.170s] -- Installing: /home/lworakan/FRA502-LAB-6648/install/turtlesim_plus_interfaces/lib/libturtlesim_plus_interfaces__rosidl_typesupport_introspection_c.so
[3.170s] -- Set runtime path of "/home/lworakan/FRA502-LAB-6648/install/turtlesim_plus_interfaces/lib/libturtlesim_plus_interfaces__rosidl_typesupport_introspection_c.so" to ""
[3.170s] -- Installing: /home/lworakan/FRA502-LAB-6648/install/turtlesim_plus_interfaces/lib/libturtlesim_plus_interfaces__rosidl_typesupport_c.so
[3.170s] -- Set runtime path of "/home/lworakan/FRA502-LAB-6648/install/turtlesim_plus_interfaces/lib/libturtlesim_plus_interfaces__rosidl_typesupport_c.so" to ""
[3.170s] -- Up-to-date: /home/lworakan/FRA502-LAB-6648/install/turtlesim_plus_interfaces/include/turtlesim_plus_interfaces/turtlesim_plus_interfaces
[3.170s] -- Up-to-date: /home/lworakan/FRA502-LAB-6648/install/turtlesim_plus_interfaces/include/turtlesim_plus_interfaces/turtlesim_plus_interfaces/msg
[3.170s] -- Installing: /home/lworakan/FRA502-LAB-6648/install/turtlesim_plus_interfaces/include/turtlesim_plus_interfaces/turtlesim_plus_interfaces/msg/scanner_data.hpp
[3.170s] -- Up-to-date: /home/lworakan/FRA502-LAB-6648/install/turtlesim_plus_interfaces/include/turtlesim_plus_interfaces/turtlesim_plus_interfaces/msg/detail
[3.170s] -- Installing: /home/lworakan/FRA502-LAB-6648/install/turtlesim_plus_interfaces/include/turtlesim_plus_interfaces/turtlesim_plus_interfaces/msg/detail/scanner_data_array__struct.hpp
[3.170s] -- Installing: /home/lworakan/FRA502-LAB-6648/install/turtlesim_plus_interfaces/include/turtlesim_plus_interfaces/turtlesim_plus_interfaces/msg/detail/scanner_data_array__builder.hpp
[3.170s] -- Installing: /home/lworakan/FRA502-LAB-6648/install/turtlesim_plus_interfaces/include/turtlesim_plus_interfaces/turtlesim_plus_interfaces/msg/detail/scanner_data__builder.hpp
[3.170s] -- Installing: /home/lworakan/FRA502-LAB-6648/install/turtlesim_plus_interfaces/include/turtlesim_plus_interfaces/turtlesim_plus_interfaces/msg/detail/scanner_data_array__type_support.hpp
[3.170s] -- Installing: /home/lworakan/FRA502-LAB-6648/install/turtlesim_plus_interfaces/include/turtlesim_plus_interfaces/turtlesim_plus_interfaces/msg/detail/scanner_data__struct.hpp
[3.170s] -- Installing: /home/lworakan/FRA502-LAB-6648/install/turtlesim_plus_interfaces/include/turtlesim_plus_interfaces/turtlesim_plus_interfaces/msg/detail/scanner_data_array__traits.hpp
[3.170s] -- Installing: /home/lworakan/FRA502-LAB-6648/install/turtlesim_plus_interfaces/include/turtlesim_plus_interfaces/turtlesim_plus_interfaces/msg/detail/scanner_data__traits.hpp
[3.170s] -- Installing: /home/lworakan/FRA502-LAB-6648/install/turtlesim_plus_interfaces/include/turtlesim_plus_interfaces/turtlesim_plus_interfaces/msg/detail/scanner_data__type_support.hpp
[3.170s] -- Installing: /home/lworakan/FRA502-LAB-6648/install/turtlesim_plus_interfaces/include/turtlesim_plus_interfaces/turtlesim_plus_interfaces/msg/rosidl_generator_cpp__visibility_control.hpp
[3.170s] -- Installing: /home/lworakan/FRA502-LAB-6648/install/turtlesim_plus_interfaces/include/turtlesim_plus_interfaces/turtlesim_plus_interfaces/msg/scanner_data_array.hpp
[3.170s] -- Up-to-date: /home/lworakan/FRA502-LAB-6648/install/turtlesim_plus_interfaces/include/turtlesim_plus_interfaces/turtlesim_plus_interfaces/action
[3.170s] -- Up-to-date: /home/lworakan/FRA502-LAB-6648/install/turtlesim_plus_interfaces/include/turtlesim_plus_interfaces/turtlesim_plus_interfaces/action/detail
[3.170s] -- Installing: /home/lworakan/FRA502-LAB-6648/install/turtlesim_plus_interfaces/include/turtlesim_plus_interfaces/turtlesim_plus_interfaces/action/detail/get_data__struct.hpp
[3.170s] -- Installing: /home/lworakan/FRA502-LAB-6648/install/turtlesim_plus_interfaces/include/turtlesim_plus_interfaces/turtlesim_plus_interfaces/action/detail/get_data__type_support.hpp
[3.170s] -- Installing: /home/lworakan/FRA502-LAB-6648/install/turtlesim_plus_interfaces/include/turtlesim_plus_interfaces/turtlesim_plus_interfaces/action/detail/get_data__builder.hpp
[3.170s] -- Installing: /home/lworakan/FRA502-LAB-6648/install/turtlesim_plus_interfaces/include/turtlesim_plus_interfaces/turtlesim_plus_interfaces/action/detail/get_data__traits.hpp
[3.171s] -- Installing: /home/lworakan/FRA502-LAB-6648/install/turtlesim_plus_interfaces/include/turtlesim_plus_interfaces/turtlesim_plus_interfaces/action/get_data.hpp
[3.171s] -- Up-to-date: /home/lworakan/FRA502-LAB-6648/install/turtlesim_plus_interfaces/include/turtlesim_plus_interfaces/turtlesim_plus_interfaces/srv
[3.171s] -- Installing: /home/lworakan/FRA502-LAB-6648/install/turtlesim_plus_interfaces/include/turtlesim_plus_interfaces/turtlesim_plus_interfaces/srv/give_position.hpp
[3.171s] -- Up-to-date: /home/lworakan/FRA502-LAB-6648/install/turtlesim_plus_interfaces/include/turtlesim_plus_interfaces/turtlesim_plus_interfaces/srv/detail
[3.171s] -- Installing: /home/lworakan/FRA502-LAB-6648/install/turtlesim_plus_interfaces/include/turtlesim_plus_interfaces/turtlesim_plus_interfaces/srv/detail/give_position__builder.hpp
[3.171s] -- Installing: /home/lworakan/FRA502-LAB-6648/install/turtlesim_plus_interfaces/include/turtlesim_plus_interfaces/turtlesim_plus_interfaces/srv/detail/give_position__type_support.hpp
[3.171s] -- Installing: /home/lworakan/FRA502-LAB-6648/install/turtlesim_plus_interfaces/include/turtlesim_plus_interfaces/turtlesim_plus_interfaces/srv/detail/give_position__struct.hpp
[3.171s] -- Installing: /home/lworakan/FRA502-LAB-6648/install/turtlesim_plus_interfaces/include/turtlesim_plus_interfaces/turtlesim_plus_interfaces/srv/detail/give_position__traits.hpp
[3.171s] -- Up-to-date: /home/lworakan/FRA502-LAB-6648/install/turtlesim_plus_interfaces/include/turtlesim_plus_interfaces/turtlesim_plus_interfaces
[3.171s] -- Up-to-date: /home/lworakan/FRA502-LAB-6648/install/turtlesim_plus_interfaces/include/turtlesim_plus_interfaces/turtlesim_plus_interfaces/msg
[3.171s] -- Installing: /home/lworakan/FRA502-LAB-6648/install/turtlesim_plus_interfaces/include/turtlesim_plus_interfaces/turtlesim_plus_interfaces/msg/rosidl_typesupport_fastrtps_cpp__visibility_control.h
[3.171s] -- Up-to-date: /home/lworakan/FRA502-LAB-6648/install/turtlesim_plus_interfaces/include/turtlesim_plus_interfaces/turtlesim_plus_interfaces/msg/detail
[3.171s] -- Installing: /home/lworakan/FRA502-LAB-6648/install/turtlesim_plus_interfaces/include/turtlesim_plus_interfaces/turtlesim_plus_interfaces/msg/detail/scanner_data__rosidl_typesupport_fastrtps_cpp.hpp
[3.171s] -- Installing: /home/lworakan/FRA502-LAB-6648/install/turtlesim_plus_interfaces/include/turtlesim_plus_interfaces/turtlesim_plus_interfaces/msg/detail/dds_fastrtps
[3.171s] -- Installing: /home/lworakan/FRA502-LAB-6648/install/turtlesim_plus_interfaces/include/turtlesim_plus_interfaces/turtlesim_plus_interfaces/msg/detail/scanner_data_array__rosidl_typesupport_fastrtps_cpp.hpp
[3.171s] -- Up-to-date: /home/lworakan/FRA502-LAB-6648/install/turtlesim_plus_interfaces/include/turtlesim_plus_interfaces/turtlesim_plus_interfaces/action
[3.171s] -- Up-to-date: /home/lworakan/FRA502-LAB-6648/install/turtlesim_plus_interfaces/include/turtlesim_plus_interfaces/turtlesim_plus_interfaces/action/detail
[3.171s] -- Installing: /home/lworakan/FRA502-LAB-6648/install/turtlesim_plus_interfaces/include/turtlesim_plus_interfaces/turtlesim_plus_interfaces/action/detail/dds_fastrtps
[3.171s] -- Installing: /home/lworakan/FRA502-LAB-6648/install/turtlesim_plus_interfaces/include/turtlesim_plus_interfaces/turtlesim_plus_interfaces/action/detail/get_data__rosidl_typesupport_fastrtps_cpp.hpp
[3.171s] -- Up-to-date: /home/lworakan/FRA502-LAB-6648/install/turtlesim_plus_interfaces/include/turtlesim_plus_interfaces/turtlesim_plus_interfaces/srv
[3.171s] -- Up-to-date: /home/lworakan/FRA502-LAB-6648/install/turtlesim_plus_interfaces/include/turtlesim_plus_interfaces/turtlesim_plus_interfaces/srv/detail
[3.171s] -- Installing: /home/lworakan/FRA502-LAB-6648/install/turtlesim_plus_interfaces/include/turtlesim_plus_interfaces/turtlesim_plus_interfaces/srv/detail/give_position__rosidl_typesupport_fastrtps_cpp.hpp
[3.171s] -- Installing: /home/lworakan/FRA502-LAB-6648/install/turtlesim_plus_interfaces/include/turtlesim_plus_interfaces/turtlesim_plus_interfaces/srv/detail/dds_fastrtps
[3.171s] -- Installing: /home/lworakan/FRA502-LAB-6648/install/turtlesim_plus_interfaces/lib/libturtlesim_plus_interfaces__rosidl_typesupport_fastrtps_cpp.so
[3.171s] -- Set runtime path of "/home/lworakan/FRA502-LAB-6648/install/turtlesim_plus_interfaces/lib/libturtlesim_plus_interfaces__rosidl_typesupport_fastrtps_cpp.so" to ""
[3.171s] -- Up-to-date: /home/lworakan/FRA502-LAB-6648/install/turtlesim_plus_interfaces/include/turtlesim_plus_interfaces/turtlesim_plus_interfaces
[3.171s] -- Up-to-date: /home/lworakan/FRA502-LAB-6648/install/turtlesim_plus_interfaces/include/turtlesim_plus_interfaces/turtlesim_plus_interfaces/msg
[3.171s] -- Up-to-date: /home/lworakan/FRA502-LAB-6648/install/turtlesim_plus_interfaces/include/turtlesim_plus_interfaces/turtlesim_plus_interfaces/msg/detail
[3.171s] -- Installing: /home/lworakan/FRA502-LAB-6648/install/turtlesim_plus_interfaces/include/turtlesim_plus_interfaces/turtlesim_plus_interfaces/msg/detail/scanner_data_array__rosidl_typesupport_introspection_cpp.hpp
[3.171s] -- Installing: /home/lworakan/FRA502-LAB-6648/install/turtlesim_plus_interfaces/include/turtlesim_plus_interfaces/turtlesim_plus_interfaces/msg/detail/scanner_data__rosidl_typesupport_introspection_cpp.hpp
[3.171s] -- Installing: /home/lworakan/FRA502-LAB-6648/install/turtlesim_plus_interfaces/include/turtlesim_plus_interfaces/turtlesim_plus_interfaces/msg/detail/scanner_data__type_support.cpp
[3.171s] -- Installing: /home/lworakan/FRA502-LAB-6648/install/turtlesim_plus_interfaces/include/turtlesim_plus_interfaces/turtlesim_plus_interfaces/msg/detail/scanner_data_array__type_support.cpp
[3.172s] -- Up-to-date: /home/lworakan/FRA502-LAB-6648/install/turtlesim_plus_interfaces/include/turtlesim_plus_interfaces/turtlesim_plus_interfaces/action
[3.172s] -- Up-to-date: /home/lworakan/FRA502-LAB-6648/install/turtlesim_plus_interfaces/include/turtlesim_plus_interfaces/turtlesim_plus_interfaces/action/detail
[3.172s] -- Installing: /home/lworakan/FRA502-LAB-6648/install/turtlesim_plus_interfaces/include/turtlesim_plus_interfaces/turtlesim_plus_interfaces/action/detail/get_data__rosidl_typesupport_introspection_cpp.hpp
[3.172s] -- Installing: /home/lworakan/FRA502-LAB-6648/install/turtlesim_plus_interfaces/include/turtlesim_plus_interfaces/turtlesim_plus_interfaces/action/detail/get_data__type_support.cpp
[3.172s] -- Up-to-date: /home/lworakan/FRA502-LAB-6648/install/turtlesim_plus_interfaces/include/turtlesim_plus_interfaces/turtlesim_plus_interfaces/srv
[3.172s] -- Up-to-date: /home/lworakan/FRA502-LAB-6648/install/turtlesim_plus_interfaces/include/turtlesim_plus_interfaces/turtlesim_plus_interfaces/srv/detail
[3.172s] -- Installing: /home/lworakan/FRA502-LAB-6648/install/turtlesim_plus_interfaces/include/turtlesim_plus_interfaces/turtlesim_plus_interfaces/srv/detail/give_position__type_support.cpp
[3.172s] -- Installing: /home/lworakan/FRA502-LAB-6648/install/turtlesim_plus_interfaces/include/turtlesim_plus_interfaces/turtlesim_plus_interfaces/srv/detail/give_position__rosidl_typesupport_introspection_cpp.hpp
[3.172s] -- Installing: /home/lworakan/FRA502-LAB-6648/install/turtlesim_plus_interfaces/lib/libturtlesim_plus_interfaces__rosidl_typesupport_introspection_cpp.so
[3.172s] -- Set runtime path of "/home/lworakan/FRA502-LAB-6648/install/turtlesim_plus_interfaces/lib/libturtlesim_plus_interfaces__rosidl_typesupport_introspection_cpp.so" to ""
[3.172s] -- Installing: /home/lworakan/FRA502-LAB-6648/install/turtlesim_plus_interfaces/lib/libturtlesim_plus_interfaces__rosidl_typesupport_cpp.so
[3.172s] -- Set runtime path of "/home/lworakan/FRA502-LAB-6648/install/turtlesim_plus_interfaces/lib/libturtlesim_plus_interfaces__rosidl_typesupport_cpp.so" to ""
[3.172s] -- Installing: /home/lworakan/FRA502-LAB-6648/install/turtlesim_plus_interfaces/share/turtlesim_plus_interfaces/environment/pythonpath.sh
[3.172s] -- Installing: /home/lworakan/FRA502-LAB-6648/install/turtlesim_plus_interfaces/share/turtlesim_plus_interfaces/environment/pythonpath.dsv
[3.172s] -- Installing: /home/lworakan/FRA502-LAB-6648/install/turtlesim_plus_interfaces/local/lib/python3.10/dist-packages/turtlesim_plus_interfaces-0.0.0-py3.10.egg-info
[3.172s] -- Installing: /home/lworakan/FRA502-LAB-6648/install/turtlesim_plus_interfaces/local/lib/python3.10/dist-packages/turtlesim_plus_interfaces-0.0.0-py3.10.egg-info/SOURCES.txt
[3.172s] -- Installing: /home/lworakan/FRA502-LAB-6648/install/turtlesim_plus_interfaces/local/lib/python3.10/dist-packages/turtlesim_plus_interfaces-0.0.0-py3.10.egg-info/top_level.txt
[3.172s] -- Installing: /home/lworakan/FRA502-LAB-6648/install/turtlesim_plus_interfaces/local/lib/python3.10/dist-packages/turtlesim_plus_interfaces-0.0.0-py3.10.egg-info/PKG-INFO
[3.172s] -- Installing: /home/lworakan/FRA502-LAB-6648/install/turtlesim_plus_interfaces/local/lib/python3.10/dist-packages/turtlesim_plus_interfaces-0.0.0-py3.10.egg-info/dependency_links.txt
[3.172s] -- Installing: /home/lworakan/FRA502-LAB-6648/install/turtlesim_plus_interfaces/local/lib/python3.10/dist-packages/turtlesim_plus_interfaces
[3.172s] -- Installing: /home/lworakan/FRA502-LAB-6648/install/turtlesim_plus_interfaces/local/lib/python3.10/dist-packages/turtlesim_plus_interfaces/_turtlesim_plus_interfaces_s.ep.rosidl_typesupport_fastrtps_c.c
[3.172s] -- Installing: /home/lworakan/FRA502-LAB-6648/install/turtlesim_plus_interfaces/local/lib/python3.10/dist-packages/turtlesim_plus_interfaces/turtlesim_plus_interfaces_s__rosidl_typesupport_fastrtps_c.cpython-310-x86_64-linux-gnu.so
[3.172s] -- Installing: /home/lworakan/FRA502-LAB-6648/install/turtlesim_plus_interfaces/local/lib/python3.10/dist-packages/turtlesim_plus_interfaces/libturtlesim_plus_interfaces__rosidl_generator_py.so
[3.172s] -- Installing: /home/lworakan/FRA502-LAB-6648/install/turtlesim_plus_interfaces/local/lib/python3.10/dist-packages/turtlesim_plus_interfaces/msg
[3.172s] -- Installing: /home/lworakan/FRA502-LAB-6648/install/turtlesim_plus_interfaces/local/lib/python3.10/dist-packages/turtlesim_plus_interfaces/msg/_scanner_data_array_s.c
[3.172s] -- Installing: /home/lworakan/FRA502-LAB-6648/install/turtlesim_plus_interfaces/local/lib/python3.10/dist-packages/turtlesim_plus_interfaces/msg/_scanner_data_s.c
[3.172s] -- Installing: /home/lworakan/FRA502-LAB-6648/install/turtlesim_plus_interfaces/local/lib/python3.10/dist-packages/turtlesim_plus_interfaces/msg/_scanner_data.py
[3.172s] -- Installing: /home/lworakan/FRA502-LAB-6648/install/turtlesim_plus_interfaces/local/lib/python3.10/dist-packages/turtlesim_plus_interfaces/msg/_scanner_data_array.py
[3.172s] -- Installing: /home/lworakan/FRA502-LAB-6648/install/turtlesim_plus_interfaces/local/lib/python3.10/dist-packages/turtlesim_plus_interfaces/msg/__init__.py
[3.172s] -- Installing: /home/lworakan/FRA502-LAB-6648/install/turtlesim_plus_interfaces/local/lib/python3.10/dist-packages/turtlesim_plus_interfaces/_turtlesim_plus_interfaces_s.ep.rosidl_typesupport_introspection_c.c
[3.172s] -- Installing: /home/lworakan/FRA502-LAB-6648/install/turtlesim_plus_interfaces/local/lib/python3.10/dist-packages/turtlesim_plus_interfaces/action
[3.172s] -- Installing: /home/lworakan/FRA502-LAB-6648/install/turtlesim_plus_interfaces/local/lib/python3.10/dist-packages/turtlesim_plus_interfaces/action/_get_data_s.c
[3.173s] -- Installing: /home/lworakan/FRA502-LAB-6648/install/turtlesim_plus_interfaces/local/lib/python3.10/dist-packages/turtlesim_plus_interfaces/action/_get_data.py
[3.173s] -- Installing: /home/lworakan/FRA502-LAB-6648/install/turtlesim_plus_interfaces/local/lib/python3.10/dist-packages/turtlesim_plus_interfaces/action/__init__.py
[3.173s] -- Installing: /home/lworakan/FRA502-LAB-6648/install/turtlesim_plus_interfaces/local/lib/python3.10/dist-packages/turtlesim_plus_interfaces/turtlesim_plus_interfaces_s__rosidl_typesupport_introspection_c.cpython-310-x86_64-linux-gnu.so
[3.173s] -- Installing: /home/lworakan/FRA502-LAB-6648/install/turtlesim_plus_interfaces/local/lib/python3.10/dist-packages/turtlesim_plus_interfaces/srv
[3.173s] -- Installing: /home/lworakan/FRA502-LAB-6648/install/turtlesim_plus_interfaces/local/lib/python3.10/dist-packages/turtlesim_plus_interfaces/srv/_give_position.py
[3.173s] -- Installing: /home/lworakan/FRA502-LAB-6648/install/turtlesim_plus_interfaces/local/lib/python3.10/dist-packages/turtlesim_plus_interfaces/srv/_give_position_s.c
[3.173s] -- Installing: /home/lworakan/FRA502-LAB-6648/install/turtlesim_plus_interfaces/local/lib/python3.10/dist-packages/turtlesim_plus_interfaces/srv/__init__.py
[3.173s] -- Installing: /home/lworakan/FRA502-LAB-6648/install/turtlesim_plus_interfaces/local/lib/python3.10/dist-packages/turtlesim_plus_interfaces/turtlesim_plus_interfaces_s__rosidl_typesupport_c.cpython-310-x86_64-linux-gnu.so
[3.173s] -- Installing: /home/lworakan/FRA502-LAB-6648/install/turtlesim_plus_interfaces/local/lib/python3.10/dist-packages/turtlesim_plus_interfaces/_turtlesim_plus_interfaces_s.ep.rosidl_typesupport_c.c
[3.173s] -- Installing: /home/lworakan/FRA502-LAB-6648/install/turtlesim_plus_interfaces/local/lib/python3.10/dist-packages/turtlesim_plus_interfaces/__init__.py
[3.200s] Listing '/home/lworakan/FRA502-LAB-6648/install/turtlesim_plus_interfaces/local/lib/python3.10/dist-packages/turtlesim_plus_interfaces'...
[3.200s] Compiling '/home/lworakan/FRA502-LAB-6648/install/turtlesim_plus_interfaces/local/lib/python3.10/dist-packages/turtlesim_plus_interfaces/__init__.py'...
[3.200s] Listing '/home/lworakan/FRA502-LAB-6648/install/turtlesim_plus_interfaces/local/lib/python3.10/dist-packages/turtlesim_plus_interfaces/action'...
[3.200s] Compiling '/home/lworakan/FRA502-LAB-6648/install/turtlesim_plus_interfaces/local/lib/python3.10/dist-packages/turtlesim_plus_interfaces/action/__init__.py'...
[3.200s] Compiling '/home/lworakan/FRA502-LAB-6648/install/turtlesim_plus_interfaces/local/lib/python3.10/dist-packages/turtlesim_plus_interfaces/action/_get_data.py'...
[3.200s] Listing '/home/lworakan/FRA502-LAB-6648/install/turtlesim_plus_interfaces/local/lib/python3.10/dist-packages/turtlesim_plus_interfaces/msg'...
[3.200s] Compiling '/home/lworakan/FRA502-LAB-6648/install/turtlesim_plus_interfaces/local/lib/python3.10/dist-packages/turtlesim_plus_interfaces/msg/__init__.py'...
[3.200s] Compiling '/home/lworakan/FRA502-LAB-6648/install/turtlesim_plus_interfaces/local/lib/python3.10/dist-packages/turtlesim_plus_interfaces/msg/_scanner_data.py'...
[3.200s] Compiling '/home/lworakan/FRA502-LAB-6648/install/turtlesim_plus_interfaces/local/lib/python3.10/dist-packages/turtlesim_plus_interfaces/msg/_scanner_data_array.py'...
[3.200s] Listing '/home/lworakan/FRA502-LAB-6648/install/turtlesim_plus_interfaces/local/lib/python3.10/dist-packages/turtlesim_plus_interfaces/srv'...
[3.200s] Compiling '/home/lworakan/FRA502-LAB-6648/install/turtlesim_plus_interfaces/local/lib/python3.10/dist-packages/turtlesim_plus_interfaces/srv/__init__.py'...
[3.200s] Compiling '/home/lworakan/FRA502-LAB-6648/install/turtlesim_plus_interfaces/local/lib/python3.10/dist-packages/turtlesim_plus_interfaces/srv/_give_position.py'...
[3.202s] -- Installing: /home/lworakan/FRA502-LAB-6648/install/turtlesim_plus_interfaces/local/lib/python3.10/dist-packages/turtlesim_plus_interfaces/turtlesim_plus_interfaces_s__rosidl_typesupport_fastrtps_c.cpython-310-x86_64-linux-gnu.so
[3.202s] -- Set runtime path of "/home/lworakan/FRA502-LAB-6648/install/turtlesim_plus_interfaces/local/lib/python3.10/dist-packages/turtlesim_plus_interfaces/turtlesim_plus_interfaces_s__rosidl_typesupport_fastrtps_c.cpython-310-x86_64-linux-gnu.so" to ""
[3.203s] -- Installing: /home/lworakan/FRA502-LAB-6648/install/turtlesim_plus_interfaces/local/lib/python3.10/dist-packages/turtlesim_plus_interfaces/turtlesim_plus_interfaces_s__rosidl_typesupport_introspection_c.cpython-310-x86_64-linux-gnu.so
[3.203s] -- Set runtime path of "/home/lworakan/FRA502-LAB-6648/install/turtlesim_plus_interfaces/local/lib/python3.10/dist-packages/turtlesim_plus_interfaces/turtlesim_plus_interfaces_s__rosidl_typesupport_introspection_c.cpython-310-x86_64-linux-gnu.so" to ""
[3.203s] -- Installing: /home/lworakan/FRA502-LAB-6648/install/turtlesim_plus_interfaces/local/lib/python3.10/dist-packages/turtlesim_plus_interfaces/turtlesim_plus_interfaces_s__rosidl_typesupport_c.cpython-310-x86_64-linux-gnu.so
[3.203s] -- Set runtime path of "/home/lworakan/FRA502-LAB-6648/install/turtlesim_plus_interfaces/local/lib/python3.10/dist-packages/turtlesim_plus_interfaces/turtlesim_plus_interfaces_s__rosidl_typesupport_c.cpython-310-x86_64-linux-gnu.so" to ""
[3.203s] -- Installing: /home/lworakan/FRA502-LAB-6648/install/turtlesim_plus_interfaces/lib/libturtlesim_plus_interfaces__rosidl_generator_py.so
[3.203s] -- Set runtime path of "/home/lworakan/FRA502-LAB-6648/install/turtlesim_plus_interfaces/lib/libturtlesim_plus_interfaces__rosidl_generator_py.so" to ""
[3.203s] -- Installing: /home/lworakan/FRA502-LAB-6648/install/turtlesim_plus_interfaces/share/turtlesim_plus_interfaces/msg/ScannerData.idl
[3.203s] -- Installing: /home/lworakan/FRA502-LAB-6648/install/turtlesim_plus_interfaces/share/turtlesim_plus_interfaces/msg/ScannerDataArray.idl
[3.203s] -- Installing: /home/lworakan/FRA502-LAB-6648/install/turtlesim_plus_interfaces/share/turtlesim_plus_interfaces/srv/GivePosition.idl
[3.203s] -- Installing: /home/lworakan/FRA502-LAB-6648/install/turtlesim_plus_interfaces/share/turtlesim_plus_interfaces/action/GetData.idl
[3.203s] -- Installing: /home/lworakan/FRA502-LAB-6648/install/turtlesim_plus_interfaces/share/turtlesim_plus_interfaces/msg/ScannerData.msg
[3.203s] -- Installing: /home/lworakan/FRA502-LAB-6648/install/turtlesim_plus_interfaces/share/turtlesim_plus_interfaces/msg/ScannerDataArray.msg
[3.203s] -- Installing: /home/lworakan/FRA502-LAB-6648/install/turtlesim_plus_interfaces/share/turtlesim_plus_interfaces/srv/GivePosition.srv
[3.203s] -- Installing: /home/lworakan/FRA502-LAB-6648/install/turtlesim_plus_interfaces/share/turtlesim_plus_interfaces/srv/GivePosition_Request.msg
[3.203s] -- Installing: /home/lworakan/FRA502-LAB-6648/install/turtlesim_plus_interfaces/share/turtlesim_plus_interfaces/srv/GivePosition_Response.msg
[3.203s] -- Installing: /home/lworakan/FRA502-LAB-6648/install/turtlesim_plus_interfaces/share/turtlesim_plus_interfaces/action/GetData.action
[3.203s] -- Installing: /home/lworakan/FRA502-LAB-6648/install/turtlesim_plus_interfaces/share/ament_index/resource_index/package_run_dependencies/turtlesim_plus_interfaces
[3.204s] -- Installing: /home/lworakan/FRA502-LAB-6648/install/turtlesim_plus_interfaces/share/ament_index/resource_index/parent_prefix_path/turtlesim_plus_interfaces
[3.204s] -- Installing: /home/lworakan/FRA502-LAB-6648/install/turtlesim_plus_interfaces/share/turtlesim_plus_interfaces/environment/ament_prefix_path.sh
[3.204s] -- Installing: /home/lworakan/FRA502-LAB-6648/install/turtlesim_plus_interfaces/share/turtlesim_plus_interfaces/environment/ament_prefix_path.dsv
[3.204s] -- Installing: /home/lworakan/FRA502-LAB-6648/install/turtlesim_plus_interfaces/share/turtlesim_plus_interfaces/environment/path.sh
[3.204s] -- Installing: /home/lworakan/FRA502-LAB-6648/install/turtlesim_plus_interfaces/share/turtlesim_plus_interfaces/environment/path.dsv
[3.204s] -- Installing: /home/lworakan/FRA502-LAB-6648/install/turtlesim_plus_interfaces/share/turtlesim_plus_interfaces/local_setup.bash
[3.204s] -- Installing: /home/lworakan/FRA502-LAB-6648/install/turtlesim_plus_interfaces/share/turtlesim_plus_interfaces/local_setup.sh
[3.204s] -- Installing: /home/lworakan/FRA502-LAB-6648/install/turtlesim_plus_interfaces/share/turtlesim_plus_interfaces/local_setup.zsh
[3.204s] -- Installing: /home/lworakan/FRA502-LAB-6648/install/turtlesim_plus_interfaces/share/turtlesim_plus_interfaces/local_setup.dsv
[3.204s] -- Installing: /home/lworakan/FRA502-LAB-6648/install/turtlesim_plus_interfaces/share/turtlesim_plus_interfaces/package.dsv
[3.204s] -- Installing: /home/lworakan/FRA502-LAB-6648/install/turtlesim_plus_interfaces/share/ament_index/resource_index/packages/turtlesim_plus_interfaces
[3.204s] -- Installing: /home/lworakan/FRA502-LAB-6648/install/turtlesim_plus_interfaces/share/turtlesim_plus_interfaces/cmake/export_turtlesim_plus_interfaces__rosidl_generator_cExport.cmake
[3.204s] -- Installing: /home/lworakan/FRA502-LAB-6648/install/turtlesim_plus_interfaces/share/turtlesim_plus_interfaces/cmake/export_turtlesim_plus_interfaces__rosidl_generator_cExport-noconfig.cmake
[3.204s] -- Installing: /home/lworakan/FRA502-LAB-6648/install/turtlesim_plus_interfaces/share/turtlesim_plus_interfaces/cmake/export_turtlesim_plus_interfaces__rosidl_typesupport_fastrtps_cExport.cmake
[3.204s] -- Installing: /home/lworakan/FRA502-LAB-6648/install/turtlesim_plus_interfaces/share/turtlesim_plus_interfaces/cmake/export_turtlesim_plus_interfaces__rosidl_typesupport_fastrtps_cExport-noconfig.cmake
[3.204s] -- Installing: /home/lworakan/FRA502-LAB-6648/install/turtlesim_plus_interfaces/share/turtlesim_plus_interfaces/cmake/turtlesim_plus_interfaces__rosidl_typesupport_introspection_cExport.cmake
[3.204s] -- Installing: /home/lworakan/FRA502-LAB-6648/install/turtlesim_plus_interfaces/share/turtlesim_plus_interfaces/cmake/turtlesim_plus_interfaces__rosidl_typesupport_introspection_cExport-noconfig.cmake
[3.204s] -- Installing: /home/lworakan/FRA502-LAB-6648/install/turtlesim_plus_interfaces/share/turtlesim_plus_interfaces/cmake/turtlesim_plus_interfaces__rosidl_typesupport_cExport.cmake
[3.204s] -- Installing: /home/lworakan/FRA502-LAB-6648/install/turtlesim_plus_interfaces/share/turtlesim_plus_interfaces/cmake/turtlesim_plus_interfaces__rosidl_typesupport_cExport-noconfig.cmake
[3.204s] -- Installing: /home/lworakan/FRA502-LAB-6648/install/turtlesim_plus_interfaces/share/turtlesim_plus_interfaces/cmake/export_turtlesim_plus_interfaces__rosidl_generator_cppExport.cmake
[3.204s] -- Installing: /home/lworakan/FRA502-LAB-6648/install/turtlesim_plus_interfaces/share/turtlesim_plus_interfaces/cmake/export_turtlesim_plus_interfaces__rosidl_typesupport_fastrtps_cppExport.cmake
[3.204s] -- Installing: /home/lworakan/FRA502-LAB-6648/install/turtlesim_plus_interfaces/share/turtlesim_plus_interfaces/cmake/export_turtlesim_plus_interfaces__rosidl_typesupport_fastrtps_cppExport-noconfig.cmake
[3.204s] -- Installing: /home/lworakan/FRA502-LAB-6648/install/turtlesim_plus_interfaces/share/turtlesim_plus_interfaces/cmake/turtlesim_plus_interfaces__rosidl_typesupport_introspection_cppExport.cmake
[3.205s] -- Installing: /home/lworakan/FRA502-LAB-6648/install/turtlesim_plus_interfaces/share/turtlesim_plus_interfaces/cmake/turtlesim_plus_interfaces__rosidl_typesupport_introspection_cppExport-noconfig.cmake
[3.205s] -- Installing: /home/lworakan/FRA502-LAB-6648/install/turtlesim_plus_interfaces/share/turtlesim_plus_interfaces/cmake/turtlesim_plus_interfaces__rosidl_typesupport_cppExport.cmake
[3.205s] -- Installing: /home/lworakan/FRA502-LAB-6648/install/turtlesim_plus_interfaces/share/turtlesim_plus_interfaces/cmake/turtlesim_plus_interfaces__rosidl_typesupport_cppExport-noconfig.cmake
[3.205s] -- Installing: /home/lworakan/FRA502-LAB-6648/install/turtlesim_plus_interfaces/share/turtlesim_plus_interfaces/cmake/export_turtlesim_plus_interfaces__rosidl_generator_pyExport.cmake
[3.205s] -- Installing: /home/lworakan/FRA502-LAB-6648/install/turtlesim_plus_interfaces/share/turtlesim_plus_interfaces/cmake/export_turtlesim_plus_interfaces__rosidl_generator_pyExport-noconfig.cmake
[3.205s] -- Installing: /home/lworakan/FRA502-LAB-6648/install/turtlesim_plus_interfaces/share/turtlesim_plus_interfaces/cmake/rosidl_cmake-extras.cmake
[3.205s] -- Installing: /home/lworakan/FRA502-LAB-6648/install/turtlesim_plus_interfaces/share/turtlesim_plus_interfaces/cmake/ament_cmake_export_dependencies-extras.cmake
[3.205s] -- Installing: /home/lworakan/FRA502-LAB-6648/install/turtlesim_plus_interfaces/share/turtlesim_plus_interfaces/cmake/ament_cmake_export_include_directories-extras.cmake
[3.205s] -- Installing: /home/lworakan/FRA502-LAB-6648/install/turtlesim_plus_interfaces/share/turtlesim_plus_interfaces/cmake/ament_cmake_export_libraries-extras.cmake
[3.205s] -- Installing: /home/lworakan/FRA502-LAB-6648/install/turtlesim_plus_interfaces/share/turtlesim_plus_interfaces/cmake/ament_cmake_export_targets-extras.cmake
[3.205s] -- Installing: /home/lworakan/FRA502-LAB-6648/install/turtlesim_plus_interfaces/share/turtlesim_plus_interfaces/cmake/rosidl_cmake_export_typesupport_targets-extras.cmake
[3.205s] -- Installing: /home/lworakan/FRA502-LAB-6648/install/turtlesim_plus_interfaces/share/turtlesim_plus_interfaces/cmake/rosidl_cmake_export_typesupport_libraries-extras.cmake
[3.205s] -- Installing: /home/lworakan/FRA502-LAB-6648/install/turtlesim_plus_interfaces/share/turtlesim_plus_interfaces/cmake/turtlesim_plus_interfacesConfig.cmake
[3.205s] -- Installing: /home/lworakan/FRA502-LAB-6648/install/turtlesim_plus_interfaces/share/turtlesim_plus_interfaces/cmake/turtlesim_plus_interfacesConfig-version.cmake
[3.205s] -- Installing: /home/lworakan/FRA502-LAB-6648/install/turtlesim_plus_interfaces/share/turtlesim_plus_interfaces/package.xml
[3.206s] Invoked command in '/home/lworakan/FRA502-LAB-6648/build/turtlesim_plus_interfaces' returned '0': CMAKE_PREFIX_PATH=${CMAKE_PREFIX_PATH}:/opt/ros/humble /usr/bin/cmake --install /home/lworakan/FRA502-LAB-6648/build/turtlesim_plus_interfaces
