[0.010s] Invoking command in '/home/lworakan/Documents/GitHub/FRA502-LAB-6648v2/build/turtlesim_plus_interfaces': CMAKE_PREFIX_PATH=${CMAKE_PREFIX_PATH}:/opt/ros/humble /usr/bin/cmake --build /home/lworakan/Documents/GitHub/FRA502-LAB-6648v2/build/turtlesim_plus_interfaces -- -j32 -l32
[0.044s] [  1%] Built target turtlesim_plus_interfaces__cpp
[0.045s] [ 12%] Built target turtlesim_plus_interfaces__rosidl_generator_c
[0.050s] [ 12%] Built target ament_cmake_python_copy_turtlesim_plus_interfaces
[0.064s] [ 43%] Built target turtlesim_plus_interfaces__rosidl_typesupport_introspection_cpp
[0.065s] [ 43%] Built target turtlesim_plus_interfaces__rosidl_typesupport_cpp
[0.065s] [ 45%] Built target turtlesim_plus_interfaces__rosidl_typesupport_c
[0.067s] [ 56%] Built target turtlesim_plus_interfaces__rosidl_typesupport_fastrtps_c
[0.069s] [ 67%] Built target turtlesim_plus_interfaces__rosidl_typesupport_introspection_c
[0.070s] [ 78%] Built target turtlesim_plus_interfaces__rosidl_typesupport_fastrtps_cpp
[0.081s] [ 78%] Built target turtlesim_plus_interfaces
[0.096s] [ 80%] Built target turtlesim_plus_interfaces__py
[0.114s] [ 89%] Built target turtlesim_plus_interfaces__rosidl_generator_py
[0.129s] [ 92%] Built target turtlesim_plus_interfaces__rosidl_typesupport_c__pyext
[0.130s] [ 96%] Built target turtlesim_plus_interfaces__rosidl_typesupport_fastrtps_c__pyext
[0.130s] [100%] Built target turtlesim_plus_interfaces__rosidl_typesupport_introspection_c__pyext
[0.178s] running egg_info
[0.187s] writing turtlesim_plus_interfaces.egg-info/PKG-INFO
[0.187s] writing dependency_links to turtlesim_plus_interfaces.egg-info/dependency_links.txt
[0.187s] writing top-level names to turtlesim_plus_interfaces.egg-info/top_level.txt
[0.216s] reading manifest file 'turtlesim_plus_interfaces.egg-info/SOURCES.txt'
[0.217s] writing manifest file 'turtlesim_plus_interfaces.egg-info/SOURCES.txt'
[0.233s] [100%] Built target ament_cmake_python_build_turtlesim_plus_interfaces_egg
