[0.010s] Invoking command in '/home/lworakan/Documents/GitHub/FRA502-LAB-6648v2/build/turtlesim_plus_interfaces': CMAKE_PREFIX_PATH=${CMAKE_PREFIX_PATH}:/opt/ros/humble /usr/bin/cmake --build /home/lworakan/Documents/GitHub/FRA502-LAB-6648v2/build/turtlesim_plus_interfaces -- -j32 -l32
[0.044s] [  1%] Built target turtlesim_plus_interfaces__cpp
[0.045s] [ 12%] Built target turtlesim_plus_interfaces__rosidl_generator_c
[0.049s] [ 12%] Built target ament_cmake_python_copy_turtlesim_plus_interfaces
[0.064s] [ 52%] Built target turtlesim_plus_interfaces__rosidl_typesupport_introspection_c
[0.064s] [ 52%] Built target turtlesim_plus_interfaces__rosidl_typesupport_c
[0.065s] [ 52%] Built target turtlesim_plus_interfaces__rosidl_typesupport_introspection_cpp
[0.065s] [ 56%] Built target turtlesim_plus_interfaces__rosidl_typesupport_fastrtps_cpp
[0.065s] [ 67%] Built target turtlesim_plus_interfaces__rosidl_typesupport_cpp
[0.067s] [ 78%] Built target turtlesim_plus_interfaces__rosidl_typesupport_fastrtps_c
[0.080s] [ 78%] Built target turtlesim_plus_interfaces
[0.097s] [ 80%] Built target turtlesim_plus_interfaces__py
[0.114s] [ 89%] Built target turtlesim_plus_interfaces__rosidl_generator_py
[0.132s] [ 92%] Built target turtlesim_plus_interfaces__rosidl_typesupport_fastrtps_c__pyext
[0.133s] [100%] Built target turtlesim_plus_interfaces__rosidl_typesupport_introspection_c__pyext
[0.133s] [100%] Built target turtlesim_plus_interfaces__rosidl_typesupport_c__pyext
[0.172s] running egg_info
[0.180s] writing turtlesim_plus_interfaces.egg-info/PKG-INFO
[0.180s] writing dependency_links to turtlesim_plus_interfaces.egg-info/dependency_links.txt
[0.180s] writing top-level names to turtlesim_plus_interfaces.egg-info/top_level.txt
[0.208s] reading manifest file 'turtlesim_plus_interfaces.egg-info/SOURCES.txt'
[0.209s] writing manifest file 'turtlesim_plus_interfaces.egg-info/SOURCES.txt'
[0.227s] [100%] Built target ament_cmake_python_build_turtlesim_plus_interfaces_egg
