[0.012s] Invoking command in '/home/lworakan/Documents/GitHub/FRA502-LAB-6648v2/build/controller_interfaces': CMAKE_PREFIX_PATH=${CMAKE_PREFIX_PATH}:/opt/ros/humble /usr/bin/cmake --build /home/lworakan/Documents/GitHub/FRA502-LAB-6648v2/build/controller_interfaces -- -j32 -l32
[0.046s] [ 10%] Built target controller_interfaces__rosidl_generator_c
[0.046s] [ 12%] Built target controller_interfaces__cpp
[0.054s] [ 12%] Built target ament_cmake_python_copy_controller_interfaces
[0.061s] [ 23%] Built target controller_interfaces__rosidl_typesupport_cpp
[0.061s] [ 33%] Built target controller_interfaces__rosidl_typesupport_introspection_cpp
[0.061s] [ 43%] Built target controller_interfaces__rosidl_typesupport_introspection_c
[0.063s] [ 58%] Built target controller_interfaces__rosidl_typesupport_fastrtps_c
[0.063s] [ 64%] Built target controller_interfaces__rosidl_typesupport_c
[0.063s] [ 74%] Built target controller_interfaces__rosidl_typesupport_fastrtps_cpp
[0.081s] [ 74%] Built target controller_interfaces
[0.093s] [ 76%] Built target controller_interfaces__py
[0.107s] [ 84%] Built target controller_interfaces__rosidl_generator_py
[0.124s] [ 89%] Built target controller_interfaces__rosidl_typesupport_introspection_c__pyext
[0.125s] [ 94%] Built target controller_interfaces__rosidl_typesupport_fastrtps_c__pyext
[0.125s] [100%] Built target controller_interfaces__rosidl_typesupport_c__pyext
[0.178s] running egg_info
[0.188s] writing controller_interfaces.egg-info/PKG-INFO
[0.188s] writing dependency_links to controller_interfaces.egg-info/dependency_links.txt
[0.188s] writing top-level names to controller_interfaces.egg-info/top_level.txt
[0.215s] reading manifest file 'controller_interfaces.egg-info/SOURCES.txt'
[0.215s] writing manifest file 'controller_interfaces.egg-info/SOURCES.txt'
[0.234s] [100%] Built target ament_cmake_python_build_controller_interfaces_egg
[0.251s] Invoked command in '/home/lworakan/Documents/GitHub/FRA502-LAB-6648v2/build/controller_interfaces' returned '0': CMAKE_PREFIX_PATH=${CMAKE_PREFIX_PATH}:/opt/ros/humble /usr/bin/cmake --build /home/lworakan/Documents/GitHub/FRA502-LAB-6648v2/build/controller_interfaces -- -j32 -l32
[0.252s] Invoking command in '/home/lworakan/Documents/GitHub/FRA502-LAB-6648v2/build/controller_interfaces': CMAKE_PREFIX_PATH=${CMAKE_PREFIX_PATH}:/opt/ros/humble /usr/bin/cmake --install /home/lworakan/Documents/GitHub/FRA502-LAB-6648v2/build/controller_interfaces
[0.256s] -- Install configuration: ""
[0.256s] -- Up-to-date: /home/lworakan/Documents/GitHub/FRA502-LAB-6648v2/install/controller_interfaces/share/ament_index/resource_index/rosidl_interfaces/controller_interfaces
[0.256s] -- Up-to-date: /home/lworakan/Documents/GitHub/FRA502-LAB-6648v2/install/controller_interfaces/include/controller_interfaces/controller_interfaces
[0.257s] -- Up-to-date: /home/lworakan/Documents/GitHub/FRA502-LAB-6648v2/install/controller_interfaces/include/controller_interfaces/controller_interfaces/msg
[0.257s] -- Up-to-date: /home/lworakan/Documents/GitHub/FRA502-LAB-6648v2/install/controller_interfaces/include/controller_interfaces/controller_interfaces/msg/rosidl_generator_c__visibility_control.h
[0.257s] -- Up-to-date: /home/lworakan/Documents/GitHub/FRA502-LAB-6648v2/install/controller_interfaces/include/controller_interfaces/controller_interfaces/srv
[0.258s] -- Up-to-date: /home/lworakan/Documents/GitHub/FRA502-LAB-6648v2/install/controller_interfaces/include/controller_interfaces/controller_interfaces/srv/detail
[0.258s] -- Up-to-date: /home/lworakan/Documents/GitHub/FRA502-LAB-6648v2/install/controller_interfaces/include/controller_interfaces/controller_interfaces/srv/detail/set_param__functions.h
[0.258s] -- Up-to-date: /home/lworakan/Documents/GitHub/FRA502-LAB-6648v2/install/controller_interfaces/include/controller_interfaces/controller_interfaces/srv/detail/set_max_pizza__struct.h
[0.258s] -- Up-to-date: /home/lworakan/Documents/GitHub/FRA502-LAB-6648v2/install/controller_interfaces/include/controller_interfaces/controller_interfaces/srv/detail/set_param__struct.h
[0.259s] -- Up-to-date: /home/lworakan/Documents/GitHub/FRA502-LAB-6648v2/install/controller_interfaces/include/controller_interfaces/controller_interfaces/srv/detail/set_param__functions.c
[0.259s] -- Up-to-date: /home/lworakan/Documents/GitHub/FRA502-LAB-6648v2/install/controller_interfaces/include/controller_interfaces/controller_interfaces/srv/detail/set_max_pizza__functions.c
[0.259s] -- Up-to-date: /home/lworakan/Documents/GitHub/FRA502-LAB-6648v2/install/controller_interfaces/include/controller_interfaces/controller_interfaces/srv/detail/set_max_pizza__type_support.h
[0.259s] -- Up-to-date: /home/lworakan/Documents/GitHub/FRA502-LAB-6648v2/install/controller_interfaces/include/controller_interfaces/controller_interfaces/srv/detail/set_param__type_support.h
[0.259s] -- Up-to-date: /home/lworakan/Documents/GitHub/FRA502-LAB-6648v2/install/controller_interfaces/include/controller_interfaces/controller_interfaces/srv/detail/set_max_pizza__functions.h
[0.259s] -- Up-to-date: /home/lworakan/Documents/GitHub/FRA502-LAB-6648v2/install/controller_interfaces/include/controller_interfaces/controller_interfaces/srv/set_param.h
[0.260s] -- Up-to-date: /home/lworakan/Documents/GitHub/FRA502-LAB-6648v2/install/controller_interfaces/include/controller_interfaces/controller_interfaces/srv/set_max_pizza.h
[0.260s] -- Up-to-date: /home/lworakan/Documents/GitHub/FRA502-LAB-6648v2/install/controller_interfaces/share/controller_interfaces/environment/library_path.sh
[0.260s] -- Up-to-date: /home/lworakan/Documents/GitHub/FRA502-LAB-6648v2/install/controller_interfaces/share/controller_interfaces/environment/library_path.dsv
[0.260s] -- Up-to-date: /home/lworakan/Documents/GitHub/FRA502-LAB-6648v2/install/controller_interfaces/lib/libcontroller_interfaces__rosidl_generator_c.so
[0.260s] -- Up-to-date: /home/lworakan/Documents/GitHub/FRA502-LAB-6648v2/install/controller_interfaces/include/controller_interfaces/controller_interfaces
[0.260s] -- Up-to-date: /home/lworakan/Documents/GitHub/FRA502-LAB-6648v2/install/controller_interfaces/include/controller_interfaces/controller_interfaces/msg
[0.260s] -- Up-to-date: /home/lworakan/Documents/GitHub/FRA502-LAB-6648v2/install/controller_interfaces/include/controller_interfaces/controller_interfaces/msg/rosidl_typesupport_fastrtps_c__visibility_control.h
[0.260s] -- Up-to-date: /home/lworakan/Documents/GitHub/FRA502-LAB-6648v2/install/controller_interfaces/include/controller_interfaces/controller_interfaces/srv
[0.260s] -- Up-to-date: /home/lworakan/Documents/GitHub/FRA502-LAB-6648v2/install/controller_interfaces/include/controller_interfaces/controller_interfaces/srv/detail
[0.260s] -- Up-to-date: /home/lworakan/Documents/GitHub/FRA502-LAB-6648v2/install/controller_interfaces/include/controller_interfaces/controller_interfaces/srv/detail/set_param__rosidl_typesupport_fastrtps_c.h
[0.260s] -- Up-to-date: /home/lworakan/Documents/GitHub/FRA502-LAB-6648v2/install/controller_interfaces/include/controller_interfaces/controller_interfaces/srv/detail/set_max_pizza__rosidl_typesupport_fastrtps_c.h
[0.261s] -- Up-to-date: /home/lworakan/Documents/GitHub/FRA502-LAB-6648v2/install/controller_interfaces/lib/libcontroller_interfaces__rosidl_typesupport_fastrtps_c.so
[0.261s] -- Up-to-date: /home/lworakan/Documents/GitHub/FRA502-LAB-6648v2/install/controller_interfaces/include/controller_interfaces/controller_interfaces
[0.261s] -- Up-to-date: /home/lworakan/Documents/GitHub/FRA502-LAB-6648v2/install/controller_interfaces/include/controller_interfaces/controller_interfaces/msg
[0.261s] -- Up-to-date: /home/lworakan/Documents/GitHub/FRA502-LAB-6648v2/install/controller_interfaces/include/controller_interfaces/controller_interfaces/msg/rosidl_generator_cpp__visibility_control.hpp
[0.261s] -- Up-to-date: /home/lworakan/Documents/GitHub/FRA502-LAB-6648v2/install/controller_interfaces/include/controller_interfaces/controller_interfaces/srv
[0.261s] -- Up-to-date: /home/lworakan/Documents/GitHub/FRA502-LAB-6648v2/install/controller_interfaces/include/controller_interfaces/controller_interfaces/srv/detail
[0.261s] -- Up-to-date: /home/lworakan/Documents/GitHub/FRA502-LAB-6648v2/install/controller_interfaces/include/controller_interfaces/controller_interfaces/srv/detail/set_max_pizza__struct.hpp
[0.261s] -- Up-to-date: /home/lworakan/Documents/GitHub/FRA502-LAB-6648v2/install/controller_interfaces/include/controller_interfaces/controller_interfaces/srv/detail/set_param__builder.hpp
[0.262s] -- Up-to-date: /home/lworakan/Documents/GitHub/FRA502-LAB-6648v2/install/controller_interfaces/include/controller_interfaces/controller_interfaces/srv/detail/set_param__traits.hpp
[0.262s] -- Up-to-date: /home/lworakan/Documents/GitHub/FRA502-LAB-6648v2/install/controller_interfaces/include/controller_interfaces/controller_interfaces/srv/detail/set_max_pizza__builder.hpp
[0.262s] -- Up-to-date: /home/lworakan/Documents/GitHub/FRA502-LAB-6648v2/install/controller_interfaces/include/controller_interfaces/controller_interfaces/srv/detail/set_param__type_support.hpp
[0.262s] -- Up-to-date: /home/lworakan/Documents/GitHub/FRA502-LAB-6648v2/install/controller_interfaces/include/controller_interfaces/controller_interfaces/srv/detail/set_max_pizza__traits.hpp
[0.262s] -- Up-to-date: /home/lworakan/Documents/GitHub/FRA502-LAB-6648v2/install/controller_interfaces/include/controller_interfaces/controller_interfaces/srv/detail/set_param__struct.hpp
[0.262s] -- Up-to-date: /home/lworakan/Documents/GitHub/FRA502-LAB-6648v2/install/controller_interfaces/include/controller_interfaces/controller_interfaces/srv/detail/set_max_pizza__type_support.hpp
[0.262s] -- Up-to-date: /home/lworakan/Documents/GitHub/FRA502-LAB-6648v2/install/controller_interfaces/include/controller_interfaces/controller_interfaces/srv/set_param.hpp
[0.262s] -- Up-to-date: /home/lworakan/Documents/GitHub/FRA502-LAB-6648v2/install/controller_interfaces/include/controller_interfaces/controller_interfaces/srv/set_max_pizza.hpp
[0.262s] -- Up-to-date: /home/lworakan/Documents/GitHub/FRA502-LAB-6648v2/install/controller_interfaces/include/controller_interfaces/controller_interfaces
[0.262s] -- Up-to-date: /home/lworakan/Documents/GitHub/FRA502-LAB-6648v2/install/controller_interfaces/include/controller_interfaces/controller_interfaces/msg
[0.262s] -- Up-to-date: /home/lworakan/Documents/GitHub/FRA502-LAB-6648v2/install/controller_interfaces/include/controller_interfaces/controller_interfaces/msg/rosidl_typesupport_fastrtps_cpp__visibility_control.h
[0.262s] -- Up-to-date: /home/lworakan/Documents/GitHub/FRA502-LAB-6648v2/install/controller_interfaces/include/controller_interfaces/controller_interfaces/srv
[0.262s] -- Up-to-date: /home/lworakan/Documents/GitHub/FRA502-LAB-6648v2/install/controller_interfaces/include/controller_interfaces/controller_interfaces/srv/detail
[0.262s] -- Up-to-date: /home/lworakan/Documents/GitHub/FRA502-LAB-6648v2/install/controller_interfaces/include/controller_interfaces/controller_interfaces/srv/detail/set_param__rosidl_typesupport_fastrtps_cpp.hpp
[0.262s] -- Up-to-date: /home/lworakan/Documents/GitHub/FRA502-LAB-6648v2/install/controller_interfaces/include/controller_interfaces/controller_interfaces/srv/detail/dds_fastrtps
[0.262s] -- Up-to-date: /home/lworakan/Documents/GitHub/FRA502-LAB-6648v2/install/controller_interfaces/include/controller_interfaces/controller_interfaces/srv/detail/set_max_pizza__rosidl_typesupport_fastrtps_cpp.hpp
[0.262s] -- Up-to-date: /home/lworakan/Documents/GitHub/FRA502-LAB-6648v2/install/controller_interfaces/lib/libcontroller_interfaces__rosidl_typesupport_fastrtps_cpp.so
[0.262s] -- Up-to-date: /home/lworakan/Documents/GitHub/FRA502-LAB-6648v2/install/controller_interfaces/include/controller_interfaces/controller_interfaces
[0.262s] -- Up-to-date: /home/lworakan/Documents/GitHub/FRA502-LAB-6648v2/install/controller_interfaces/include/controller_interfaces/controller_interfaces/msg
[0.262s] -- Up-to-date: /home/lworakan/Documents/GitHub/FRA502-LAB-6648v2/install/controller_interfaces/include/controller_interfaces/controller_interfaces/msg/rosidl_typesupport_introspection_c__visibility_control.h
[0.262s] -- Up-to-date: /home/lworakan/Documents/GitHub/FRA502-LAB-6648v2/install/controller_interfaces/include/controller_interfaces/controller_interfaces/srv
[0.262s] -- Up-to-date: /home/lworakan/Documents/GitHub/FRA502-LAB-6648v2/install/controller_interfaces/include/controller_interfaces/controller_interfaces/srv/detail
[0.263s] -- Up-to-date: /home/lworakan/Documents/GitHub/FRA502-LAB-6648v2/install/controller_interfaces/include/controller_interfaces/controller_interfaces/srv/detail/set_max_pizza__type_support.c
[0.263s] -- Up-to-date: /home/lworakan/Documents/GitHub/FRA502-LAB-6648v2/install/controller_interfaces/include/controller_interfaces/controller_interfaces/srv/detail/set_param__type_support.c
[0.263s] -- Up-to-date: /home/lworakan/Documents/GitHub/FRA502-LAB-6648v2/install/controller_interfaces/include/controller_interfaces/controller_interfaces/srv/detail/set_max_pizza__rosidl_typesupport_introspection_c.h
[0.263s] -- Up-to-date: /home/lworakan/Documents/GitHub/FRA502-LAB-6648v2/install/controller_interfaces/include/controller_interfaces/controller_interfaces/srv/detail/set_param__rosidl_typesupport_introspection_c.h
[0.263s] -- Up-to-date: /home/lworakan/Documents/GitHub/FRA502-LAB-6648v2/install/controller_interfaces/lib/libcontroller_interfaces__rosidl_typesupport_introspection_c.so
[0.263s] -- Up-to-date: /home/lworakan/Documents/GitHub/FRA502-LAB-6648v2/install/controller_interfaces/lib/libcontroller_interfaces__rosidl_typesupport_c.so
[0.263s] -- Up-to-date: /home/lworakan/Documents/GitHub/FRA502-LAB-6648v2/install/controller_interfaces/include/controller_interfaces/controller_interfaces
[0.263s] -- Up-to-date: /home/lworakan/Documents/GitHub/FRA502-LAB-6648v2/install/controller_interfaces/include/controller_interfaces/controller_interfaces/srv
[0.263s] -- Up-to-date: /home/lworakan/Documents/GitHub/FRA502-LAB-6648v2/install/controller_interfaces/include/controller_interfaces/controller_interfaces/srv/detail
[0.263s] -- Up-to-date: /home/lworakan/Documents/GitHub/FRA502-LAB-6648v2/install/controller_interfaces/include/controller_interfaces/controller_interfaces/srv/detail/set_max_pizza__rosidl_typesupport_introspection_cpp.hpp
[0.263s] -- Up-to-date: /home/lworakan/Documents/GitHub/FRA502-LAB-6648v2/install/controller_interfaces/include/controller_interfaces/controller_interfaces/srv/detail/set_param__type_support.cpp
[0.263s] -- Up-to-date: /home/lworakan/Documents/GitHub/FRA502-LAB-6648v2/install/controller_interfaces/include/controller_interfaces/controller_interfaces/srv/detail/set_max_pizza__type_support.cpp
[0.263s] -- Up-to-date: /home/lworakan/Documents/GitHub/FRA502-LAB-6648v2/install/controller_interfaces/include/controller_interfaces/controller_interfaces/srv/detail/set_param__rosidl_typesupport_introspection_cpp.hpp
[0.264s] -- Up-to-date: /home/lworakan/Documents/GitHub/FRA502-LAB-6648v2/install/controller_interfaces/lib/libcontroller_interfaces__rosidl_typesupport_introspection_cpp.so
[0.264s] -- Up-to-date: /home/lworakan/Documents/GitHub/FRA502-LAB-6648v2/install/controller_interfaces/lib/libcontroller_interfaces__rosidl_typesupport_cpp.so
[0.264s] -- Up-to-date: /home/lworakan/Documents/GitHub/FRA502-LAB-6648v2/install/controller_interfaces/share/controller_interfaces/environment/pythonpath.sh
[0.264s] -- Up-to-date: /home/lworakan/Documents/GitHub/FRA502-LAB-6648v2/install/controller_interfaces/share/controller_interfaces/environment/pythonpath.dsv
[0.264s] -- Up-to-date: /home/lworakan/Documents/GitHub/FRA502-LAB-6648v2/install/controller_interfaces/local/lib/python3.10/dist-packages/controller_interfaces-0.0.0-py3.10.egg-info
[0.264s] -- Installing: /home/lworakan/Documents/GitHub/FRA502-LAB-6648v2/install/controller_interfaces/local/lib/python3.10/dist-packages/controller_interfaces-0.0.0-py3.10.egg-info/SOURCES.txt
[0.264s] -- Installing: /home/lworakan/Documents/GitHub/FRA502-LAB-6648v2/install/controller_interfaces/local/lib/python3.10/dist-packages/controller_interfaces-0.0.0-py3.10.egg-info/top_level.txt
[0.264s] -- Installing: /home/lworakan/Documents/GitHub/FRA502-LAB-6648v2/install/controller_interfaces/local/lib/python3.10/dist-packages/controller_interfaces-0.0.0-py3.10.egg-info/PKG-INFO
[0.264s] -- Installing: /home/lworakan/Documents/GitHub/FRA502-LAB-6648v2/install/controller_interfaces/local/lib/python3.10/dist-packages/controller_interfaces-0.0.0-py3.10.egg-info/dependency_links.txt
[0.264s] -- Up-to-date: /home/lworakan/Documents/GitHub/FRA502-LAB-6648v2/install/controller_interfaces/local/lib/python3.10/dist-packages/controller_interfaces
[0.265s] -- Up-to-date: /home/lworakan/Documents/GitHub/FRA502-LAB-6648v2/install/controller_interfaces/local/lib/python3.10/dist-packages/controller_interfaces/_controller_interfaces_s.ep.rosidl_typesupport_fastrtps_c.c
[0.265s] -- Up-to-date: /home/lworakan/Documents/GitHub/FRA502-LAB-6648v2/install/controller_interfaces/local/lib/python3.10/dist-packages/controller_interfaces/libcontroller_interfaces__rosidl_generator_py.so
[0.265s] -- Up-to-date: /home/lworakan/Documents/GitHub/FRA502-LAB-6648v2/install/controller_interfaces/local/lib/python3.10/dist-packages/controller_interfaces/controller_interfaces_s__rosidl_typesupport_c.cpython-310-x86_64-linux-gnu.so
[0.265s] -- Up-to-date: /home/lworakan/Documents/GitHub/FRA502-LAB-6648v2/install/controller_interfaces/local/lib/python3.10/dist-packages/controller_interfaces/controller_interfaces_s__rosidl_typesupport_fastrtps_c.cpython-310-x86_64-linux-gnu.so
[0.265s] -- Up-to-date: /home/lworakan/Documents/GitHub/FRA502-LAB-6648v2/install/controller_interfaces/local/lib/python3.10/dist-packages/controller_interfaces/_controller_interfaces_s.ep.rosidl_typesupport_introspection_c.c
[0.265s] -- Up-to-date: /home/lworakan/Documents/GitHub/FRA502-LAB-6648v2/install/controller_interfaces/local/lib/python3.10/dist-packages/controller_interfaces/_controller_interfaces_s.ep.rosidl_typesupport_c.c
[0.265s] -- Up-to-date: /home/lworakan/Documents/GitHub/FRA502-LAB-6648v2/install/controller_interfaces/local/lib/python3.10/dist-packages/controller_interfaces/srv
[0.265s] -- Up-to-date: /home/lworakan/Documents/GitHub/FRA502-LAB-6648v2/install/controller_interfaces/local/lib/python3.10/dist-packages/controller_interfaces/srv/_set_max_pizza_s.c
[0.265s] -- Up-to-date: /home/lworakan/Documents/GitHub/FRA502-LAB-6648v2/install/controller_interfaces/local/lib/python3.10/dist-packages/controller_interfaces/srv/_set_max_pizza.py
[0.265s] -- Up-to-date: /home/lworakan/Documents/GitHub/FRA502-LAB-6648v2/install/controller_interfaces/local/lib/python3.10/dist-packages/controller_interfaces/srv/_set_param_s.c
[0.265s] -- Up-to-date: /home/lworakan/Documents/GitHub/FRA502-LAB-6648v2/install/controller_interfaces/local/lib/python3.10/dist-packages/controller_interfaces/srv/_set_param.py
[0.265s] -- Up-to-date: /home/lworakan/Documents/GitHub/FRA502-LAB-6648v2/install/controller_interfaces/local/lib/python3.10/dist-packages/controller_interfaces/srv/__init__.py
[0.265s] -- Up-to-date: /home/lworakan/Documents/GitHub/FRA502-LAB-6648v2/install/controller_interfaces/local/lib/python3.10/dist-packages/controller_interfaces/__init__.py
[0.265s] -- Up-to-date: /home/lworakan/Documents/GitHub/FRA502-LAB-6648v2/install/controller_interfaces/local/lib/python3.10/dist-packages/controller_interfaces/controller_interfaces_s__rosidl_typesupport_introspection_c.cpython-310-x86_64-linux-gnu.so
[0.295s] Listing '/home/lworakan/Documents/GitHub/FRA502-LAB-6648v2/install/controller_interfaces/local/lib/python3.10/dist-packages/controller_interfaces'...
[0.295s] Listing '/home/lworakan/Documents/GitHub/FRA502-LAB-6648v2/install/controller_interfaces/local/lib/python3.10/dist-packages/controller_interfaces/srv'...
[0.296s] -- Up-to-date: /home/lworakan/Documents/GitHub/FRA502-LAB-6648v2/install/controller_interfaces/local/lib/python3.10/dist-packages/controller_interfaces/controller_interfaces_s__rosidl_typesupport_fastrtps_c.cpython-310-x86_64-linux-gnu.so
[0.296s] -- Up-to-date: /home/lworakan/Documents/GitHub/FRA502-LAB-6648v2/install/controller_interfaces/local/lib/python3.10/dist-packages/controller_interfaces/controller_interfaces_s__rosidl_typesupport_introspection_c.cpython-310-x86_64-linux-gnu.so
[0.296s] -- Up-to-date: /home/lworakan/Documents/GitHub/FRA502-LAB-6648v2/install/controller_interfaces/local/lib/python3.10/dist-packages/controller_interfaces/controller_interfaces_s__rosidl_typesupport_c.cpython-310-x86_64-linux-gnu.so
[0.296s] -- Up-to-date: /home/lworakan/Documents/GitHub/FRA502-LAB-6648v2/install/controller_interfaces/lib/libcontroller_interfaces__rosidl_generator_py.so
[0.297s] -- Up-to-date: /home/lworakan/Documents/GitHub/FRA502-LAB-6648v2/install/controller_interfaces/share/controller_interfaces/srv/SetMaxPizza.idl
[0.297s] -- Up-to-date: /home/lworakan/Documents/GitHub/FRA502-LAB-6648v2/install/controller_interfaces/share/controller_interfaces/srv/SetParam.idl
[0.297s] -- Up-to-date: /home/lworakan/Documents/GitHub/FRA502-LAB-6648v2/install/controller_interfaces/share/controller_interfaces/srv/SetMaxPizza.srv
[0.297s] -- Up-to-date: /home/lworakan/Documents/GitHub/FRA502-LAB-6648v2/install/controller_interfaces/share/controller_interfaces/srv/SetMaxPizza_Request.msg
[0.297s] -- Up-to-date: /home/lworakan/Documents/GitHub/FRA502-LAB-6648v2/install/controller_interfaces/share/controller_interfaces/srv/SetMaxPizza_Response.msg
[0.297s] -- Up-to-date: /home/lworakan/Documents/GitHub/FRA502-LAB-6648v2/install/controller_interfaces/share/controller_interfaces/srv/SetParam.srv
[0.297s] -- Up-to-date: /home/lworakan/Documents/GitHub/FRA502-LAB-6648v2/install/controller_interfaces/share/controller_interfaces/srv/SetParam_Request.msg
[0.297s] -- Up-to-date: /home/lworakan/Documents/GitHub/FRA502-LAB-6648v2/install/controller_interfaces/share/controller_interfaces/srv/SetParam_Response.msg
[0.297s] -- Up-to-date: /home/lworakan/Documents/GitHub/FRA502-LAB-6648v2/install/controller_interfaces/share/ament_index/resource_index/package_run_dependencies/controller_interfaces
[0.297s] -- Up-to-date: /home/lworakan/Documents/GitHub/FRA502-LAB-6648v2/install/controller_interfaces/share/ament_index/resource_index/parent_prefix_path/controller_interfaces
[0.297s] -- Up-to-date: /home/lworakan/Documents/GitHub/FRA502-LAB-6648v2/install/controller_interfaces/share/controller_interfaces/environment/ament_prefix_path.sh
[0.298s] -- Up-to-date: /home/lworakan/Documents/GitHub/FRA502-LAB-6648v2/install/controller_interfaces/share/controller_interfaces/environment/ament_prefix_path.dsv
[0.298s] -- Up-to-date: /home/lworakan/Documents/GitHub/FRA502-LAB-6648v2/install/controller_interfaces/share/controller_interfaces/environment/path.sh
[0.298s] -- Up-to-date: /home/lworakan/Documents/GitHub/FRA502-LAB-6648v2/install/controller_interfaces/share/controller_interfaces/environment/path.dsv
[0.298s] -- Up-to-date: /home/lworakan/Documents/GitHub/FRA502-LAB-6648v2/install/controller_interfaces/share/controller_interfaces/local_setup.bash
[0.298s] -- Up-to-date: /home/lworakan/Documents/GitHub/FRA502-LAB-6648v2/install/controller_interfaces/share/controller_interfaces/local_setup.sh
[0.298s] -- Up-to-date: /home/lworakan/Documents/GitHub/FRA502-LAB-6648v2/install/controller_interfaces/share/controller_interfaces/local_setup.zsh
[0.298s] -- Up-to-date: /home/lworakan/Documents/GitHub/FRA502-LAB-6648v2/install/controller_interfaces/share/controller_interfaces/local_setup.dsv
[0.298s] -- Installing: /home/lworakan/Documents/GitHub/FRA502-LAB-6648v2/install/controller_interfaces/share/controller_interfaces/package.dsv
[0.298s] -- Up-to-date: /home/lworakan/Documents/GitHub/FRA502-LAB-6648v2/install/controller_interfaces/share/ament_index/resource_index/packages/controller_interfaces
[0.298s] -- Up-to-date: /home/lworakan/Documents/GitHub/FRA502-LAB-6648v2/install/controller_interfaces/share/controller_interfaces/cmake/export_controller_interfaces__rosidl_generator_cExport.cmake
[0.298s] -- Up-to-date: /home/lworakan/Documents/GitHub/FRA502-LAB-6648v2/install/controller_interfaces/share/controller_interfaces/cmake/export_controller_interfaces__rosidl_generator_cExport-noconfig.cmake
[0.298s] -- Up-to-date: /home/lworakan/Documents/GitHub/FRA502-LAB-6648v2/install/controller_interfaces/share/controller_interfaces/cmake/export_controller_interfaces__rosidl_typesupport_fastrtps_cExport.cmake
[0.299s] -- Up-to-date: /home/lworakan/Documents/GitHub/FRA502-LAB-6648v2/install/controller_interfaces/share/controller_interfaces/cmake/export_controller_interfaces__rosidl_typesupport_fastrtps_cExport-noconfig.cmake
[0.299s] -- Up-to-date: /home/lworakan/Documents/GitHub/FRA502-LAB-6648v2/install/controller_interfaces/share/controller_interfaces/cmake/export_controller_interfaces__rosidl_generator_cppExport.cmake
[0.299s] -- Up-to-date: /home/lworakan/Documents/GitHub/FRA502-LAB-6648v2/install/controller_interfaces/share/controller_interfaces/cmake/export_controller_interfaces__rosidl_typesupport_fastrtps_cppExport.cmake
[0.299s] -- Up-to-date: /home/lworakan/Documents/GitHub/FRA502-LAB-6648v2/install/controller_interfaces/share/controller_interfaces/cmake/export_controller_interfaces__rosidl_typesupport_fastrtps_cppExport-noconfig.cmake
[0.300s] -- Up-to-date: /home/lworakan/Documents/GitHub/FRA502-LAB-6648v2/install/controller_interfaces/share/controller_interfaces/cmake/controller_interfaces__rosidl_typesupport_introspection_cExport.cmake
[0.300s] -- Up-to-date: /home/lworakan/Documents/GitHub/FRA502-LAB-6648v2/install/controller_interfaces/share/controller_interfaces/cmake/controller_interfaces__rosidl_typesupport_introspection_cExport-noconfig.cmake
[0.300s] -- Up-to-date: /home/lworakan/Documents/GitHub/FRA502-LAB-6648v2/install/controller_interfaces/share/controller_interfaces/cmake/controller_interfaces__rosidl_typesupport_cExport.cmake
[0.300s] -- Up-to-date: /home/lworakan/Documents/GitHub/FRA502-LAB-6648v2/install/controller_interfaces/share/controller_interfaces/cmake/controller_interfaces__rosidl_typesupport_cExport-noconfig.cmake
[0.300s] -- Up-to-date: /home/lworakan/Documents/GitHub/FRA502-LAB-6648v2/install/controller_interfaces/share/controller_interfaces/cmake/controller_interfaces__rosidl_typesupport_introspection_cppExport.cmake
[0.301s] -- Up-to-date: /home/lworakan/Documents/GitHub/FRA502-LAB-6648v2/install/controller_interfaces/share/controller_interfaces/cmake/controller_interfaces__rosidl_typesupport_introspection_cppExport-noconfig.cmake
[0.301s] -- Up-to-date: /home/lworakan/Documents/GitHub/FRA502-LAB-6648v2/install/controller_interfaces/share/controller_interfaces/cmake/controller_interfaces__rosidl_typesupport_cppExport.cmake
[0.301s] -- Up-to-date: /home/lworakan/Documents/GitHub/FRA502-LAB-6648v2/install/controller_interfaces/share/controller_interfaces/cmake/controller_interfaces__rosidl_typesupport_cppExport-noconfig.cmake
[0.302s] -- Up-to-date: /home/lworakan/Documents/GitHub/FRA502-LAB-6648v2/install/controller_interfaces/share/controller_interfaces/cmake/export_controller_interfaces__rosidl_generator_pyExport.cmake
[0.302s] -- Up-to-date: /home/lworakan/Documents/GitHub/FRA502-LAB-6648v2/install/controller_interfaces/share/controller_interfaces/cmake/export_controller_interfaces__rosidl_generator_pyExport-noconfig.cmake
[0.302s] -- Up-to-date: /home/lworakan/Documents/GitHub/FRA502-LAB-6648v2/install/controller_interfaces/share/controller_interfaces/cmake/rosidl_cmake-extras.cmake
[0.302s] -- Up-to-date: /home/lworakan/Documents/GitHub/FRA502-LAB-6648v2/install/controller_interfaces/share/controller_interfaces/cmake/ament_cmake_export_dependencies-extras.cmake
[0.302s] -- Up-to-date: /home/lworakan/Documents/GitHub/FRA502-LAB-6648v2/install/controller_interfaces/share/controller_interfaces/cmake/ament_cmake_export_include_directories-extras.cmake
[0.303s] -- Up-to-date: /home/lworakan/Documents/GitHub/FRA502-LAB-6648v2/install/controller_interfaces/share/controller_interfaces/cmake/ament_cmake_export_libraries-extras.cmake
[0.303s] -- Up-to-date: /home/lworakan/Documents/GitHub/FRA502-LAB-6648v2/install/controller_interfaces/share/controller_interfaces/cmake/ament_cmake_export_targets-extras.cmake
[0.303s] -- Up-to-date: /home/lworakan/Documents/GitHub/FRA502-LAB-6648v2/install/controller_interfaces/share/controller_interfaces/cmake/rosidl_cmake_export_typesupport_targets-extras.cmake
[0.303s] -- Up-to-date: /home/lworakan/Documents/GitHub/FRA502-LAB-6648v2/install/controller_interfaces/share/controller_interfaces/cmake/rosidl_cmake_export_typesupport_libraries-extras.cmake
[0.303s] -- Up-to-date: /home/lworakan/Documents/GitHub/FRA502-LAB-6648v2/install/controller_interfaces/share/controller_interfaces/cmake/controller_interfacesConfig.cmake
[0.304s] -- Up-to-date: /home/lworakan/Documents/GitHub/FRA502-LAB-6648v2/install/controller_interfaces/share/controller_interfaces/cmake/controller_interfacesConfig-version.cmake
[0.304s] -- Up-to-date: /home/lworakan/Documents/GitHub/FRA502-LAB-6648v2/install/controller_interfaces/share/controller_interfaces/package.xml
[0.304s] Invoked command in '/home/lworakan/Documents/GitHub/FRA502-LAB-6648v2/build/controller_interfaces' returned '0': CMAKE_PREFIX_PATH=${CMAKE_PREFIX_PATH}:/opt/ros/humble /usr/bin/cmake --install /home/lworakan/Documents/GitHub/FRA502-LAB-6648v2/build/controller_interfaces
