[0.053s] DEBUG:colcon:Command line arguments: ['/usr/bin/colcon', 'build']
[0.053s] DEBUG:colcon:Parsed command line arguments: Namespace(log_base=None, log_level=None, verb_name='build', build_base='build', install_base='install', merge_install=False, symlink_install=False, test_result_base=None, continue_on_error=False, executor='parallel', parallel_workers=32, event_handlers=None, ignore_user_meta=False, metas=['./colcon.meta'], base_paths=['.'], packages_ignore=None, packages_ignore_regex=None, paths=None, packages_up_to=None, packages_up_to_regex=None, packages_above=None, packages_above_and_dependencies=None, packages_above_depth=None, packages_select_by_dep=None, packages_skip_by_dep=None, packages_skip_up_to=None, packages_select_build_failed=False, packages_skip_build_finished=False, packages_select_test_failures=False, packages_skip_test_passed=False, packages_select=None, packages_skip=None, packages_select_regex=None, packages_skip_regex=None, packages_start=None, packages_end=None, allow_overriding=[], cmake_args=None, cmake_target=None, cmake_target_skip_unavailable=False, cmake_clean_cache=False, cmake_clean_first=False, cmake_force_configure=False, ament_cmake_args=None, catkin_cmake_args=None, catkin_skip_building_tests=False, mixin_files=None, mixin=None, verb_parser=<colcon_mixin.mixin.mixin_argument.MixinArgumentDecorator object at 0x7b743079e830>, verb_extension=<colcon_core.verb.build.BuildVerb object at 0x7b743079e1a0>, main=<bound method BuildVerb.main of <colcon_core.verb.build.BuildVerb object at 0x7b743079e1a0>>, mixin_verb=('build',))
[0.072s] Level 1:colcon.colcon_core.package_discovery:discover_packages(colcon_meta) check parameters
[0.072s] Level 1:colcon.colcon_core.package_discovery:discover_packages(recursive) check parameters
[0.072s] Level 1:colcon.colcon_core.package_discovery:discover_packages(ignore) check parameters
[0.072s] Level 1:colcon.colcon_core.package_discovery:discover_packages(path) check parameters
[0.072s] Level 1:colcon.colcon_core.package_discovery:discover_packages(colcon_meta) discover
[0.072s] Level 1:colcon.colcon_core.package_discovery:discover_packages(recursive) discover
[0.072s] INFO:colcon.colcon_core.package_discovery:Crawling recursively for packages in '/home/lworakan/Documents/GitHub/FRA502-LAB-6648v2'
[0.072s] Level 1:colcon.colcon_core.package_identification:_identify(.) by extensions ['ignore', 'ignore_ament_install']
[0.073s] Level 1:colcon.colcon_core.package_identification:_identify(.) by extension 'ignore'
[0.073s] Level 1:colcon.colcon_core.package_identification:_identify(.) by extension 'ignore_ament_install'
[0.073s] Level 1:colcon.colcon_core.package_identification:_identify(.) by extensions ['colcon_pkg']
[0.073s] Level 1:colcon.colcon_core.package_identification:_identify(.) by extension 'colcon_pkg'
[0.073s] Level 1:colcon.colcon_core.package_identification:_identify(.) by extensions ['colcon_meta']
[0.073s] Level 1:colcon.colcon_core.package_identification:_identify(.) by extension 'colcon_meta'
[0.073s] Level 1:colcon.colcon_core.package_identification:_identify(.) by extensions ['ros']
[0.073s] Level 1:colcon.colcon_core.package_identification:_identify(.) by extension 'ros'
[0.080s] Level 1:colcon.colcon_core.package_identification:_identify(.) by extensions ['cmake', 'python']
[0.080s] Level 1:colcon.colcon_core.package_identification:_identify(.) by extension 'cmake'
[0.080s] Level 1:colcon.colcon_core.package_identification:_identify(.) by extension 'python'
[0.080s] Level 1:colcon.colcon_core.package_identification:_identify(.) by extensions ['python_setup_py']
[0.080s] Level 1:colcon.colcon_core.package_identification:_identify(.) by extension 'python_setup_py'
[0.080s] Level 1:colcon.colcon_core.package_identification:_identify(build) by extensions ['ignore', 'ignore_ament_install']
[0.080s] Level 1:colcon.colcon_core.package_identification:_identify(build) by extension 'ignore'
[0.080s] Level 1:colcon.colcon_core.package_identification:_identify(build) ignored
[0.080s] Level 1:colcon.colcon_core.package_identification:_identify(controller_interfaces) by extensions ['ignore', 'ignore_ament_install']
[0.081s] Level 1:colcon.colcon_core.package_identification:_identify(controller_interfaces) by extension 'ignore'
[0.081s] Level 1:colcon.colcon_core.package_identification:_identify(controller_interfaces) by extension 'ignore_ament_install'
[0.081s] Level 1:colcon.colcon_core.package_identification:_identify(controller_interfaces) by extensions ['colcon_pkg']
[0.081s] Level 1:colcon.colcon_core.package_identification:_identify(controller_interfaces) by extension 'colcon_pkg'
[0.081s] Level 1:colcon.colcon_core.package_identification:_identify(controller_interfaces) by extensions ['colcon_meta']
[0.081s] Level 1:colcon.colcon_core.package_identification:_identify(controller_interfaces) by extension 'colcon_meta'
[0.081s] Level 1:colcon.colcon_core.package_identification:_identify(controller_interfaces) by extensions ['ros']
[0.081s] Level 1:colcon.colcon_core.package_identification:_identify(controller_interfaces) by extension 'ros'
[0.082s] DEBUG:colcon.colcon_core.package_identification:Package 'controller_interfaces' with type 'ros.ament_cmake' and name 'controller_interfaces'
[0.082s] Level 1:colcon.colcon_core.package_identification:_identify(install) by extensions ['ignore', 'ignore_ament_install']
[0.082s] Level 1:colcon.colcon_core.package_identification:_identify(install) by extension 'ignore'
[0.082s] Level 1:colcon.colcon_core.package_identification:_identify(install) ignored
[0.082s] Level 1:colcon.colcon_core.package_identification:_identify(log) by extensions ['ignore', 'ignore_ament_install']
[0.082s] Level 1:colcon.colcon_core.package_identification:_identify(log) by extension 'ignore'
[0.082s] Level 1:colcon.colcon_core.package_identification:_identify(log) ignored
[0.082s] Level 1:colcon.colcon_core.package_identification:_identify(src) by extensions ['ignore', 'ignore_ament_install']
[0.082s] Level 1:colcon.colcon_core.package_identification:_identify(src) by extension 'ignore'
[0.082s] Level 1:colcon.colcon_core.package_identification:_identify(src) by extension 'ignore_ament_install'
[0.082s] Level 1:colcon.colcon_core.package_identification:_identify(src) by extensions ['colcon_pkg']
[0.082s] Level 1:colcon.colcon_core.package_identification:_identify(src) by extension 'colcon_pkg'
[0.082s] Level 1:colcon.colcon_core.package_identification:_identify(src) by extensions ['colcon_meta']
[0.082s] Level 1:colcon.colcon_core.package_identification:_identify(src) by extension 'colcon_meta'
[0.082s] Level 1:colcon.colcon_core.package_identification:_identify(src) by extensions ['ros']
[0.082s] Level 1:colcon.colcon_core.package_identification:_identify(src) by extension 'ros'
[0.082s] Level 1:colcon.colcon_core.package_identification:_identify(src) by extensions ['cmake', 'python']
[0.082s] Level 1:colcon.colcon_core.package_identification:_identify(src) by extension 'cmake'
[0.082s] Level 1:colcon.colcon_core.package_identification:_identify(src) by extension 'python'
[0.082s] Level 1:colcon.colcon_core.package_identification:_identify(src) by extensions ['python_setup_py']
[0.082s] Level 1:colcon.colcon_core.package_identification:_identify(src) by extension 'python_setup_py'
[0.082s] Level 1:colcon.colcon_core.package_identification:_identify(src/lab3) by extensions ['ignore', 'ignore_ament_install']
[0.082s] Level 1:colcon.colcon_core.package_identification:_identify(src/lab3) by extension 'ignore'
[0.082s] Level 1:colcon.colcon_core.package_identification:_identify(src/lab3) by extension 'ignore_ament_install'
[0.082s] Level 1:colcon.colcon_core.package_identification:_identify(src/lab3) by extensions ['colcon_pkg']
[0.082s] Level 1:colcon.colcon_core.package_identification:_identify(src/lab3) by extension 'colcon_pkg'
[0.082s] Level 1:colcon.colcon_core.package_identification:_identify(src/lab3) by extensions ['colcon_meta']
[0.082s] Level 1:colcon.colcon_core.package_identification:_identify(src/lab3) by extension 'colcon_meta'
[0.082s] Level 1:colcon.colcon_core.package_identification:_identify(src/lab3) by extensions ['ros']
[0.082s] Level 1:colcon.colcon_core.package_identification:_identify(src/lab3) by extension 'ros'
[0.083s] DEBUG:colcon.colcon_core.package_identification:Package 'src/lab3' with type 'ros.ament_cmake' and name 'lab3'
[0.083s] Level 1:colcon.colcon_core.package_identification:_identify(src/turtlesim_plus) by extensions ['ignore', 'ignore_ament_install']
[0.083s] Level 1:colcon.colcon_core.package_identification:_identify(src/turtlesim_plus) by extension 'ignore'
[0.083s] Level 1:colcon.colcon_core.package_identification:_identify(src/turtlesim_plus) by extension 'ignore_ament_install'
[0.083s] Level 1:colcon.colcon_core.package_identification:_identify(src/turtlesim_plus) by extensions ['colcon_pkg']
[0.083s] Level 1:colcon.colcon_core.package_identification:_identify(src/turtlesim_plus) by extension 'colcon_pkg'
[0.083s] Level 1:colcon.colcon_core.package_identification:_identify(src/turtlesim_plus) by extensions ['colcon_meta']
[0.083s] Level 1:colcon.colcon_core.package_identification:_identify(src/turtlesim_plus) by extension 'colcon_meta'
[0.083s] Level 1:colcon.colcon_core.package_identification:_identify(src/turtlesim_plus) by extensions ['ros']
[0.083s] Level 1:colcon.colcon_core.package_identification:_identify(src/turtlesim_plus) by extension 'ros'
[0.083s] Level 1:colcon.colcon_core.package_identification:_identify(src/turtlesim_plus) by extensions ['cmake', 'python']
[0.083s] Level 1:colcon.colcon_core.package_identification:_identify(src/turtlesim_plus) by extension 'cmake'
[0.083s] Level 1:colcon.colcon_core.package_identification:_identify(src/turtlesim_plus) by extension 'python'
[0.083s] Level 1:colcon.colcon_core.package_identification:_identify(src/turtlesim_plus) by extensions ['python_setup_py']
[0.083s] Level 1:colcon.colcon_core.package_identification:_identify(src/turtlesim_plus) by extension 'python_setup_py'
[0.083s] Level 1:colcon.colcon_core.package_identification:_identify(src/turtlesim_plus/turtlesim_plus) by extensions ['ignore', 'ignore_ament_install']
[0.083s] Level 1:colcon.colcon_core.package_identification:_identify(src/turtlesim_plus/turtlesim_plus) by extension 'ignore'
[0.083s] Level 1:colcon.colcon_core.package_identification:_identify(src/turtlesim_plus/turtlesim_plus) by extension 'ignore_ament_install'
[0.083s] Level 1:colcon.colcon_core.package_identification:_identify(src/turtlesim_plus/turtlesim_plus) by extensions ['colcon_pkg']
[0.083s] Level 1:colcon.colcon_core.package_identification:_identify(src/turtlesim_plus/turtlesim_plus) by extension 'colcon_pkg'
[0.083s] Level 1:colcon.colcon_core.package_identification:_identify(src/turtlesim_plus/turtlesim_plus) by extensions ['colcon_meta']
[0.083s] Level 1:colcon.colcon_core.package_identification:_identify(src/turtlesim_plus/turtlesim_plus) by extension 'colcon_meta'
[0.083s] Level 1:colcon.colcon_core.package_identification:_identify(src/turtlesim_plus/turtlesim_plus) by extensions ['ros']
[0.083s] Level 1:colcon.colcon_core.package_identification:_identify(src/turtlesim_plus/turtlesim_plus) by extension 'ros'
[0.084s] DEBUG:colcon.colcon_core.package_identification:Package 'src/turtlesim_plus/turtlesim_plus' with type 'ros.ament_cmake' and name 'turtlesim_plus'
[0.084s] Level 1:colcon.colcon_core.package_identification:_identify(src/turtlesim_plus/turtlesim_plus_interfaces) by extensions ['ignore', 'ignore_ament_install']
[0.084s] Level 1:colcon.colcon_core.package_identification:_identify(src/turtlesim_plus/turtlesim_plus_interfaces) by extension 'ignore'
[0.084s] Level 1:colcon.colcon_core.package_identification:_identify(src/turtlesim_plus/turtlesim_plus_interfaces) by extension 'ignore_ament_install'
[0.084s] Level 1:colcon.colcon_core.package_identification:_identify(src/turtlesim_plus/turtlesim_plus_interfaces) by extensions ['colcon_pkg']
[0.084s] Level 1:colcon.colcon_core.package_identification:_identify(src/turtlesim_plus/turtlesim_plus_interfaces) by extension 'colcon_pkg'
[0.084s] Level 1:colcon.colcon_core.package_identification:_identify(src/turtlesim_plus/turtlesim_plus_interfaces) by extensions ['colcon_meta']
[0.084s] Level 1:colcon.colcon_core.package_identification:_identify(src/turtlesim_plus/turtlesim_plus_interfaces) by extension 'colcon_meta'
[0.084s] Level 1:colcon.colcon_core.package_identification:_identify(src/turtlesim_plus/turtlesim_plus_interfaces) by extensions ['ros']
[0.084s] Level 1:colcon.colcon_core.package_identification:_identify(src/turtlesim_plus/turtlesim_plus_interfaces) by extension 'ros'
[0.084s] DEBUG:colcon.colcon_core.package_identification:Package 'src/turtlesim_plus/turtlesim_plus_interfaces' with type 'ros.ament_cmake' and name 'turtlesim_plus_interfaces'
[0.084s] Level 1:colcon.colcon_core.package_discovery:discover_packages(recursive) using defaults
[0.084s] Level 1:colcon.colcon_core.package_discovery:discover_packages(ignore) discover
[0.084s] Level 1:colcon.colcon_core.package_discovery:discover_packages(ignore) using defaults
[0.084s] Level 1:colcon.colcon_core.package_discovery:discover_packages(path) discover
[0.084s] Level 1:colcon.colcon_core.package_discovery:discover_packages(path) using defaults
[0.095s] Level 1:colcon.colcon_core.package_discovery:discover_packages(prefix_path) check parameters
[0.095s] Level 1:colcon.colcon_core.package_discovery:discover_packages(prefix_path) discover
[0.096s] DEBUG:colcon.colcon_installed_package_information.package_discovery:Found 2 installed packages in /home/lworakan/Documents/GitHub/FRA502-LAB-6648v2/install
[0.096s] DEBUG:colcon.colcon_installed_package_information.package_discovery:Found 5 installed packages in /home/lworakan/Documents/GitHub/FRA502-LAB-Student6648/install
[0.097s] DEBUG:colcon.colcon_installed_package_information.package_discovery:Found 4 installed packages in /home/lworakan/Documents/GitHub/FRA502-LAB-Student6648/src/install
[0.097s] DEBUG:colcon.colcon_installed_package_information.package_discovery:Found 302 installed packages in /opt/ros/humble
[0.098s] Level 1:colcon.colcon_core.package_discovery:discover_packages(prefix_path) using defaults
[0.117s] Level 5:colcon.colcon_core.verb:set package 'controller_interfaces' build argument 'cmake_args' from command line to 'None'
[0.117s] Level 5:colcon.colcon_core.verb:set package 'controller_interfaces' build argument 'cmake_target' from command line to 'None'
[0.117s] Level 5:colcon.colcon_core.verb:set package 'controller_interfaces' build argument 'cmake_target_skip_unavailable' from command line to 'False'
[0.117s] Level 5:colcon.colcon_core.verb:set package 'controller_interfaces' build argument 'cmake_clean_cache' from command line to 'False'
[0.117s] Level 5:colcon.colcon_core.verb:set package 'controller_interfaces' build argument 'cmake_clean_first' from command line to 'False'
[0.117s] Level 5:colcon.colcon_core.verb:set package 'controller_interfaces' build argument 'cmake_force_configure' from command line to 'False'
[0.117s] Level 5:colcon.colcon_core.verb:set package 'controller_interfaces' build argument 'ament_cmake_args' from command line to 'None'
[0.117s] Level 5:colcon.colcon_core.verb:set package 'controller_interfaces' build argument 'catkin_cmake_args' from command line to 'None'
[0.117s] Level 5:colcon.colcon_core.verb:set package 'controller_interfaces' build argument 'catkin_skip_building_tests' from command line to 'False'
[0.117s] DEBUG:colcon.colcon_core.verb:Building package 'controller_interfaces' with the following arguments: {'ament_cmake_args': None, 'build_base': '/home/lworakan/Documents/GitHub/FRA502-LAB-6648v2/build/controller_interfaces', 'catkin_cmake_args': None, 'catkin_skip_building_tests': False, 'cmake_args': None, 'cmake_clean_cache': False, 'cmake_clean_first': False, 'cmake_force_configure': False, 'cmake_target': None, 'cmake_target_skip_unavailable': False, 'install_base': '/home/lworakan/Documents/GitHub/FRA502-LAB-6648v2/install/controller_interfaces', 'merge_install': False, 'path': '/home/lworakan/Documents/GitHub/FRA502-LAB-6648v2/controller_interfaces', 'symlink_install': False, 'test_result_base': None}
[0.117s] Level 5:colcon.colcon_core.verb:set package 'lab3' build argument 'cmake_args' from command line to 'None'
[0.117s] Level 5:colcon.colcon_core.verb:set package 'lab3' build argument 'cmake_target' from command line to 'None'
[0.117s] Level 5:colcon.colcon_core.verb:set package 'lab3' build argument 'cmake_target_skip_unavailable' from command line to 'False'
[0.117s] Level 5:colcon.colcon_core.verb:set package 'lab3' build argument 'cmake_clean_cache' from command line to 'False'
[0.117s] Level 5:colcon.colcon_core.verb:set package 'lab3' build argument 'cmake_clean_first' from command line to 'False'
[0.117s] Level 5:colcon.colcon_core.verb:set package 'lab3' build argument 'cmake_force_configure' from command line to 'False'
[0.117s] Level 5:colcon.colcon_core.verb:set package 'lab3' build argument 'ament_cmake_args' from command line to 'None'
[0.117s] Level 5:colcon.colcon_core.verb:set package 'lab3' build argument 'catkin_cmake_args' from command line to 'None'
[0.117s] Level 5:colcon.colcon_core.verb:set package 'lab3' build argument 'catkin_skip_building_tests' from command line to 'False'
[0.118s] DEBUG:colcon.colcon_core.verb:Building package 'lab3' with the following arguments: {'ament_cmake_args': None, 'build_base': '/home/lworakan/Documents/GitHub/FRA502-LAB-6648v2/build/lab3', 'catkin_cmake_args': None, 'catkin_skip_building_tests': False, 'cmake_args': None, 'cmake_clean_cache': False, 'cmake_clean_first': False, 'cmake_force_configure': False, 'cmake_target': None, 'cmake_target_skip_unavailable': False, 'install_base': '/home/lworakan/Documents/GitHub/FRA502-LAB-6648v2/install/lab3', 'merge_install': False, 'path': '/home/lworakan/Documents/GitHub/FRA502-LAB-6648v2/src/lab3', 'symlink_install': False, 'test_result_base': None}
[0.118s] Level 5:colcon.colcon_core.verb:set package 'turtlesim_plus' build argument 'cmake_args' from command line to 'None'
[0.118s] Level 5:colcon.colcon_core.verb:set package 'turtlesim_plus' build argument 'cmake_target' from command line to 'None'
[0.118s] Level 5:colcon.colcon_core.verb:set package 'turtlesim_plus' build argument 'cmake_target_skip_unavailable' from command line to 'False'
[0.118s] Level 5:colcon.colcon_core.verb:set package 'turtlesim_plus' build argument 'cmake_clean_cache' from command line to 'False'
[0.118s] Level 5:colcon.colcon_core.verb:set package 'turtlesim_plus' build argument 'cmake_clean_first' from command line to 'False'
[0.118s] Level 5:colcon.colcon_core.verb:set package 'turtlesim_plus' build argument 'cmake_force_configure' from command line to 'False'
[0.118s] Level 5:colcon.colcon_core.verb:set package 'turtlesim_plus' build argument 'ament_cmake_args' from command line to 'None'
[0.118s] Level 5:colcon.colcon_core.verb:set package 'turtlesim_plus' build argument 'catkin_cmake_args' from command line to 'None'
[0.118s] Level 5:colcon.colcon_core.verb:set package 'turtlesim_plus' build argument 'catkin_skip_building_tests' from command line to 'False'
[0.118s] DEBUG:colcon.colcon_core.verb:Building package 'turtlesim_plus' with the following arguments: {'ament_cmake_args': None, 'build_base': '/home/lworakan/Documents/GitHub/FRA502-LAB-6648v2/build/turtlesim_plus', 'catkin_cmake_args': None, 'catkin_skip_building_tests': False, 'cmake_args': None, 'cmake_clean_cache': False, 'cmake_clean_first': False, 'cmake_force_configure': False, 'cmake_target': None, 'cmake_target_skip_unavailable': False, 'install_base': '/home/lworakan/Documents/GitHub/FRA502-LAB-6648v2/install/turtlesim_plus', 'merge_install': False, 'path': '/home/lworakan/Documents/GitHub/FRA502-LAB-6648v2/src/turtlesim_plus/turtlesim_plus', 'symlink_install': False, 'test_result_base': None}
[0.118s] Level 5:colcon.colcon_core.verb:set package 'turtlesim_plus_interfaces' build argument 'cmake_args' from command line to 'None'
[0.118s] Level 5:colcon.colcon_core.verb:set package 'turtlesim_plus_interfaces' build argument 'cmake_target' from command line to 'None'
[0.118s] Level 5:colcon.colcon_core.verb:set package 'turtlesim_plus_interfaces' build argument 'cmake_target_skip_unavailable' from command line to 'False'
[0.118s] Level 5:colcon.colcon_core.verb:set package 'turtlesim_plus_interfaces' build argument 'cmake_clean_cache' from command line to 'False'
[0.118s] Level 5:colcon.colcon_core.verb:set package 'turtlesim_plus_interfaces' build argument 'cmake_clean_first' from command line to 'False'
[0.118s] Level 5:colcon.colcon_core.verb:set package 'turtlesim_plus_interfaces' build argument 'cmake_force_configure' from command line to 'False'
[0.118s] Level 5:colcon.colcon_core.verb:set package 'turtlesim_plus_interfaces' build argument 'ament_cmake_args' from command line to 'None'
[0.118s] Level 5:colcon.colcon_core.verb:set package 'turtlesim_plus_interfaces' build argument 'catkin_cmake_args' from command line to 'None'
[0.118s] Level 5:colcon.colcon_core.verb:set package 'turtlesim_plus_interfaces' build argument 'catkin_skip_building_tests' from command line to 'False'
[0.118s] DEBUG:colcon.colcon_core.verb:Building package 'turtlesim_plus_interfaces' with the following arguments: {'ament_cmake_args': None, 'build_base': '/home/lworakan/Documents/GitHub/FRA502-LAB-6648v2/build/turtlesim_plus_interfaces', 'catkin_cmake_args': None, 'catkin_skip_building_tests': False, 'cmake_args': None, 'cmake_clean_cache': False, 'cmake_clean_first': False, 'cmake_force_configure': False, 'cmake_target': None, 'cmake_target_skip_unavailable': False, 'install_base': '/home/lworakan/Documents/GitHub/FRA502-LAB-6648v2/install/turtlesim_plus_interfaces', 'merge_install': False, 'path': '/home/lworakan/Documents/GitHub/FRA502-LAB-6648v2/src/turtlesim_plus/turtlesim_plus_interfaces', 'symlink_install': False, 'test_result_base': None}
[0.118s] INFO:colcon.colcon_core.executor:Executing jobs using 'parallel' executor
[0.119s] DEBUG:colcon.colcon_parallel_executor.executor.parallel:run_until_complete
[0.119s] INFO:colcon.colcon_ros.task.ament_cmake.build:Building ROS package in '/home/lworakan/Documents/GitHub/FRA502-LAB-6648v2/controller_interfaces' with build type 'ament_cmake'
[0.119s] INFO:colcon.colcon_cmake.task.cmake.build:Building CMake package in '/home/lworakan/Documents/GitHub/FRA502-LAB-6648v2/controller_interfaces'
[0.121s] INFO:colcon.colcon_core.plugin_system:Skipping extension 'colcon_core.shell.bat': Not used on non-Windows systems
[0.121s] INFO:colcon.colcon_core.shell:Skip shell extension 'powershell' for command environment: Not usable outside of PowerShell
[0.121s] DEBUG:colcon.colcon_core.shell:Skip shell extension 'dsv' for command environment
[0.124s] INFO:colcon.colcon_ros.task.ament_cmake.build:Building ROS package in '/home/lworakan/Documents/GitHub/FRA502-LAB-6648v2/src/lab3' with build type 'ament_cmake'
[0.124s] INFO:colcon.colcon_cmake.task.cmake.build:Building CMake package in '/home/lworakan/Documents/GitHub/FRA502-LAB-6648v2/src/lab3'
[0.124s] INFO:colcon.colcon_core.shell:Skip shell extension 'powershell' for command environment: Not usable outside of PowerShell
[0.124s] DEBUG:colcon.colcon_core.shell:Skip shell extension 'dsv' for command environment
[0.126s] INFO:colcon.colcon_ros.task.ament_cmake.build:Building ROS package in '/home/lworakan/Documents/GitHub/FRA502-LAB-6648v2/src/turtlesim_plus/turtlesim_plus' with build type 'ament_cmake'
[0.126s] INFO:colcon.colcon_cmake.task.cmake.build:Building CMake package in '/home/lworakan/Documents/GitHub/FRA502-LAB-6648v2/src/turtlesim_plus/turtlesim_plus'
[0.126s] INFO:colcon.colcon_core.shell:Skip shell extension 'powershell' for command environment: Not usable outside of PowerShell
[0.126s] DEBUG:colcon.colcon_core.shell:Skip shell extension 'dsv' for command environment
[0.128s] INFO:colcon.colcon_ros.task.ament_cmake.build:Building ROS package in '/home/lworakan/Documents/GitHub/FRA502-LAB-6648v2/src/turtlesim_plus/turtlesim_plus_interfaces' with build type 'ament_cmake'
[0.128s] INFO:colcon.colcon_cmake.task.cmake.build:Building CMake package in '/home/lworakan/Documents/GitHub/FRA502-LAB-6648v2/src/turtlesim_plus/turtlesim_plus_interfaces'
[0.128s] INFO:colcon.colcon_core.shell:Skip shell extension 'powershell' for command environment: Not usable outside of PowerShell
[0.128s] DEBUG:colcon.colcon_core.shell:Skip shell extension 'dsv' for command environment
[0.133s] DEBUG:colcon.colcon_core.event_handler.log_command:Invoking command in '/home/lworakan/Documents/GitHub/FRA502-LAB-6648v2/build/controller_interfaces': CMAKE_PREFIX_PATH=${CMAKE_PREFIX_PATH}:/opt/ros/humble /usr/bin/cmake --build /home/lworakan/Documents/GitHub/FRA502-LAB-6648v2/build/controller_interfaces -- -j32 -l32
[0.135s] DEBUG:colcon.colcon_core.event_handler.log_command:Invoking command in '/home/lworakan/Documents/GitHub/FRA502-LAB-6648v2/build/lab3': CMAKE_PREFIX_PATH=${CMAKE_PREFIX_PATH}:/opt/ros/humble /usr/bin/cmake --build /home/lworakan/Documents/GitHub/FRA502-LAB-6648v2/build/lab3 -- -j32 -l32
[0.135s] DEBUG:colcon.colcon_core.event_handler.log_command:Invoking command in '/home/lworakan/Documents/GitHub/FRA502-LAB-6648v2/build/turtlesim_plus': CMAKE_PREFIX_PATH=${CMAKE_PREFIX_PATH}:/opt/ros/humble /usr/bin/cmake /home/lworakan/Documents/GitHub/FRA502-LAB-6648v2/src/turtlesim_plus/turtlesim_plus -DCMAKE_INSTALL_PREFIX=/home/lworakan/Documents/GitHub/FRA502-LAB-6648v2/install/turtlesim_plus
[0.139s] DEBUG:colcon.colcon_core.event_handler.log_command:Invoking command in '/home/lworakan/Documents/GitHub/FRA502-LAB-6648v2/build/turtlesim_plus_interfaces': CMAKE_PREFIX_PATH=${CMAKE_PREFIX_PATH}:/opt/ros/humble /usr/bin/cmake /home/lworakan/Documents/GitHub/FRA502-LAB-6648v2/src/turtlesim_plus/turtlesim_plus_interfaces -DCMAKE_INSTALL_PREFIX=/home/lworakan/Documents/GitHub/FRA502-LAB-6648v2/install/turtlesim_plus_interfaces
[0.153s] DEBUG:colcon.colcon_core.event_handler.log_command:Invoked command in '/home/lworakan/Documents/GitHub/FRA502-LAB-6648v2/build/controller_interfaces' returned '0': CMAKE_PREFIX_PATH=${CMAKE_PREFIX_PATH}:/opt/ros/humble /usr/bin/cmake --build /home/lworakan/Documents/GitHub/FRA502-LAB-6648v2/build/controller_interfaces -- -j32 -l32
[0.159s] DEBUG:colcon.colcon_core.event_handler.log_command:Invoking command in '/home/lworakan/Documents/GitHub/FRA502-LAB-6648v2/build/controller_interfaces': CMAKE_PREFIX_PATH=${CMAKE_PREFIX_PATH}:/opt/ros/humble /usr/bin/cmake --install /home/lworakan/Documents/GitHub/FRA502-LAB-6648v2/build/controller_interfaces
[0.165s] Level 1:colcon.colcon_core.environment:create_environment_scripts_only(controller_interfaces)
[0.165s] DEBUG:colcon.colcon_core.event_handler.log_command:Invoked command in '/home/lworakan/Documents/GitHub/FRA502-LAB-6648v2/build/controller_interfaces' returned '0': CMAKE_PREFIX_PATH=${CMAKE_PREFIX_PATH}:/opt/ros/humble /usr/bin/cmake --install /home/lworakan/Documents/GitHub/FRA502-LAB-6648v2/build/controller_interfaces
[0.168s] Level 1:colcon.colcon_core.environment:checking '/home/lworakan/Documents/GitHub/FRA502-LAB-6648v2/install/controller_interfaces' for CMake module files
[0.168s] Level 1:colcon.colcon_core.environment:checking '/home/lworakan/Documents/GitHub/FRA502-LAB-6648v2/install/controller_interfaces' for CMake config files
[0.168s] Level 1:colcon.colcon_core.shell:create_environment_hook('controller_interfaces', 'cmake_prefix_path')
[0.168s] INFO:colcon.colcon_core.shell:Creating environment hook '/home/lworakan/Documents/GitHub/FRA502-LAB-6648v2/install/controller_interfaces/share/controller_interfaces/hook/cmake_prefix_path.ps1'
[0.168s] INFO:colcon.colcon_core.shell:Creating environment descriptor '/home/lworakan/Documents/GitHub/FRA502-LAB-6648v2/install/controller_interfaces/share/controller_interfaces/hook/cmake_prefix_path.dsv'
[0.169s] INFO:colcon.colcon_core.shell:Creating environment hook '/home/lworakan/Documents/GitHub/FRA502-LAB-6648v2/install/controller_interfaces/share/controller_interfaces/hook/cmake_prefix_path.sh'
[0.169s] Level 1:colcon.colcon_core.environment:checking '/home/lworakan/Documents/GitHub/FRA502-LAB-6648v2/install/controller_interfaces/bin'
[0.169s] Level 1:colcon.colcon_core.environment:checking '/home/lworakan/Documents/GitHub/FRA502-LAB-6648v2/install/controller_interfaces/lib/pkgconfig/controller_interfaces.pc'
[0.169s] Level 1:colcon.colcon_core.environment:checking '/home/lworakan/Documents/GitHub/FRA502-LAB-6648v2/install/controller_interfaces/lib/python3.10/site-packages'
[0.169s] Level 1:colcon.colcon_core.environment:checking '/home/lworakan/Documents/GitHub/FRA502-LAB-6648v2/install/controller_interfaces/bin'
[0.170s] INFO:colcon.colcon_core.shell:Creating package script '/home/lworakan/Documents/GitHub/FRA502-LAB-6648v2/install/controller_interfaces/share/controller_interfaces/package.ps1'
[0.170s] INFO:colcon.colcon_core.shell:Creating package descriptor '/home/lworakan/Documents/GitHub/FRA502-LAB-6648v2/install/controller_interfaces/share/controller_interfaces/package.dsv'
[0.171s] INFO:colcon.colcon_core.shell:Creating package script '/home/lworakan/Documents/GitHub/FRA502-LAB-6648v2/install/controller_interfaces/share/controller_interfaces/package.sh'
[0.171s] INFO:colcon.colcon_core.shell:Creating package script '/home/lworakan/Documents/GitHub/FRA502-LAB-6648v2/install/controller_interfaces/share/controller_interfaces/package.bash'
[0.171s] INFO:colcon.colcon_core.shell:Creating package script '/home/lworakan/Documents/GitHub/FRA502-LAB-6648v2/install/controller_interfaces/share/controller_interfaces/package.zsh'
[0.171s] Level 1:colcon.colcon_core.environment:create_file_with_runtime_dependencies(/home/lworakan/Documents/GitHub/FRA502-LAB-6648v2/install/controller_interfaces/share/colcon-core/packages/controller_interfaces)
[0.172s] Level 1:colcon.colcon_core.environment:create_environment_scripts_only(controller_interfaces)
[0.172s] Level 1:colcon.colcon_core.environment:checking '/home/lworakan/Documents/GitHub/FRA502-LAB-6648v2/install/controller_interfaces' for CMake module files
[0.172s] Level 1:colcon.colcon_core.environment:checking '/home/lworakan/Documents/GitHub/FRA502-LAB-6648v2/install/controller_interfaces' for CMake config files
[0.172s] Level 1:colcon.colcon_core.shell:create_environment_hook('controller_interfaces', 'cmake_prefix_path')
[0.172s] INFO:colcon.colcon_core.shell:Creating environment hook '/home/lworakan/Documents/GitHub/FRA502-LAB-6648v2/install/controller_interfaces/share/controller_interfaces/hook/cmake_prefix_path.ps1'
[0.172s] INFO:colcon.colcon_core.shell:Creating environment descriptor '/home/lworakan/Documents/GitHub/FRA502-LAB-6648v2/install/controller_interfaces/share/controller_interfaces/hook/cmake_prefix_path.dsv'
[0.172s] INFO:colcon.colcon_core.shell:Creating environment hook '/home/lworakan/Documents/GitHub/FRA502-LAB-6648v2/install/controller_interfaces/share/controller_interfaces/hook/cmake_prefix_path.sh'
[0.173s] Level 1:colcon.colcon_core.environment:checking '/home/lworakan/Documents/GitHub/FRA502-LAB-6648v2/install/controller_interfaces/bin'
[0.173s] Level 1:colcon.colcon_core.environment:checking '/home/lworakan/Documents/GitHub/FRA502-LAB-6648v2/install/controller_interfaces/lib/pkgconfig/controller_interfaces.pc'
[0.173s] Level 1:colcon.colcon_core.environment:checking '/home/lworakan/Documents/GitHub/FRA502-LAB-6648v2/install/controller_interfaces/lib/python3.10/site-packages'
[0.173s] Level 1:colcon.colcon_core.environment:checking '/home/lworakan/Documents/GitHub/FRA502-LAB-6648v2/install/controller_interfaces/bin'
[0.173s] INFO:colcon.colcon_core.shell:Creating package script '/home/lworakan/Documents/GitHub/FRA502-LAB-6648v2/install/controller_interfaces/share/controller_interfaces/package.ps1'
[0.173s] INFO:colcon.colcon_core.shell:Creating package descriptor '/home/lworakan/Documents/GitHub/FRA502-LAB-6648v2/install/controller_interfaces/share/controller_interfaces/package.dsv'
[0.173s] INFO:colcon.colcon_core.shell:Creating package script '/home/lworakan/Documents/GitHub/FRA502-LAB-6648v2/install/controller_interfaces/share/controller_interfaces/package.sh'
[0.174s] INFO:colcon.colcon_core.shell:Creating package script '/home/lworakan/Documents/GitHub/FRA502-LAB-6648v2/install/controller_interfaces/share/controller_interfaces/package.bash'
[0.174s] INFO:colcon.colcon_core.shell:Creating package script '/home/lworakan/Documents/GitHub/FRA502-LAB-6648v2/install/controller_interfaces/share/controller_interfaces/package.zsh'
[0.174s] Level 1:colcon.colcon_core.environment:create_file_with_runtime_dependencies(/home/lworakan/Documents/GitHub/FRA502-LAB-6648v2/install/controller_interfaces/share/colcon-core/packages/controller_interfaces)
[0.340s] DEBUG:colcon.colcon_core.event_handler.log_command:Invoked command in '/home/lworakan/Documents/GitHub/FRA502-LAB-6648v2/build/lab3' returned '0': CMAKE_PREFIX_PATH=${CMAKE_PREFIX_PATH}:/opt/ros/humble /usr/bin/cmake --build /home/lworakan/Documents/GitHub/FRA502-LAB-6648v2/build/lab3 -- -j32 -l32
[0.342s] DEBUG:colcon.colcon_core.event_handler.log_command:Invoking command in '/home/lworakan/Documents/GitHub/FRA502-LAB-6648v2/build/lab3': CMAKE_PREFIX_PATH=${CMAKE_PREFIX_PATH}:/opt/ros/humble /usr/bin/cmake --install /home/lworakan/Documents/GitHub/FRA502-LAB-6648v2/build/lab3
[0.371s] Level 1:colcon.colcon_core.environment:create_environment_scripts_only(lab3)
[0.371s] Level 1:colcon.colcon_core.environment:checking '/home/lworakan/Documents/GitHub/FRA502-LAB-6648v2/install/lab3' for CMake module files
[0.372s] DEBUG:colcon.colcon_core.event_handler.log_command:Invoked command in '/home/lworakan/Documents/GitHub/FRA502-LAB-6648v2/build/lab3' returned '0': CMAKE_PREFIX_PATH=${CMAKE_PREFIX_PATH}:/opt/ros/humble /usr/bin/cmake --install /home/lworakan/Documents/GitHub/FRA502-LAB-6648v2/build/lab3
[0.372s] Level 1:colcon.colcon_core.environment:checking '/home/lworakan/Documents/GitHub/FRA502-LAB-6648v2/install/lab3' for CMake config files
[0.372s] Level 1:colcon.colcon_core.shell:create_environment_hook('lab3', 'cmake_prefix_path')
[0.372s] INFO:colcon.colcon_core.shell:Creating environment hook '/home/lworakan/Documents/GitHub/FRA502-LAB-6648v2/install/lab3/share/lab3/hook/cmake_prefix_path.ps1'
[0.372s] INFO:colcon.colcon_core.shell:Creating environment descriptor '/home/lworakan/Documents/GitHub/FRA502-LAB-6648v2/install/lab3/share/lab3/hook/cmake_prefix_path.dsv'
[0.372s] INFO:colcon.colcon_core.shell:Creating environment hook '/home/lworakan/Documents/GitHub/FRA502-LAB-6648v2/install/lab3/share/lab3/hook/cmake_prefix_path.sh'
[0.373s] Level 1:colcon.colcon_core.environment:checking '/home/lworakan/Documents/GitHub/FRA502-LAB-6648v2/install/lab3/lib'
[0.373s] Level 1:colcon.colcon_core.environment:checking '/home/lworakan/Documents/GitHub/FRA502-LAB-6648v2/install/lab3/bin'
[0.373s] Level 1:colcon.colcon_core.environment:checking '/home/lworakan/Documents/GitHub/FRA502-LAB-6648v2/install/lab3/lib/pkgconfig/lab3.pc'
[0.373s] Level 1:colcon.colcon_core.environment:checking '/home/lworakan/Documents/GitHub/FRA502-LAB-6648v2/install/lab3/lib/python3.10/site-packages'
[0.373s] Level 1:colcon.colcon_core.environment:checking '/home/lworakan/Documents/GitHub/FRA502-LAB-6648v2/install/lab3/bin'
[0.373s] INFO:colcon.colcon_core.shell:Creating package script '/home/lworakan/Documents/GitHub/FRA502-LAB-6648v2/install/lab3/share/lab3/package.ps1'
[0.373s] INFO:colcon.colcon_core.shell:Creating package descriptor '/home/lworakan/Documents/GitHub/FRA502-LAB-6648v2/install/lab3/share/lab3/package.dsv'
[0.374s] INFO:colcon.colcon_core.shell:Creating package script '/home/lworakan/Documents/GitHub/FRA502-LAB-6648v2/install/lab3/share/lab3/package.sh'
[0.374s] INFO:colcon.colcon_core.shell:Creating package script '/home/lworakan/Documents/GitHub/FRA502-LAB-6648v2/install/lab3/share/lab3/package.bash'
[0.374s] INFO:colcon.colcon_core.shell:Creating package script '/home/lworakan/Documents/GitHub/FRA502-LAB-6648v2/install/lab3/share/lab3/package.zsh'
[0.374s] Level 1:colcon.colcon_core.environment:create_file_with_runtime_dependencies(/home/lworakan/Documents/GitHub/FRA502-LAB-6648v2/install/lab3/share/colcon-core/packages/lab3)
[0.375s] Level 1:colcon.colcon_core.environment:create_environment_scripts_only(lab3)
[0.375s] Level 1:colcon.colcon_core.environment:checking '/home/lworakan/Documents/GitHub/FRA502-LAB-6648v2/install/lab3' for CMake module files
[0.375s] Level 1:colcon.colcon_core.environment:checking '/home/lworakan/Documents/GitHub/FRA502-LAB-6648v2/install/lab3' for CMake config files
[0.375s] Level 1:colcon.colcon_core.shell:create_environment_hook('lab3', 'cmake_prefix_path')
[0.375s] INFO:colcon.colcon_core.shell:Creating environment hook '/home/lworakan/Documents/GitHub/FRA502-LAB-6648v2/install/lab3/share/lab3/hook/cmake_prefix_path.ps1'
[0.375s] INFO:colcon.colcon_core.shell:Creating environment descriptor '/home/lworakan/Documents/GitHub/FRA502-LAB-6648v2/install/lab3/share/lab3/hook/cmake_prefix_path.dsv'
[0.376s] INFO:colcon.colcon_core.shell:Creating environment hook '/home/lworakan/Documents/GitHub/FRA502-LAB-6648v2/install/lab3/share/lab3/hook/cmake_prefix_path.sh'
[0.376s] Level 1:colcon.colcon_core.environment:checking '/home/lworakan/Documents/GitHub/FRA502-LAB-6648v2/install/lab3/lib'
[0.376s] Level 1:colcon.colcon_core.environment:checking '/home/lworakan/Documents/GitHub/FRA502-LAB-6648v2/install/lab3/bin'
[0.376s] Level 1:colcon.colcon_core.environment:checking '/home/lworakan/Documents/GitHub/FRA502-LAB-6648v2/install/lab3/lib/pkgconfig/lab3.pc'
[0.376s] Level 1:colcon.colcon_core.environment:checking '/home/lworakan/Documents/GitHub/FRA502-LAB-6648v2/install/lab3/lib/python3.10/site-packages'
[0.376s] Level 1:colcon.colcon_core.environment:checking '/home/lworakan/Documents/GitHub/FRA502-LAB-6648v2/install/lab3/bin'
[0.376s] INFO:colcon.colcon_core.shell:Creating package script '/home/lworakan/Documents/GitHub/FRA502-LAB-6648v2/install/lab3/share/lab3/package.ps1'
[0.376s] INFO:colcon.colcon_core.shell:Creating package descriptor '/home/lworakan/Documents/GitHub/FRA502-LAB-6648v2/install/lab3/share/lab3/package.dsv'
[0.377s] INFO:colcon.colcon_core.shell:Creating package script '/home/lworakan/Documents/GitHub/FRA502-LAB-6648v2/install/lab3/share/lab3/package.sh'
[0.377s] INFO:colcon.colcon_core.shell:Creating package script '/home/lworakan/Documents/GitHub/FRA502-LAB-6648v2/install/lab3/share/lab3/package.bash'
[0.377s] INFO:colcon.colcon_core.shell:Creating package script '/home/lworakan/Documents/GitHub/FRA502-LAB-6648v2/install/lab3/share/lab3/package.zsh'
[0.377s] Level 1:colcon.colcon_core.environment:create_file_with_runtime_dependencies(/home/lworakan/Documents/GitHub/FRA502-LAB-6648v2/install/lab3/share/colcon-core/packages/lab3)
[0.972s] DEBUG:colcon.colcon_core.event_handler.log_command:Invoked command in '/home/lworakan/Documents/GitHub/FRA502-LAB-6648v2/build/turtlesim_plus' returned '0': CMAKE_PREFIX_PATH=${CMAKE_PREFIX_PATH}:/opt/ros/humble /usr/bin/cmake /home/lworakan/Documents/GitHub/FRA502-LAB-6648v2/src/turtlesim_plus/turtlesim_plus -DCMAKE_INSTALL_PREFIX=/home/lworakan/Documents/GitHub/FRA502-LAB-6648v2/install/turtlesim_plus
[0.973s] DEBUG:colcon.colcon_core.event_handler.log_command:Invoking command in '/home/lworakan/Documents/GitHub/FRA502-LAB-6648v2/build/turtlesim_plus': CMAKE_PREFIX_PATH=${CMAKE_PREFIX_PATH}:/opt/ros/humble /usr/bin/cmake --build /home/lworakan/Documents/GitHub/FRA502-LAB-6648v2/build/turtlesim_plus -- -j32 -l32
[1.191s] DEBUG:colcon.colcon_core.event_handler.log_command:Invoked command in '/home/lworakan/Documents/GitHub/FRA502-LAB-6648v2/build/turtlesim_plus' returned '0': CMAKE_PREFIX_PATH=${CMAKE_PREFIX_PATH}:/opt/ros/humble /usr/bin/cmake --build /home/lworakan/Documents/GitHub/FRA502-LAB-6648v2/build/turtlesim_plus -- -j32 -l32
[1.193s] DEBUG:colcon.colcon_core.event_handler.log_command:Invoking command in '/home/lworakan/Documents/GitHub/FRA502-LAB-6648v2/build/turtlesim_plus': CMAKE_PREFIX_PATH=${CMAKE_PREFIX_PATH}:/opt/ros/humble /usr/bin/cmake --install /home/lworakan/Documents/GitHub/FRA502-LAB-6648v2/build/turtlesim_plus
[1.199s] DEBUG:colcon.colcon_core.event_handler.log_command:Invoked command in '/home/lworakan/Documents/GitHub/FRA502-LAB-6648v2/build/turtlesim_plus_interfaces' returned '0': CMAKE_PREFIX_PATH=${CMAKE_PREFIX_PATH}:/opt/ros/humble /usr/bin/cmake /home/lworakan/Documents/GitHub/FRA502-LAB-6648v2/src/turtlesim_plus/turtlesim_plus_interfaces -DCMAKE_INSTALL_PREFIX=/home/lworakan/Documents/GitHub/FRA502-LAB-6648v2/install/turtlesim_plus_interfaces
[1.199s] DEBUG:colcon.colcon_core.event_handler.log_command:Invoking command in '/home/lworakan/Documents/GitHub/FRA502-LAB-6648v2/build/turtlesim_plus_interfaces': CMAKE_PREFIX_PATH=${CMAKE_PREFIX_PATH}:/opt/ros/humble /usr/bin/cmake --build /home/lworakan/Documents/GitHub/FRA502-LAB-6648v2/build/turtlesim_plus_interfaces -- -j32 -l32
[1.226s] Level 1:colcon.colcon_core.environment:create_environment_scripts_only(turtlesim_plus)
[1.226s] DEBUG:colcon.colcon_core.event_handler.log_command:Invoked command in '/home/lworakan/Documents/GitHub/FRA502-LAB-6648v2/build/turtlesim_plus' returned '0': CMAKE_PREFIX_PATH=${CMAKE_PREFIX_PATH}:/opt/ros/humble /usr/bin/cmake --install /home/lworakan/Documents/GitHub/FRA502-LAB-6648v2/build/turtlesim_plus
[1.226s] Level 1:colcon.colcon_core.environment:checking '/home/lworakan/Documents/GitHub/FRA502-LAB-6648v2/install/turtlesim_plus' for CMake module files
[1.227s] Level 1:colcon.colcon_core.environment:checking '/home/lworakan/Documents/GitHub/FRA502-LAB-6648v2/install/turtlesim_plus' for CMake config files
[1.227s] Level 1:colcon.colcon_core.shell:create_environment_hook('turtlesim_plus', 'cmake_prefix_path')
[1.227s] INFO:colcon.colcon_core.shell:Creating environment hook '/home/lworakan/Documents/GitHub/FRA502-LAB-6648v2/install/turtlesim_plus/share/turtlesim_plus/hook/cmake_prefix_path.ps1'
[1.227s] INFO:colcon.colcon_core.shell:Creating environment descriptor '/home/lworakan/Documents/GitHub/FRA502-LAB-6648v2/install/turtlesim_plus/share/turtlesim_plus/hook/cmake_prefix_path.dsv'
[1.228s] INFO:colcon.colcon_core.shell:Creating environment hook '/home/lworakan/Documents/GitHub/FRA502-LAB-6648v2/install/turtlesim_plus/share/turtlesim_plus/hook/cmake_prefix_path.sh'
[1.228s] Level 1:colcon.colcon_core.environment:checking '/home/lworakan/Documents/GitHub/FRA502-LAB-6648v2/install/turtlesim_plus/lib'
[1.228s] Level 1:colcon.colcon_core.environment:checking '/home/lworakan/Documents/GitHub/FRA502-LAB-6648v2/install/turtlesim_plus/bin'
[1.228s] Level 1:colcon.colcon_core.environment:checking '/home/lworakan/Documents/GitHub/FRA502-LAB-6648v2/install/turtlesim_plus/lib/pkgconfig/turtlesim_plus.pc'
[1.228s] Level 1:colcon.colcon_core.environment:checking '/home/lworakan/Documents/GitHub/FRA502-LAB-6648v2/install/turtlesim_plus/lib/python3.10/site-packages'
[1.228s] Level 1:colcon.colcon_core.environment:checking '/home/lworakan/Documents/GitHub/FRA502-LAB-6648v2/install/turtlesim_plus/bin'
[1.228s] INFO:colcon.colcon_core.shell:Creating package script '/home/lworakan/Documents/GitHub/FRA502-LAB-6648v2/install/turtlesim_plus/share/turtlesim_plus/package.ps1'
[1.228s] INFO:colcon.colcon_core.shell:Creating package descriptor '/home/lworakan/Documents/GitHub/FRA502-LAB-6648v2/install/turtlesim_plus/share/turtlesim_plus/package.dsv'
[1.229s] INFO:colcon.colcon_core.shell:Creating package script '/home/lworakan/Documents/GitHub/FRA502-LAB-6648v2/install/turtlesim_plus/share/turtlesim_plus/package.sh'
[1.229s] INFO:colcon.colcon_core.shell:Creating package script '/home/lworakan/Documents/GitHub/FRA502-LAB-6648v2/install/turtlesim_plus/share/turtlesim_plus/package.bash'
[1.229s] INFO:colcon.colcon_core.shell:Creating package script '/home/lworakan/Documents/GitHub/FRA502-LAB-6648v2/install/turtlesim_plus/share/turtlesim_plus/package.zsh'
[1.229s] Level 1:colcon.colcon_core.environment:create_file_with_runtime_dependencies(/home/lworakan/Documents/GitHub/FRA502-LAB-6648v2/install/turtlesim_plus/share/colcon-core/packages/turtlesim_plus)
[1.229s] Level 1:colcon.colcon_core.environment:create_environment_scripts_only(turtlesim_plus)
[1.229s] Level 1:colcon.colcon_core.environment:checking '/home/lworakan/Documents/GitHub/FRA502-LAB-6648v2/install/turtlesim_plus' for CMake module files
[1.230s] Level 1:colcon.colcon_core.environment:checking '/home/lworakan/Documents/GitHub/FRA502-LAB-6648v2/install/turtlesim_plus' for CMake config files
[1.230s] Level 1:colcon.colcon_core.shell:create_environment_hook('turtlesim_plus', 'cmake_prefix_path')
[1.230s] INFO:colcon.colcon_core.shell:Creating environment hook '/home/lworakan/Documents/GitHub/FRA502-LAB-6648v2/install/turtlesim_plus/share/turtlesim_plus/hook/cmake_prefix_path.ps1'
[1.230s] INFO:colcon.colcon_core.shell:Creating environment descriptor '/home/lworakan/Documents/GitHub/FRA502-LAB-6648v2/install/turtlesim_plus/share/turtlesim_plus/hook/cmake_prefix_path.dsv'
[1.230s] INFO:colcon.colcon_core.shell:Creating environment hook '/home/lworakan/Documents/GitHub/FRA502-LAB-6648v2/install/turtlesim_plus/share/turtlesim_plus/hook/cmake_prefix_path.sh'
[1.231s] Level 1:colcon.colcon_core.environment:checking '/home/lworakan/Documents/GitHub/FRA502-LAB-6648v2/install/turtlesim_plus/lib'
[1.231s] Level 1:colcon.colcon_core.environment:checking '/home/lworakan/Documents/GitHub/FRA502-LAB-6648v2/install/turtlesim_plus/bin'
[1.231s] Level 1:colcon.colcon_core.environment:checking '/home/lworakan/Documents/GitHub/FRA502-LAB-6648v2/install/turtlesim_plus/lib/pkgconfig/turtlesim_plus.pc'
[1.231s] Level 1:colcon.colcon_core.environment:checking '/home/lworakan/Documents/GitHub/FRA502-LAB-6648v2/install/turtlesim_plus/lib/python3.10/site-packages'
[1.231s] Level 1:colcon.colcon_core.environment:checking '/home/lworakan/Documents/GitHub/FRA502-LAB-6648v2/install/turtlesim_plus/bin'
[1.232s] INFO:colcon.colcon_core.shell:Creating package script '/home/lworakan/Documents/GitHub/FRA502-LAB-6648v2/install/turtlesim_plus/share/turtlesim_plus/package.ps1'
[1.232s] INFO:colcon.colcon_core.shell:Creating package descriptor '/home/lworakan/Documents/GitHub/FRA502-LAB-6648v2/install/turtlesim_plus/share/turtlesim_plus/package.dsv'
[1.233s] INFO:colcon.colcon_core.shell:Creating package script '/home/lworakan/Documents/GitHub/FRA502-LAB-6648v2/install/turtlesim_plus/share/turtlesim_plus/package.sh'
[1.233s] INFO:colcon.colcon_core.shell:Creating package script '/home/lworakan/Documents/GitHub/FRA502-LAB-6648v2/install/turtlesim_plus/share/turtlesim_plus/package.bash'
[1.233s] INFO:colcon.colcon_core.shell:Creating package script '/home/lworakan/Documents/GitHub/FRA502-LAB-6648v2/install/turtlesim_plus/share/turtlesim_plus/package.zsh'
[1.234s] Level 1:colcon.colcon_core.environment:create_file_with_runtime_dependencies(/home/lworakan/Documents/GitHub/FRA502-LAB-6648v2/install/turtlesim_plus/share/colcon-core/packages/turtlesim_plus)
[3.035s] DEBUG:colcon.colcon_core.event_handler.log_command:Invoked command in '/home/lworakan/Documents/GitHub/FRA502-LAB-6648v2/build/turtlesim_plus_interfaces' returned '0': CMAKE_PREFIX_PATH=${CMAKE_PREFIX_PATH}:/opt/ros/humble /usr/bin/cmake --build /home/lworakan/Documents/GitHub/FRA502-LAB-6648v2/build/turtlesim_plus_interfaces -- -j32 -l32
[3.036s] DEBUG:colcon.colcon_core.event_handler.log_command:Invoking command in '/home/lworakan/Documents/GitHub/FRA502-LAB-6648v2/build/turtlesim_plus_interfaces': CMAKE_PREFIX_PATH=${CMAKE_PREFIX_PATH}:/opt/ros/humble /usr/bin/cmake --install /home/lworakan/Documents/GitHub/FRA502-LAB-6648v2/build/turtlesim_plus_interfaces
[3.077s] Level 1:colcon.colcon_core.environment:create_environment_scripts_only(turtlesim_plus_interfaces)
[3.077s] Level 1:colcon.colcon_core.environment:checking '/home/lworakan/Documents/GitHub/FRA502-LAB-6648v2/install/turtlesim_plus_interfaces' for CMake module files
[3.078s] DEBUG:colcon.colcon_core.event_handler.log_command:Invoked command in '/home/lworakan/Documents/GitHub/FRA502-LAB-6648v2/build/turtlesim_plus_interfaces' returned '0': CMAKE_PREFIX_PATH=${CMAKE_PREFIX_PATH}:/opt/ros/humble /usr/bin/cmake --install /home/lworakan/Documents/GitHub/FRA502-LAB-6648v2/build/turtlesim_plus_interfaces
[3.078s] Level 1:colcon.colcon_core.environment:checking '/home/lworakan/Documents/GitHub/FRA502-LAB-6648v2/install/turtlesim_plus_interfaces' for CMake config files
[3.078s] Level 1:colcon.colcon_core.shell:create_environment_hook('turtlesim_plus_interfaces', 'cmake_prefix_path')
[3.078s] INFO:colcon.colcon_core.shell:Creating environment hook '/home/lworakan/Documents/GitHub/FRA502-LAB-6648v2/install/turtlesim_plus_interfaces/share/turtlesim_plus_interfaces/hook/cmake_prefix_path.ps1'
[3.079s] INFO:colcon.colcon_core.shell:Creating environment descriptor '/home/lworakan/Documents/GitHub/FRA502-LAB-6648v2/install/turtlesim_plus_interfaces/share/turtlesim_plus_interfaces/hook/cmake_prefix_path.dsv'
[3.079s] INFO:colcon.colcon_core.shell:Creating environment hook '/home/lworakan/Documents/GitHub/FRA502-LAB-6648v2/install/turtlesim_plus_interfaces/share/turtlesim_plus_interfaces/hook/cmake_prefix_path.sh'
[3.079s] Level 1:colcon.colcon_core.environment:checking '/home/lworakan/Documents/GitHub/FRA502-LAB-6648v2/install/turtlesim_plus_interfaces/lib'
[3.079s] Level 1:colcon.colcon_core.shell:create_environment_hook('turtlesim_plus_interfaces', 'ld_library_path_lib')
[3.079s] INFO:colcon.colcon_core.shell:Creating environment hook '/home/lworakan/Documents/GitHub/FRA502-LAB-6648v2/install/turtlesim_plus_interfaces/share/turtlesim_plus_interfaces/hook/ld_library_path_lib.ps1'
[3.079s] INFO:colcon.colcon_core.shell:Creating environment descriptor '/home/lworakan/Documents/GitHub/FRA502-LAB-6648v2/install/turtlesim_plus_interfaces/share/turtlesim_plus_interfaces/hook/ld_library_path_lib.dsv'
[3.079s] INFO:colcon.colcon_core.shell:Creating environment hook '/home/lworakan/Documents/GitHub/FRA502-LAB-6648v2/install/turtlesim_plus_interfaces/share/turtlesim_plus_interfaces/hook/ld_library_path_lib.sh'
[3.080s] Level 1:colcon.colcon_core.environment:checking '/home/lworakan/Documents/GitHub/FRA502-LAB-6648v2/install/turtlesim_plus_interfaces/bin'
[3.080s] Level 1:colcon.colcon_core.environment:checking '/home/lworakan/Documents/GitHub/FRA502-LAB-6648v2/install/turtlesim_plus_interfaces/lib/pkgconfig/turtlesim_plus_interfaces.pc'
[3.080s] Level 1:colcon.colcon_core.environment:checking '/home/lworakan/Documents/GitHub/FRA502-LAB-6648v2/install/turtlesim_plus_interfaces/lib/python3.10/site-packages'
[3.080s] Level 1:colcon.colcon_core.environment:checking '/home/lworakan/Documents/GitHub/FRA502-LAB-6648v2/install/turtlesim_plus_interfaces/bin'
[3.080s] INFO:colcon.colcon_core.shell:Creating package script '/home/lworakan/Documents/GitHub/FRA502-LAB-6648v2/install/turtlesim_plus_interfaces/share/turtlesim_plus_interfaces/package.ps1'
[3.080s] INFO:colcon.colcon_core.shell:Creating package descriptor '/home/lworakan/Documents/GitHub/FRA502-LAB-6648v2/install/turtlesim_plus_interfaces/share/turtlesim_plus_interfaces/package.dsv'
[3.080s] INFO:colcon.colcon_core.shell:Creating package script '/home/lworakan/Documents/GitHub/FRA502-LAB-6648v2/install/turtlesim_plus_interfaces/share/turtlesim_plus_interfaces/package.sh'
[3.080s] INFO:colcon.colcon_core.shell:Creating package script '/home/lworakan/Documents/GitHub/FRA502-LAB-6648v2/install/turtlesim_plus_interfaces/share/turtlesim_plus_interfaces/package.bash'
[3.081s] INFO:colcon.colcon_core.shell:Creating package script '/home/lworakan/Documents/GitHub/FRA502-LAB-6648v2/install/turtlesim_plus_interfaces/share/turtlesim_plus_interfaces/package.zsh'
[3.081s] Level 1:colcon.colcon_core.environment:create_file_with_runtime_dependencies(/home/lworakan/Documents/GitHub/FRA502-LAB-6648v2/install/turtlesim_plus_interfaces/share/colcon-core/packages/turtlesim_plus_interfaces)
[3.081s] Level 1:colcon.colcon_core.environment:create_environment_scripts_only(turtlesim_plus_interfaces)
[3.081s] Level 1:colcon.colcon_core.environment:checking '/home/lworakan/Documents/GitHub/FRA502-LAB-6648v2/install/turtlesim_plus_interfaces' for CMake module files
[3.081s] Level 1:colcon.colcon_core.environment:checking '/home/lworakan/Documents/GitHub/FRA502-LAB-6648v2/install/turtlesim_plus_interfaces' for CMake config files
[3.082s] Level 1:colcon.colcon_core.shell:create_environment_hook('turtlesim_plus_interfaces', 'cmake_prefix_path')
[3.082s] INFO:colcon.colcon_core.shell:Creating environment hook '/home/lworakan/Documents/GitHub/FRA502-LAB-6648v2/install/turtlesim_plus_interfaces/share/turtlesim_plus_interfaces/hook/cmake_prefix_path.ps1'
[3.082s] INFO:colcon.colcon_core.shell:Creating environment descriptor '/home/lworakan/Documents/GitHub/FRA502-LAB-6648v2/install/turtlesim_plus_interfaces/share/turtlesim_plus_interfaces/hook/cmake_prefix_path.dsv'
[3.082s] INFO:colcon.colcon_core.shell:Creating environment hook '/home/lworakan/Documents/GitHub/FRA502-LAB-6648v2/install/turtlesim_plus_interfaces/share/turtlesim_plus_interfaces/hook/cmake_prefix_path.sh'
[3.082s] Level 1:colcon.colcon_core.environment:checking '/home/lworakan/Documents/GitHub/FRA502-LAB-6648v2/install/turtlesim_plus_interfaces/lib'
[3.082s] Level 1:colcon.colcon_core.shell:create_environment_hook('turtlesim_plus_interfaces', 'ld_library_path_lib')
[3.082s] INFO:colcon.colcon_core.shell:Creating environment hook '/home/lworakan/Documents/GitHub/FRA502-LAB-6648v2/install/turtlesim_plus_interfaces/share/turtlesim_plus_interfaces/hook/ld_library_path_lib.ps1'
[3.082s] INFO:colcon.colcon_core.shell:Creating environment descriptor '/home/lworakan/Documents/GitHub/FRA502-LAB-6648v2/install/turtlesim_plus_interfaces/share/turtlesim_plus_interfaces/hook/ld_library_path_lib.dsv'
[3.083s] INFO:colcon.colcon_core.shell:Creating environment hook '/home/lworakan/Documents/GitHub/FRA502-LAB-6648v2/install/turtlesim_plus_interfaces/share/turtlesim_plus_interfaces/hook/ld_library_path_lib.sh'
[3.083s] Level 1:colcon.colcon_core.environment:checking '/home/lworakan/Documents/GitHub/FRA502-LAB-6648v2/install/turtlesim_plus_interfaces/bin'
[3.083s] Level 1:colcon.colcon_core.environment:checking '/home/lworakan/Documents/GitHub/FRA502-LAB-6648v2/install/turtlesim_plus_interfaces/lib/pkgconfig/turtlesim_plus_interfaces.pc'
[3.083s] Level 1:colcon.colcon_core.environment:checking '/home/lworakan/Documents/GitHub/FRA502-LAB-6648v2/install/turtlesim_plus_interfaces/lib/python3.10/site-packages'
[3.083s] Level 1:colcon.colcon_core.environment:checking '/home/lworakan/Documents/GitHub/FRA502-LAB-6648v2/install/turtlesim_plus_interfaces/bin'
[3.083s] INFO:colcon.colcon_core.shell:Creating package script '/home/lworakan/Documents/GitHub/FRA502-LAB-6648v2/install/turtlesim_plus_interfaces/share/turtlesim_plus_interfaces/package.ps1'
[3.083s] INFO:colcon.colcon_core.shell:Creating package descriptor '/home/lworakan/Documents/GitHub/FRA502-LAB-6648v2/install/turtlesim_plus_interfaces/share/turtlesim_plus_interfaces/package.dsv'
[3.084s] INFO:colcon.colcon_core.shell:Creating package script '/home/lworakan/Documents/GitHub/FRA502-LAB-6648v2/install/turtlesim_plus_interfaces/share/turtlesim_plus_interfaces/package.sh'
[3.084s] INFO:colcon.colcon_core.shell:Creating package script '/home/lworakan/Documents/GitHub/FRA502-LAB-6648v2/install/turtlesim_plus_interfaces/share/turtlesim_plus_interfaces/package.bash'
[3.084s] INFO:colcon.colcon_core.shell:Creating package script '/home/lworakan/Documents/GitHub/FRA502-LAB-6648v2/install/turtlesim_plus_interfaces/share/turtlesim_plus_interfaces/package.zsh'
[3.084s] Level 1:colcon.colcon_core.environment:create_file_with_runtime_dependencies(/home/lworakan/Documents/GitHub/FRA502-LAB-6648v2/install/turtlesim_plus_interfaces/share/colcon-core/packages/turtlesim_plus_interfaces)
[3.084s] DEBUG:colcon.colcon_parallel_executor.executor.parallel:closing loop
[3.084s] DEBUG:colcon.colcon_parallel_executor.executor.parallel:loop closed
[3.084s] DEBUG:colcon.colcon_parallel_executor.executor.parallel:run_until_complete finished with '0'
[3.084s] DEBUG:colcon.colcon_core.event_reactor:joining thread
[3.087s] INFO:colcon.colcon_core.plugin_system:Skipping extension 'colcon_notification.desktop_notification.terminal_notifier': Not used on non-Darwin systems
[3.087s] INFO:colcon.colcon_core.plugin_system:Skipping extension 'colcon_notification.desktop_notification.win32': Not used on non-Windows systems
[3.087s] INFO:colcon.colcon_notification.desktop_notification:Sending desktop notification using 'notify2'
[3.093s] DEBUG:colcon.colcon_core.event_reactor:joined thread
[3.093s] INFO:colcon.colcon_core.shell:Creating prefix script '/home/lworakan/Documents/GitHub/FRA502-LAB-6648v2/install/local_setup.ps1'
[3.093s] INFO:colcon.colcon_core.shell:Creating prefix util module '/home/lworakan/Documents/GitHub/FRA502-LAB-6648v2/install/_local_setup_util_ps1.py'
[3.094s] INFO:colcon.colcon_core.shell:Creating prefix chain script '/home/lworakan/Documents/GitHub/FRA502-LAB-6648v2/install/setup.ps1'
[3.095s] INFO:colcon.colcon_core.shell:Creating prefix script '/home/lworakan/Documents/GitHub/FRA502-LAB-6648v2/install/local_setup.sh'
[3.095s] INFO:colcon.colcon_core.shell:Creating prefix util module '/home/lworakan/Documents/GitHub/FRA502-LAB-6648v2/install/_local_setup_util_sh.py'
[3.095s] INFO:colcon.colcon_core.shell:Creating prefix chain script '/home/lworakan/Documents/GitHub/FRA502-LAB-6648v2/install/setup.sh'
[3.096s] INFO:colcon.colcon_core.shell:Creating prefix script '/home/lworakan/Documents/GitHub/FRA502-LAB-6648v2/install/local_setup.bash'
[3.096s] INFO:colcon.colcon_core.shell:Creating prefix chain script '/home/lworakan/Documents/GitHub/FRA502-LAB-6648v2/install/setup.bash'
[3.097s] INFO:colcon.colcon_core.shell:Creating prefix script '/home/lworakan/Documents/GitHub/FRA502-LAB-6648v2/install/local_setup.zsh'
[3.097s] INFO:colcon.colcon_core.shell:Creating prefix chain script '/home/lworakan/Documents/GitHub/FRA502-LAB-6648v2/install/setup.zsh'
