-- The C compiler identification is GNU 11.4.0
-- The CXX compiler identification is GNU 11.4.0
-- Detecting C compiler ABI info
-- Detecting C compiler ABI info - done
-- Check for working C compiler: /usr/bin/cc - skipped
-- Detecting C compile features
-- Detecting C compile features - done
-- Detecting CXX compiler ABI info
-- Detecting CXX compiler ABI info - done
-- Check for working CXX compiler: /usr/bin/c++ - skipped
-- Detecting CXX compile features
-- Detecting CXX compile features - done
-- Found ament_cmake: 1.3.12 (/opt/ros/humble/share/ament_cmake/cmake)
-- Found Python3: /usr/bin/python3 (found version "3.10.12") found components: Interpreter 
-- Found std_msgs: 4.9.0 (/opt/ros/humble/share/std_msgs/cmake)
-- Found rosidl_generator_c: 3.1.7 (/opt/ros/humble/share/rosidl_generator_c/cmake)
-- Found rosidl_adapter: 3.1.7 (/opt/ros/humble/share/rosidl_adapter/cmake)
-- Found rosidl_generator_cpp: 3.1.7 (/opt/ros/humble/share/rosidl_generator_cpp/cmake)
-- Using all available rosidl_typesupport_c: rosidl_typesupport_fastrtps_c;rosidl_typesupport_introspection_c
-- Using all available rosidl_typesupport_cpp: rosidl_typesupport_fastrtps_cpp;rosidl_typesupport_introspection_cpp
-- Found rosidl_default_generators: 1.2.0 (/opt/ros/humble/share/rosidl_default_generators/cmake)
-- Found ament_cmake_ros: 0.10.0 (/opt/ros/humble/share/ament_cmake_ros/cmake)
-- Using all available rosidl_typesupport_c: rosidl_typesupport_fastrtps_c;rosidl_typesupport_introspection_c
-- Using all available rosidl_typesupport_cpp: rosidl_typesupport_fastrtps_cpp;rosidl_typesupport_introspection_cpp
-- Found PythonInterp: /usr/bin/python3 (found suitable version "3.10.12", minimum required is "3.6") 
-- Found python_cmake_module: 0.10.0 (/opt/ros/humble/share/python_cmake_module/cmake)
-- Found PythonLibs: /usr/lib/x86_64-linux-gnu/libpython3.10.so (found suitable version "3.10.12", minimum required is "3.5") 
-- Using PYTHON_EXECUTABLE: /usr/bin/python3
-- Using PYTHON_INCLUDE_DIRS: /usr/include/python3.10
-- Using PYTHON_LIBRARIES: /usr/lib/x86_64-linux-gnu/libpython3.10.so
-- Found PythonExtra: .so  
-- Found ament_lint_auto: 0.12.14 (/opt/ros/humble/share/ament_lint_auto/cmake)
-- Added test 'copyright' to check source files copyright and LICENSE
-- Added test 'lint_cmake' to check CMake code style
-- Added test 'xmllint' to check XML markup files
-- Configuring done
-- Generating done
-- Build files have been written to: /home/lworakan/FRA502-LAB-6648/build/controller_interfaces
[  2%] Generating C code for ROS interfaces
[  5%] Generating C++ code for ROS interfaces
[  5%] Built target ament_cmake_python_copy_controller_interfaces
running egg_info
creating controller_interfaces.egg-info
writing controller_interfaces.egg-info/PKG-INFO
writing dependency_links to controller_interfaces.egg-info/dependency_links.txt
writing top-level names to controller_interfaces.egg-info/top_level.txt
writing manifest file 'controller_interfaces.egg-info/SOURCES.txt'
reading manifest file 'controller_interfaces.egg-info/SOURCES.txt'
writing manifest file 'controller_interfaces.egg-info/SOURCES.txt'
[  5%] Built target ament_cmake_python_build_controller_interfaces_egg
[  7%] Building C object CMakeFiles/controller_interfaces__rosidl_generator_c.dir/rosidl_generator_c/controller_interfaces/srv/detail/set_max_pizza__functions.c.o
[ 10%] Building C object CMakeFiles/controller_interfaces__rosidl_generator_c.dir/rosidl_generator_c/controller_interfaces/srv/detail/set_param__functions.c.o
[ 10%] Built target controller_interfaces__cpp
[ 12%] Generating C++ introspection for ROS interfaces
[ 17%] Generating C++ type support for eProsima Fast-RTPS
[ 17%] Generating C++ type support dispatch for ROS interfaces
[ 20%] Linking C shared library libcontroller_interfaces__rosidl_generator_c.so
[ 20%] Built target controller_interfaces__rosidl_generator_c
[ 25%] Generating C type support for eProsima Fast-RTPS
[ 25%] Generating C type support dispatch for ROS interfaces
[ 28%] Generating C introspection for ROS interfaces
[ 30%] Building CXX object CMakeFiles/controller_interfaces__rosidl_typesupport_cpp.dir/rosidl_typesupport_cpp/controller_interfaces/srv/set_max_pizza__type_support.cpp.o
[ 33%] Building CXX object CMakeFiles/controller_interfaces__rosidl_typesupport_cpp.dir/rosidl_typesupport_cpp/controller_interfaces/srv/set_param__type_support.cpp.o
[ 38%] Building CXX object CMakeFiles/controller_interfaces__rosidl_typesupport_introspection_cpp.dir/rosidl_typesupport_introspection_cpp/controller_interfaces/srv/detail/set_max_pizza__type_support.cpp.o
[ 38%] Building CXX object CMakeFiles/controller_interfaces__rosidl_typesupport_introspection_cpp.dir/rosidl_typesupport_introspection_cpp/controller_interfaces/srv/detail/set_param__type_support.cpp.o
[ 43%] Building CXX object CMakeFiles/controller_interfaces__rosidl_typesupport_fastrtps_cpp.dir/rosidl_typesupport_fastrtps_cpp/controller_interfaces/srv/detail/dds_fastrtps/set_max_pizza__type_support.cpp.o
[ 43%] Building CXX object CMakeFiles/controller_interfaces__rosidl_typesupport_fastrtps_cpp.dir/rosidl_typesupport_fastrtps_cpp/controller_interfaces/srv/detail/dds_fastrtps/set_param__type_support.cpp.o
[ 48%] Building CXX object CMakeFiles/controller_interfaces__rosidl_typesupport_fastrtps_c.dir/rosidl_typesupport_fastrtps_c/controller_interfaces/srv/detail/set_max_pizza__type_support_c.cpp.o
[ 48%] Building CXX object CMakeFiles/controller_interfaces__rosidl_typesupport_fastrtps_c.dir/rosidl_typesupport_fastrtps_c/controller_interfaces/srv/detail/set_param__type_support_c.cpp.o
[ 53%] Building CXX object CMakeFiles/controller_interfaces__rosidl_typesupport_c.dir/rosidl_typesupport_c/controller_interfaces/srv/set_max_pizza__type_support.cpp.o
[ 53%] Building CXX object CMakeFiles/controller_interfaces__rosidl_typesupport_c.dir/rosidl_typesupport_c/controller_interfaces/srv/set_param__type_support.cpp.o
[ 56%] Linking CXX shared library libcontroller_interfaces__rosidl_typesupport_cpp.so
[ 58%] Linking CXX shared library libcontroller_interfaces__rosidl_typesupport_c.so
[ 61%] Building C object CMakeFiles/controller_interfaces__rosidl_typesupport_introspection_c.dir/rosidl_typesupport_introspection_c/controller_interfaces/srv/detail/set_max_pizza__type_support.c.o
[ 64%] Building C object CMakeFiles/controller_interfaces__rosidl_typesupport_introspection_c.dir/rosidl_typesupport_introspection_c/controller_interfaces/srv/detail/set_param__type_support.c.o
[ 64%] Built target controller_interfaces__rosidl_typesupport_cpp
[ 64%] Built target controller_interfaces__rosidl_typesupport_c
[ 66%] Linking C shared library libcontroller_interfaces__rosidl_typesupport_introspection_c.so
[ 66%] Built target controller_interfaces__rosidl_typesupport_introspection_c
[ 69%] Linking CXX shared library libcontroller_interfaces__rosidl_typesupport_fastrtps_c.so
[ 71%] Linking CXX shared library libcontroller_interfaces__rosidl_typesupport_introspection_cpp.so
[ 71%] Built target controller_interfaces__rosidl_typesupport_fastrtps_c
[ 71%] Built target controller_interfaces__rosidl_typesupport_introspection_cpp
[ 74%] Linking CXX shared library libcontroller_interfaces__rosidl_typesupport_fastrtps_cpp.so
[ 74%] Built target controller_interfaces__rosidl_typesupport_fastrtps_cpp
[ 74%] Built target controller_interfaces
[ 76%] Generating Python code for ROS interfaces
[ 76%] Built target controller_interfaces__py
[ 82%] Building C object CMakeFiles/controller_interfaces__rosidl_generator_py.dir/rosidl_generator_py/controller_interfaces/srv/_set_max_pizza_s.c.o
[ 82%] Building C object CMakeFiles/controller_interfaces__rosidl_generator_py.dir/rosidl_generator_py/controller_interfaces/srv/_set_param_s.c.o
[ 84%] Linking C shared library rosidl_generator_py/controller_interfaces/libcontroller_interfaces__rosidl_generator_py.so
[ 84%] Built target controller_interfaces__rosidl_generator_py
[ 87%] Building C object CMakeFiles/controller_interfaces__rosidl_typesupport_fastrtps_c__pyext.dir/rosidl_generator_py/controller_interfaces/_controller_interfaces_s.ep.rosidl_typesupport_fastrtps_c.c.o
[ 89%] Building C object CMakeFiles/controller_interfaces__rosidl_typesupport_introspection_c__pyext.dir/rosidl_generator_py/controller_interfaces/_controller_interfaces_s.ep.rosidl_typesupport_introspection_c.c.o
[ 92%] Building C object CMakeFiles/controller_interfaces__rosidl_typesupport_c__pyext.dir/rosidl_generator_py/controller_interfaces/_controller_interfaces_s.ep.rosidl_typesupport_c.c.o
[ 97%] Linking C shared library rosidl_generator_py/controller_interfaces/controller_interfaces_s__rosidl_typesupport_c.cpython-310-x86_64-linux-gnu.so
[ 97%] Linking C shared library rosidl_generator_py/controller_interfaces/controller_interfaces_s__rosidl_typesupport_fastrtps_c.cpython-310-x86_64-linux-gnu.so
[100%] Linking C shared library rosidl_generator_py/controller_interfaces/controller_interfaces_s__rosidl_typesupport_introspection_c.cpython-310-x86_64-linux-gnu.so
[100%] Built target controller_interfaces__rosidl_typesupport_c__pyext
[100%] Built target controller_interfaces__rosidl_typesupport_introspection_c__pyext
[100%] Built target controller_interfaces__rosidl_typesupport_fastrtps_c__pyext
-- Install configuration: ""
-- Installing: /home/lworakan/FRA502-LAB-6648/install/controller_interfaces/share/ament_index/resource_index/rosidl_interfaces/controller_interfaces
-- Installing: /home/lworakan/FRA502-LAB-6648/install/controller_interfaces/include/controller_interfaces/controller_interfaces
-- Installing: /home/lworakan/FRA502-LAB-6648/install/controller_interfaces/include/controller_interfaces/controller_interfaces/msg
-- Installing: /home/lworakan/FRA502-LAB-6648/install/controller_interfaces/include/controller_interfaces/controller_interfaces/msg/rosidl_generator_c__visibility_control.h
-- Installing: /home/lworakan/FRA502-LAB-6648/install/controller_interfaces/include/controller_interfaces/controller_interfaces/srv
-- Installing: /home/lworakan/FRA502-LAB-6648/install/controller_interfaces/include/controller_interfaces/controller_interfaces/srv/detail
-- Installing: /home/lworakan/FRA502-LAB-6648/install/controller_interfaces/include/controller_interfaces/controller_interfaces/srv/detail/set_param__functions.h
-- Installing: /home/lworakan/FRA502-LAB-6648/install/controller_interfaces/include/controller_interfaces/controller_interfaces/srv/detail/set_max_pizza__struct.h
-- Installing: /home/lworakan/FRA502-LAB-6648/install/controller_interfaces/include/controller_interfaces/controller_interfaces/srv/detail/set_param__struct.h
-- Installing: /home/lworakan/FRA502-LAB-6648/install/controller_interfaces/include/controller_interfaces/controller_interfaces/srv/detail/set_param__functions.c
-- Installing: /home/lworakan/FRA502-LAB-6648/install/controller_interfaces/include/controller_interfaces/controller_interfaces/srv/detail/set_max_pizza__functions.c
-- Installing: /home/lworakan/FRA502-LAB-6648/install/controller_interfaces/include/controller_interfaces/controller_interfaces/srv/detail/set_max_pizza__type_support.h
-- Installing: /home/lworakan/FRA502-LAB-6648/install/controller_interfaces/include/controller_interfaces/controller_interfaces/srv/detail/set_param__type_support.h
-- Installing: /home/lworakan/FRA502-LAB-6648/install/controller_interfaces/include/controller_interfaces/controller_interfaces/srv/detail/set_max_pizza__functions.h
-- Installing: /home/lworakan/FRA502-LAB-6648/install/controller_interfaces/include/controller_interfaces/controller_interfaces/srv/set_param.h
-- Installing: /home/lworakan/FRA502-LAB-6648/install/controller_interfaces/include/controller_interfaces/controller_interfaces/srv/set_max_pizza.h
-- Installing: /home/lworakan/FRA502-LAB-6648/install/controller_interfaces/share/controller_interfaces/environment/library_path.sh
-- Installing: /home/lworakan/FRA502-LAB-6648/install/controller_interfaces/share/controller_interfaces/environment/library_path.dsv
-- Installing: /home/lworakan/FRA502-LAB-6648/install/controller_interfaces/lib/libcontroller_interfaces__rosidl_generator_c.so
-- Set runtime path of "/home/lworakan/FRA502-LAB-6648/install/controller_interfaces/lib/libcontroller_interfaces__rosidl_generator_c.so" to ""
-- Up-to-date: /home/lworakan/FRA502-LAB-6648/install/controller_interfaces/include/controller_interfaces/controller_interfaces
-- Up-to-date: /home/lworakan/FRA502-LAB-6648/install/controller_interfaces/include/controller_interfaces/controller_interfaces/msg
-- Installing: /home/lworakan/FRA502-LAB-6648/install/controller_interfaces/include/controller_interfaces/controller_interfaces/msg/rosidl_typesupport_fastrtps_c__visibility_control.h
-- Up-to-date: /home/lworakan/FRA502-LAB-6648/install/controller_interfaces/include/controller_interfaces/controller_interfaces/srv
-- Up-to-date: /home/lworakan/FRA502-LAB-6648/install/controller_interfaces/include/controller_interfaces/controller_interfaces/srv/detail
-- Installing: /home/lworakan/FRA502-LAB-6648/install/controller_interfaces/include/controller_interfaces/controller_interfaces/srv/detail/set_param__rosidl_typesupport_fastrtps_c.h
-- Installing: /home/lworakan/FRA502-LAB-6648/install/controller_interfaces/include/controller_interfaces/controller_interfaces/srv/detail/set_max_pizza__rosidl_typesupport_fastrtps_c.h
-- Installing: /home/lworakan/FRA502-LAB-6648/install/controller_interfaces/lib/libcontroller_interfaces__rosidl_typesupport_fastrtps_c.so
-- Set runtime path of "/home/lworakan/FRA502-LAB-6648/install/controller_interfaces/lib/libcontroller_interfaces__rosidl_typesupport_fastrtps_c.so" to ""
-- Up-to-date: /home/lworakan/FRA502-LAB-6648/install/controller_interfaces/include/controller_interfaces/controller_interfaces
-- Up-to-date: /home/lworakan/FRA502-LAB-6648/install/controller_interfaces/include/controller_interfaces/controller_interfaces/msg
-- Installing: /home/lworakan/FRA502-LAB-6648/install/controller_interfaces/include/controller_interfaces/controller_interfaces/msg/rosidl_generator_cpp__visibility_control.hpp
-- Up-to-date: /home/lworakan/FRA502-LAB-6648/install/controller_interfaces/include/controller_interfaces/controller_interfaces/srv
-- Up-to-date: /home/lworakan/FRA502-LAB-6648/install/controller_interfaces/include/controller_interfaces/controller_interfaces/srv/detail
-- Installing: /home/lworakan/FRA502-LAB-6648/install/controller_interfaces/include/controller_interfaces/controller_interfaces/srv/detail/set_max_pizza__struct.hpp
-- Installing: /home/lworakan/FRA502-LAB-6648/install/controller_interfaces/include/controller_interfaces/controller_interfaces/srv/detail/set_param__builder.hpp
-- Installing: /home/lworakan/FRA502-LAB-6648/install/controller_interfaces/include/controller_interfaces/controller_interfaces/srv/detail/set_param__traits.hpp
-- Installing: /home/lworakan/FRA502-LAB-6648/install/controller_interfaces/include/controller_interfaces/controller_interfaces/srv/detail/set_max_pizza__builder.hpp
-- Installing: /home/lworakan/FRA502-LAB-6648/install/controller_interfaces/include/controller_interfaces/controller_interfaces/srv/detail/set_param__type_support.hpp
-- Installing: /home/lworakan/FRA502-LAB-6648/install/controller_interfaces/include/controller_interfaces/controller_interfaces/srv/detail/set_max_pizza__traits.hpp
-- Installing: /home/lworakan/FRA502-LAB-6648/install/controller_interfaces/include/controller_interfaces/controller_interfaces/srv/detail/set_param__struct.hpp
-- Installing: /home/lworakan/FRA502-LAB-6648/install/controller_interfaces/include/controller_interfaces/controller_interfaces/srv/detail/set_max_pizza__type_support.hpp
-- Installing: /home/lworakan/FRA502-LAB-6648/install/controller_interfaces/include/controller_interfaces/controller_interfaces/srv/set_param.hpp
-- Installing: /home/lworakan/FRA502-LAB-6648/install/controller_interfaces/include/controller_interfaces/controller_interfaces/srv/set_max_pizza.hpp
-- Up-to-date: /home/lworakan/FRA502-LAB-6648/install/controller_interfaces/include/controller_interfaces/controller_interfaces
-- Up-to-date: /home/lworakan/FRA502-LAB-6648/install/controller_interfaces/include/controller_interfaces/controller_interfaces/msg
-- Installing: /home/lworakan/FRA502-LAB-6648/install/controller_interfaces/include/controller_interfaces/controller_interfaces/msg/rosidl_typesupport_fastrtps_cpp__visibility_control.h
-- Up-to-date: /home/lworakan/FRA502-LAB-6648/install/controller_interfaces/include/controller_interfaces/controller_interfaces/srv
-- Up-to-date: /home/lworakan/FRA502-LAB-6648/install/controller_interfaces/include/controller_interfaces/controller_interfaces/srv/detail
-- Installing: /home/lworakan/FRA502-LAB-6648/install/controller_interfaces/include/controller_interfaces/controller_interfaces/srv/detail/set_param__rosidl_typesupport_fastrtps_cpp.hpp
-- Installing: /home/lworakan/FRA502-LAB-6648/install/controller_interfaces/include/controller_interfaces/controller_interfaces/srv/detail/dds_fastrtps
-- Installing: /home/lworakan/FRA502-LAB-6648/install/controller_interfaces/include/controller_interfaces/controller_interfaces/srv/detail/set_max_pizza__rosidl_typesupport_fastrtps_cpp.hpp
-- Installing: /home/lworakan/FRA502-LAB-6648/install/controller_interfaces/lib/libcontroller_interfaces__rosidl_typesupport_fastrtps_cpp.so
-- Set runtime path of "/home/lworakan/FRA502-LAB-6648/install/controller_interfaces/lib/libcontroller_interfaces__rosidl_typesupport_fastrtps_cpp.so" to ""
-- Up-to-date: /home/lworakan/FRA502-LAB-6648/install/controller_interfaces/include/controller_interfaces/controller_interfaces
-- Up-to-date: /home/lworakan/FRA502-LAB-6648/install/controller_interfaces/include/controller_interfaces/controller_interfaces/msg
-- Installing: /home/lworakan/FRA502-LAB-6648/install/controller_interfaces/include/controller_interfaces/controller_interfaces/msg/rosidl_typesupport_introspection_c__visibility_control.h
-- Up-to-date: /home/lworakan/FRA502-LAB-6648/install/controller_interfaces/include/controller_interfaces/controller_interfaces/srv
-- Up-to-date: /home/lworakan/FRA502-LAB-6648/install/controller_interfaces/include/controller_interfaces/controller_interfaces/srv/detail
-- Installing: /home/lworakan/FRA502-LAB-6648/install/controller_interfaces/include/controller_interfaces/controller_interfaces/srv/detail/set_max_pizza__type_support.c
-- Installing: /home/lworakan/FRA502-LAB-6648/install/controller_interfaces/include/controller_interfaces/controller_interfaces/srv/detail/set_param__type_support.c
-- Installing: /home/lworakan/FRA502-LAB-6648/install/controller_interfaces/include/controller_interfaces/controller_interfaces/srv/detail/set_max_pizza__rosidl_typesupport_introspection_c.h
-- Installing: /home/lworakan/FRA502-LAB-6648/install/controller_interfaces/include/controller_interfaces/controller_interfaces/srv/detail/set_param__rosidl_typesupport_introspection_c.h
-- Installing: /home/lworakan/FRA502-LAB-6648/install/controller_interfaces/lib/libcontroller_interfaces__rosidl_typesupport_introspection_c.so
-- Set runtime path of "/home/lworakan/FRA502-LAB-6648/install/controller_interfaces/lib/libcontroller_interfaces__rosidl_typesupport_introspection_c.so" to ""
-- Installing: /home/lworakan/FRA502-LAB-6648/install/controller_interfaces/lib/libcontroller_interfaces__rosidl_typesupport_c.so
-- Set runtime path of "/home/lworakan/FRA502-LAB-6648/install/controller_interfaces/lib/libcontroller_interfaces__rosidl_typesupport_c.so" to ""
-- Up-to-date: /home/lworakan/FRA502-LAB-6648/install/controller_interfaces/include/controller_interfaces/controller_interfaces
-- Up-to-date: /home/lworakan/FRA502-LAB-6648/install/controller_interfaces/include/controller_interfaces/controller_interfaces/srv
-- Up-to-date: /home/lworakan/FRA502-LAB-6648/install/controller_interfaces/include/controller_interfaces/controller_interfaces/srv/detail
-- Installing: /home/lworakan/FRA502-LAB-6648/install/controller_interfaces/include/controller_interfaces/controller_interfaces/srv/detail/set_max_pizza__rosidl_typesupport_introspection_cpp.hpp
-- Installing: /home/lworakan/FRA502-LAB-6648/install/controller_interfaces/include/controller_interfaces/controller_interfaces/srv/detail/set_param__type_support.cpp
-- Installing: /home/lworakan/FRA502-LAB-6648/install/controller_interfaces/include/controller_interfaces/controller_interfaces/srv/detail/set_max_pizza__type_support.cpp
-- Installing: /home/lworakan/FRA502-LAB-6648/install/controller_interfaces/include/controller_interfaces/controller_interfaces/srv/detail/set_param__rosidl_typesupport_introspection_cpp.hpp
-- Installing: /home/lworakan/FRA502-LAB-6648/install/controller_interfaces/lib/libcontroller_interfaces__rosidl_typesupport_introspection_cpp.so
-- Set runtime path of "/home/lworakan/FRA502-LAB-6648/install/controller_interfaces/lib/libcontroller_interfaces__rosidl_typesupport_introspection_cpp.so" to ""
-- Installing: /home/lworakan/FRA502-LAB-6648/install/controller_interfaces/lib/libcontroller_interfaces__rosidl_typesupport_cpp.so
-- Set runtime path of "/home/lworakan/FRA502-LAB-6648/install/controller_interfaces/lib/libcontroller_interfaces__rosidl_typesupport_cpp.so" to ""
-- Installing: /home/lworakan/FRA502-LAB-6648/install/controller_interfaces/share/controller_interfaces/environment/pythonpath.sh
-- Installing: /home/lworakan/FRA502-LAB-6648/install/controller_interfaces/share/controller_interfaces/environment/pythonpath.dsv
-- Installing: /home/lworakan/FRA502-LAB-6648/install/controller_interfaces/local/lib/python3.10/dist-packages/controller_interfaces-0.0.0-py3.10.egg-info
-- Installing: /home/lworakan/FRA502-LAB-6648/install/controller_interfaces/local/lib/python3.10/dist-packages/controller_interfaces-0.0.0-py3.10.egg-info/SOURCES.txt
-- Installing: /home/lworakan/FRA502-LAB-6648/install/controller_interfaces/local/lib/python3.10/dist-packages/controller_interfaces-0.0.0-py3.10.egg-info/top_level.txt
-- Installing: /home/lworakan/FRA502-LAB-6648/install/controller_interfaces/local/lib/python3.10/dist-packages/controller_interfaces-0.0.0-py3.10.egg-info/PKG-INFO
-- Installing: /home/lworakan/FRA502-LAB-6648/install/controller_interfaces/local/lib/python3.10/dist-packages/controller_interfaces-0.0.0-py3.10.egg-info/dependency_links.txt
-- Installing: /home/lworakan/FRA502-LAB-6648/install/controller_interfaces/local/lib/python3.10/dist-packages/controller_interfaces
-- Installing: /home/lworakan/FRA502-LAB-6648/install/controller_interfaces/local/lib/python3.10/dist-packages/controller_interfaces/_controller_interfaces_s.ep.rosidl_typesupport_fastrtps_c.c
-- Installing: /home/lworakan/FRA502-LAB-6648/install/controller_interfaces/local/lib/python3.10/dist-packages/controller_interfaces/libcontroller_interfaces__rosidl_generator_py.so
-- Installing: /home/lworakan/FRA502-LAB-6648/install/controller_interfaces/local/lib/python3.10/dist-packages/controller_interfaces/controller_interfaces_s__rosidl_typesupport_c.cpython-310-x86_64-linux-gnu.so
-- Installing: /home/lworakan/FRA502-LAB-6648/install/controller_interfaces/local/lib/python3.10/dist-packages/controller_interfaces/controller_interfaces_s__rosidl_typesupport_fastrtps_c.cpython-310-x86_64-linux-gnu.so
-- Installing: /home/lworakan/FRA502-LAB-6648/install/controller_interfaces/local/lib/python3.10/dist-packages/controller_interfaces/_controller_interfaces_s.ep.rosidl_typesupport_introspection_c.c
-- Installing: /home/lworakan/FRA502-LAB-6648/install/controller_interfaces/local/lib/python3.10/dist-packages/controller_interfaces/_controller_interfaces_s.ep.rosidl_typesupport_c.c
-- Installing: /home/lworakan/FRA502-LAB-6648/install/controller_interfaces/local/lib/python3.10/dist-packages/controller_interfaces/srv
-- Installing: /home/lworakan/FRA502-LAB-6648/install/controller_interfaces/local/lib/python3.10/dist-packages/controller_interfaces/srv/_set_max_pizza_s.c
-- Installing: /home/lworakan/FRA502-LAB-6648/install/controller_interfaces/local/lib/python3.10/dist-packages/controller_interfaces/srv/_set_max_pizza.py
-- Installing: /home/lworakan/FRA502-LAB-6648/install/controller_interfaces/local/lib/python3.10/dist-packages/controller_interfaces/srv/_set_param_s.c
-- Installing: /home/lworakan/FRA502-LAB-6648/install/controller_interfaces/local/lib/python3.10/dist-packages/controller_interfaces/srv/_set_param.py
-- Installing: /home/lworakan/FRA502-LAB-6648/install/controller_interfaces/local/lib/python3.10/dist-packages/controller_interfaces/srv/__init__.py
-- Installing: /home/lworakan/FRA502-LAB-6648/install/controller_interfaces/local/lib/python3.10/dist-packages/controller_interfaces/__init__.py
-- Installing: /home/lworakan/FRA502-LAB-6648/install/controller_interfaces/local/lib/python3.10/dist-packages/controller_interfaces/controller_interfaces_s__rosidl_typesupport_introspection_c.cpython-310-x86_64-linux-gnu.so
Listing '/home/lworakan/FRA502-LAB-6648/install/controller_interfaces/local/lib/python3.10/dist-packages/controller_interfaces'...
Compiling '/home/lworakan/FRA502-LAB-6648/install/controller_interfaces/local/lib/python3.10/dist-packages/controller_interfaces/__init__.py'...
Listing '/home/lworakan/FRA502-LAB-6648/install/controller_interfaces/local/lib/python3.10/dist-packages/controller_interfaces/srv'...
Compiling '/home/lworakan/FRA502-LAB-6648/install/controller_interfaces/local/lib/python3.10/dist-packages/controller_interfaces/srv/__init__.py'...
Compiling '/home/lworakan/FRA502-LAB-6648/install/controller_interfaces/local/lib/python3.10/dist-packages/controller_interfaces/srv/_set_max_pizza.py'...
Compiling '/home/lworakan/FRA502-LAB-6648/install/controller_interfaces/local/lib/python3.10/dist-packages/controller_interfaces/srv/_set_param.py'...
-- Installing: /home/lworakan/FRA502-LAB-6648/install/controller_interfaces/local/lib/python3.10/dist-packages/controller_interfaces/controller_interfaces_s__rosidl_typesupport_fastrtps_c.cpython-310-x86_64-linux-gnu.so
-- Set runtime path of "/home/lworakan/FRA502-LAB-6648/install/controller_interfaces/local/lib/python3.10/dist-packages/controller_interfaces/controller_interfaces_s__rosidl_typesupport_fastrtps_c.cpython-310-x86_64-linux-gnu.so" to ""
-- Installing: /home/lworakan/FRA502-LAB-6648/install/controller_interfaces/local/lib/python3.10/dist-packages/controller_interfaces/controller_interfaces_s__rosidl_typesupport_introspection_c.cpython-310-x86_64-linux-gnu.so
-- Set runtime path of "/home/lworakan/FRA502-LAB-6648/install/controller_interfaces/local/lib/python3.10/dist-packages/controller_interfaces/controller_interfaces_s__rosidl_typesupport_introspection_c.cpython-310-x86_64-linux-gnu.so" to ""
-- Installing: /home/lworakan/FRA502-LAB-6648/install/controller_interfaces/local/lib/python3.10/dist-packages/controller_interfaces/controller_interfaces_s__rosidl_typesupport_c.cpython-310-x86_64-linux-gnu.so
-- Set runtime path of "/home/lworakan/FRA502-LAB-6648/install/controller_interfaces/local/lib/python3.10/dist-packages/controller_interfaces/controller_interfaces_s__rosidl_typesupport_c.cpython-310-x86_64-linux-gnu.so" to ""
-- Installing: /home/lworakan/FRA502-LAB-6648/install/controller_interfaces/lib/libcontroller_interfaces__rosidl_generator_py.so
-- Set runtime path of "/home/lworakan/FRA502-LAB-6648/install/controller_interfaces/lib/libcontroller_interfaces__rosidl_generator_py.so" to ""
-- Installing: /home/lworakan/FRA502-LAB-6648/install/controller_interfaces/share/controller_interfaces/srv/SetMaxPizza.idl
-- Installing: /home/lworakan/FRA502-LAB-6648/install/controller_interfaces/share/controller_interfaces/srv/SetParam.idl
-- Installing: /home/lworakan/FRA502-LAB-6648/install/controller_interfaces/share/controller_interfaces/srv/SetMaxPizza.srv
-- Installing: /home/lworakan/FRA502-LAB-6648/install/controller_interfaces/share/controller_interfaces/srv/SetMaxPizza_Request.msg
-- Installing: /home/lworakan/FRA502-LAB-6648/install/controller_interfaces/share/controller_interfaces/srv/SetMaxPizza_Response.msg
-- Installing: /home/lworakan/FRA502-LAB-6648/install/controller_interfaces/share/controller_interfaces/srv/SetParam.srv
-- Installing: /home/lworakan/FRA502-LAB-6648/install/controller_interfaces/share/controller_interfaces/srv/SetParam_Request.msg
-- Installing: /home/lworakan/FRA502-LAB-6648/install/controller_interfaces/share/controller_interfaces/srv/SetParam_Response.msg
-- Installing: /home/lworakan/FRA502-LAB-6648/install/controller_interfaces/share/ament_index/resource_index/package_run_dependencies/controller_interfaces
-- Installing: /home/lworakan/FRA502-LAB-6648/install/controller_interfaces/share/ament_index/resource_index/parent_prefix_path/controller_interfaces
-- Installing: /home/lworakan/FRA502-LAB-6648/install/controller_interfaces/share/controller_interfaces/environment/ament_prefix_path.sh
-- Installing: /home/lworakan/FRA502-LAB-6648/install/controller_interfaces/share/controller_interfaces/environment/ament_prefix_path.dsv
-- Installing: /home/lworakan/FRA502-LAB-6648/install/controller_interfaces/share/controller_interfaces/environment/path.sh
-- Installing: /home/lworakan/FRA502-LAB-6648/install/controller_interfaces/share/controller_interfaces/environment/path.dsv
-- Installing: /home/lworakan/FRA502-LAB-6648/install/controller_interfaces/share/controller_interfaces/local_setup.bash
-- Installing: /home/lworakan/FRA502-LAB-6648/install/controller_interfaces/share/controller_interfaces/local_setup.sh
-- Installing: /home/lworakan/FRA502-LAB-6648/install/controller_interfaces/share/controller_interfaces/local_setup.zsh
-- Installing: /home/lworakan/FRA502-LAB-6648/install/controller_interfaces/share/controller_interfaces/local_setup.dsv
-- Installing: /home/lworakan/FRA502-LAB-6648/install/controller_interfaces/share/controller_interfaces/package.dsv
-- Installing: /home/lworakan/FRA502-LAB-6648/install/controller_interfaces/share/ament_index/resource_index/packages/controller_interfaces
-- Installing: /home/lworakan/FRA502-LAB-6648/install/controller_interfaces/share/controller_interfaces/cmake/export_controller_interfaces__rosidl_generator_cExport.cmake
-- Installing: /home/lworakan/FRA502-LAB-6648/install/controller_interfaces/share/controller_interfaces/cmake/export_controller_interfaces__rosidl_generator_cExport-noconfig.cmake
-- Installing: /home/lworakan/FRA502-LAB-6648/install/controller_interfaces/share/controller_interfaces/cmake/export_controller_interfaces__rosidl_typesupport_fastrtps_cExport.cmake
-- Installing: /home/lworakan/FRA502-LAB-6648/install/controller_interfaces/share/controller_interfaces/cmake/export_controller_interfaces__rosidl_typesupport_fastrtps_cExport-noconfig.cmake
-- Installing: /home/lworakan/FRA502-LAB-6648/install/controller_interfaces/share/controller_interfaces/cmake/export_controller_interfaces__rosidl_generator_cppExport.cmake
-- Installing: /home/lworakan/FRA502-LAB-6648/install/controller_interfaces/share/controller_interfaces/cmake/export_controller_interfaces__rosidl_typesupport_fastrtps_cppExport.cmake
-- Installing: /home/lworakan/FRA502-LAB-6648/install/controller_interfaces/share/controller_interfaces/cmake/export_controller_interfaces__rosidl_typesupport_fastrtps_cppExport-noconfig.cmake
-- Installing: /home/lworakan/FRA502-LAB-6648/install/controller_interfaces/share/controller_interfaces/cmake/controller_interfaces__rosidl_typesupport_introspection_cExport.cmake
-- Installing: /home/lworakan/FRA502-LAB-6648/install/controller_interfaces/share/controller_interfaces/cmake/controller_interfaces__rosidl_typesupport_introspection_cExport-noconfig.cmake
-- Installing: /home/lworakan/FRA502-LAB-6648/install/controller_interfaces/share/controller_interfaces/cmake/controller_interfaces__rosidl_typesupport_cExport.cmake
-- Installing: /home/lworakan/FRA502-LAB-6648/install/controller_interfaces/share/controller_interfaces/cmake/controller_interfaces__rosidl_typesupport_cExport-noconfig.cmake
-- Installing: /home/lworakan/FRA502-LAB-6648/install/controller_interfaces/share/controller_interfaces/cmake/controller_interfaces__rosidl_typesupport_introspection_cppExport.cmake
-- Installing: /home/lworakan/FRA502-LAB-6648/install/controller_interfaces/share/controller_interfaces/cmake/controller_interfaces__rosidl_typesupport_introspection_cppExport-noconfig.cmake
-- Installing: /home/lworakan/FRA502-LAB-6648/install/controller_interfaces/share/controller_interfaces/cmake/controller_interfaces__rosidl_typesupport_cppExport.cmake
-- Installing: /home/lworakan/FRA502-LAB-6648/install/controller_interfaces/share/controller_interfaces/cmake/controller_interfaces__rosidl_typesupport_cppExport-noconfig.cmake
-- Installing: /home/lworakan/FRA502-LAB-6648/install/controller_interfaces/share/controller_interfaces/cmake/export_controller_interfaces__rosidl_generator_pyExport.cmake
-- Installing: /home/lworakan/FRA502-LAB-6648/install/controller_interfaces/share/controller_interfaces/cmake/export_controller_interfaces__rosidl_generator_pyExport-noconfig.cmake
-- Installing: /home/lworakan/FRA502-LAB-6648/install/controller_interfaces/share/controller_interfaces/cmake/rosidl_cmake-extras.cmake
-- Installing: /home/lworakan/FRA502-LAB-6648/install/controller_interfaces/share/controller_interfaces/cmake/ament_cmake_export_dependencies-extras.cmake
-- Installing: /home/lworakan/FRA502-LAB-6648/install/controller_interfaces/share/controller_interfaces/cmake/ament_cmake_export_include_directories-extras.cmake
-- Installing: /home/lworakan/FRA502-LAB-6648/install/controller_interfaces/share/controller_interfaces/cmake/ament_cmake_export_libraries-extras.cmake
-- Installing: /home/lworakan/FRA502-LAB-6648/install/controller_interfaces/share/controller_interfaces/cmake/ament_cmake_export_targets-extras.cmake
-- Installing: /home/lworakan/FRA502-LAB-6648/install/controller_interfaces/share/controller_interfaces/cmake/rosidl_cmake_export_typesupport_targets-extras.cmake
-- Installing: /home/lworakan/FRA502-LAB-6648/install/controller_interfaces/share/controller_interfaces/cmake/rosidl_cmake_export_typesupport_libraries-extras.cmake
-- Installing: /home/lworakan/FRA502-LAB-6648/install/controller_interfaces/share/controller_interfaces/cmake/controller_interfacesConfig.cmake
-- Installing: /home/lworakan/FRA502-LAB-6648/install/controller_interfaces/share/controller_interfaces/cmake/controller_interfacesConfig-version.cmake
-- Installing: /home/lworakan/FRA502-LAB-6648/install/controller_interfaces/share/controller_interfaces/package.xml
